<!doctype html public "-//w3c//dtd html 4.0 transitional//en">
<html><head>
<title>Static Call Graph - [.\Objects\CPP_Firmware.axf]</title></head>
<body><HR>
<H1>Static Call Graph for image .\Objects\CPP_Firmware.axf</H1><HR>
<BR><P>#&#060CALLGRAPH&#062# ARM Linker, 6090000: Last Updated: Sun Jun 10 10:42:36 2018
<BR><P>
<H3>Maximum Stack Usage =        328 bytes + Unknown(Functions without stacksize, Cycles, Untraceable Function Pointers)</H3><H3>
Call chain for Maximum Stack Depth:</H3>
__rt_entry_main &rArr; main &rArr; RunTests() &rArr; DS3231::getMonthStr(unsigned char) &rArr; DS3231::getTime() &rArr; DS3231::_burstRead() &rArr; Bsp::I2CDriver::Send(unsigned char, unsigned char*, unsigned) &rArr; Bsp::I2CDriver::Transmit(unsigned char) &rArr; Bsp::I2CDriver::HwWriteDataRegistor(unsigned char) &rArr; I2C_SendData
<P>
<H3>
Functions with no stack information
</H3><UL>
 <LI><a href="#[e4]">__user_initial_stackheap</a>
 <LI><a href="#[1ba]">unw_getcontext</a>
 <LI><a href="#[1dc]">libunwind::Registers_arm::saveVFPWithFSTMD(unsigned long long*)</a>
 <LI><a href="#[1da]">libunwind::Registers_arm::saveVFPWithFSTMX(unsigned long long*)</a>
 <LI><a href="#[1db]">libunwind::Registers_arm::saveVFPv3(unsigned long long*)</a>
 <LI><a href="#[1e3]">libunwind::Registers_arm::restoreCoreAndJumpTo()</a>
 <LI><a href="#[1e5]">libunwind::Registers_arm::restoreVFPWithFLDMD(unsigned long long*)</a>
 <LI><a href="#[1e4]">libunwind::Registers_arm::restoreVFPWithFLDMX(unsigned long long*)</a>
 <LI><a href="#[1e6]">libunwind::Registers_arm::restoreVFPv3(unsigned long long*)</a>
 <LI><a href="#[27c]">_Unwind_Complete</a>
 <LI><a href="#[20f]">_Unwind_DeleteException</a>
 <LI><a href="#[1b6]">_Unwind_GetLanguageSpecificData</a>
 <LI><a href="#[1b8]">_Unwind_GetRegionStart</a>
 <LI><a href="#[1b9]">_Unwind_RaiseException</a>
 <LI><a href="#[128]">_Unwind_Resume</a>
 <LI><a href="#[1bd]">_Unwind_VRS_Get</a>
 <LI><a href="#[1c1]">_Unwind_VRS_Interpret</a>
 <LI><a href="#[1c2]">_Unwind_VRS_Pop</a>
 <LI><a href="#[1c4]">_Unwind_VRS_Set</a>
 <LI><a href="#[1c7]">__cxxabiv1::__enum_type_info::~__enum_type_info()</a>
 <LI><a href="#[27d]">__cxxabiv1::__enum_type_info::~__enum_type_info__sub_object()</a>
 <LI><a href="#[27e]">__cxxabiv1::__shim_type_info::~__shim_type_info()</a>
 <LI><a href="#[8e]">__cxxabiv1::__shim_type_info::~__shim_type_info__sub_object()</a>
 <LI><a href="#[27f]">__cxxabiv1::__array_type_info::~__array_type_info()</a>
 <LI><a href="#[280]">__cxxabiv1::__array_type_info::~__array_type_info__sub_object()</a>
 <LI><a href="#[281]">__cxxabiv1::__class_type_info::~__class_type_info()</a>
 <LI><a href="#[282]">__cxxabiv1::__class_type_info::~__class_type_info__sub_object()</a>
 <LI><a href="#[283]">__cxxabiv1::__pbase_type_info::~__pbase_type_info()</a>
 <LI><a href="#[284]">__cxxabiv1::__pbase_type_info::~__pbase_type_info__sub_object()</a>
 <LI><a href="#[285]">__cxxabiv1::__pointer_type_info::~__pointer_type_info()</a>
 <LI><a href="#[286]">__cxxabiv1::__pointer_type_info::~__pointer_type_info__sub_object()</a>
 <LI><a href="#[287]">__cxxabiv1::__function_type_info::~__function_type_info()</a>
 <LI><a href="#[288]">__cxxabiv1::__function_type_info::~__function_type_info__sub_object()</a>
 <LI><a href="#[289]">__cxxabiv1::__si_class_type_info::~__si_class_type_info()</a>
 <LI><a href="#[28a]">__cxxabiv1::__si_class_type_info::~__si_class_type_info__sub_object()</a>
 <LI><a href="#[28b]">__cxxabiv1::__vmi_class_type_info::~__vmi_class_type_info()</a>
 <LI><a href="#[28c]">__cxxabiv1::__vmi_class_type_info::~__vmi_class_type_info__sub_object()</a>
 <LI><a href="#[28d]">__cxxabiv1::__fundamental_type_info::~__fundamental_type_info()</a>
 <LI><a href="#[28e]">__cxxabiv1::__fundamental_type_info::~__fundamental_type_info__sub_object()</a>
 <LI><a href="#[28f]">__cxxabiv1::__pointer_to_member_type_info::~__pointer_to_member_type_info()</a>
 <LI><a href="#[290]">__cxxabiv1::__pointer_to_member_type_info::~__pointer_to_member_type_info__sub_object()</a>
 <LI><a href="#[8f]">__cxxabiv1::__class_type_info::~__class_type_info__deallocating()</a>
 <LI><a href="#[1c8]">__cxxabiv1::__free_with_fallback(void*)</a>
 <LI><a href="#[96]">__cxxabiv1::__si_class_type_info::~__si_class_type_info__deallocating()</a>
 <LI><a href="#[1ca]">__cxxabiv1::__calloc_with_fallback(unsigned, unsigned)</a>
 <LI><a href="#[9a]">__cxxabiv1::__fundamental_type_info::~__fundamental_type_info__deallocating()</a>
 <LI><a href="#[1cc]">__cxxabiv1::__aligned_free_with_fallback(void*)</a>
 <LI><a href="#[1cd]">__cxxabiv1::__aligned_malloc_with_fallback(unsigned)</a>
 <LI><a href="#[ab]">libunwind::UnwindCursor&lang;libunwind::LocalAddressSpace, libunwind::Registers_arm&rang;::saveVFPAsX()</a>
 <LI><a href="#[a2]">libunwind::UnwindCursor&lang;libunwind::LocalAddressSpace, libunwind::Registers_arm&rang;::getFloatReg(int)</a>
 <LI><a href="#[a3]">libunwind::UnwindCursor&lang;libunwind::LocalAddressSpace, libunwind::Registers_arm&rang;::setFloatReg(int, unsigned long long)</a>
 <LI><a href="#[a7]">libunwind::UnwindCursor&lang;libunwind::LocalAddressSpace, libunwind::Registers_arm&rang;::isSignalFrame()</a>
 <LI><a href="#[1dd]">libunwind::UnwindCursor&lang;libunwind::LocalAddressSpace, libunwind::Registers_arm&rang;::stepWithEHABI()</a>
 <LI><a href="#[a1]">libunwind::UnwindCursor&lang;libunwind::LocalAddressSpace, libunwind::Registers_arm&rang;::validFloatReg(int)</a>
 <LI><a href="#[a8]">libunwind::UnwindCursor&lang;libunwind::LocalAddressSpace, libunwind::Registers_arm&rang;::getFunctionName(char*, unsigned, unsigned*)</a>
 <LI><a href="#[aa]">libunwind::UnwindCursor&lang;libunwind::LocalAddressSpace, libunwind::Registers_arm&rang;::getRegisterName(int)</a>
 <LI><a href="#[1e0]">libunwind::UnwindCursor&lang;libunwind::LocalAddressSpace, libunwind::Registers_arm&rang;::getInfoFromEHABISection(unsigned, const libunwind::UnwindInfoSections&)</a>
 <LI><a href="#[a9]">libunwind::UnwindCursor&lang;libunwind::LocalAddressSpace, libunwind::Registers_arm&rang;::setInfoBasedOnIPRegister(bool)</a>
 <LI><a href="#[a4]">libunwind::UnwindCursor&lang;libunwind::LocalAddressSpace, libunwind::Registers_arm&rang;::step()</a>
 <LI><a href="#[9f]">libunwind::UnwindCursor&lang;libunwind::LocalAddressSpace, libunwind::Registers_arm&rang;::getReg(int)</a>
 <LI><a href="#[a6]">libunwind::UnwindCursor&lang;libunwind::LocalAddressSpace, libunwind::Registers_arm&rang;::jumpto()</a>
 <LI><a href="#[a0]">libunwind::UnwindCursor&lang;libunwind::LocalAddressSpace, libunwind::Registers_arm&rang;::setReg(int, unsigned)</a>
 <LI><a href="#[a5]">libunwind::UnwindCursor&lang;libunwind::LocalAddressSpace, libunwind::Registers_arm&rang;::getInfo(unw_proc_info_t*)</a>
 <LI><a href="#[9e]">libunwind::UnwindCursor&lang;libunwind::LocalAddressSpace, libunwind::Registers_arm&rang;::validReg(int)</a>
 <LI><a href="#[9d]">libunwind::UnwindCursor&lang;libunwind::LocalAddressSpace, libunwind::Registers_arm&rang;::~UnwindCursor__deallocating()</a>
 <LI><a href="#[1df]">libunwind::Registers_arm::getRegisterName(int)</a>
 <LI><a href="#[1e2]">libunwind::Registers_arm::restoreSavedFloatRegisters()</a>
 <LI><a href="#[9c]">libunwind::AbstractUnwindCursor::~AbstractUnwindCursor__sub_object()</a>
 <LI><a href="#[90]">__cxxabiv1::__shim_type_info::noop1() const</a>
 <LI><a href="#[91]">__cxxabiv1::__shim_type_info::noop2() const</a>
 <LI><a href="#[93]">__cxxabiv1::__class_type_info::search_above_dst(__cxxabiv1::__dynamic_cast_info*, const void*, const void*, int, bool) const</a>
 <LI><a href="#[94]">__cxxabiv1::__class_type_info::search_below_dst(__cxxabiv1::__dynamic_cast_info*, const void*, int, bool) const</a>
 <LI><a href="#[95]">__cxxabiv1::__class_type_info::has_unambiguous_public_base(__cxxabiv1::__dynamic_cast_info*, void*, int) const</a>
 <LI><a href="#[1e8]">__cxxabiv1::__class_type_info::process_static_type_above_dst(__cxxabiv1::__dynamic_cast_info*, const void*, const void*, int) const</a>
 <LI><a href="#[92]">__cxxabiv1::__class_type_info::can_catch(const __cxxabiv1::__shim_type_info*, void*&) const</a>
 <LI><a href="#[1eb]">__cxxabiv1::__pbase_type_info::can_catch(const __cxxabiv1::__shim_type_info*, void*&) const</a>
 <LI><a href="#[1ec]">__cxxabiv1::__pointer_type_info::can_catch_nested(const __cxxabiv1::__shim_type_info*) const</a>
 <LI><a href="#[1ee]">__cxxabiv1::__pointer_type_info::can_catch(const __cxxabiv1::__shim_type_info*, void*&) const</a>
 <LI><a href="#[97]">__cxxabiv1::__si_class_type_info::search_above_dst(__cxxabiv1::__dynamic_cast_info*, const void*, const void*, int, bool) const</a>
 <LI><a href="#[98]">__cxxabiv1::__si_class_type_info::search_below_dst(__cxxabiv1::__dynamic_cast_info*, const void*, int, bool) const</a>
 <LI><a href="#[99]">__cxxabiv1::__si_class_type_info::has_unambiguous_public_base(__cxxabiv1::__dynamic_cast_info*, void*, int) const</a>
 <LI><a href="#[1ef]">__cxxabiv1::__vmi_class_type_info::search_above_dst(__cxxabiv1::__dynamic_cast_info*, const void*, const void*, int, bool) const</a>
 <LI><a href="#[9b]">__cxxabiv1::__fundamental_type_info::can_catch(const __cxxabiv1::__shim_type_info*, void*&) const</a>
 <LI><a href="#[1ed]">__cxxabiv1::__pointer_to_member_type_info::can_catch_nested(const __cxxabiv1::__shim_type_info*) const</a>
 <LI><a href="#[1f0]">__cxxabiv1::__pointer_to_member_type_info::can_catch(const __cxxabiv1::__shim_type_info*, void*&) const</a>
 <LI><a href="#[ad]">std::bad_exception::what() const</a>
 <LI><a href="#[af]">std::bad_array_length::what() const</a>
 <LI><a href="#[b1]">std::bad_array_new_length::what() const</a>
 <LI><a href="#[b3]">std::bad_alloc::what() const</a>
 <LI><a href="#[ac]">std::bad_exception::~bad_exception__deallocating()</a>
 <LI><a href="#[291]">std::bad_array_length::bad_array_length()</a>
 <LI><a href="#[292]">std::bad_array_length::bad_array_length__sub_object()</a>
 <LI><a href="#[ae]">std::bad_array_length::~bad_array_length__deallocating()</a>
 <LI><a href="#[293]">std::bad_array_new_length::bad_array_new_length()</a>
 <LI><a href="#[294]">std::bad_array_new_length::bad_array_new_length__sub_object()</a>
 <LI><a href="#[b0]">std::bad_array_new_length::~bad_array_new_length__deallocating()</a>
 <LI><a href="#[1e1]">T2 std::__1::__upper_bound&lang;std::__1::__less&lang;unsigned, unsigned&rang;&, libunwind::EHABISectionIterator&lang;libunwind::LocalAddressSpace&rang;, unsigned&rang;(T2, T2, const T3&, T1)</a>
 <LI><a href="#[204]">std::bad_alloc::bad_alloc()</a>
 <LI><a href="#[295]">std::bad_alloc::bad_alloc__sub_object()</a>
 <LI><a href="#[b2]">std::bad_alloc::~bad_alloc__deallocating()</a>
 <LI><a href="#[0]">std::bad_exception::~bad_exception()</a>
 <LI><a href="#[296]">std::bad_exception::~bad_exception__sub_object()</a>
 <LI><a href="#[297]">std::bad_array_length::~bad_array_length()</a>
 <LI><a href="#[298]">std::bad_array_length::~bad_array_length__sub_object()</a>
 <LI><a href="#[299]">std::bad_array_new_length::~bad_array_new_length()</a>
 <LI><a href="#[29a]">std::bad_array_new_length::~bad_array_new_length__sub_object()</a>
 <LI><a href="#[5f]">std::bad_alloc::~bad_alloc()</a>
 <LI><a href="#[29b]">std::bad_alloc::~bad_alloc__sub_object()</a>
 <LI><a href="#[29c]">std::exception::~exception()</a>
 <LI><a href="#[9]">std::exception::~exception__sub_object()</a>
 <LI><a href="#[29d]">std::type_info::~type_info()</a>
 <LI><a href="#[7]">std::type_info::~type_info__sub_object()</a>
 <LI><a href="#[1f1]">std::unexpected()</a>
 <LI><a href="#[1d5]">std::__terminate(void(*)())</a>
 <LI><a href="#[1f2]">std::__unexpected(void(*)())</a>
 <LI><a href="#[20c]">std::get_terminate()</a>
 <LI><a href="#[29e]">std::set_terminate(void(*)())</a>
 <LI><a href="#[20d]">std::get_unexpected()</a>
 <LI><a href="#[29f]">std::set_unexpected(void(*)())</a>
 <LI><a href="#[202]">std::get_new_handler()</a>
 <LI><a href="#[2a0]">std::set_new_handler(void(*)())</a>
 <LI><a href="#[5e]">std::terminate()</a>
 <LI><a href="#[1f7]">operator delete[] (void*)</a>
 <LI><a href="#[1f8]">operator delete[] (void*, const std::nothrow_t&)</a>
 <LI><a href="#[1f9]">operator delete[] (void*, unsigned)</a>
 <LI><a href="#[152]">operator delete (void*)</a>
 <LI><a href="#[1fa]">operator delete (void*, const std::nothrow_t&)</a>
 <LI><a href="#[1fb]">operator delete (void*, unsigned)</a>
 <LI><a href="#[1fc]">operator new[] (unsigned)</a>
 <LI><a href="#[1fe]">operator new[] (unsigned, const std::nothrow_t&)</a>
 <LI><a href="#[1ff]">operator new[] (unsigned, std::align_val_t)</a>
 <LI><a href="#[201]">operator new[] (unsigned, std::align_val_t, const std::nothrow_t&)</a>
 <LI><a href="#[1fd]">operator new(unsigned)</a>
 <LI><a href="#[206]">operator new(unsigned, const std::nothrow_t&)</a>
 <LI><a href="#[200]">operator new(unsigned, std::align_val_t)</a>
 <LI><a href="#[207]">operator new(unsigned, std::align_val_t, const std::nothrow_t&)</a>
 <LI><a href="#[5a]">__aeabi_unwind_cpp_pr0</a>
 <LI><a href="#[5b]">__aeabi_unwind_cpp_pr1</a>
 <LI><a href="#[5c]">__aeabi_unwind_cpp_pr2</a>
 <LI><a href="#[1f5]">__clang_call_terminate</a>
 <LI><a href="#[208]">__cxa_allocate_dependent_exception</a>
 <LI><a href="#[203]">__cxa_allocate_exception</a>
 <LI><a href="#[1d4]">__cxa_begin_catch</a>
 <LI><a href="#[20b]">__cxa_begin_cleanup</a>
 <LI><a href="#[209]">__cxa_call_unexpected</a>
 <LI><a href="#[1d7]">__cxa_decrement_exception_refcount</a>
 <LI><a href="#[1f4]">__cxa_end_catch</a>
 <LI><a href="#[20a]">__cxa_get_globals</a>
 <LI><a href="#[1f6]">__cxa_get_globals_fast</a>
 <LI><a href="#[12d]">__cxa_guard_acquire</a>
 <LI><a href="#[20e]">__cxa_rethrow</a>
 <LI><a href="#[210]">__cxa_rethrow_primary_exception</a>
 <LI><a href="#[205]">__cxa_throw</a>
 <LI><a href="#[1e9]">__dynamic_cast</a>
 <LI><a href="#[211]">__gnu_unwind_frame</a>
 <LI><a href="#[62]">__gxx_personality_v0</a>
 <LI><a href="#[1f3]">abort_message</a>
 <LI><a href="#[1de]">decode_eht_entry</a>
 <LI><a href="#[1c0]">unw_get_fpreg</a>
 <LI><a href="#[1b7]">unw_get_proc_info</a>
 <LI><a href="#[1be]">unw_get_reg</a>
 <LI><a href="#[1bb]">unw_init_local</a>
 <LI><a href="#[1c6]">unw_resume</a>
 <LI><a href="#[1bf]">unw_save_vfp_as_X</a>
 <LI><a href="#[1c5]">unw_set_fpreg</a>
 <LI><a href="#[1c3]">unw_set_reg</a>
 <LI><a href="#[1d9]">unw_step</a>
 <LI><a href="#[1ce]">_ZN10__cxxabiv1L11scan_eh_tabERNS_12_GLOBAL__N_112scan_resultsE14_Unwind_ActionbP21_Unwind_Control_BlockP15_Unwind_Context</a>
 <LI><a href="#[1d6]">_ZN10__cxxabiv1L13set_registersEP21_Unwind_Control_BlockP15_Unwind_ContextRKNS_12_GLOBAL__N_112scan_resultsE</a>
 <LI><a href="#[1d1]">_ZN10__cxxabiv1L14call_terminateEbP21_Unwind_Control_Block</a>
 <LI><a href="#[1d0]">_ZN10__cxxabiv1L18readEncodedPointerEPPKhh</a>
 <LI><a href="#[1d2]">_ZN10__cxxabiv1L24exception_spec_can_catchExPKhhPKNS_16__shim_type_infoEPvP21_Unwind_Control_Block</a>
 <LI><a href="#[1d3]">_ZN10__cxxabiv1L12failed_throwEPNS_15__cxa_exceptionE</a>
 <LI><a href="#[61]">_ZN10__cxxabiv1L22exception_cleanup_funcE19_Unwind_Reason_CodeP21_Unwind_Control_Block</a>
 <LI><a href="#[60]">_ZN10__cxxabiv1L27dependent_exception_cleanupE19_Unwind_Reason_CodeP21_Unwind_Control_Block</a>
 <LI><a href="#[1bc]">_ZL13unwind_phase2P13unw_context_tP12unw_cursor_tP21_Unwind_Control_Blockb</a>
 <LI><a href="#[1d8]">_ZN12_GLOBAL__N_1L14unwindOneFrameEjP21_Unwind_Control_BlockP15_Unwind_Context</a>
 <LI><a href="#[1c9]">&lang;unnamed namespace 1&rang;::fallback_free(void*)</a>
 <LI><a href="#[1cb]">&lang;unnamed namespace 1&rang;::fallback_malloc(unsigned)</a>
</UL>
</UL>
<P>
<H3>
Mutually Recursive functions
</H3> <LI><a href="#[e]">NMI_Handler</a>&nbsp;&nbsp;&nbsp;&rArr;&nbsp;&nbsp;&nbsp;<a href="#[e]">NMI_Handler</a><BR>
 <LI><a href="#[f]">HardFault_Handler</a>&nbsp;&nbsp;&nbsp;&rArr;&nbsp;&nbsp;&nbsp;<a href="#[f]">HardFault_Handler</a><BR>
 <LI><a href="#[10]">MemManage_Handler</a>&nbsp;&nbsp;&nbsp;&rArr;&nbsp;&nbsp;&nbsp;<a href="#[10]">MemManage_Handler</a><BR>
 <LI><a href="#[11]">BusFault_Handler</a>&nbsp;&nbsp;&nbsp;&rArr;&nbsp;&nbsp;&nbsp;<a href="#[11]">BusFault_Handler</a><BR>
 <LI><a href="#[12]">UsageFault_Handler</a>&nbsp;&nbsp;&nbsp;&rArr;&nbsp;&nbsp;&nbsp;<a href="#[12]">UsageFault_Handler</a><BR>
 <LI><a href="#[13]">SVC_Handler</a>&nbsp;&nbsp;&nbsp;&rArr;&nbsp;&nbsp;&nbsp;<a href="#[13]">SVC_Handler</a><BR>
 <LI><a href="#[14]">DebugMon_Handler</a>&nbsp;&nbsp;&nbsp;&rArr;&nbsp;&nbsp;&nbsp;<a href="#[14]">DebugMon_Handler</a><BR>
 <LI><a href="#[15]">PendSV_Handler</a>&nbsp;&nbsp;&nbsp;&rArr;&nbsp;&nbsp;&nbsp;<a href="#[15]">PendSV_Handler</a><BR>
 <LI><a href="#[29]">ADC1_2_IRQHandler</a>&nbsp;&nbsp;&nbsp;&rArr;&nbsp;&nbsp;&nbsp;<a href="#[29]">ADC1_2_IRQHandler</a><BR>
 <LI><a href="#[20e]">__cxa_rethrow</a>&nbsp;&nbsp;&nbsp;&rArr;&nbsp;&nbsp;&nbsp;<a href="#[1d5]">std::__terminate(void(*)())</a><BR>
 <LI><a href="#[209]">__cxa_call_unexpected</a>&nbsp;&nbsp;&nbsp;&rArr;&nbsp;&nbsp;&nbsp;<a href="#[1d5]">std::__terminate(void(*)())</a><BR>
 <LI><a href="#[1d1]">_ZN10__cxxabiv1L14call_terminateEbP21_Unwind_Control_Block</a>&nbsp;&nbsp;&nbsp;&rArr;&nbsp;&nbsp;&nbsp;<a href="#[1d5]">std::__terminate(void(*)())</a><BR>
 <LI><a href="#[1d3]">_ZN10__cxxabiv1L12failed_throwEPNS_15__cxa_exceptionE</a>&nbsp;&nbsp;&nbsp;&rArr;&nbsp;&nbsp;&nbsp;<a href="#[1d5]">std::__terminate(void(*)())</a><BR>
 <LI><a href="#[1d7]">__cxa_decrement_exception_refcount</a>&nbsp;&nbsp;&nbsp;&rArr;&nbsp;&nbsp;&nbsp;<a href="#[209]">__cxa_call_unexpected</a><BR>
 <LI><a href="#[203]">__cxa_allocate_exception</a>&nbsp;&nbsp;&nbsp;&rArr;&nbsp;&nbsp;&nbsp;<a href="#[209]">__cxa_call_unexpected</a><BR>
 <LI><a href="#[1d4]">__cxa_begin_catch</a>&nbsp;&nbsp;&nbsp;&rArr;&nbsp;&nbsp;&nbsp;<a href="#[5e]">std::terminate()</a><BR>
 <LI><a href="#[1f5]">__clang_call_terminate</a>&nbsp;&nbsp;&nbsp;&rArr;&nbsp;&nbsp;&nbsp;<a href="#[5e]">std::terminate()</a><BR>
</UL>
<P>
<H3>
Function Pointers
</H3><UL>
 <LI><a href="#[29]">ADC1_2_IRQHandler</a> from startup_stm32f10x_md.o(.text) referenced from startup_stm32f10x_md.o(RESET)
 <LI><a href="#[11]">BusFault_Handler</a> from startup_stm32f10x_md.o(.text) referenced from startup_stm32f10x_md.o(RESET)
 <LI><a href="#[2c]">CAN1_RX1_IRQHandler</a> from startup_stm32f10x_md.o(.text) referenced from startup_stm32f10x_md.o(RESET)
 <LI><a href="#[2d]">CAN1_SCE_IRQHandler</a> from startup_stm32f10x_md.o(.text) referenced from startup_stm32f10x_md.o(RESET)
 <LI><a href="#[22]">DMA1_Channel1_IRQHandler</a> from startup_stm32f10x_md.o(.text) referenced from startup_stm32f10x_md.o(RESET)
 <LI><a href="#[23]">DMA1_Channel2_IRQHandler</a> from startup_stm32f10x_md.o(.text) referenced from startup_stm32f10x_md.o(RESET)
 <LI><a href="#[24]">DMA1_Channel3_IRQHandler</a> from startup_stm32f10x_md.o(.text) referenced from startup_stm32f10x_md.o(RESET)
 <LI><a href="#[25]">DMA1_Channel4_IRQHandler</a> from startup_stm32f10x_md.o(.text) referenced from startup_stm32f10x_md.o(RESET)
 <LI><a href="#[26]">DMA1_Channel5_IRQHandler</a> from startup_stm32f10x_md.o(.text) referenced from startup_stm32f10x_md.o(RESET)
 <LI><a href="#[27]">DMA1_Channel6_IRQHandler</a> from startup_stm32f10x_md.o(.text) referenced from startup_stm32f10x_md.o(RESET)
 <LI><a href="#[28]">DMA1_Channel7_IRQHandler</a> from startup_stm32f10x_md.o(.text) referenced from startup_stm32f10x_md.o(RESET)
 <LI><a href="#[14]">DebugMon_Handler</a> from startup_stm32f10x_md.o(.text) referenced from startup_stm32f10x_md.o(RESET)
 <LI><a href="#[1d]">EXTI0_IRQHandler</a> from lto-llvm-a2c1e4.o(.text) referenced from startup_stm32f10x_md.o(RESET)
 <LI><a href="#[3f]">EXTI15_10_IRQHandler</a> from lto-llvm-a2c1e4.o(.text) referenced from startup_stm32f10x_md.o(RESET)
 <LI><a href="#[1e]">EXTI1_IRQHandler</a> from lto-llvm-a2c1e4.o(.text) referenced from startup_stm32f10x_md.o(RESET)
 <LI><a href="#[1f]">EXTI2_IRQHandler</a> from lto-llvm-a2c1e4.o(.text) referenced from startup_stm32f10x_md.o(RESET)
 <LI><a href="#[20]">EXTI3_IRQHandler</a> from lto-llvm-a2c1e4.o(.text) referenced from startup_stm32f10x_md.o(RESET)
 <LI><a href="#[21]">EXTI4_IRQHandler</a> from lto-llvm-a2c1e4.o(.text) referenced from startup_stm32f10x_md.o(RESET)
 <LI><a href="#[2e]">EXTI9_5_IRQHandler</a> from lto-llvm-a2c1e4.o(.text) referenced from startup_stm32f10x_md.o(RESET)
 <LI><a href="#[1b]">FLASH_IRQHandler</a> from startup_stm32f10x_md.o(.text) referenced from startup_stm32f10x_md.o(RESET)
 <LI><a href="#[f]">HardFault_Handler</a> from startup_stm32f10x_md.o(.text) referenced from startup_stm32f10x_md.o(RESET)
 <LI><a href="#[37]">I2C1_ER_IRQHandler</a> from startup_stm32f10x_md.o(.text) referenced from startup_stm32f10x_md.o(RESET)
 <LI><a href="#[36]">I2C1_EV_IRQHandler</a> from startup_stm32f10x_md.o(.text) referenced from startup_stm32f10x_md.o(RESET)
 <LI><a href="#[39]">I2C2_ER_IRQHandler</a> from startup_stm32f10x_md.o(.text) referenced from startup_stm32f10x_md.o(RESET)
 <LI><a href="#[38]">I2C2_EV_IRQHandler</a> from startup_stm32f10x_md.o(.text) referenced from startup_stm32f10x_md.o(RESET)
 <LI><a href="#[10]">MemManage_Handler</a> from startup_stm32f10x_md.o(.text) referenced from startup_stm32f10x_md.o(RESET)
 <LI><a href="#[e]">NMI_Handler</a> from startup_stm32f10x_md.o(.text) referenced from startup_stm32f10x_md.o(RESET)
 <LI><a href="#[18]">PVD_IRQHandler</a> from startup_stm32f10x_md.o(.text) referenced from startup_stm32f10x_md.o(RESET)
 <LI><a href="#[15]">PendSV_Handler</a> from startup_stm32f10x_md.o(.text) referenced from startup_stm32f10x_md.o(RESET)
 <LI><a href="#[1c]">RCC_IRQHandler</a> from startup_stm32f10x_md.o(.text) referenced from startup_stm32f10x_md.o(RESET)
 <LI><a href="#[40]">RTCAlarm_IRQHandler</a> from startup_stm32f10x_md.o(.text) referenced from startup_stm32f10x_md.o(RESET)
 <LI><a href="#[1a]">RTC_IRQHandler</a> from startup_stm32f10x_md.o(.text) referenced from startup_stm32f10x_md.o(RESET)
 <LI><a href="#[d]">Reset_Handler</a> from startup_stm32f10x_md.o(.text) referenced from startup_stm32f10x_md.o(RESET)
 <LI><a href="#[3a]">SPI1_IRQHandler</a> from startup_stm32f10x_md.o(.text) referenced from startup_stm32f10x_md.o(RESET)
 <LI><a href="#[3b]">SPI2_IRQHandler</a> from startup_stm32f10x_md.o(.text) referenced from startup_stm32f10x_md.o(RESET)
 <LI><a href="#[13]">SVC_Handler</a> from startup_stm32f10x_md.o(.text) referenced from startup_stm32f10x_md.o(RESET)
 <LI><a href="#[16]">SysTick_Handler</a> from lto-llvm-a2c1e4.o(.text) referenced from startup_stm32f10x_md.o(RESET)
 <LI><a href="#[42]">SystemInit</a> from lto-llvm-a2c1e4.o(.text) referenced from startup_stm32f10x_md.o(.text)
 <LI><a href="#[19]">TAMPER_IRQHandler</a> from startup_stm32f10x_md.o(.text) referenced from startup_stm32f10x_md.o(RESET)
 <LI><a href="#[2f]">TIM1_BRK_IRQHandler</a> from startup_stm32f10x_md.o(.text) referenced from startup_stm32f10x_md.o(RESET)
 <LI><a href="#[32]">TIM1_CC_IRQHandler</a> from startup_stm32f10x_md.o(.text) referenced from startup_stm32f10x_md.o(RESET)
 <LI><a href="#[31]">TIM1_TRG_COM_IRQHandler</a> from startup_stm32f10x_md.o(.text) referenced from startup_stm32f10x_md.o(RESET)
 <LI><a href="#[30]">TIM1_UP_IRQHandler</a> from startup_stm32f10x_md.o(.text) referenced from startup_stm32f10x_md.o(RESET)
 <LI><a href="#[33]">TIM2_IRQHandler</a> from startup_stm32f10x_md.o(.text) referenced from startup_stm32f10x_md.o(RESET)
 <LI><a href="#[34]">TIM3_IRQHandler</a> from startup_stm32f10x_md.o(.text) referenced from startup_stm32f10x_md.o(RESET)
 <LI><a href="#[35]">TIM4_IRQHandler</a> from startup_stm32f10x_md.o(.text) referenced from startup_stm32f10x_md.o(RESET)
 <LI><a href="#[3c]">USART1_IRQHandler</a> from startup_stm32f10x_md.o(.text) referenced from startup_stm32f10x_md.o(RESET)
 <LI><a href="#[3d]">USART2_IRQHandler</a> from startup_stm32f10x_md.o(.text) referenced from startup_stm32f10x_md.o(RESET)
 <LI><a href="#[3e]">USART3_IRQHandler</a> from startup_stm32f10x_md.o(.text) referenced from startup_stm32f10x_md.o(RESET)
 <LI><a href="#[41]">USBWakeUp_IRQHandler</a> from startup_stm32f10x_md.o(.text) referenced from startup_stm32f10x_md.o(RESET)
 <LI><a href="#[2a]">USB_HP_CAN1_TX_IRQHandler</a> from startup_stm32f10x_md.o(.text) referenced from startup_stm32f10x_md.o(RESET)
 <LI><a href="#[2b]">USB_LP_CAN1_RX0_IRQHandler</a> from startup_stm32f10x_md.o(.text) referenced from startup_stm32f10x_md.o(RESET)
 <LI><a href="#[12]">UsageFault_Handler</a> from startup_stm32f10x_md.o(.text) referenced from startup_stm32f10x_md.o(RESET)
 <LI><a href="#[17]">WWDG_IRQHandler</a> from startup_stm32f10x_md.o(.text) referenced from startup_stm32f10x_md.o(RESET)
 <LI><a href="#[b4]">_GLOBAL__sub_I_Test.cpp</a> from lto-llvm-a2c1e4.o(.text) referenced from lto-llvm-a2c1e4.o(.init_array)
 <LI><a href="#[52]">ClickEvent()</a> from lto-llvm-a2c1e4.o(.text) referenced 2 times from lto-llvm-a2c1e4.o(.text)
 <LI><a href="#[51]">GpioInput_ISR()</a> from lto-llvm-a2c1e4.o(.text) referenced 2 times from lto-llvm-a2c1e4.o(.text)
 <LI><a href="#[53]">LongPressEvent()</a> from lto-llvm-a2c1e4.o(.text) referenced 2 times from lto-llvm-a2c1e4.o(.text)
 <LI><a href="#[54]">LongLongPressEvent()</a> from lto-llvm-a2c1e4.o(.text) referenced 2 times from lto-llvm-a2c1e4.o(.text)
 <LI><a href="#[57]">LongTouchBackLightHandler()</a> from lto-llvm-a2c1e4.o(.text) referenced 2 times from lto-llvm-a2c1e4.o(.text)
 <LI><a href="#[55]">Line0Menu0LongTouchHandler()</a> from lto-llvm-a2c1e4.o(.text) referenced 2 times from lto-llvm-a2c1e4.o(.text)
 <LI><a href="#[56]">Line0Menu0LongLongTouchHandler()</a> from lto-llvm-a2c1e4.o(.text) referenced 2 times from lto-llvm-a2c1e4.o(.text)
 <LI><a href="#[8e]">__cxxabiv1::__shim_type_info::~__shim_type_info__sub_object()</a> from private_typeinfo.cpp.o(.text._ZN10__cxxabiv116__shim_type_infoD2Ev) referenced from private_typeinfo.cpp.o(.rodata._ZTVN10__cxxabiv117__class_type_infoE)
 <LI><a href="#[8e]">__cxxabiv1::__shim_type_info::~__shim_type_info__sub_object()</a> from private_typeinfo.cpp.o(.text._ZN10__cxxabiv116__shim_type_infoD2Ev) referenced from private_typeinfo.cpp.o(.rodata._ZTVN10__cxxabiv120__si_class_type_infoE)
 <LI><a href="#[8e]">__cxxabiv1::__shim_type_info::~__shim_type_info__sub_object()</a> from private_typeinfo.cpp.o(.text._ZN10__cxxabiv116__shim_type_infoD2Ev) referenced from private_typeinfo.cpp.o(.rodata._ZTVN10__cxxabiv123__fundamental_type_infoE)
 <LI><a href="#[8f]">__cxxabiv1::__class_type_info::~__class_type_info__deallocating()</a> from private_typeinfo.cpp.o(.text._ZN10__cxxabiv117__class_type_infoD0Ev) referenced from private_typeinfo.cpp.o(.rodata._ZTVN10__cxxabiv117__class_type_infoE)
 <LI><a href="#[96]">__cxxabiv1::__si_class_type_info::~__si_class_type_info__deallocating()</a> from private_typeinfo.cpp.o(.text._ZN10__cxxabiv120__si_class_type_infoD0Ev) referenced from private_typeinfo.cpp.o(.rodata._ZTVN10__cxxabiv120__si_class_type_infoE)
 <LI><a href="#[9a]">__cxxabiv1::__fundamental_type_info::~__fundamental_type_info__deallocating()</a> from private_typeinfo.cpp.o(.text._ZN10__cxxabiv123__fundamental_type_infoD0Ev) referenced from private_typeinfo.cpp.o(.rodata._ZTVN10__cxxabiv123__fundamental_type_infoE)
 <LI><a href="#[61]">_ZN10__cxxabiv1L22exception_cleanup_funcE19_Unwind_Reason_CodeP21_Unwind_Control_Block</a> from cxa_exception.cpp.o(.text._ZN10__cxxabiv1L22exception_cleanup_funcE19_Unwind_Reason_CodeP21_Unwind_Control_Block) referenced 2 times from cxa_exception.cpp.o(.text.__cxa_throw)
 <LI><a href="#[60]">_ZN10__cxxabiv1L27dependent_exception_cleanupE19_Unwind_Reason_CodeP21_Unwind_Control_Block</a> from cxa_exception.cpp.o(.text._ZN10__cxxabiv1L27dependent_exception_cleanupE19_Unwind_Reason_CodeP21_Unwind_Control_Block) referenced 2 times from cxa_exception.cpp.o(.text.__cxa_rethrow_primary_exception)
 <LI><a href="#[4b]">App::Nokia5110LCD::~Nokia5110LCD__sub_object()</a> from lto-llvm-a2c1e4.o(.text) referenced 2 times from lto-llvm-a2c1e4.o(.text)
 <LI><a href="#[4c]">App::UI::~UI__sub_object()</a> from lto-llvm-a2c1e4.o(.text) referenced 2 times from lto-llvm-a2c1e4.o(.text)
 <LI><a href="#[7f]">Bsp::GpioOutput::HwInit()</a> from lto-llvm-a2c1e4.o(.text) referenced 2 times from lto-llvm-a2c1e4.o(.rodata)
 <LI><a href="#[7e]">Bsp::GpioOutput::~GpioOutput__deallocating()</a> from lto-llvm-a2c1e4.o(.text) referenced from lto-llvm-a2c1e4.o(.rodata)
 <LI><a href="#[4a]">Bsp::GpioOutput::~GpioOutput__sub_object()</a> from lto-llvm-a2c1e4.o(.text) referenced from lto-llvm-a2c1e4.o(.rodata)
 <LI><a href="#[4a]">Bsp::GpioOutput::~GpioOutput__sub_object()</a> from lto-llvm-a2c1e4.o(.text) referenced 8 times from lto-llvm-a2c1e4.o(.text)
 <LI><a href="#[6e]">Bsp::Peripheral::HwClockDisble(Bsp::PeripheralBase::Peripheral_t)</a> from lto-llvm-a2c1e4.o(.text) referenced 8 times from lto-llvm-a2c1e4.o(.rodata)
 <LI><a href="#[6d]">Bsp::Peripheral::HwClockEnable(Bsp::PeripheralBase::Peripheral_t)</a> from lto-llvm-a2c1e4.o(.text) referenced 8 times from lto-llvm-a2c1e4.o(.rodata)
 <LI><a href="#[6c]">Bsp::Peripheral::HwGetFlagStatus(unsigned)</a> from lto-llvm-a2c1e4.o(.text) referenced 8 times from lto-llvm-a2c1e4.o(.rodata)
 <LI><a href="#[73]">Bsp::Peripheral::HwClearInterrupt(Bsp::PeripheralBase::IRQn)</a> from lto-llvm-a2c1e4.o(.text) referenced 8 times from lto-llvm-a2c1e4.o(.rodata)
 <LI><a href="#[70]">Bsp::Peripheral::HwConfigInterrupt(Bsp::PeripheralBase::IRQn, unsigned char, unsigned char)</a> from lto-llvm-a2c1e4.o(.text) referenced 8 times from lto-llvm-a2c1e4.o(.rodata)
 <LI><a href="#[71]">Bsp::Peripheral::HwEnableInterrupt(Bsp::PeripheralBase::IRQn)</a> from lto-llvm-a2c1e4.o(.text) referenced 8 times from lto-llvm-a2c1e4.o(.rodata)
 <LI><a href="#[6f]">Bsp::Peripheral::RegisterInterrupt(void(*)(), Bsp::PeripheralBase::IRQn, unsigned char)</a> from lto-llvm-a2c1e4.o(.text) referenced 8 times from lto-llvm-a2c1e4.o(.rodata)
 <LI><a href="#[72]">Bsp::Peripheral::HwDisableInterrupt(Bsp::PeripheralBase::IRQn)</a> from lto-llvm-a2c1e4.o(.text) referenced 8 times from lto-llvm-a2c1e4.o(.rodata)
 <LI><a href="#[76]">Bsp::Peripheral::HwInit()</a> from lto-llvm-a2c1e4.o(.text) referenced 2 times from lto-llvm-a2c1e4.o(.rodata)
 <LI><a href="#[69]">Bsp::Peripheral::HwConfig(void*)</a> from lto-llvm-a2c1e4.o(.text) referenced 8 times from lto-llvm-a2c1e4.o(.rodata)
 <LI><a href="#[6a]">Bsp::Peripheral::HwEnable()</a> from lto-llvm-a2c1e4.o(.text) referenced 8 times from lto-llvm-a2c1e4.o(.rodata)
 <LI><a href="#[6b]">Bsp::Peripheral::HwDisable()</a> from lto-llvm-a2c1e4.o(.text) referenced 8 times from lto-llvm-a2c1e4.o(.rodata)
 <LI><a href="#[87]">Bsp::Peripheral::~Peripheral__deallocating()</a> from lto-llvm-a2c1e4.o(.text) referenced from lto-llvm-a2c1e4.o(.rodata)
 <LI><a href="#[86]">Bsp::Peripheral::~Peripheral__sub_object()</a> from lto-llvm-a2c1e4.o(.text) referenced from lto-llvm-a2c1e4.o(.rodata)
 <LI><a href="#[58]">Bsp::HwButtonIntr::ISR()</a> from lto-llvm-a2c1e4.o(.text) referenced 2 times from lto-llvm-a2c1e4.o(.text)
 <LI><a href="#[81]">Bsp::HwButtonIntr::HwInit()</a> from lto-llvm-a2c1e4.o(.text) referenced from lto-llvm-a2c1e4.o(.rodata)
 <LI><a href="#[80]">Bsp::HwButtonIntr::~HwButtonIntr__deallocating()</a> from lto-llvm-a2c1e4.o(.text) referenced from lto-llvm-a2c1e4.o(.rodata)
 <LI><a href="#[46]">Bsp::HwButtonIntr::~HwButtonIntr__sub_object()</a> from lto-llvm-a2c1e4.o(.text) referenced from lto-llvm-a2c1e4.o(.rodata)
 <LI><a href="#[46]">Bsp::HwButtonIntr::~HwButtonIntr__sub_object()</a> from lto-llvm-a2c1e4.o(.text) referenced 2 times from lto-llvm-a2c1e4.o(.text)
 <LI><a href="#[64]">Bsp::ControlScreen::EventHandler(Bsp::Screen::Event_t)</a> from lto-llvm-a2c1e4.o(.text) referenced from lto-llvm-a2c1e4.o(.rodata)
 <LI><a href="#[65]">Bsp::ControlScreen::GetScreenTextArray()</a> from lto-llvm-a2c1e4.o(.text) referenced from lto-llvm-a2c1e4.o(.rodata)
 <LI><a href="#[66]">Bsp::ControlScreen::SetText(unsigned char, unsigned char, const char*, unsigned char)</a> from lto-llvm-a2c1e4.o(.text) referenced from lto-llvm-a2c1e4.o(.rodata)
 <LI><a href="#[63]">Bsp::ControlScreen::~ControlScreen__deallocating()</a> from lto-llvm-a2c1e4.o(.text) referenced from lto-llvm-a2c1e4.o(.rodata)
 <LI><a href="#[4d]">Bsp::ControlScreen::~ControlScreen__sub_object()</a> from lto-llvm-a2c1e4.o(.text) referenced from lto-llvm-a2c1e4.o(.rodata)
 <LI><a href="#[4d]">Bsp::ControlScreen::~ControlScreen__sub_object()</a> from lto-llvm-a2c1e4.o(.text) referenced 2 times from lto-llvm-a2c1e4.o(.text)
 <LI><a href="#[7d]">Bsp::PeripheralBase::HwGetFlagStatus(unsigned)</a> from lto-llvm-a2c1e4.o(.text) referenced from lto-llvm-a2c1e4.o(.rodata)
 <LI><a href="#[79]">Bsp::PeripheralBase::HwInit()</a> from lto-llvm-a2c1e4.o(.text) referenced from lto-llvm-a2c1e4.o(.rodata)
 <LI><a href="#[7a]">Bsp::PeripheralBase::HwConfig(void*)</a> from lto-llvm-a2c1e4.o(.text) referenced from lto-llvm-a2c1e4.o(.rodata)
 <LI><a href="#[7b]">Bsp::PeripheralBase::HwEnable()</a> from lto-llvm-a2c1e4.o(.text) referenced from lto-llvm-a2c1e4.o(.rodata)
 <LI><a href="#[7c]">Bsp::PeripheralBase::HwDisable()</a> from lto-llvm-a2c1e4.o(.text) referenced from lto-llvm-a2c1e4.o(.rodata)
 <LI><a href="#[78]">Bsp::PeripheralBase::~PeripheralBase__deallocating()</a> from lto-llvm-a2c1e4.o(.text) referenced from lto-llvm-a2c1e4.o(.rodata)
 <LI><a href="#[77]">Bsp::PeripheralBase::~PeripheralBase__sub_object()</a> from lto-llvm-a2c1e4.o(.text) referenced from lto-llvm-a2c1e4.o(.rodata)
 <LI><a href="#[59]">Bsp::InterruptManager::~InterruptManager__sub_object()</a> from lto-llvm-a2c1e4.o(.text) referenced 2 times from lto-llvm-a2c1e4.o(.text)
 <LI><a href="#[75]">Bsp::Gpio::~Gpio__deallocating()</a> from lto-llvm-a2c1e4.o(.text) referenced from lto-llvm-a2c1e4.o(.rodata)
 <LI><a href="#[74]">Bsp::Gpio::~Gpio__sub_object()</a> from lto-llvm-a2c1e4.o(.text) referenced from lto-llvm-a2c1e4.o(.rodata)
 <LI><a href="#[84]">Bsp::INA219::~INA219__deallocating()</a> from lto-llvm-a2c1e4.o(.text) referenced from lto-llvm-a2c1e4.o(.rodata)
 <LI><a href="#[48]">Bsp::INA219::~INA219__sub_object()</a> from lto-llvm-a2c1e4.o(.text) referenced from lto-llvm-a2c1e4.o(.rodata)
 <LI><a href="#[48]">Bsp::INA219::~INA219__sub_object()</a> from lto-llvm-a2c1e4.o(.text) referenced 2 times from lto-llvm-a2c1e4.o(.text)
 <LI><a href="#[89]">Bsp::Screen::EventHandler(Bsp::Screen::Event_t)</a> from lto-llvm-a2c1e4.o(.text) referenced from lto-llvm-a2c1e4.o(.rodata)
 <LI><a href="#[8a]">Bsp::Screen::GetScreenTextArray()</a> from lto-llvm-a2c1e4.o(.text) referenced from lto-llvm-a2c1e4.o(.rodata)
 <LI><a href="#[8b]">Bsp::Screen::SetText(unsigned char, unsigned char, const char*, unsigned char)</a> from lto-llvm-a2c1e4.o(.text) referenced from lto-llvm-a2c1e4.o(.rodata)
 <LI><a href="#[88]">Bsp::Screen::~Screen__deallocating()</a> from lto-llvm-a2c1e4.o(.text) referenced from lto-llvm-a2c1e4.o(.rodata)
 <LI><a href="#[4e]">Bsp::Screen::~Screen__sub_object()</a> from lto-llvm-a2c1e4.o(.text) referenced from lto-llvm-a2c1e4.o(.rodata)
 <LI><a href="#[4e]">Bsp::Screen::~Screen__sub_object()</a> from lto-llvm-a2c1e4.o(.text) referenced 2 times from lto-llvm-a2c1e4.o(.text)
 <LI><a href="#[68]">Bsp::GpioInput::HwInit()</a> from lto-llvm-a2c1e4.o(.text) referenced from lto-llvm-a2c1e4.o(.rodata)
 <LI><a href="#[67]">Bsp::GpioInput::~GpioInput__deallocating()</a> from lto-llvm-a2c1e4.o(.text) referenced from lto-llvm-a2c1e4.o(.rodata)
 <LI><a href="#[44]">Bsp::GpioInput::~GpioInput__sub_object()</a> from lto-llvm-a2c1e4.o(.text) referenced from lto-llvm-a2c1e4.o(.rodata)
 <LI><a href="#[44]">Bsp::GpioInput::~GpioInput__sub_object()</a> from lto-llvm-a2c1e4.o(.text) referenced 2 times from lto-llvm-a2c1e4.o(.text)
 <LI><a href="#[83]">Bsp::I2CDriver::HwInit()</a> from lto-llvm-a2c1e4.o(.text) referenced from lto-llvm-a2c1e4.o(.rodata)
 <LI><a href="#[82]">Bsp::I2CDriver::~I2CDriver__deallocating()</a> from lto-llvm-a2c1e4.o(.text) referenced from lto-llvm-a2c1e4.o(.rodata)
 <LI><a href="#[47]">Bsp::I2CDriver::~I2CDriver__sub_object()</a> from lto-llvm-a2c1e4.o(.text) referenced from lto-llvm-a2c1e4.o(.rodata)
 <LI><a href="#[47]">Bsp::I2CDriver::~I2CDriver__sub_object()</a> from lto-llvm-a2c1e4.o(.text) referenced 2 times from lto-llvm-a2c1e4.o(.text)
 <LI><a href="#[8d]">Bsp::SpiDriver::HwInit()</a> from lto-llvm-a2c1e4.o(.text) referenced from lto-llvm-a2c1e4.o(.rodata)
 <LI><a href="#[8c]">Bsp::SpiDriver::~SpiDriver__deallocating()</a> from lto-llvm-a2c1e4.o(.text) referenced from lto-llvm-a2c1e4.o(.rodata)
 <LI><a href="#[49]">Bsp::SpiDriver::~SpiDriver__sub_object()</a> from lto-llvm-a2c1e4.o(.text) referenced from lto-llvm-a2c1e4.o(.rodata)
 <LI><a href="#[49]">Bsp::SpiDriver::~SpiDriver__sub_object()</a> from lto-llvm-a2c1e4.o(.text) referenced 2 times from lto-llvm-a2c1e4.o(.text)
 <LI><a href="#[85]">Led::~Led__deallocating()</a> from lto-llvm-a2c1e4.o(.text) referenced from lto-llvm-a2c1e4.o(.rodata)
 <LI><a href="#[45]">Led::~Led__sub_object()</a> from lto-llvm-a2c1e4.o(.text) referenced from lto-llvm-a2c1e4.o(.rodata)
 <LI><a href="#[45]">Led::~Led__sub_object()</a> from lto-llvm-a2c1e4.o(.text) referenced 2 times from lto-llvm-a2c1e4.o(.text)
 <LI><a href="#[50]">Utility::HwStopWatch::~HwStopWatch__sub_object()</a> from lto-llvm-a2c1e4.o(.text) referenced 2 times from lto-llvm-a2c1e4.o(.text)
 <LI><a href="#[4f]">Utility::Time::~Time__sub_object()</a> from lto-llvm-a2c1e4.o(.text) referenced 4 times from lto-llvm-a2c1e4.o(.text)
 <LI><a href="#[ab]">libunwind::UnwindCursor&lang;libunwind::LocalAddressSpace, libunwind::Registers_arm&rang;::saveVFPAsX()</a> from libunwind.cpp.o(.text._ZN9libunwind12UnwindCursorINS_17LocalAddressSpaceENS_13Registers_armEE10saveVFPAsXEv) referenced from libunwind.cpp.o(.rodata._ZTVN9libunwind12UnwindCursorINS_17LocalAddressSpaceENS_13Registers_armEEE)
 <LI><a href="#[a2]">libunwind::UnwindCursor&lang;libunwind::LocalAddressSpace, libunwind::Registers_arm&rang;::getFloatReg(int)</a> from libunwind.cpp.o(.text._ZN9libunwind12UnwindCursorINS_17LocalAddressSpaceENS_13Registers_armEE11getFloatRegEi) referenced from libunwind.cpp.o(.rodata._ZTVN9libunwind12UnwindCursorINS_17LocalAddressSpaceENS_13Registers_armEEE)
 <LI><a href="#[a3]">libunwind::UnwindCursor&lang;libunwind::LocalAddressSpace, libunwind::Registers_arm&rang;::setFloatReg(int, unsigned long long)</a> from libunwind.cpp.o(.text._ZN9libunwind12UnwindCursorINS_17LocalAddressSpaceENS_13Registers_armEE11setFloatRegEiy) referenced from libunwind.cpp.o(.rodata._ZTVN9libunwind12UnwindCursorINS_17LocalAddressSpaceENS_13Registers_armEEE)
 <LI><a href="#[a7]">libunwind::UnwindCursor&lang;libunwind::LocalAddressSpace, libunwind::Registers_arm&rang;::isSignalFrame()</a> from libunwind.cpp.o(.text._ZN9libunwind12UnwindCursorINS_17LocalAddressSpaceENS_13Registers_armEE13isSignalFrameEv) referenced from libunwind.cpp.o(.rodata._ZTVN9libunwind12UnwindCursorINS_17LocalAddressSpaceENS_13Registers_armEEE)
 <LI><a href="#[a1]">libunwind::UnwindCursor&lang;libunwind::LocalAddressSpace, libunwind::Registers_arm&rang;::validFloatReg(int)</a> from libunwind.cpp.o(.text._ZN9libunwind12UnwindCursorINS_17LocalAddressSpaceENS_13Registers_armEE13validFloatRegEi) referenced from libunwind.cpp.o(.rodata._ZTVN9libunwind12UnwindCursorINS_17LocalAddressSpaceENS_13Registers_armEEE)
 <LI><a href="#[a8]">libunwind::UnwindCursor&lang;libunwind::LocalAddressSpace, libunwind::Registers_arm&rang;::getFunctionName(char*, unsigned, unsigned*)</a> from libunwind.cpp.o(.text._ZN9libunwind12UnwindCursorINS_17LocalAddressSpaceENS_13Registers_armEE15getFunctionNameEPcjPj) referenced from libunwind.cpp.o(.rodata._ZTVN9libunwind12UnwindCursorINS_17LocalAddressSpaceENS_13Registers_armEEE)
 <LI><a href="#[aa]">libunwind::UnwindCursor&lang;libunwind::LocalAddressSpace, libunwind::Registers_arm&rang;::getRegisterName(int)</a> from libunwind.cpp.o(.text._ZN9libunwind12UnwindCursorINS_17LocalAddressSpaceENS_13Registers_armEE15getRegisterNameEi) referenced from libunwind.cpp.o(.rodata._ZTVN9libunwind12UnwindCursorINS_17LocalAddressSpaceENS_13Registers_armEEE)
 <LI><a href="#[a9]">libunwind::UnwindCursor&lang;libunwind::LocalAddressSpace, libunwind::Registers_arm&rang;::setInfoBasedOnIPRegister(bool)</a> from libunwind.cpp.o(.text._ZN9libunwind12UnwindCursorINS_17LocalAddressSpaceENS_13Registers_armEE24setInfoBasedOnIPRegisterEb) referenced from libunwind.cpp.o(.rodata._ZTVN9libunwind12UnwindCursorINS_17LocalAddressSpaceENS_13Registers_armEEE)
 <LI><a href="#[a4]">libunwind::UnwindCursor&lang;libunwind::LocalAddressSpace, libunwind::Registers_arm&rang;::step()</a> from libunwind.cpp.o(.text._ZN9libunwind12UnwindCursorINS_17LocalAddressSpaceENS_13Registers_armEE4stepEv) referenced from libunwind.cpp.o(.rodata._ZTVN9libunwind12UnwindCursorINS_17LocalAddressSpaceENS_13Registers_armEEE)
 <LI><a href="#[9f]">libunwind::UnwindCursor&lang;libunwind::LocalAddressSpace, libunwind::Registers_arm&rang;::getReg(int)</a> from libunwind.cpp.o(.text._ZN9libunwind12UnwindCursorINS_17LocalAddressSpaceENS_13Registers_armEE6getRegEi) referenced from libunwind.cpp.o(.rodata._ZTVN9libunwind12UnwindCursorINS_17LocalAddressSpaceENS_13Registers_armEEE)
 <LI><a href="#[a6]">libunwind::UnwindCursor&lang;libunwind::LocalAddressSpace, libunwind::Registers_arm&rang;::jumpto()</a> from libunwind.cpp.o(.text._ZN9libunwind12UnwindCursorINS_17LocalAddressSpaceENS_13Registers_armEE6jumptoEv) referenced from libunwind.cpp.o(.rodata._ZTVN9libunwind12UnwindCursorINS_17LocalAddressSpaceENS_13Registers_armEEE)
 <LI><a href="#[a0]">libunwind::UnwindCursor&lang;libunwind::LocalAddressSpace, libunwind::Registers_arm&rang;::setReg(int, unsigned)</a> from libunwind.cpp.o(.text._ZN9libunwind12UnwindCursorINS_17LocalAddressSpaceENS_13Registers_armEE6setRegEij) referenced from libunwind.cpp.o(.rodata._ZTVN9libunwind12UnwindCursorINS_17LocalAddressSpaceENS_13Registers_armEEE)
 <LI><a href="#[a5]">libunwind::UnwindCursor&lang;libunwind::LocalAddressSpace, libunwind::Registers_arm&rang;::getInfo(unw_proc_info_t*)</a> from libunwind.cpp.o(.text._ZN9libunwind12UnwindCursorINS_17LocalAddressSpaceENS_13Registers_armEE7getInfoEP15unw_proc_info_t) referenced from libunwind.cpp.o(.rodata._ZTVN9libunwind12UnwindCursorINS_17LocalAddressSpaceENS_13Registers_armEEE)
 <LI><a href="#[9e]">libunwind::UnwindCursor&lang;libunwind::LocalAddressSpace, libunwind::Registers_arm&rang;::validReg(int)</a> from libunwind.cpp.o(.text._ZN9libunwind12UnwindCursorINS_17LocalAddressSpaceENS_13Registers_armEE8validRegEi) referenced from libunwind.cpp.o(.rodata._ZTVN9libunwind12UnwindCursorINS_17LocalAddressSpaceENS_13Registers_armEEE)
 <LI><a href="#[9d]">libunwind::UnwindCursor&lang;libunwind::LocalAddressSpace, libunwind::Registers_arm&rang;::~UnwindCursor__deallocating()</a> from libunwind.cpp.o(.text._ZN9libunwind12UnwindCursorINS_17LocalAddressSpaceENS_13Registers_armEED0Ev) referenced from libunwind.cpp.o(.rodata._ZTVN9libunwind12UnwindCursorINS_17LocalAddressSpaceENS_13Registers_armEEE)
 <LI><a href="#[9c]">libunwind::AbstractUnwindCursor::~AbstractUnwindCursor__sub_object()</a> from libunwind.cpp.o(.text._ZN9libunwind20AbstractUnwindCursorD2Ev) referenced from libunwind.cpp.o(.rodata._ZTVN9libunwind12UnwindCursorINS_17LocalAddressSpaceENS_13Registers_armEEE)
 <LI><a href="#[90]">__cxxabiv1::__shim_type_info::noop1() const</a> from private_typeinfo.cpp.o(.text._ZNK10__cxxabiv116__shim_type_info5noop1Ev) referenced from private_typeinfo.cpp.o(.rodata._ZTVN10__cxxabiv117__class_type_infoE)
 <LI><a href="#[90]">__cxxabiv1::__shim_type_info::noop1() const</a> from private_typeinfo.cpp.o(.text._ZNK10__cxxabiv116__shim_type_info5noop1Ev) referenced from private_typeinfo.cpp.o(.rodata._ZTVN10__cxxabiv120__si_class_type_infoE)
 <LI><a href="#[90]">__cxxabiv1::__shim_type_info::noop1() const</a> from private_typeinfo.cpp.o(.text._ZNK10__cxxabiv116__shim_type_info5noop1Ev) referenced from private_typeinfo.cpp.o(.rodata._ZTVN10__cxxabiv123__fundamental_type_infoE)
 <LI><a href="#[91]">__cxxabiv1::__shim_type_info::noop2() const</a> from private_typeinfo.cpp.o(.text._ZNK10__cxxabiv116__shim_type_info5noop2Ev) referenced from private_typeinfo.cpp.o(.rodata._ZTVN10__cxxabiv117__class_type_infoE)
 <LI><a href="#[91]">__cxxabiv1::__shim_type_info::noop2() const</a> from private_typeinfo.cpp.o(.text._ZNK10__cxxabiv116__shim_type_info5noop2Ev) referenced from private_typeinfo.cpp.o(.rodata._ZTVN10__cxxabiv120__si_class_type_infoE)
 <LI><a href="#[91]">__cxxabiv1::__shim_type_info::noop2() const</a> from private_typeinfo.cpp.o(.text._ZNK10__cxxabiv116__shim_type_info5noop2Ev) referenced from private_typeinfo.cpp.o(.rodata._ZTVN10__cxxabiv123__fundamental_type_infoE)
 <LI><a href="#[93]">__cxxabiv1::__class_type_info::search_above_dst(__cxxabiv1::__dynamic_cast_info*, const void*, const void*, int, bool) const</a> from private_typeinfo.cpp.o(.text._ZNK10__cxxabiv117__class_type_info16search_above_dstEPNS_19__dynamic_cast_infoEPKvS4_ib) referenced from private_typeinfo.cpp.o(.rodata._ZTVN10__cxxabiv117__class_type_infoE)
 <LI><a href="#[94]">__cxxabiv1::__class_type_info::search_below_dst(__cxxabiv1::__dynamic_cast_info*, const void*, int, bool) const</a> from private_typeinfo.cpp.o(.text._ZNK10__cxxabiv117__class_type_info16search_below_dstEPNS_19__dynamic_cast_infoEPKvib) referenced from private_typeinfo.cpp.o(.rodata._ZTVN10__cxxabiv117__class_type_infoE)
 <LI><a href="#[95]">__cxxabiv1::__class_type_info::has_unambiguous_public_base(__cxxabiv1::__dynamic_cast_info*, void*, int) const</a> from private_typeinfo.cpp.o(.text._ZNK10__cxxabiv117__class_type_info27has_unambiguous_public_baseEPNS_19__dynamic_cast_infoEPvi) referenced from private_typeinfo.cpp.o(.rodata._ZTVN10__cxxabiv117__class_type_infoE)
 <LI><a href="#[92]">__cxxabiv1::__class_type_info::can_catch(const __cxxabiv1::__shim_type_info*, void*&) const</a> from private_typeinfo.cpp.o(.text._ZNK10__cxxabiv117__class_type_info9can_catchEPKNS_16__shim_type_infoERPv) referenced from private_typeinfo.cpp.o(.rodata._ZTVN10__cxxabiv117__class_type_infoE)
 <LI><a href="#[92]">__cxxabiv1::__class_type_info::can_catch(const __cxxabiv1::__shim_type_info*, void*&) const</a> from private_typeinfo.cpp.o(.text._ZNK10__cxxabiv117__class_type_info9can_catchEPKNS_16__shim_type_infoERPv) referenced from private_typeinfo.cpp.o(.rodata._ZTVN10__cxxabiv120__si_class_type_infoE)
 <LI><a href="#[97]">__cxxabiv1::__si_class_type_info::search_above_dst(__cxxabiv1::__dynamic_cast_info*, const void*, const void*, int, bool) const</a> from private_typeinfo.cpp.o(.text._ZNK10__cxxabiv120__si_class_type_info16search_above_dstEPNS_19__dynamic_cast_infoEPKvS4_ib) referenced from private_typeinfo.cpp.o(.rodata._ZTVN10__cxxabiv120__si_class_type_infoE)
 <LI><a href="#[98]">__cxxabiv1::__si_class_type_info::search_below_dst(__cxxabiv1::__dynamic_cast_info*, const void*, int, bool) const</a> from private_typeinfo.cpp.o(.text._ZNK10__cxxabiv120__si_class_type_info16search_below_dstEPNS_19__dynamic_cast_infoEPKvib) referenced from private_typeinfo.cpp.o(.rodata._ZTVN10__cxxabiv120__si_class_type_infoE)
 <LI><a href="#[99]">__cxxabiv1::__si_class_type_info::has_unambiguous_public_base(__cxxabiv1::__dynamic_cast_info*, void*, int) const</a> from private_typeinfo.cpp.o(.text._ZNK10__cxxabiv120__si_class_type_info27has_unambiguous_public_baseEPNS_19__dynamic_cast_infoEPvi) referenced from private_typeinfo.cpp.o(.rodata._ZTVN10__cxxabiv120__si_class_type_infoE)
 <LI><a href="#[9b]">__cxxabiv1::__fundamental_type_info::can_catch(const __cxxabiv1::__shim_type_info*, void*&) const</a> from private_typeinfo.cpp.o(.text._ZNK10__cxxabiv123__fundamental_type_info9can_catchEPKNS_16__shim_type_infoERPv) referenced from private_typeinfo.cpp.o(.rodata._ZTVN10__cxxabiv123__fundamental_type_infoE)
 <LI><a href="#[ad]">std::bad_exception::what() const</a> from stdlib_exception.cpp.o(.text._ZNKSt13bad_exception4whatEv) referenced from stdlib_exception.cpp.o(.rodata._ZTVSt13bad_exception)
 <LI><a href="#[af]">std::bad_array_length::what() const</a> from stdlib_exception.cpp.o(.text._ZNKSt16bad_array_length4whatEv) referenced from stdlib_exception.cpp.o(.rodata._ZTVSt16bad_array_length)
 <LI><a href="#[b1]">std::bad_array_new_length::what() const</a> from stdlib_exception.cpp.o(.text._ZNKSt20bad_array_new_length4whatEv) referenced from stdlib_exception.cpp.o(.rodata._ZTVSt20bad_array_new_length)
 <LI><a href="#[b3]">std::bad_alloc::what() const</a> from stdlib_exception.cpp.o(.text._ZNKSt9bad_alloc4whatEv) referenced from stdlib_exception.cpp.o(.rodata._ZTVSt9bad_alloc)
 <LI><a href="#[ac]">std::bad_exception::~bad_exception__deallocating()</a> from stdlib_exception.cpp.o(.text._ZNSt13bad_exceptionD0Ev) referenced from stdlib_exception.cpp.o(.rodata._ZTVSt13bad_exception)
 <LI><a href="#[0]">std::bad_exception::~bad_exception()</a> from stdlib_exception.cpp.o(.text._ZNSt9exceptionD2Ev) referenced 2 times from cxa_personality.cpp.o(.text.__cxa_call_unexpected)
 <LI><a href="#[ae]">std::bad_array_length::~bad_array_length__deallocating()</a> from stdlib_exception.cpp.o(.text._ZNSt16bad_array_lengthD0Ev) referenced from stdlib_exception.cpp.o(.rodata._ZTVSt16bad_array_length)
 <LI><a href="#[b0]">std::bad_array_new_length::~bad_array_new_length__deallocating()</a> from stdlib_exception.cpp.o(.text._ZNSt20bad_array_new_lengthD0Ev) referenced from stdlib_exception.cpp.o(.rodata._ZTVSt20bad_array_new_length)
 <LI><a href="#[b2]">std::bad_alloc::~bad_alloc__deallocating()</a> from stdlib_exception.cpp.o(.text._ZNSt9bad_allocD0Ev) referenced from stdlib_exception.cpp.o(.rodata._ZTVSt9bad_alloc)
 <LI><a href="#[5f]">std::bad_alloc::~bad_alloc()</a> from stdlib_exception.cpp.o(.text._ZNSt9exceptionD2Ev) referenced 2 times from new.cpp.o(.text._Znwj)
 <LI><a href="#[5f]">std::bad_alloc::~bad_alloc()</a> from stdlib_exception.cpp.o(.text._ZNSt9exceptionD2Ev) referenced 2 times from new.cpp.o(.text._ZnwjSt11align_val_t)
 <LI><a href="#[9]">std::exception::~exception__sub_object()</a> from stdlib_exception.cpp.o(.text._ZNSt9exceptionD2Ev) referenced from stdlib_exception.cpp.o(.rodata._ZTVSt13bad_exception)
 <LI><a href="#[9]">std::exception::~exception__sub_object()</a> from stdlib_exception.cpp.o(.text._ZNSt9exceptionD2Ev) referenced from stdlib_exception.cpp.o(.rodata._ZTVSt16bad_array_length)
 <LI><a href="#[9]">std::exception::~exception__sub_object()</a> from stdlib_exception.cpp.o(.text._ZNSt9exceptionD2Ev) referenced from stdlib_exception.cpp.o(.rodata._ZTVSt20bad_array_new_length)
 <LI><a href="#[9]">std::exception::~exception__sub_object()</a> from stdlib_exception.cpp.o(.text._ZNSt9exceptionD2Ev) referenced from stdlib_exception.cpp.o(.rodata._ZTVSt9bad_alloc)
 <LI><a href="#[5e]">std::terminate()</a> from cxa_handlers.cpp.o(.text._ZSt9terminatev) referenced from cxa_default_handlers.cpp.o(.data.__cxa_unexpected_handler)
 <LI><a href="#[5e]">std::terminate()</a> from cxa_handlers.cpp.o(.text._ZSt9terminatev) referenced 2 times from cxa_default_handlers.cpp.o(.text._ZSt14set_unexpectedPFvvE)
 <LI><a href="#[5a]">__aeabi_unwind_cpp_pr0</a> from Unwind-EHABI.cpp.o(.text.__aeabi_unwind_cpp_pr0) referenced 2 times from libunwind.cpp.o(.text._ZN9libunwind12UnwindCursorINS_17LocalAddressSpaceENS_13Registers_armEE23getInfoFromEHABISectionEjRKNS_18UnwindInfoSectionsE)
 <LI><a href="#[5b]">__aeabi_unwind_cpp_pr1</a> from Unwind-EHABI.cpp.o(.text.__aeabi_unwind_cpp_pr1) referenced 2 times from libunwind.cpp.o(.text._ZN9libunwind12UnwindCursorINS_17LocalAddressSpaceENS_13Registers_armEE23getInfoFromEHABISectionEjRKNS_18UnwindInfoSectionsE)
 <LI><a href="#[5c]">__aeabi_unwind_cpp_pr2</a> from Unwind-EHABI.cpp.o(.text.__aeabi_unwind_cpp_pr2) referenced 2 times from libunwind.cpp.o(.text._ZN9libunwind12UnwindCursorINS_17LocalAddressSpaceENS_13Registers_armEE23getInfoFromEHABISectionEjRKNS_18UnwindInfoSectionsE)
 <LI><a href="#[62]">__gxx_personality_v0</a> from cxa_personality.cpp.o(.text.__gxx_personality_v0) referenced 3 times from lto-llvm-a2c1e4.o(.ARM.extab)
 <LI><a href="#[62]">__gxx_personality_v0</a> from cxa_personality.cpp.o(.text.__gxx_personality_v0) referenced from cxa_handlers.cpp.o(.ARM.extab.text._ZSt11__terminatePFvvE)
 <LI><a href="#[62]">__gxx_personality_v0</a> from cxa_personality.cpp.o(.text.__gxx_personality_v0) referenced from cxa_handlers.cpp.o(.ARM.extab.text._ZSt9terminatev)
 <LI><a href="#[62]">__gxx_personality_v0</a> from cxa_personality.cpp.o(.text.__gxx_personality_v0) referenced from new.cpp.o(.ARM.extab.text._ZnajRKSt9nothrow_t)
 <LI><a href="#[62]">__gxx_personality_v0</a> from cxa_personality.cpp.o(.text.__gxx_personality_v0) referenced from new.cpp.o(.ARM.extab.text._ZnajSt11align_val_tRKSt9nothrow_t)
 <LI><a href="#[62]">__gxx_personality_v0</a> from cxa_personality.cpp.o(.text.__gxx_personality_v0) referenced from new.cpp.o(.ARM.extab.text._ZnwjRKSt9nothrow_t)
 <LI><a href="#[62]">__gxx_personality_v0</a> from cxa_personality.cpp.o(.text.__gxx_personality_v0) referenced from new.cpp.o(.ARM.extab.text._ZnwjSt11align_val_tRKSt9nothrow_t)
 <LI><a href="#[62]">__gxx_personality_v0</a> from cxa_personality.cpp.o(.text.__gxx_personality_v0) referenced from cxa_exception.cpp.o(.ARM.extab.text.__cxa_allocate_exception)
 <LI><a href="#[62]">__gxx_personality_v0</a> from cxa_personality.cpp.o(.text.__gxx_personality_v0) referenced from cxa_exception.cpp.o(.ARM.extab.text.__cxa_begin_catch)
 <LI><a href="#[62]">__gxx_personality_v0</a> from cxa_personality.cpp.o(.text.__gxx_personality_v0) referenced from cxa_exception.cpp.o(.ARM.extab.text.__cxa_begin_cleanup)
 <LI><a href="#[62]">__gxx_personality_v0</a> from cxa_personality.cpp.o(.text.__gxx_personality_v0) referenced from cxa_personality.cpp.o(.ARM.extab.text.__cxa_call_unexpected)
 <LI><a href="#[62]">__gxx_personality_v0</a> from cxa_personality.cpp.o(.text.__gxx_personality_v0) referenced from cxa_exception.cpp.o(.ARM.extab.text.__cxa_decrement_exception_refcount)
 <LI><a href="#[b5]">__main</a> from __main.o(!!!main) referenced from startup_stm32f10x_md.o(.text)
 <LI><a href="#[5d]">abort</a> from abort.o(.text) referenced from cxa_default_handlers.cpp.o(.data.__cxa_terminate_handler)
 <LI><a href="#[5d]">abort</a> from abort.o(.text) referenced 2 times from cxa_default_handlers.cpp.o(.text._ZSt13set_terminatePFvvE)
</UL>
<P>
<H3>
Global Symbols
</H3>
<P><STRONG><a name="[b5]"></a>__main</STRONG> (Thumb, 8 bytes, Stack size 0 bytes, __main.o(!!!main))
<BR><BR>[Calls]<UL><LI><a href="#[b8]">&gt;&gt;</a>&nbsp;&nbsp;&nbsp;__rt_entry
<LI><a href="#[b7]">&gt;&gt;</a>&nbsp;&nbsp;&nbsp;__scatterload
</UL>

<P><STRONG><a name="[b7]"></a>__scatterload</STRONG> (Thumb, 0 bytes, Stack size unknown bytes, __scatter.o(!!!scatter))
<BR><BR>[Called By]<UL><LI><a href="#[b5]">&gt;&gt;</a>&nbsp;&nbsp;&nbsp;__main
</UL>

<P><STRONG><a name="[b9]"></a>__scatterload_rt2</STRONG> (Thumb, 44 bytes, Stack size unknown bytes, __scatter.o(!!!scatter), UNUSED)
<BR><BR>[Calls]<UL><LI><a href="#[b8]">&gt;&gt;</a>&nbsp;&nbsp;&nbsp;__rt_entry
</UL>

<P><STRONG><a name="[246]"></a>__scatterload_rt2_thumb_only</STRONG> (Thumb, 0 bytes, Stack size unknown bytes, __scatter.o(!!!scatter), UNUSED)

<P><STRONG><a name="[247]"></a>__scatterload_null</STRONG> (Thumb, 0 bytes, Stack size unknown bytes, __scatter.o(!!!scatter), UNUSED)

<P><STRONG><a name="[ba]"></a>__scatterload_copy</STRONG> (Thumb, 26 bytes, Stack size unknown bytes, __scatter_copy.o(!!handler_copy), UNUSED)
<BR><BR>[Calls]<UL><LI><a href="#[ba]">&gt;&gt;</a>&nbsp;&nbsp;&nbsp;__scatterload_copy
</UL>
<BR>[Called By]<UL><LI><a href="#[ba]">&gt;&gt;</a>&nbsp;&nbsp;&nbsp;__scatterload_copy
</UL>

<P><STRONG><a name="[248]"></a>__scatterload_zeroinit</STRONG> (Thumb, 28 bytes, Stack size unknown bytes, __scatter_zi.o(!!handler_zi), UNUSED)

<P><STRONG><a name="[c5]"></a>__rt_lib_init</STRONG> (Thumb, 0 bytes, Stack size unknown bytes, libinit.o(.ARM.Collect$$libinit$$00000000))
<BR><BR>[Called By]<UL><LI><a href="#[c4]">&gt;&gt;</a>&nbsp;&nbsp;&nbsp;__rt_entry_li
</UL>

<P><STRONG><a name="[249]"></a>__rt_lib_init_fp_1</STRONG> (Thumb, 0 bytes, Stack size unknown bytes, libinit2.o(.ARM.Collect$$libinit$$00000002))

<P><STRONG><a name="[bb]"></a>__rt_lib_init_heap_2</STRONG> (Thumb, 0 bytes, Stack size unknown bytes, libinit2.o(.ARM.Collect$$libinit$$00000005))
<BR><BR>[Stack]<UL><LI>Max Depth = 64 + Unknown Stack Size
<LI>Call Chain = __rt_lib_init_heap_2 &rArr; _init_alloc &rArr; __rt_SIGRTMEM &rArr; __rt_SIGRTMEM_inner &rArr; __default_signal_display &rArr; _ttywrch
</UL>
<BR>[Calls]<UL><LI><a href="#[bc]">&gt;&gt;</a>&nbsp;&nbsp;&nbsp;_init_alloc
</UL>

<P><STRONG><a name="[24a]"></a>__rt_lib_init_preinit_1</STRONG> (Thumb, 0 bytes, Stack size unknown bytes, libinit2.o(.ARM.Collect$$libinit$$00000004))

<P><STRONG><a name="[bd]"></a>__rt_lib_init_argv_1</STRONG> (Thumb, 0 bytes, Stack size unknown bytes, libinit2.o(.ARM.Collect$$libinit$$00000026))
<BR><BR>[Stack]<UL><LI>Max Depth = 96 + Unknown Stack Size
<LI>Call Chain = __rt_lib_init_argv_1 &rArr; __ARM_argv_veneer &rArr; __ARM_get_argv &rArr; malloc &rArr; __Heap_Full &rArr; __Heap_ProvideMemory &rArr; free
</UL>
<BR>[Calls]<UL><LI><a href="#[be]">&gt;&gt;</a>&nbsp;&nbsp;&nbsp;__ARM_argv_veneer
</UL>

<P><STRONG><a name="[24b]"></a>__rt_lib_init_atexit_1</STRONG> (Thumb, 0 bytes, Stack size unknown bytes, libinit2.o(.ARM.Collect$$libinit$$0000001B))

<P><STRONG><a name="[24c]"></a>__rt_lib_init_clock_1</STRONG> (Thumb, 0 bytes, Stack size unknown bytes, libinit2.o(.ARM.Collect$$libinit$$00000021))

<P><STRONG><a name="[24d]"></a>__rt_lib_init_fp_trap_1</STRONG> (Thumb, 0 bytes, Stack size unknown bytes, libinit2.o(.ARM.Collect$$libinit$$0000001F))

<P><STRONG><a name="[24e]"></a>__rt_lib_init_getenv_1</STRONG> (Thumb, 0 bytes, Stack size unknown bytes, libinit2.o(.ARM.Collect$$libinit$$00000023))

<P><STRONG><a name="[24f]"></a>__rt_lib_init_heap_1</STRONG> (Thumb, 0 bytes, Stack size unknown bytes, libinit2.o(.ARM.Collect$$libinit$$0000000A))

<P><STRONG><a name="[250]"></a>__rt_lib_init_lc_collate_1</STRONG> (Thumb, 0 bytes, Stack size unknown bytes, libinit2.o(.ARM.Collect$$libinit$$00000011))

<P><STRONG><a name="[251]"></a>__rt_lib_init_lc_ctype_1</STRONG> (Thumb, 0 bytes, Stack size unknown bytes, libinit2.o(.ARM.Collect$$libinit$$00000013))

<P><STRONG><a name="[252]"></a>__rt_lib_init_lc_monetary_1</STRONG> (Thumb, 0 bytes, Stack size unknown bytes, libinit2.o(.ARM.Collect$$libinit$$00000015))

<P><STRONG><a name="[253]"></a>__rt_lib_init_lc_numeric_1</STRONG> (Thumb, 0 bytes, Stack size unknown bytes, libinit2.o(.ARM.Collect$$libinit$$00000017))

<P><STRONG><a name="[254]"></a>__rt_lib_init_lc_time_1</STRONG> (Thumb, 0 bytes, Stack size unknown bytes, libinit2.o(.ARM.Collect$$libinit$$00000019))

<P><STRONG><a name="[255]"></a>__rt_lib_init_rand_1</STRONG> (Thumb, 0 bytes, Stack size unknown bytes, libinit2.o(.ARM.Collect$$libinit$$0000000E))

<P><STRONG><a name="[256]"></a>__rt_lib_init_signal_1</STRONG> (Thumb, 0 bytes, Stack size unknown bytes, libinit2.o(.ARM.Collect$$libinit$$0000001D))

<P><STRONG><a name="[257]"></a>__rt_lib_init_stdio_1</STRONG> (Thumb, 0 bytes, Stack size unknown bytes, libinit2.o(.ARM.Collect$$libinit$$00000025))

<P><STRONG><a name="[258]"></a>__rt_lib_init_user_alloc_1</STRONG> (Thumb, 0 bytes, Stack size unknown bytes, libinit2.o(.ARM.Collect$$libinit$$0000000C))

<P><STRONG><a name="[259]"></a>__rt_lib_init_alloca_1</STRONG> (Thumb, 0 bytes, Stack size unknown bytes, libinit2.o(.ARM.Collect$$libinit$$0000002E))

<P><STRONG><a name="[bf]"></a>__rt_lib_init_cpp_2</STRONG> (Thumb, 0 bytes, Stack size unknown bytes, libinit2.o(.ARM.Collect$$libinit$$00000031))
<BR><BR>[Stack]<UL><LI>Max Depth = 16 + Unknown Stack Size
<LI>Call Chain = __rt_lib_init_cpp_2 &rArr; __cpp_initialize__aeabi_
</UL>
<BR>[Calls]<UL><LI><a href="#[b6]">&gt;&gt;</a>&nbsp;&nbsp;&nbsp;__cpp_initialize__aeabi_
</UL>

<P><STRONG><a name="[25a]"></a>__rt_lib_init_exceptions_1</STRONG> (Thumb, 0 bytes, Stack size unknown bytes, libinit2.o(.ARM.Collect$$libinit$$00000030))

<P><STRONG><a name="[25b]"></a>__rt_lib_init_cpp_1</STRONG> (Thumb, 0 bytes, Stack size unknown bytes, libinit2.o(.ARM.Collect$$libinit$$00000032))

<P><STRONG><a name="[25c]"></a>__rt_lib_init_return</STRONG> (Thumb, 0 bytes, Stack size unknown bytes, libinit2.o(.ARM.Collect$$libinit$$00000033))

<P><STRONG><a name="[ca]"></a>__rt_lib_shutdown</STRONG> (Thumb, 0 bytes, Stack size unknown bytes, libshutdown.o(.ARM.Collect$$libshutdown$$00000000))
<BR><BR>[Called By]<UL><LI><a href="#[5d]">&gt;&gt;</a>&nbsp;&nbsp;&nbsp;abort
<LI><a href="#[c9]">&gt;&gt;</a>&nbsp;&nbsp;&nbsp;__rt_exit_ls
</UL>

<P><STRONG><a name="[c0]"></a>__rt_lib_shutdown_cpp_2</STRONG> (Thumb, 0 bytes, Stack size unknown bytes, libshutdown2.o(.ARM.Collect$$libshutdown$$00000001))
<BR><BR>[Stack]<UL><LI>Max Depth = 40 + Unknown Stack Size
<LI>Call Chain = __rt_lib_shutdown_cpp_2 &rArr; __cxa_finalize &rArr; free
</UL>
<BR>[Calls]<UL><LI><a href="#[c1]">&gt;&gt;</a>&nbsp;&nbsp;&nbsp;__cxa_finalize
</UL>

<P><STRONG><a name="[25d]"></a>__rt_lib_shutdown_cpp_1</STRONG> (Thumb, 0 bytes, Stack size unknown bytes, libshutdown2.o(.ARM.Collect$$libshutdown$$00000002))

<P><STRONG><a name="[25e]"></a>__rt_lib_shutdown_fp_trap_1</STRONG> (Thumb, 0 bytes, Stack size unknown bytes, libshutdown2.o(.ARM.Collect$$libshutdown$$00000007))

<P><STRONG><a name="[25f]"></a>__rt_lib_shutdown_heap_1</STRONG> (Thumb, 0 bytes, Stack size unknown bytes, libshutdown2.o(.ARM.Collect$$libshutdown$$0000000F))

<P><STRONG><a name="[260]"></a>__rt_lib_shutdown_return</STRONG> (Thumb, 0 bytes, Stack size unknown bytes, libshutdown2.o(.ARM.Collect$$libshutdown$$00000010))

<P><STRONG><a name="[261]"></a>__rt_lib_shutdown_signal_1</STRONG> (Thumb, 0 bytes, Stack size unknown bytes, libshutdown2.o(.ARM.Collect$$libshutdown$$0000000A))

<P><STRONG><a name="[262]"></a>__rt_lib_shutdown_stdio_1</STRONG> (Thumb, 0 bytes, Stack size unknown bytes, libshutdown2.o(.ARM.Collect$$libshutdown$$00000004))

<P><STRONG><a name="[263]"></a>__rt_lib_shutdown_user_alloc_1</STRONG> (Thumb, 0 bytes, Stack size unknown bytes, libshutdown2.o(.ARM.Collect$$libshutdown$$0000000C))

<P><STRONG><a name="[b8]"></a>__rt_entry</STRONG> (Thumb, 0 bytes, Stack size unknown bytes, __rtentry.o(.ARM.Collect$$rtentry$$00000000))
<BR><BR>[Called By]<UL><LI><a href="#[b5]">&gt;&gt;</a>&nbsp;&nbsp;&nbsp;__main
<LI><a href="#[b9]">&gt;&gt;</a>&nbsp;&nbsp;&nbsp;__scatterload_rt2
</UL>

<P><STRONG><a name="[264]"></a>__rt_entry_presh_1</STRONG> (Thumb, 0 bytes, Stack size unknown bytes, __rtentry2.o(.ARM.Collect$$rtentry$$00000002))

<P><STRONG><a name="[c2]"></a>__rt_entry_sh</STRONG> (Thumb, 0 bytes, Stack size unknown bytes, __rtentry4.o(.ARM.Collect$$rtentry$$00000004))
<BR><BR>[Stack]<UL><LI>Max Depth = 8 + Unknown Stack Size
<LI>Call Chain = __rt_entry_sh &rArr; __user_setup_stackheap
</UL>
<BR>[Calls]<UL><LI><a href="#[c3]">&gt;&gt;</a>&nbsp;&nbsp;&nbsp;__user_setup_stackheap
</UL>

<P><STRONG><a name="[c4]"></a>__rt_entry_li</STRONG> (Thumb, 0 bytes, Stack size unknown bytes, __rtentry2.o(.ARM.Collect$$rtentry$$0000000A))
<BR><BR>[Calls]<UL><LI><a href="#[c5]">&gt;&gt;</a>&nbsp;&nbsp;&nbsp;__rt_lib_init
</UL>

<P><STRONG><a name="[265]"></a>__rt_entry_postsh_1</STRONG> (Thumb, 0 bytes, Stack size unknown bytes, __rtentry2.o(.ARM.Collect$$rtentry$$00000009))

<P><STRONG><a name="[c6]"></a>__rt_entry_main</STRONG> (Thumb, 0 bytes, Stack size unknown bytes, __rtentry2.o(.ARM.Collect$$rtentry$$0000000D))
<BR><BR>[Stack]<UL><LI>Max Depth = 328 + Unknown Stack Size
<LI>Call Chain = __rt_entry_main &rArr; main &rArr; RunTests() &rArr; DS3231::getMonthStr(unsigned char) &rArr; DS3231::getTime() &rArr; DS3231::_burstRead() &rArr; Bsp::I2CDriver::Send(unsigned char, unsigned char*, unsigned) &rArr; Bsp::I2CDriver::Transmit(unsigned char) &rArr; Bsp::I2CDriver::HwWriteDataRegistor(unsigned char) &rArr; I2C_SendData
</UL>
<BR>[Calls]<UL><LI><a href="#[c8]">&gt;&gt;</a>&nbsp;&nbsp;&nbsp;exit
<LI><a href="#[c7]">&gt;&gt;</a>&nbsp;&nbsp;&nbsp;main
</UL>

<P><STRONG><a name="[266]"></a>__rt_entry_postli_1</STRONG> (Thumb, 0 bytes, Stack size unknown bytes, __rtentry2.o(.ARM.Collect$$rtentry$$0000000C))

<P><STRONG><a name="[e7]"></a>__rt_exit</STRONG> (Thumb, 0 bytes, Stack size unknown bytes, rtexit.o(.ARM.Collect$$rtexit$$00000000))
<BR><BR>[Called By]<UL><LI><a href="#[c8]">&gt;&gt;</a>&nbsp;&nbsp;&nbsp;exit
</UL>

<P><STRONG><a name="[c9]"></a>__rt_exit_ls</STRONG> (Thumb, 0 bytes, Stack size unknown bytes, rtexit2.o(.ARM.Collect$$rtexit$$00000003))
<BR><BR>[Calls]<UL><LI><a href="#[ca]">&gt;&gt;</a>&nbsp;&nbsp;&nbsp;__rt_lib_shutdown
</UL>

<P><STRONG><a name="[267]"></a>__rt_exit_prels_1</STRONG> (Thumb, 0 bytes, Stack size unknown bytes, rtexit2.o(.ARM.Collect$$rtexit$$00000002))

<P><STRONG><a name="[cb]"></a>__rt_exit_exit</STRONG> (Thumb, 0 bytes, Stack size unknown bytes, rtexit2.o(.ARM.Collect$$rtexit$$00000004))
<BR><BR>[Calls]<UL><LI><a href="#[cc]">&gt;&gt;</a>&nbsp;&nbsp;&nbsp;_sys_exit
</UL>

<P><STRONG><a name="[be]"></a>__ARM_argv_veneer</STRONG> (Thumb, 4 bytes, Stack size 0 bytes, argv_veneer.o(.emb_text))
<BR><BR>[Stack]<UL><LI>Max Depth = 96<LI>Call Chain = __ARM_argv_veneer &rArr; __ARM_get_argv &rArr; malloc &rArr; __Heap_Full &rArr; __Heap_ProvideMemory &rArr; free
</UL>
<BR>[Calls]<UL><LI><a href="#[cd]">&gt;&gt;</a>&nbsp;&nbsp;&nbsp;__ARM_get_argv
</UL>
<BR>[Called By]<UL><LI><a href="#[bd]">&gt;&gt;</a>&nbsp;&nbsp;&nbsp;__rt_lib_init_argv_1
</UL>

<P><STRONG><a name="[d]"></a>Reset_Handler</STRONG> (Thumb, 8 bytes, Stack size 0 bytes, startup_stm32f10x_md.o(.text))
<BR>[Address Reference Count : 1]<UL><LI> startup_stm32f10x_md.o(RESET)
</UL>
<P><STRONG><a name="[e]"></a>NMI_Handler</STRONG> (Thumb, 2 bytes, Stack size 0 bytes, startup_stm32f10x_md.o(.text))
<BR><BR>[Calls]<UL><LI><a href="#[e]">&gt;&gt;</a>&nbsp;&nbsp;&nbsp;NMI_Handler
</UL>
<BR>[Called By]<UL><LI><a href="#[e]">&gt;&gt;</a>&nbsp;&nbsp;&nbsp;NMI_Handler
</UL>
<BR>[Address Reference Count : 1]<UL><LI> startup_stm32f10x_md.o(RESET)
</UL>
<P><STRONG><a name="[f]"></a>HardFault_Handler</STRONG> (Thumb, 2 bytes, Stack size 0 bytes, startup_stm32f10x_md.o(.text))
<BR><BR>[Calls]<UL><LI><a href="#[f]">&gt;&gt;</a>&nbsp;&nbsp;&nbsp;HardFault_Handler
</UL>
<BR>[Called By]<UL><LI><a href="#[f]">&gt;&gt;</a>&nbsp;&nbsp;&nbsp;HardFault_Handler
</UL>
<BR>[Address Reference Count : 1]<UL><LI> startup_stm32f10x_md.o(RESET)
</UL>
<P><STRONG><a name="[10]"></a>MemManage_Handler</STRONG> (Thumb, 2 bytes, Stack size 0 bytes, startup_stm32f10x_md.o(.text))
<BR><BR>[Calls]<UL><LI><a href="#[10]">&gt;&gt;</a>&nbsp;&nbsp;&nbsp;MemManage_Handler
</UL>
<BR>[Called By]<UL><LI><a href="#[10]">&gt;&gt;</a>&nbsp;&nbsp;&nbsp;MemManage_Handler
</UL>
<BR>[Address Reference Count : 1]<UL><LI> startup_stm32f10x_md.o(RESET)
</UL>
<P><STRONG><a name="[11]"></a>BusFault_Handler</STRONG> (Thumb, 2 bytes, Stack size 0 bytes, startup_stm32f10x_md.o(.text))
<BR><BR>[Calls]<UL><LI><a href="#[11]">&gt;&gt;</a>&nbsp;&nbsp;&nbsp;BusFault_Handler
</UL>
<BR>[Called By]<UL><LI><a href="#[11]">&gt;&gt;</a>&nbsp;&nbsp;&nbsp;BusFault_Handler
</UL>
<BR>[Address Reference Count : 1]<UL><LI> startup_stm32f10x_md.o(RESET)
</UL>
<P><STRONG><a name="[12]"></a>UsageFault_Handler</STRONG> (Thumb, 2 bytes, Stack size 0 bytes, startup_stm32f10x_md.o(.text))
<BR><BR>[Calls]<UL><LI><a href="#[12]">&gt;&gt;</a>&nbsp;&nbsp;&nbsp;UsageFault_Handler
</UL>
<BR>[Called By]<UL><LI><a href="#[12]">&gt;&gt;</a>&nbsp;&nbsp;&nbsp;UsageFault_Handler
</UL>
<BR>[Address Reference Count : 1]<UL><LI> startup_stm32f10x_md.o(RESET)
</UL>
<P><STRONG><a name="[13]"></a>SVC_Handler</STRONG> (Thumb, 2 bytes, Stack size 0 bytes, startup_stm32f10x_md.o(.text))
<BR><BR>[Calls]<UL><LI><a href="#[13]">&gt;&gt;</a>&nbsp;&nbsp;&nbsp;SVC_Handler
</UL>
<BR>[Called By]<UL><LI><a href="#[13]">&gt;&gt;</a>&nbsp;&nbsp;&nbsp;SVC_Handler
</UL>
<BR>[Address Reference Count : 1]<UL><LI> startup_stm32f10x_md.o(RESET)
</UL>
<P><STRONG><a name="[14]"></a>DebugMon_Handler</STRONG> (Thumb, 2 bytes, Stack size 0 bytes, startup_stm32f10x_md.o(.text))
<BR><BR>[Calls]<UL><LI><a href="#[14]">&gt;&gt;</a>&nbsp;&nbsp;&nbsp;DebugMon_Handler
</UL>
<BR>[Called By]<UL><LI><a href="#[14]">&gt;&gt;</a>&nbsp;&nbsp;&nbsp;DebugMon_Handler
</UL>
<BR>[Address Reference Count : 1]<UL><LI> startup_stm32f10x_md.o(RESET)
</UL>
<P><STRONG><a name="[15]"></a>PendSV_Handler</STRONG> (Thumb, 2 bytes, Stack size 0 bytes, startup_stm32f10x_md.o(.text))
<BR><BR>[Calls]<UL><LI><a href="#[15]">&gt;&gt;</a>&nbsp;&nbsp;&nbsp;PendSV_Handler
</UL>
<BR>[Called By]<UL><LI><a href="#[15]">&gt;&gt;</a>&nbsp;&nbsp;&nbsp;PendSV_Handler
</UL>
<BR>[Address Reference Count : 1]<UL><LI> startup_stm32f10x_md.o(RESET)
</UL>
<P><STRONG><a name="[29]"></a>ADC1_2_IRQHandler</STRONG> (Thumb, 0 bytes, Stack size 0 bytes, startup_stm32f10x_md.o(.text))
<BR><BR>[Calls]<UL><LI><a href="#[29]">&gt;&gt;</a>&nbsp;&nbsp;&nbsp;ADC1_2_IRQHandler
</UL>
<BR>[Called By]<UL><LI><a href="#[29]">&gt;&gt;</a>&nbsp;&nbsp;&nbsp;ADC1_2_IRQHandler
</UL>
<BR>[Address Reference Count : 1]<UL><LI> startup_stm32f10x_md.o(RESET)
</UL>
<P><STRONG><a name="[2c]"></a>CAN1_RX1_IRQHandler</STRONG> (Thumb, 0 bytes, Stack size 0 bytes, startup_stm32f10x_md.o(.text))
<BR>[Address Reference Count : 1]<UL><LI> startup_stm32f10x_md.o(RESET)
</UL>
<P><STRONG><a name="[2d]"></a>CAN1_SCE_IRQHandler</STRONG> (Thumb, 0 bytes, Stack size 0 bytes, startup_stm32f10x_md.o(.text))
<BR>[Address Reference Count : 1]<UL><LI> startup_stm32f10x_md.o(RESET)
</UL>
<P><STRONG><a name="[22]"></a>DMA1_Channel1_IRQHandler</STRONG> (Thumb, 0 bytes, Stack size 0 bytes, startup_stm32f10x_md.o(.text))
<BR>[Address Reference Count : 1]<UL><LI> startup_stm32f10x_md.o(RESET)
</UL>
<P><STRONG><a name="[23]"></a>DMA1_Channel2_IRQHandler</STRONG> (Thumb, 0 bytes, Stack size 0 bytes, startup_stm32f10x_md.o(.text))
<BR>[Address Reference Count : 1]<UL><LI> startup_stm32f10x_md.o(RESET)
</UL>
<P><STRONG><a name="[24]"></a>DMA1_Channel3_IRQHandler</STRONG> (Thumb, 0 bytes, Stack size 0 bytes, startup_stm32f10x_md.o(.text))
<BR>[Address Reference Count : 1]<UL><LI> startup_stm32f10x_md.o(RESET)
</UL>
<P><STRONG><a name="[25]"></a>DMA1_Channel4_IRQHandler</STRONG> (Thumb, 0 bytes, Stack size 0 bytes, startup_stm32f10x_md.o(.text))
<BR>[Address Reference Count : 1]<UL><LI> startup_stm32f10x_md.o(RESET)
</UL>
<P><STRONG><a name="[26]"></a>DMA1_Channel5_IRQHandler</STRONG> (Thumb, 0 bytes, Stack size 0 bytes, startup_stm32f10x_md.o(.text))
<BR>[Address Reference Count : 1]<UL><LI> startup_stm32f10x_md.o(RESET)
</UL>
<P><STRONG><a name="[27]"></a>DMA1_Channel6_IRQHandler</STRONG> (Thumb, 0 bytes, Stack size 0 bytes, startup_stm32f10x_md.o(.text))
<BR>[Address Reference Count : 1]<UL><LI> startup_stm32f10x_md.o(RESET)
</UL>
<P><STRONG><a name="[28]"></a>DMA1_Channel7_IRQHandler</STRONG> (Thumb, 0 bytes, Stack size 0 bytes, startup_stm32f10x_md.o(.text))
<BR>[Address Reference Count : 1]<UL><LI> startup_stm32f10x_md.o(RESET)
</UL>
<P><STRONG><a name="[1b]"></a>FLASH_IRQHandler</STRONG> (Thumb, 0 bytes, Stack size 0 bytes, startup_stm32f10x_md.o(.text))
<BR>[Address Reference Count : 1]<UL><LI> startup_stm32f10x_md.o(RESET)
</UL>
<P><STRONG><a name="[37]"></a>I2C1_ER_IRQHandler</STRONG> (Thumb, 0 bytes, Stack size 0 bytes, startup_stm32f10x_md.o(.text))
<BR>[Address Reference Count : 1]<UL><LI> startup_stm32f10x_md.o(RESET)
</UL>
<P><STRONG><a name="[36]"></a>I2C1_EV_IRQHandler</STRONG> (Thumb, 0 bytes, Stack size 0 bytes, startup_stm32f10x_md.o(.text))
<BR>[Address Reference Count : 1]<UL><LI> startup_stm32f10x_md.o(RESET)
</UL>
<P><STRONG><a name="[39]"></a>I2C2_ER_IRQHandler</STRONG> (Thumb, 0 bytes, Stack size 0 bytes, startup_stm32f10x_md.o(.text))
<BR>[Address Reference Count : 1]<UL><LI> startup_stm32f10x_md.o(RESET)
</UL>
<P><STRONG><a name="[38]"></a>I2C2_EV_IRQHandler</STRONG> (Thumb, 0 bytes, Stack size 0 bytes, startup_stm32f10x_md.o(.text))
<BR>[Address Reference Count : 1]<UL><LI> startup_stm32f10x_md.o(RESET)
</UL>
<P><STRONG><a name="[18]"></a>PVD_IRQHandler</STRONG> (Thumb, 0 bytes, Stack size 0 bytes, startup_stm32f10x_md.o(.text))
<BR>[Address Reference Count : 1]<UL><LI> startup_stm32f10x_md.o(RESET)
</UL>
<P><STRONG><a name="[1c]"></a>RCC_IRQHandler</STRONG> (Thumb, 0 bytes, Stack size 0 bytes, startup_stm32f10x_md.o(.text))
<BR>[Address Reference Count : 1]<UL><LI> startup_stm32f10x_md.o(RESET)
</UL>
<P><STRONG><a name="[40]"></a>RTCAlarm_IRQHandler</STRONG> (Thumb, 0 bytes, Stack size 0 bytes, startup_stm32f10x_md.o(.text))
<BR>[Address Reference Count : 1]<UL><LI> startup_stm32f10x_md.o(RESET)
</UL>
<P><STRONG><a name="[1a]"></a>RTC_IRQHandler</STRONG> (Thumb, 0 bytes, Stack size 0 bytes, startup_stm32f10x_md.o(.text))
<BR>[Address Reference Count : 1]<UL><LI> startup_stm32f10x_md.o(RESET)
</UL>
<P><STRONG><a name="[3a]"></a>SPI1_IRQHandler</STRONG> (Thumb, 0 bytes, Stack size 0 bytes, startup_stm32f10x_md.o(.text))
<BR>[Address Reference Count : 1]<UL><LI> startup_stm32f10x_md.o(RESET)
</UL>
<P><STRONG><a name="[3b]"></a>SPI2_IRQHandler</STRONG> (Thumb, 0 bytes, Stack size 0 bytes, startup_stm32f10x_md.o(.text))
<BR>[Address Reference Count : 1]<UL><LI> startup_stm32f10x_md.o(RESET)
</UL>
<P><STRONG><a name="[19]"></a>TAMPER_IRQHandler</STRONG> (Thumb, 0 bytes, Stack size 0 bytes, startup_stm32f10x_md.o(.text))
<BR>[Address Reference Count : 1]<UL><LI> startup_stm32f10x_md.o(RESET)
</UL>
<P><STRONG><a name="[2f]"></a>TIM1_BRK_IRQHandler</STRONG> (Thumb, 0 bytes, Stack size 0 bytes, startup_stm32f10x_md.o(.text))
<BR>[Address Reference Count : 1]<UL><LI> startup_stm32f10x_md.o(RESET)
</UL>
<P><STRONG><a name="[32]"></a>TIM1_CC_IRQHandler</STRONG> (Thumb, 0 bytes, Stack size 0 bytes, startup_stm32f10x_md.o(.text))
<BR>[Address Reference Count : 1]<UL><LI> startup_stm32f10x_md.o(RESET)
</UL>
<P><STRONG><a name="[31]"></a>TIM1_TRG_COM_IRQHandler</STRONG> (Thumb, 0 bytes, Stack size 0 bytes, startup_stm32f10x_md.o(.text))
<BR>[Address Reference Count : 1]<UL><LI> startup_stm32f10x_md.o(RESET)
</UL>
<P><STRONG><a name="[30]"></a>TIM1_UP_IRQHandler</STRONG> (Thumb, 0 bytes, Stack size 0 bytes, startup_stm32f10x_md.o(.text))
<BR>[Address Reference Count : 1]<UL><LI> startup_stm32f10x_md.o(RESET)
</UL>
<P><STRONG><a name="[33]"></a>TIM2_IRQHandler</STRONG> (Thumb, 0 bytes, Stack size 0 bytes, startup_stm32f10x_md.o(.text))
<BR>[Address Reference Count : 1]<UL><LI> startup_stm32f10x_md.o(RESET)
</UL>
<P><STRONG><a name="[34]"></a>TIM3_IRQHandler</STRONG> (Thumb, 0 bytes, Stack size 0 bytes, startup_stm32f10x_md.o(.text))
<BR>[Address Reference Count : 1]<UL><LI> startup_stm32f10x_md.o(RESET)
</UL>
<P><STRONG><a name="[35]"></a>TIM4_IRQHandler</STRONG> (Thumb, 0 bytes, Stack size 0 bytes, startup_stm32f10x_md.o(.text))
<BR>[Address Reference Count : 1]<UL><LI> startup_stm32f10x_md.o(RESET)
</UL>
<P><STRONG><a name="[3c]"></a>USART1_IRQHandler</STRONG> (Thumb, 0 bytes, Stack size 0 bytes, startup_stm32f10x_md.o(.text))
<BR>[Address Reference Count : 1]<UL><LI> startup_stm32f10x_md.o(RESET)
</UL>
<P><STRONG><a name="[3d]"></a>USART2_IRQHandler</STRONG> (Thumb, 0 bytes, Stack size 0 bytes, startup_stm32f10x_md.o(.text))
<BR>[Address Reference Count : 1]<UL><LI> startup_stm32f10x_md.o(RESET)
</UL>
<P><STRONG><a name="[3e]"></a>USART3_IRQHandler</STRONG> (Thumb, 0 bytes, Stack size 0 bytes, startup_stm32f10x_md.o(.text))
<BR>[Address Reference Count : 1]<UL><LI> startup_stm32f10x_md.o(RESET)
</UL>
<P><STRONG><a name="[41]"></a>USBWakeUp_IRQHandler</STRONG> (Thumb, 0 bytes, Stack size 0 bytes, startup_stm32f10x_md.o(.text))
<BR>[Address Reference Count : 1]<UL><LI> startup_stm32f10x_md.o(RESET)
</UL>
<P><STRONG><a name="[2a]"></a>USB_HP_CAN1_TX_IRQHandler</STRONG> (Thumb, 0 bytes, Stack size 0 bytes, startup_stm32f10x_md.o(.text))
<BR>[Address Reference Count : 1]<UL><LI> startup_stm32f10x_md.o(RESET)
</UL>
<P><STRONG><a name="[2b]"></a>USB_LP_CAN1_RX0_IRQHandler</STRONG> (Thumb, 0 bytes, Stack size 0 bytes, startup_stm32f10x_md.o(.text))
<BR>[Address Reference Count : 1]<UL><LI> startup_stm32f10x_md.o(RESET)
</UL>
<P><STRONG><a name="[17]"></a>WWDG_IRQHandler</STRONG> (Thumb, 0 bytes, Stack size 0 bytes, startup_stm32f10x_md.o(.text))
<BR>[Address Reference Count : 1]<UL><LI> startup_stm32f10x_md.o(RESET)
</UL>
<P><STRONG><a name="[e4]"></a>__user_initial_stackheap</STRONG> (Thumb, 0 bytes, Stack size unknown bytes, startup_stm32f10x_md.o(.text))
<BR><BR>[Called By]<UL><LI><a href="#[c3]">&gt;&gt;</a>&nbsp;&nbsp;&nbsp;__user_setup_stackheap
</UL>

<P><STRONG><a name="[ce]"></a>__cxa_atexit</STRONG> (Thumb, 10 bytes, Stack size 0 bytes, cxa_atexit.o(.text))
<BR><BR>[Stack]<UL><LI>Max Depth = 72<LI>Call Chain = __cxa_atexit &rArr; __aeabi_atexit &rArr; malloc &rArr; __Heap_Full &rArr; __Heap_ProvideMemory &rArr; free
</UL>
<BR>[Calls]<UL><LI><a href="#[cf]">&gt;&gt;</a>&nbsp;&nbsp;&nbsp;__aeabi_atexit
</UL>
<BR>[Called By]<UL><LI><a href="#[8d]">&gt;&gt;</a>&nbsp;&nbsp;&nbsp;Bsp::SpiDriver::HwInit()
<LI><a href="#[192]">&gt;&gt;</a>&nbsp;&nbsp;&nbsp;Bsp::InterruptManager::GetInstance()
<LI><a href="#[126]">&gt;&gt;</a>&nbsp;&nbsp;&nbsp;Create_Alarm_Clock()
<LI><a href="#[10c]">&gt;&gt;</a>&nbsp;&nbsp;&nbsp;__cxx_global_var_init.9
<LI><a href="#[10b]">&gt;&gt;</a>&nbsp;&nbsp;&nbsp;__cxx_global_var_init.8
<LI><a href="#[10a]">&gt;&gt;</a>&nbsp;&nbsp;&nbsp;__cxx_global_var_init.7
<LI><a href="#[109]">&gt;&gt;</a>&nbsp;&nbsp;&nbsp;__cxx_global_var_init.6
<LI><a href="#[108]">&gt;&gt;</a>&nbsp;&nbsp;&nbsp;__cxx_global_var_init.5
<LI><a href="#[107]">&gt;&gt;</a>&nbsp;&nbsp;&nbsp;__cxx_global_var_init.4
<LI><a href="#[106]">&gt;&gt;</a>&nbsp;&nbsp;&nbsp;__cxx_global_var_init.3
<LI><a href="#[105]">&gt;&gt;</a>&nbsp;&nbsp;&nbsp;__cxx_global_var_init.2
<LI><a href="#[112]">&gt;&gt;</a>&nbsp;&nbsp;&nbsp;__cxx_global_var_init.15
<LI><a href="#[110]">&gt;&gt;</a>&nbsp;&nbsp;&nbsp;__cxx_global_var_init.13
<LI><a href="#[10f]">&gt;&gt;</a>&nbsp;&nbsp;&nbsp;__cxx_global_var_init.12
<LI><a href="#[10e]">&gt;&gt;</a>&nbsp;&nbsp;&nbsp;__cxx_global_var_init.11
<LI><a href="#[10d]">&gt;&gt;</a>&nbsp;&nbsp;&nbsp;__cxx_global_var_init.10
<LI><a href="#[104]">&gt;&gt;</a>&nbsp;&nbsp;&nbsp;__cxx_global_var_init.1
<LI><a href="#[103]">&gt;&gt;</a>&nbsp;&nbsp;&nbsp;__cxx_global_var_init
</UL>

<P><STRONG><a name="[268]"></a>__use_two_region_memory</STRONG> (Thumb, 2 bytes, Stack size 0 bytes, heapauxi.o(.text), UNUSED)

<P><STRONG><a name="[3]"></a>__rt_heap_escrow</STRONG> (Thumb, 2 bytes, Stack size 0 bytes, heapauxi.o(.text), UNUSED)

<P><STRONG><a name="[2]"></a>__rt_heap_expand</STRONG> (Thumb, 2 bytes, Stack size 0 bytes, heapauxi.o(.text), UNUSED)

<P><STRONG><a name="[269]"></a>__I$use$semihosting</STRONG> (Thumb, 0 bytes, Stack size 0 bytes, use_no_semi.o(.text), UNUSED)

<P><STRONG><a name="[26a]"></a>__use_no_semihosting_swi</STRONG> (Thumb, 2 bytes, Stack size 0 bytes, use_no_semi.o(.text), UNUSED)

<P><STRONG><a name="[26b]"></a>__semihosting_library_function</STRONG> (Thumb, 0 bytes, Stack size 16 bytes, indicate_semi.o(.text), UNUSED)

<P><STRONG><a name="[d0]"></a>malloc</STRONG> (Thumb, 94 bytes, Stack size 16 bytes, h1_alloc.o(.text))
<BR><BR>[Stack]<UL><LI>Max Depth = 48<LI>Call Chain = malloc &rArr; __Heap_Full &rArr; __Heap_ProvideMemory &rArr; free
</UL>
<BR>[Calls]<UL><LI><a href="#[d2]">&gt;&gt;</a>&nbsp;&nbsp;&nbsp;__Heap_Full
<LI><a href="#[d1]">&gt;&gt;</a>&nbsp;&nbsp;&nbsp;__rt_heap_descriptor
</UL>
<BR>[Called By]<UL><LI><a href="#[1fd]">&gt;&gt;</a>&nbsp;&nbsp;&nbsp;operator new(unsigned)
<LI><a href="#[cd]">&gt;&gt;</a>&nbsp;&nbsp;&nbsp;__ARM_get_argv
<LI><a href="#[cf]">&gt;&gt;</a>&nbsp;&nbsp;&nbsp;__aeabi_atexit
<LI><a href="#[e5]">&gt;&gt;</a>&nbsp;&nbsp;&nbsp;calloc
</UL>

<P><STRONG><a name="[d3]"></a>free</STRONG> (Thumb, 78 bytes, Stack size 16 bytes, h1_free.o(.text))
<BR><BR>[Stack]<UL><LI>Max Depth = 16<LI>Call Chain = free
</UL>
<BR>[Calls]<UL><LI><a href="#[d1]">&gt;&gt;</a>&nbsp;&nbsp;&nbsp;__rt_heap_descriptor
</UL>
[...]
<BR><BR>[Stack]<UL><LI>Max Depth = 8<LI>Call Chain = DS3231::_decodeY(unsigned char)
</UL>
<BR>[Called By]<UL><LI><a href="#[155]">&gt;&gt;</a>&nbsp;&nbsp;&nbsp;DS3231::getTime()
</UL>

<P><STRONG><a name="[13a]"></a>DS3231::getDOWStr(unsigned char)</STRONG> (Thumb, 186 bytes, Stack size 112 bytes, lto-llvm-a2c1e4.o(.text))
<BR><BR>[Stack]<UL><LI>Max Depth = 232<LI>Call Chain = DS3231::getDOWStr(unsigned char) &rArr; DS3231::getTime() &rArr; DS3231::_burstRead() &rArr; Bsp::I2CDriver::Send(unsigned char, unsigned char*, unsigned) &rArr; Bsp::I2CDriver::Transmit(unsigned char) &rArr; Bsp::I2CDriver::HwWriteDataRegistor(unsigned char) &rArr; I2C_SendData
</UL>
<BR>[Calls]<UL><LI><a href="#[156]">&gt;&gt;</a>&nbsp;&nbsp;&nbsp;DateNTime::DateNTime__sub_object()
<LI><a href="#[155]">&gt;&gt;</a>&nbsp;&nbsp;&nbsp;DS3231::getTime()
</UL>
<BR>[Called By]<UL><LI><a href="#[f0]">&gt;&gt;</a>&nbsp;&nbsp;&nbsp;RunTests()
</UL>

<P><STRONG><a name="[11f]"></a>DS3231::DS3231__sub_object(Bsp::I2CDriver*, unsigned char)</STRONG> (Thumb, 26 bytes, Stack size 12 bytes, lto-llvm-a2c1e4.o(.text))
<BR><BR>[Stack]<UL><LI>Max Depth = 12<LI>Call Chain = DS3231::DS3231__sub_object(Bsp::I2CDriver*, unsigned char)
</UL>
<BR>[Called By]<UL><LI><a href="#[111]">&gt;&gt;</a>&nbsp;&nbsp;&nbsp;__cxx_global_var_init.14
</UL>

<P><STRONG><a name="[142]"></a>Utility::HwStopWatch::GetTimeStr(char*)</STRONG> (Thumb, 76 bytes, Stack size 24 bytes, lto-llvm-a2c1e4.o(.text))
<BR><BR>[Stack]<UL><LI>Max Depth = 68<LI>Call Chain = Utility::HwStopWatch::GetTimeStr(char*) &rArr; intToStr(int, char*, int) &rArr; reverse(char*, int)
</UL>
<BR>[Calls]<UL><LI><a href="#[147]">&gt;&gt;</a>&nbsp;&nbsp;&nbsp;intToStr(int, char*, int)
</UL>
<BR>[Called By]<UL><LI><a href="#[f0]">&gt;&gt;</a>&nbsp;&nbsp;&nbsp;RunTests()
</UL>

<P><STRONG><a name="[172]"></a>Utility::HwStopWatch::_GetSeconds()</STRONG> (Thumb, 18 bytes, Stack size 16 bytes, lto-llvm-a2c1e4.o(.text))
<BR><BR>[Stack]<UL><LI>Max Depth = 160<LI>Call Chain = Utility::HwStopWatch::_GetSeconds() &rArr; DS3231::getSec() &rArr; DS3231::getTime() &rArr; DS3231::_burstRead() &rArr; Bsp::I2CDriver::Send(unsigned char, unsigned char*, unsigned) &rArr; Bsp::I2CDriver::Transmit(unsigned char) &rArr; Bsp::I2CDriver::HwWriteDataRegistor(unsigned char) &rArr; I2C_SendData
</UL>
<BR>[Calls]<UL><LI><a href="#[154]">&gt;&gt;</a>&nbsp;&nbsp;&nbsp;DS3231::getSec()
</UL>
<BR>[Called By]<UL><LI><a href="#[141]">&gt;&gt;</a>&nbsp;&nbsp;&nbsp;Utility::HwStopWatch::Run()
</UL>

<P><STRONG><a name="[141]"></a>Utility::HwStopWatch::Run()</STRONG> (Thumb, 180 bytes, Stack size 32 bytes, lto-llvm-a2c1e4.o(.text))
<BR><BR>[Stack]<UL><LI>Max Depth = 192 + Unknown Stack Size
<LI>Call Chain = Utility::HwStopWatch::Run() &rArr; Utility::HwStopWatch::_GetSeconds() &rArr; DS3231::getSec() &rArr; DS3231::getTime() &rArr; DS3231::_burstRead() &rArr; Bsp::I2CDriver::Send(unsigned char, unsigned char*, unsigned) &rArr; Bsp::I2CDriver::Transmit(unsigned char) &rArr; Bsp::I2CDriver::HwWriteDataRegistor(unsigned char) &rArr; I2C_SendData
</UL>
<BR>[Calls]<UL><LI><a href="#[128]">&gt;&gt;</a>&nbsp;&nbsp;&nbsp;_Unwind_Resume
<LI><a href="#[12d]">&gt;&gt;</a>&nbsp;&nbsp;&nbsp;__cxa_guard_acquire
<LI><a href="#[173]">&gt;&gt;</a>&nbsp;&nbsp;&nbsp;Utility::HwStopWatch::AddSec(unsigned char)
<LI><a href="#[172]">&gt;&gt;</a>&nbsp;&nbsp;&nbsp;Utility::HwStopWatch::_GetSeconds()
</UL>
<BR>[Called By]<UL><LI><a href="#[f0]">&gt;&gt;</a>&nbsp;&nbsp;&nbsp;RunTests()
</UL>

<P><STRONG><a name="[173]"></a>Utility::HwStopWatch::AddSec(unsigned char)</STRONG> (Thumb, 70 bytes, Stack size 8 bytes, lto-llvm-a2c1e4.o(.text))
<BR><BR>[Stack]<UL><LI>Max Depth = 8<LI>Call Chain = Utility::HwStopWatch::AddSec(unsigned char)
</UL>
<BR>[Called By]<UL><LI><a href="#[141]">&gt;&gt;</a>&nbsp;&nbsp;&nbsp;Utility::HwStopWatch::Run()
</UL>

<P><STRONG><a name="[120]"></a>Utility::HwStopWatch::HwStopWatch__sub_object(DS3231*)</STRONG> (Thumb, 36 bytes, Stack size 8 bytes, lto-llvm-a2c1e4.o(.text))
<BR><BR>[Stack]<UL><LI>Max Depth = 8<LI>Call Chain = Utility::HwStopWatch::HwStopWatch__sub_object(DS3231*)
</UL>
<BR>[Called By]<UL><LI><a href="#[112]">&gt;&gt;</a>&nbsp;&nbsp;&nbsp;__cxx_global_var_init.15
</UL>

<P><STRONG><a name="[50]"></a>Utility::HwStopWatch::~HwStopWatch__sub_object()</STRONG> (Thumb, 10 bytes, Stack size 4 bytes, lto-llvm-a2c1e4.o(.text))
<BR><BR>[Stack]<UL><LI>Max Depth = 4<LI>Call Chain = Utility::HwStopWatch::~HwStopWatch__sub_object()
</UL>
<BR>[Address Reference Count : 1]<UL><LI> lto-llvm-a2c1e4.o(.text)
</UL>
<P><STRONG><a name="[1b3]"></a>Utility::Time::GetRawMilliSecTicks()</STRONG> (Thumb, 14 bytes, Stack size 16 bytes, lto-llvm-a2c1e4.o(.text))
<BR><BR>[Stack]<UL><LI>Max Depth = 16<LI>Call Chain = Utility::Time::GetRawMilliSecTicks()
</UL>
<BR>[Calls]<UL><LI><a href="#[16e]">&gt;&gt;</a>&nbsp;&nbsp;&nbsp;Bsp::SysTickTimer::GetTicks()
</UL>
<BR>[Called By]<UL><LI><a href="#[11e]">&gt;&gt;</a>&nbsp;&nbsp;&nbsp;Utility::Time::Time__sub_object(unsigned char, unsigned char, unsigned char, unsigned)
<LI><a href="#[140]">&gt;&gt;</a>&nbsp;&nbsp;&nbsp;Utility::Time::Run()
</UL>

<P><STRONG><a name="[1b4]"></a>Utility::Time::GetRawMiliSecTicksSince(unsigned)</STRONG> (Thumb, 18 bytes, Stack size 16 bytes, lto-llvm-a2c1e4.o(.text))
<BR><BR>[Stack]<UL><LI>Max Depth = 32<LI>Call Chain = Utility::Time::GetRawMiliSecTicksSince(unsigned) &rArr; Bsp::SysTickTimer::GetTicksSince(unsigned)
</UL>
<BR>[Calls]<UL><LI><a href="#[16d]">&gt;&gt;</a>&nbsp;&nbsp;&nbsp;Bsp::SysTickTimer::GetTicksSince(unsigned)
</UL>
<BR>[Called By]<UL><LI><a href="#[140]">&gt;&gt;</a>&nbsp;&nbsp;&nbsp;Utility::Time::Run()
</UL>

<P><STRONG><a name="[140]"></a>Utility::Time::Run()</STRONG> (Thumb, 154 bytes, Stack size 32 bytes, lto-llvm-a2c1e4.o(.text))
<BR><BR>[Stack]<UL><LI>Max Depth = 64 + Unknown Stack Size
<LI>Call Chain = Utility::Time::Run() &rArr; Utility::Time::GetRawMiliSecTicksSince(unsigned) &rArr; Bsp::SysTickTimer::GetTicksSince(unsigned)
</UL>
<BR>[Calls]<UL><LI><a href="#[12d]">&gt;&gt;</a>&nbsp;&nbsp;&nbsp;__cxa_guard_acquire
<LI><a href="#[1b5]">&gt;&gt;</a>&nbsp;&nbsp;&nbsp;Utility::Time::AddMillis(unsigned)
<LI><a href="#[1b4]">&gt;&gt;</a>&nbsp;&nbsp;&nbsp;Utility::Time::GetRawMiliSecTicksSince(unsigned)
<LI><a href="#[1b3]">&gt;&gt;</a>&nbsp;&nbsp;&nbsp;Utility::Time::GetRawMilliSecTicks()
</UL>
<BR>[Called By]<UL><LI><a href="#[f0]">&gt;&gt;</a>&nbsp;&nbsp;&nbsp;RunTests()
</UL>

<P><STRONG><a name="[1b5]"></a>Utility::Time::AddMillis(unsigned)</STRONG> (Thumb, 90 bytes, Stack size 8 bytes, lto-llvm-a2c1e4.o(.text))
<BR><BR>[Stack]<UL><LI>Max Depth = 8<LI>Call Chain = Utility::Time::AddMillis(unsigned)
</UL>
<BR>[Called By]<UL><LI><a href="#[140]">&gt;&gt;</a>&nbsp;&nbsp;&nbsp;Utility::Time::Run()
</UL>

<P><STRONG><a name="[11e]"></a>Utility::Time::Time__sub_object(unsigned char, unsigned char, unsigned char, unsigned)</STRONG> (Thumb, 150 bytes, Stack size 24 bytes, lto-llvm-a2c1e4.o(.text))
<BR><BR>[Stack]<UL><LI>Max Depth = 40<LI>Call Chain = Utility::Time::Time__sub_object(unsigned char, unsigned char, unsigned char, unsigned) &rArr; Utility::Time::GetRawMilliSecTicks()
</UL>
<BR>[Calls]<UL><LI><a href="#[1b3]">&gt;&gt;</a>&nbsp;&nbsp;&nbsp;Utility::Time::GetRawMilliSecTicks()
</UL>
<BR>[Called By]<UL><LI><a href="#[126]">&gt;&gt;</a>&nbsp;&nbsp;&nbsp;Create_Alarm_Clock()
<LI><a href="#[110]">&gt;&gt;</a>&nbsp;&nbsp;&nbsp;__cxx_global_var_init.13
</UL>

<P><STRONG><a name="[4f]"></a>Utility::Time::~Time__sub_object()</STRONG> (Thumb, 10 bytes, Stack size 4 bytes, lto-llvm-a2c1e4.o(.text))
<BR><BR>[Stack]<UL><LI>Max Depth = 4<LI>Call Chain = Utility::Time::~Time__sub_object()
</UL>
<BR>[Address Reference Count : 1]<UL><LI> lto-llvm-a2c1e4.o(.text)
</UL>
<P><STRONG><a name="[156]"></a>DateNTime::DateNTime__sub_object()</STRONG> (Thumb, 36 bytes, Stack size 4 bytes, lto-llvm-a2c1e4.o(.text))
<BR><BR>[Stack]<UL><LI>Max Depth = 4<LI>Call Chain = DateNTime::DateNTime__sub_object()
</UL>
<BR>[Called By]<UL><LI><a href="#[13c]">&gt;&gt;</a>&nbsp;&nbsp;&nbsp;DS3231::getMonthStr(unsigned char)
<LI><a href="#[13f]">&gt;&gt;</a>&nbsp;&nbsp;&nbsp;DS3231::getTimeStr(unsigned char)
<LI><a href="#[13b]">&gt;&gt;</a>&nbsp;&nbsp;&nbsp;DS3231::getDateStr(unsigned char, unsigned char, char)
<LI><a href="#[13a]">&gt;&gt;</a>&nbsp;&nbsp;&nbsp;DS3231::getDOWStr(unsigned char)
<LI><a href="#[155]">&gt;&gt;</a>&nbsp;&nbsp;&nbsp;DS3231::getTime()
</UL>

<P><STRONG><a name="[134]"></a>Bsp::ControlScreen::GetActiveLine() const</STRONG> (Thumb, 22 bytes, Stack size 4 bytes, lto-llvm-a2c1e4.o(.text))
<BR><BR>[Stack]<UL><LI>Max Depth = 4<LI>Call Chain = Bsp::ControlScreen::GetActiveLine() const
</UL>
<BR>[Called By]<UL><LI><a href="#[57]">&gt;&gt;</a>&nbsp;&nbsp;&nbsp;LongTouchBackLightHandler()
</UL>

<P><STRONG><a name="[103]"></a>__cxx_global_var_init</STRONG> (Thumb, 50 bytes, Stack size 8 bytes, lto-llvm-a2c1e4.o(.text))
<BR><BR>[Stack]<UL><LI>Max Depth = 80<LI>Call Chain = __cxx_global_var_init &rArr; __cxa_atexit &rArr; __aeabi_atexit &rArr; malloc &rArr; __Heap_Full &rArr; __Heap_ProvideMemory &rArr; free
</UL>
<BR>[Calls]<UL><LI><a href="#[ce]">&gt;&gt;</a>&nbsp;&nbsp;&nbsp;__cxa_atexit
<LI><a href="#[113]">&gt;&gt;</a>&nbsp;&nbsp;&nbsp;Bsp::GpioInput::GpioInput__sub_object(GPIO_TypeDef*, unsigned short)
</UL>
<BR>[Called By]<UL><LI><a href="#[b4]">&gt;&gt;</a>&nbsp;&nbsp;&nbsp;_GLOBAL__sub_I_Test.cpp
</UL>

<P><STRONG><a name="[104]"></a>__cxx_global_var_init.1</STRONG> (Thumb, 52 bytes, Stack size 8 bytes, lto-llvm-a2c1e4.o(.text))
<BR><BR>[Stack]<UL><LI>Max Depth = 100 + Unknown Stack Size
<LI>Call Chain = __cxx_global_var_init.1 &rArr; Led::Led__sub_object(GPIO_TypeDef*, unsigned short) &rArr; Bsp::GpioOutput::GpioOutput__sub_object(GPIO_TypeDef*, unsigned short) &rArr; Bsp::Gpio::Gpio__sub_object() &rArr; Bsp::Peripheral::Peripheral__sub_object() &rArr; Bsp::PeripheralBase::PeripheralBase__sub_object()
</UL>
<BR>[Calls]<UL><LI><a href="#[ce]">&gt;&gt;</a>&nbsp;&nbsp;&nbsp;__cxa_atexit
<LI><a href="#[114]">&gt;&gt;</a>&nbsp;&nbsp;&nbsp;Led::Led__sub_object(GPIO_TypeDef*, unsigned short)
</UL>
<BR>[Called By]<UL><LI><a href="#[b4]">&gt;&gt;</a>&nbsp;&nbsp;&nbsp;_GLOBAL__sub_I_Test.cpp
</UL>

<P><STRONG><a name="[10d]"></a>__cxx_global_var_init.10</STRONG> (Thumb, 48 bytes, Stack size 8 bytes, lto-llvm-a2c1e4.o(.text))
<BR><BR>[Stack]<UL><LI>Max Depth = 80<LI>Call Chain = __cxx_global_var_init.10 &rArr; __cxa_atexit &rArr; __aeabi_atexit &rArr; malloc &rArr; __Heap_Full &rArr; __Heap_ProvideMemory &rArr; free
</UL>
<BR>[Calls]<UL><LI><a href="#[ce]">&gt;&gt;</a>&nbsp;&nbsp;&nbsp;__cxa_atexit
<LI><a href="#[11b]">&gt;&gt;</a>&nbsp;&nbsp;&nbsp;App::UI::UI__sub_object(App::Nokia5110LCD*)
</UL>
<BR>[Called By]<UL><LI><a href="#[b4]">&gt;&gt;</a>&nbsp;&nbsp;&nbsp;_GLOBAL__sub_I_Test.cpp
</UL>

<P><STRONG><a name="[10e]"></a>__cxx_global_var_init.11</STRONG> (Thumb, 40 bytes, Stack size 8 bytes, lto-llvm-a2c1e4.o(.text))
<BR><BR>[Stack]<UL><LI>Max Depth = 80 + Unknown Stack Size
<LI>Call Chain = __cxx_global_var_init.11 &rArr; __cxa_atexit &rArr; __aeabi_atexit &rArr; malloc &rArr; __Heap_Full &rArr; __Heap_ProvideMemory &rArr; free
</UL>
<BR>[Calls]<UL><LI><a href="#[ce]">&gt;&gt;</a>&nbsp;&nbsp;&nbsp;__cxa_atexit
<LI><a href="#[11c]">&gt;&gt;</a>&nbsp;&nbsp;&nbsp;Bsp::ControlScreen::ControlScreen__sub_object()
</UL>
<BR>[Called By]<UL><LI><a href="#[b4]">&gt;&gt;</a>&nbsp;&nbsp;&nbsp;_GLOBAL__sub_I_Test.cpp
</UL>

<P><STRONG><a name="[10f]"></a>__cxx_global_var_init.12</STRONG> (Thumb, 40 bytes, Stack size 8 bytes, lto-llvm-a2c1e4.o(.text))
<BR><BR>[Stack]<UL><LI>Max Depth = 80 + Unknown Stack Size
<LI>Call Chain = __cxx_global_var_init.12 &rArr; __cxa_atexit &rArr; __aeabi_atexit &rArr; malloc &rArr; __Heap_Full &rArr; __Heap_ProvideMemory &rArr; free
</UL>
<BR>[Calls]<UL><LI><a href="#[ce]">&gt;&gt;</a>&nbsp;&nbsp;&nbsp;__cxa_atexit
<LI><a href="#[11d]">&gt;&gt;</a>&nbsp;&nbsp;&nbsp;Bsp::Screen::Screen__sub_object()
</UL>
<BR>[Called By]<UL><LI><a href="#[b4]">&gt;&gt;</a>&nbsp;&nbsp;&nbsp;_GLOBAL__sub_I_Test.cpp
</UL>

<P><STRONG><a name="[110]"></a>__cxx_global_var_init.13</STRONG> (Thumb, 56 bytes, Stack size 16 bytes, lto-llvm-a2c1e4.o(.text))
<BR><BR>[Stack]<UL><LI>Max Depth = 88<LI>Call Chain = __cxx_global_var_init.13 &rArr; __cxa_atexit &rArr; __aeabi_atexit &rArr; malloc &rArr; __Heap_Full &rArr; __Heap_ProvideMemory &rArr; free
</UL>
<BR>[Calls]<UL><LI><a href="#[ce]">&gt;&gt;</a>&nbsp;&nbsp;&nbsp;__cxa_atexit
<LI><a href="#[11e]">&gt;&gt;</a>&nbsp;&nbsp;&nbsp;Utility::Time::Time__sub_object(unsigned char, unsigned char, unsigned char, unsigned)
</UL>
<BR>[Called By]<UL><LI><a href="#[b4]">&gt;&gt;</a>&nbsp;&nbsp;&nbsp;_GLOBAL__sub_I_Test.cpp
</UL>

<P><STRONG><a name="[111]"></a>__cxx_global_var_init.14</STRONG> (Thumb, 26 bytes, Stack size 8 bytes, lto-llvm-a2c1e4.o(.text))
<BR><BR>[Stack]<UL><LI>Max Depth = 20<LI>Call Chain = __cxx_global_var_init.14 &rArr; DS3231::DS3231__sub_object(Bsp::I2CDriver*, unsigned char)
</UL>
<BR>[Calls]<UL><LI><a href="#[11f]">&gt;&gt;</a>&nbsp;&nbsp;&nbsp;DS3231::DS3231__sub_object(Bsp::I2CDriver*, unsigned char)
</UL>
<BR>[Called By]<UL><LI><a href="#[b4]">&gt;&gt;</a>&nbsp;&nbsp;&nbsp;_GLOBAL__sub_I_Test.cpp
</UL>

<P><STRONG><a name="[112]"></a>__cxx_global_var_init.15</STRONG> (Thumb, 36 bytes, Stack size 8 bytes, lto-llvm-a2c1e4.o(.text))
<BR><BR>[Stack]<UL><LI>Max Depth = 80<LI>Call Chain = __cxx_global_var_init.15 &rArr; __cxa_atexit &rArr; __aeabi_atexit &rArr; malloc &rArr; __Heap_Full &rArr; __Heap_ProvideMemory &rArr; free
</UL>
<BR>[Calls]<UL><LI><a href="#[ce]">&gt;&gt;</a>&nbsp;&nbsp;&nbsp;__cxa_atexit
<LI><a href="#[120]">&gt;&gt;</a>&nbsp;&nbsp;&nbsp;Utility::HwStopWatch::HwStopWatch__sub_object(DS3231*)
</UL>
<BR>[Called By]<UL><LI><a href="#[b4]">&gt;&gt;</a>&nbsp;&nbsp;&nbsp;_GLOBAL__sub_I_Test.cpp
</UL>

<P><STRONG><a name="[105]"></a>__cxx_global_var_init.2</STRONG> (Thumb, 60 bytes, Stack size 16 bytes, lto-llvm-a2c1e4.o(.text))
<BR><BR>[Stack]<UL><LI>Max Depth = 108<LI>Call Chain = __cxx_global_var_init.2 &rArr; Bsp::HwButtonIntr::HwButtonIntr__sub_object(GPIO_TypeDef*, unsigned short, Bsp::Gpio::IntOnWhichEdge, Bsp::Gpio::EXTIMode) &rArr; Bsp::GpioInput::GpioInput__sub_object(GPIO_TypeDef*, unsigned short, void(*)(), Bsp::Gpio::IntOnWhichEdge, Bsp::Gpio::EXTIMode) &rArr; Bsp::Gpio::Gpio__sub_object() &rArr; Bsp::Peripheral::Peripheral__sub_object() &rArr; Bsp::PeripheralBase::PeripheralBase__sub_object()
</UL>
<BR>[Calls]<UL><LI><a href="#[ce]">&gt;&gt;</a>&nbsp;&nbsp;&nbsp;__cxa_atexit
<LI><a href="#[115]">&gt;&gt;</a>&nbsp;&nbsp;&nbsp;Bsp::HwButtonIntr::HwButtonIntr__sub_object(GPIO_TypeDef*, unsigned short, Bsp::Gpio::IntOnWhichEdge, Bsp::Gpio::EXTIMode)
</UL>
<BR>[Called By]<UL><LI><a href="#[b4]">&gt;&gt;</a>&nbsp;&nbsp;&nbsp;_GLOBAL__sub_I_Test.cpp
</UL>

<P><STRONG><a name="[106]"></a>__cxx_global_var_init.3</STRONG> (Thumb, 60 bytes, Stack size 16 bytes, lto-llvm-a2c1e4.o(.text))
<BR><BR>[Stack]<UL><LI>Max Depth = 88<LI>Call Chain = __cxx_global_var_init.3 &rArr; __cxa_atexit &rArr; __aeabi_atexit &rArr; malloc &rArr; __Heap_Full &rArr; __Heap_ProvideMemory &rArr; free
</UL>
<BR>[Calls]<UL><LI><a href="#[ce]">&gt;&gt;</a>&nbsp;&nbsp;&nbsp;__cxa_atexit
<LI><a href="#[116]">&gt;&gt;</a>&nbsp;&nbsp;&nbsp;Bsp::I2CDriver::I2CDriver__sub_object(Bsp::I2CDriver::I2CInstance_t, void(*)(), Bsp::I2CDriver::I2CMode_t, Bsp::I2CDriver::I2CBaudRate_t)
</UL>
<BR>[Called By]<UL><LI><a href="#[b4]">&gt;&gt;</a>&nbsp;&nbsp;&nbsp;_GLOBAL__sub_I_Test.cpp
</UL>

<P><STRONG><a name="[107]"></a>__cxx_global_var_init.4</STRONG> (Thumb, 50 bytes, Stack size 8 bytes, lto-llvm-a2c1e4.o(.text))
<BR><BR>[Stack]<UL><LI>Max Depth = 80<LI>Call Chain = __cxx_global_var_init.4 &rArr; __cxa_atexit &rArr; __aeabi_atexit &rArr; malloc &rArr; __Heap_Full &rArr; __Heap_ProvideMemory &rArr; free
</UL>
<BR>[Calls]<UL><LI><a href="#[ce]">&gt;&gt;</a>&nbsp;&nbsp;&nbsp;__cxa_atexit
<LI><a href="#[117]">&gt;&gt;</a>&nbsp;&nbsp;&nbsp;Bsp::INA219::INA219__sub_object(Bsp::I2CDriver*, unsigned char)
</UL>
<BR>[Called By]<UL><LI><a href="#[b4]">&gt;&gt;</a>&nbsp;&nbsp;&nbsp;_GLOBAL__sub_I_Test.cpp
</UL>

<P><STRONG><a name="[108]"></a>__cxx_global_var_init.5</STRONG> (Thumb, 54 bytes, Stack size 16 bytes, lto-llvm-a2c1e4.o(.text))
<BR><BR>[Stack]<UL><LI>Max Depth = 88<LI>Call Chain = __cxx_global_var_init.5 &rArr; __cxa_atexit &rArr; __aeabi_atexit &rArr; malloc &rArr; __Heap_Full &rArr; __Heap_ProvideMemory &rArr; free
</UL>
<BR>[Calls]<UL><LI><a href="#[ce]">&gt;&gt;</a>&nbsp;&nbsp;&nbsp;__cxa_atexit
<LI><a href="#[118]">&gt;&gt;</a>&nbsp;&nbsp;&nbsp;Bsp::SpiDriver::SpiDriver__sub_object(Bsp::SpiDriver::SpiInstance_t, void(*)(), Bsp::SpiDriver::SpiMode_t, Bsp::SpiDriver::SpiBaudRate_t)
</UL>
<BR>[Called By]<UL><LI><a href="#[b4]">&gt;&gt;</a>&nbsp;&nbsp;&nbsp;_GLOBAL__sub_I_Test.cpp
</UL>

<P><STRONG><a name="[109]"></a>__cxx_global_var_init.6</STRONG> (Thumb, 50 bytes, Stack size 8 bytes, lto-llvm-a2c1e4.o(.text))
<BR><BR>[Stack]<UL><LI>Max Depth = 80<LI>Call Chain = __cxx_global_var_init.6 &rArr; __cxa_atexit &rArr; __aeabi_atexit &rArr; malloc &rArr; __Heap_Full &rArr; __Heap_ProvideMemory &rArr; free
</UL>
<BR>[Calls]<UL><LI><a href="#[ce]">&gt;&gt;</a>&nbsp;&nbsp;&nbsp;__cxa_atexit
<LI><a href="#[119]">&gt;&gt;</a>&nbsp;&nbsp;&nbsp;Bsp::GpioOutput::GpioOutput__sub_object(GPIO_TypeDef*, unsigned short)
</UL>
<BR>[Called By]<UL><LI><a href="#[b4]">&gt;&gt;</a>&nbsp;&nbsp;&nbsp;_GLOBAL__sub_I_Test.cpp
</UL>

<P><STRONG><a name="[10a]"></a>__cxx_global_var_init.7</STRONG> (Thumb, 50 bytes, Stack size 8 bytes, lto-llvm-a2c1e4.o(.text))
<BR><BR>[Stack]<UL><LI>Max Depth = 80<LI>Call Chain = __cxx_global_var_init.7 &rArr; __cxa_atexit &rArr; __aeabi_atexit &rArr; malloc &rArr; __Heap_Full &rArr; __Heap_ProvideMemory &rArr; free
</UL>
<BR>[Calls]<UL><LI><a href="#[ce]">&gt;&gt;</a>&nbsp;&nbsp;&nbsp;__cxa_atexit
<LI><a href="#[119]">&gt;&gt;</a>&nbsp;&nbsp;&nbsp;Bsp::GpioOutput::GpioOutput__sub_object(GPIO_TypeDef*, unsigned short)
</UL>
<BR>[Called By]<UL><LI><a href="#[b4]">&gt;&gt;</a>&nbsp;&nbsp;&nbsp;_GLOBAL__sub_I_Test.cpp
</UL>

<P><STRONG><a name="[10b]"></a>__cxx_global_var_init.8</STRONG> (Thumb, 52 bytes, Stack size 8 bytes, lto-llvm-a2c1e4.o(.text))
<BR><BR>[Stack]<UL><LI>Max Depth = 80<LI>Call Chain = __cxx_global_var_init.8 &rArr; __cxa_atexit &rArr; __aeabi_atexit &rArr; malloc &rArr; __Heap_Full &rArr; __Heap_ProvideMemory &rArr; free
</UL>
<BR>[Calls]<UL><LI><a href="#[ce]">&gt;&gt;</a>&nbsp;&nbsp;&nbsp;__cxa_atexit
<LI><a href="#[119]">&gt;&gt;</a>&nbsp;&nbsp;&nbsp;Bsp::GpioOutput::GpioOutput__sub_object(GPIO_TypeDef*, unsigned short)
</UL>
<BR>[Called By]<UL><LI><a href="#[b4]">&gt;&gt;</a>&nbsp;&nbsp;&nbsp;_GLOBAL__sub_I_Test.cpp
</UL>

<P><STRONG><a name="[10c]"></a>__cxx_global_var_init.9</STRONG> (Thumb, 78 bytes, Stack size 16 bytes, lto-llvm-a2c1e4.o(.text))
<BR><BR>[Stack]<UL><LI>Max Depth = 88<LI>Call Chain = __cxx_global_var_init.9 &rArr; __cxa_atexit &rArr; __aeabi_atexit &rArr; malloc &rArr; __Heap_Full &rArr; __Heap_ProvideMemory &rArr; free
</UL>
<BR>[Calls]<UL><LI><a href="#[ce]">&gt;&gt;</a>&nbsp;&nbsp;&nbsp;__cxa_atexit
<LI><a href="#[11a]">&gt;&gt;</a>&nbsp;&nbsp;&nbsp;App::Nokia5110LCD::Nokia5110LCD__sub_object(Bsp::SpiDriver*, Bsp::GpioOutput*, Bsp::GpioOutput*, Bsp::GpioOutput*)
</UL>
<BR>[Called By]<UL><LI><a href="#[b4]">&gt;&gt;</a>&nbsp;&nbsp;&nbsp;_GLOBAL__sub_I_Test.cpp
</UL>

<P><STRONG><a name="[244]"></a>_fadd1</STRONG> (Thumb, 0 bytes, Stack size unknown bytes, faddsub_clz.o(x$fpl$fadd), UNUSED)
<BR><BR>[Called By]<UL><LI><a href="#[243]">&gt;&gt;</a>&nbsp;&nbsp;&nbsp;_fsub
</UL>

<P><STRONG><a name="[235]"></a>_fsub1</STRONG> (Thumb, 0 bytes, Stack size unknown bytes, faddsub_clz.o(x$fpl$fsub), UNUSED)
<BR><BR>[Called By]<UL><LI><a href="#[234]">&gt;&gt;</a>&nbsp;&nbsp;&nbsp;_fadd
</UL>
<P>
<H3>
Undefined Global Symbols
</H3><HR></body></html>
