<!doctype html public "-//w3c//dtd html 4.0 transitional//en">
<html><head>
<title>Static Call Graph - [.\Objects\CPP_Base.axf]</title></head>
<body><HR>
<H1>Static Call Graph for image .\Objects\CPP_Base.axf</H1><HR>
<BR><P>#&#060CALLGRAPH&#062# ARM Linker, 6090000: Last Updated: Wed Jun 20 22:09:20 2018
<BR><P>
<H3>Maximum Stack Usage =        324 bytes + Unknown(Functions without stacksize, Cycles, Untraceable Function Pointers)</H3><H3>
Call chain for Maximum Stack Depth:</H3>
_printf_f &rArr; _printf_fp_dec &rArr; _printf_fp_dec_real &rArr; _fp_digits &rArr; _btod_etento &rArr; _btod_emul &rArr; _e2e
<P>
<H3>
Functions with no stack information
</H3><UL>
 <LI><a href="#[20e]">__user_initial_stackheap</a>
 <LI><a href="#[227]">unw_getcontext</a>
 <LI><a href="#[249]">libunwind::Registers_arm::saveVFPWithFSTMD(unsigned long long*)</a>
 <LI><a href="#[247]">libunwind::Registers_arm::saveVFPWithFSTMX(unsigned long long*)</a>
 <LI><a href="#[248]">libunwind::Registers_arm::saveVFPv3(unsigned long long*)</a>
 <LI><a href="#[250]">libunwind::Registers_arm::restoreCoreAndJumpTo()</a>
 <LI><a href="#[252]">libunwind::Registers_arm::restoreVFPWithFLDMD(unsigned long long*)</a>
 <LI><a href="#[251]">libunwind::Registers_arm::restoreVFPWithFLDMX(unsigned long long*)</a>
 <LI><a href="#[253]">libunwind::Registers_arm::restoreVFPv3(unsigned long long*)</a>
 <LI><a href="#[43a]">_Unwind_Complete</a>
 <LI><a href="#[35b]">_Unwind_DeleteException</a>
 <LI><a href="#[223]">_Unwind_GetLanguageSpecificData</a>
 <LI><a href="#[225]">_Unwind_GetRegionStart</a>
 <LI><a href="#[226]">_Unwind_RaiseException</a>
 <LI><a href="#[132]">_Unwind_Resume</a>
 <LI><a href="#[22a]">_Unwind_VRS_Get</a>
 <LI><a href="#[22e]">_Unwind_VRS_Interpret</a>
 <LI><a href="#[22f]">_Unwind_VRS_Pop</a>
 <LI><a href="#[231]">_Unwind_VRS_Set</a>
 <LI><a href="#[234]">__cxxabiv1::__enum_type_info::~__enum_type_info()</a>
 <LI><a href="#[43b]">__cxxabiv1::__enum_type_info::~__enum_type_info__sub_object()</a>
 <LI><a href="#[43c]">__cxxabiv1::__shim_type_info::~__shim_type_info()</a>
 <LI><a href="#[76]">__cxxabiv1::__shim_type_info::~__shim_type_info__sub_object()</a>
 <LI><a href="#[43d]">__cxxabiv1::__array_type_info::~__array_type_info()</a>
 <LI><a href="#[43e]">__cxxabiv1::__array_type_info::~__array_type_info__sub_object()</a>
 <LI><a href="#[43f]">__cxxabiv1::__class_type_info::~__class_type_info()</a>
 <LI><a href="#[440]">__cxxabiv1::__class_type_info::~__class_type_info__sub_object()</a>
 <LI><a href="#[441]">__cxxabiv1::__pbase_type_info::~__pbase_type_info()</a>
 <LI><a href="#[442]">__cxxabiv1::__pbase_type_info::~__pbase_type_info__sub_object()</a>
 <LI><a href="#[443]">__cxxabiv1::__pointer_type_info::~__pointer_type_info()</a>
 <LI><a href="#[444]">__cxxabiv1::__pointer_type_info::~__pointer_type_info__sub_object()</a>
 <LI><a href="#[445]">__cxxabiv1::__function_type_info::~__function_type_info()</a>
 <LI><a href="#[446]">__cxxabiv1::__function_type_info::~__function_type_info__sub_object()</a>
 <LI><a href="#[447]">__cxxabiv1::__si_class_type_info::~__si_class_type_info()</a>
 <LI><a href="#[448]">__cxxabiv1::__si_class_type_info::~__si_class_type_info__sub_object()</a>
 <LI><a href="#[449]">__cxxabiv1::__vmi_class_type_info::~__vmi_class_type_info()</a>
 <LI><a href="#[44a]">__cxxabiv1::__vmi_class_type_info::~__vmi_class_type_info__sub_object()</a>
 <LI><a href="#[44b]">__cxxabiv1::__fundamental_type_info::~__fundamental_type_info()</a>
 <LI><a href="#[44c]">__cxxabiv1::__fundamental_type_info::~__fundamental_type_info__sub_object()</a>
 <LI><a href="#[44d]">__cxxabiv1::__pointer_to_member_type_info::~__pointer_to_member_type_info()</a>
 <LI><a href="#[44e]">__cxxabiv1::__pointer_to_member_type_info::~__pointer_to_member_type_info__sub_object()</a>
 <LI><a href="#[77]">__cxxabiv1::__class_type_info::~__class_type_info__deallocating()</a>
 <LI><a href="#[235]">__cxxabiv1::__free_with_fallback(void*)</a>
 <LI><a href="#[7e]">__cxxabiv1::__si_class_type_info::~__si_class_type_info__deallocating()</a>
 <LI><a href="#[237]">__cxxabiv1::__calloc_with_fallback(unsigned, unsigned)</a>
 <LI><a href="#[82]">__cxxabiv1::__fundamental_type_info::~__fundamental_type_info__deallocating()</a>
 <LI><a href="#[239]">__cxxabiv1::__aligned_free_with_fallback(void*)</a>
 <LI><a href="#[23a]">__cxxabiv1::__aligned_malloc_with_fallback(unsigned)</a>
 <LI><a href="#[a9]">libunwind::UnwindCursor&lang;libunwind::LocalAddressSpace, libunwind::Registers_arm&rang;::saveVFPAsX()</a>
 <LI><a href="#[a0]">libunwind::UnwindCursor&lang;libunwind::LocalAddressSpace, libunwind::Registers_arm&rang;::getFloatReg(int)</a>
 <LI><a href="#[a1]">libunwind::UnwindCursor&lang;libunwind::LocalAddressSpace, libunwind::Registers_arm&rang;::setFloatReg(int, unsigned long long)</a>
 <LI><a href="#[a5]">libunwind::UnwindCursor&lang;libunwind::LocalAddressSpace, libunwind::Registers_arm&rang;::isSignalFrame()</a>
 <LI><a href="#[24a]">libunwind::UnwindCursor&lang;libunwind::LocalAddressSpace, libunwind::Registers_arm&rang;::stepWithEHABI()</a>
 <LI><a href="#[9f]">libunwind::UnwindCursor&lang;libunwind::LocalAddressSpace, libunwind::Registers_arm&rang;::validFloatReg(int)</a>
 <LI><a href="#[a6]">libunwind::UnwindCursor&lang;libunwind::LocalAddressSpace, libunwind::Registers_arm&rang;::getFunctionName(char*, unsigned, unsigned*)</a>
 <LI><a href="#[a8]">libunwind::UnwindCursor&lang;libunwind::LocalAddressSpace, libunwind::Registers_arm&rang;::getRegisterName(int)</a>
 <LI><a href="#[24d]">libunwind::UnwindCursor&lang;libunwind::LocalAddressSpace, libunwind::Registers_arm&rang;::getInfoFromEHABISection(unsigned, const libunwind::UnwindInfoSections&)</a>
 <LI><a href="#[a7]">libunwind::UnwindCursor&lang;libunwind::LocalAddressSpace, libunwind::Registers_arm&rang;::setInfoBasedOnIPRegister(bool)</a>
 <LI><a href="#[a2]">libunwind::UnwindCursor&lang;libunwind::LocalAddressSpace, libunwind::Registers_arm&rang;::step()</a>
 <LI><a href="#[9d]">libunwind::UnwindCursor&lang;libunwind::LocalAddressSpace, libunwind::Registers_arm&rang;::getReg(int)</a>
 <LI><a href="#[a4]">libunwind::UnwindCursor&lang;libunwind::LocalAddressSpace, libunwind::Registers_arm&rang;::jumpto()</a>
 <LI><a href="#[9e]">libunwind::UnwindCursor&lang;libunwind::LocalAddressSpace, libunwind::Registers_arm&rang;::setReg(int, unsigned)</a>
 <LI><a href="#[a3]">libunwind::UnwindCursor&lang;libunwind::LocalAddressSpace, libunwind::Registers_arm&rang;::getInfo(unw_proc_info_t*)</a>
 <LI><a href="#[9c]">libunwind::UnwindCursor&lang;libunwind::LocalAddressSpace, libunwind::Registers_arm&rang;::validReg(int)</a>
 <LI><a href="#[9b]">libunwind::UnwindCursor&lang;libunwind::LocalAddressSpace, libunwind::Registers_arm&rang;::~UnwindCursor__deallocating()</a>
 <LI><a href="#[24c]">libunwind::Registers_arm::getRegisterName(int)</a>
 <LI><a href="#[24f]">libunwind::Registers_arm::restoreSavedFloatRegisters()</a>
 <LI><a href="#[9a]">libunwind::AbstractUnwindCursor::~AbstractUnwindCursor__sub_object()</a>
 <LI><a href="#[78]">__cxxabiv1::__shim_type_info::noop1() const</a>
 <LI><a href="#[79]">__cxxabiv1::__shim_type_info::noop2() const</a>
 <LI><a href="#[7b]">__cxxabiv1::__class_type_info::search_above_dst(__cxxabiv1::__dynamic_cast_info*, const void*, const void*, int, bool) const</a>
 <LI><a href="#[7c]">__cxxabiv1::__class_type_info::search_below_dst(__cxxabiv1::__dynamic_cast_info*, const void*, int, bool) const</a>
 <LI><a href="#[7d]">__cxxabiv1::__class_type_info::has_unambiguous_public_base(__cxxabiv1::__dynamic_cast_info*, void*, int) const</a>
 <LI><a href="#[255]">__cxxabiv1::__class_type_info::process_static_type_above_dst(__cxxabiv1::__dynamic_cast_info*, const void*, const void*, int) const</a>
 <LI><a href="#[7a]">__cxxabiv1::__class_type_info::can_catch(const __cxxabiv1::__shim_type_info*, void*&) const</a>
 <LI><a href="#[257]">__cxxabiv1::__pbase_type_info::can_catch(const __cxxabiv1::__shim_type_info*, void*&) const</a>
 <LI><a href="#[258]">__cxxabiv1::__pointer_type_info::can_catch_nested(const __cxxabiv1::__shim_type_info*) const</a>
 <LI><a href="#[25a]">__cxxabiv1::__pointer_type_info::can_catch(const __cxxabiv1::__shim_type_info*, void*&) const</a>
 <LI><a href="#[7f]">__cxxabiv1::__si_class_type_info::search_above_dst(__cxxabiv1::__dynamic_cast_info*, const void*, const void*, int, bool) const</a>
 <LI><a href="#[80]">__cxxabiv1::__si_class_type_info::search_below_dst(__cxxabiv1::__dynamic_cast_info*, const void*, int, bool) const</a>
 <LI><a href="#[81]">__cxxabiv1::__si_class_type_info::has_unambiguous_public_base(__cxxabiv1::__dynamic_cast_info*, void*, int) const</a>
 <LI><a href="#[25b]">__cxxabiv1::__vmi_class_type_info::search_above_dst(__cxxabiv1::__dynamic_cast_info*, const void*, const void*, int, bool) const</a>
 <LI><a href="#[83]">__cxxabiv1::__fundamental_type_info::can_catch(const __cxxabiv1::__shim_type_info*, void*&) const</a>
 <LI><a href="#[259]">__cxxabiv1::__pointer_to_member_type_info::can_catch_nested(const __cxxabiv1::__shim_type_info*) const</a>
 <LI><a href="#[25c]">__cxxabiv1::__pointer_to_member_type_info::can_catch(const __cxxabiv1::__shim_type_info*, void*&) const</a>
 <LI><a href="#[ac]">std::logic_error::what() const</a>
 <LI><a href="#[b0]">std::bad_exception::what() const</a>
 <LI><a href="#[b2]">std::bad_array_length::what() const</a>
 <LI><a href="#[b5]">std::bad_array_new_length::what() const</a>
 <LI><a href="#[25d]">std::__1::basic_string&lang;char, std::__1::char_traits&lang;char&rang;, std::__1::allocator&lang;char&rang;&rang;::at(unsigned) const</a>
 <LI><a href="#[25f]">std::__1::basic_string&lang;char, std::__1::char_traits&lang;char&rang;, std::__1::allocator&lang;char&rang;&rang;::copy(char*, unsigned, unsigned) const</a>
 <LI><a href="#[260]">std::__1::basic_string&lang;char, std::__1::char_traits&lang;char&rang;, std::__1::allocator&lang;char&rang;&rang;::substr(unsigned, unsigned) const</a>
 <LI><a href="#[262]">std::__1::basic_string&lang;char, std::__1::char_traits&lang;char&rang;, std::__1::allocator&lang;char&rang;&rang;::compare(const char*) const</a>
 <LI><a href="#[266]">std::__1::basic_string&lang;char, std::__1::char_traits&lang;char&rang;, std::__1::allocator&lang;char&rang;&rang;::compare(unsigned, unsigned, std::__1::basic_string_view&lang;char, std::__1::char_traits&lang;char&rang;&rang;) const</a>
 <LI><a href="#[267]">std::__1::basic_string&lang;char, std::__1::char_traits&lang;char&rang;, std::__1::allocator&lang;char&rang;&rang;::compare(unsigned, unsigned, const char*) const</a>
 <LI><a href="#[264]">std::__1::basic_string&lang;char, std::__1::char_traits&lang;char&rang;, std::__1::allocator&lang;char&rang;&rang;::compare(unsigned, unsigned, const char*, unsigned) const</a>
 <LI><a href="#[269]">std::__1::basic_string&lang;char, std::__1::char_traits&lang;char&rang;, std::__1::allocator&lang;char&rang;&rang;::compare(unsigned, unsigned, const std::__1::basic_string&lang;char, std::__1::char_traits&lang;char&rang;, std::__1::allocator&lang;char&rang;&rang;&) const</a>
 <LI><a href="#[26a]">std::__1::basic_string&lang;char, std::__1::char_traits&lang;char&rang;, std::__1::allocator&lang;char&rang;&rang;::compare(unsigned, unsigned, const std::__1::basic_string&lang;char, std::__1::char_traits&lang;char&rang;, std::__1::allocator&lang;char&rang;&rang;&, unsigned, unsigned) const</a>
 <LI><a href="#[270]">std::__1::basic_string&lang;wchar_t, std::__1::char_traits&lang;wchar_t&rang;, std::__1::allocator&lang;wchar_t&rang;&rang;::at(unsigned) const</a>
 <LI><a href="#[271]">std::__1::basic_string&lang;wchar_t, std::__1::char_traits&lang;wchar_t&rang;, std::__1::allocator&lang;wchar_t&rang;&rang;::copy(wchar_t*, unsigned, unsigned) const</a>
 <LI><a href="#[272]">std::__1::basic_string&lang;wchar_t, std::__1::char_traits&lang;wchar_t&rang;, std::__1::allocator&lang;wchar_t&rang;&rang;::substr(unsigned, unsigned) const</a>
 <LI><a href="#[274]">std::__1::basic_string&lang;wchar_t, std::__1::char_traits&lang;wchar_t&rang;, std::__1::allocator&lang;wchar_t&rang;&rang;::compare(const wchar_t*) const</a>
 <LI><a href="#[277]">std::__1::basic_string&lang;wchar_t, std::__1::char_traits&lang;wchar_t&rang;, std::__1::allocator&lang;wchar_t&rang;&rang;::compare(unsigned, unsigned, std::__1::basic_string_view&lang;wchar_t, std::__1::char_traits&lang;wchar_t&rang;&rang;) const</a>
 <LI><a href="#[278]">std::__1::basic_string&lang;wchar_t, std::__1::char_traits&lang;wchar_t&rang;, std::__1::allocator&lang;wchar_t&rang;&rang;::compare(unsigned, unsigned, const wchar_t*) const</a>
 <LI><a href="#[276]">std::__1::basic_string&lang;wchar_t, std::__1::char_traits&lang;wchar_t&rang;, std::__1::allocator&lang;wchar_t&rang;&rang;::compare(unsigned, unsigned, const wchar_t*, unsigned) const</a>
 <LI><a href="#[27a]">std::__1::basic_string&lang;wchar_t, std::__1::char_traits&lang;wchar_t&rang;, std::__1::allocator&lang;wchar_t&rang;&rang;::compare(unsigned, unsigned, const std::__1::basic_string&lang;wchar_t, std::__1::char_traits&lang;wchar_t&rang;, std::__1::allocator&lang;wchar_t&rang;&rang;&) const</a>
 <LI><a href="#[27b]">std::__1::basic_string&lang;wchar_t, std::__1::char_traits&lang;wchar_t&rang;, std::__1::allocator&lang;wchar_t&rang;&rang;::compare(unsigned, unsigned, const std::__1::basic_string&lang;wchar_t, std::__1::char_traits&lang;wchar_t&rang;, std::__1::allocator&lang;wchar_t&rang;&rang;&, unsigned, unsigned) const</a>
 <LI><a href="#[26b]">std::__1::basic_string_view&lang;char, std::__1::char_traits&lang;char&rang;&rang;::compare(std::__1::basic_string_view&lang;char, std::__1::char_traits&lang;char&rang;&rang;) const</a>
 <LI><a href="#[27c]">std::__1::basic_string_view&lang;wchar_t, std::__1::char_traits&lang;wchar_t&rang;&rang;::compare(std::__1::basic_string_view&lang;wchar_t, std::__1::char_traits&lang;wchar_t&rang;&rang;) const</a>
 <LI><a href="#[27d]">std::__1::__basic_string_common&lang;(bool)1&rang;::__throw_length_error() const</a>
 <LI><a href="#[25e]">std::__1::__basic_string_common&lang;(bool)1&rang;::__throw_out_of_range() const</a>
 <LI><a href="#[b7]">std::bad_alloc::what() const</a>
 <LI><a href="#[27e]">std::logic_error::logic_error(const char*)</a>
 <LI><a href="#[26d]">std::logic_error::logic_error__sub_object(const char*)</a>
 <LI><a href="#[280]">std::logic_error::logic_error(const std::__1::basic_string&lang;char, std::__1::char_traits&lang;char&rang;, std::__1::allocator&lang;char&rang;&rang;&)</a>
 <LI><a href="#[328]">std::logic_error::logic_error__sub_object(const std::__1::basic_string&lang;char, std::__1::char_traits&lang;char&rang;, std::__1::allocator&lang;char&rang;&rang;&)</a>
 <LI><a href="#[ab]">std::logic_error::~logic_error__deallocating()</a>
 <LI><a href="#[281]">std::logic_error::~logic_error()</a>
 <LI><a href="#[aa]">std::logic_error::~logic_error__sub_object()</a>
 <LI><a href="#[44f]">std::domain_error::~domain_error()</a>
 <LI><a href="#[450]">std::domain_error::~domain_error__sub_object()</a>
 <LI><a href="#[60]">std::length_error::~length_error()</a>
 <LI><a href="#[451]">std::length_error::~length_error__sub_object()</a>
 <LI><a href="#[5f]">std::out_of_range::~out_of_range()</a>
 <LI><a href="#[452]">std::out_of_range::~out_of_range__sub_object()</a>
 <LI><a href="#[61]">std::invalid_argument::~invalid_argument()</a>
 <LI><a href="#[453]">std::invalid_argument::~invalid_argument__sub_object()</a>
 <LI><a href="#[282]">std::domain_error::~domain_error__deallocating()</a>
 <LI><a href="#[ad]">std::length_error::~length_error__deallocating()</a>
 <LI><a href="#[ae]">std::out_of_range::~out_of_range__deallocating()</a>
 <LI><a href="#[af]">std::bad_exception::~bad_exception__deallocating()</a>
 <LI><a href="#[454]">std::bad_array_length::bad_array_length()</a>
 <LI><a href="#[455]">std::bad_array_length::bad_array_length__sub_object()</a>
 <LI><a href="#[b1]">std::bad_array_length::~bad_array_length__deallocating()</a>
 <LI><a href="#[b3]">std::invalid_argument::~invalid_argument__deallocating()</a>
 <LI><a href="#[456]">std::bad_array_new_length::bad_array_new_length()</a>
 <LI><a href="#[457]">std::bad_array_new_length::bad_array_new_length__sub_object()</a>
 <LI><a href="#[b4]">std::bad_array_new_length::~bad_array_new_length__deallocating()</a>
 <LI><a href="#[283]">std::__1::to_wstring(double)</a>
 <LI><a href="#[285]">std::__1::to_wstring(long double)</a>
 <LI><a href="#[286]">std::__1::to_wstring(float)</a>
 <LI><a href="#[287]">std::__1::to_wstring(int)</a>
 <LI><a href="#[288]">std::__1::to_wstring(unsigned)</a>
 <LI><a href="#[289]">std::__1::to_wstring(long)</a>
 <LI><a href="#[28a]">std::__1::to_wstring(unsigned long)</a>
 <LI><a href="#[28b]">std::__1::to_wstring(long long)</a>
 <LI><a href="#[28c]">std::__1::to_wstring(unsigned long long)</a>
 <LI><a href="#[28d]">std::__1::basic_string&lang;char, std::__1::char_traits&lang;char&rang;, std::__1::allocator&lang;char&rang;&rang;::__move_assign(std::__1::basic_string&lang;char, std::__1::char_traits&lang;char&rang;, std::__1::allocator&lang;char&rang;&rang;&, std::__1::integral_constant&lang;bool, (bool)0&rang;)</a>
 <LI><a href="#[28f]">std::__1::basic_string&lang;char, std::__1::char_traits&lang;char&rang;, std::__1::allocator&lang;char&rang;&rang;::__move_assign(std::__1::basic_string&lang;char, std::__1::char_traits&lang;char&rang;, std::__1::allocator&lang;char&rang;&rang;&, std::__1::integral_constant&lang;bool, (bool)1&rang;)</a>
 <LI><a href="#[290]">std::__1::basic_string&lang;char, std::__1::char_traits&lang;char&rang;, std::__1::allocator&lang;char&rang;&rang;::shrink_to_fit()</a>
 <LI><a href="#[291]">std::__1::basic_string&lang;char, std::__1::char_traits&lang;char&rang;, std::__1::allocator&lang;char&rang;&rang;::__grow_by_and_replace(unsigned, unsigned, unsigned, unsigned, unsigned, unsigned, const char*)</a>
 <LI><a href="#[292]">std::__1::basic_string&lang;char, std::__1::char_traits&lang;char&rang;, std::__1::allocator&lang;char&rang;&rang;::at(unsigned)</a>
 <LI><a href="#[293]">std::__1::basic_string&lang;char, std::__1::char_traits&lang;char&rang;, std::__1::allocator&lang;char&rang;&rang;::erase(std::__1::__wrap_iter&lang;const char*&rang;)</a>
 <LI><a href="#[295]">std::__1::basic_string&lang;char, std::__1::char_traits&lang;char&rang;, std::__1::allocator&lang;char&rang;&rang;::erase(std::__1::__wrap_iter&lang;const char*&rang;, std::__1::__wrap_iter&lang;const char*&rang;)</a>
 <LI><a href="#[294]">std::__1::basic_string&lang;char, std::__1::char_traits&lang;char&rang;, std::__1::allocator&lang;char&rang;&rang;::erase(unsigned, unsigned)</a>
 <LI><a href="#[296]">std::__1::basic_string&lang;char, std::__1::char_traits&lang;char&rang;, std::__1::allocator&lang;char&rang;&rang;::__init(const char*, unsigned)</a>
 <LI><a href="#[297]">std::__1::basic_string&lang;char, std::__1::char_traits&lang;char&rang;, std::__1::allocator&lang;char&rang;&rang;::__init(const char*, unsigned, unsigned)</a>
 <LI><a href="#[298]">std::__1::basic_string&lang;char, std::__1::char_traits&lang;char&rang;, std::__1::allocator&lang;char&rang;&rang;::__init(unsigned, char)</a>
 <LI><a href="#[299]">std::__1::basic_string&lang;char, std::__1::char_traits&lang;char&rang;, std::__1::allocator&lang;char&rang;&rang;::append(std::__1::basic_string_view&lang;char, std::__1::char_traits&lang;char&rang;&rang;)</a>
 <LI><a href="#[29b]">std::__1::basic_string&lang;char, std::__1::char_traits&lang;char&rang;, std::__1::allocator&lang;char&rang;&rang;::append(const char*)</a>
 <LI><a href="#[29a]">std::__1::basic_string&lang;char, std::__1::char_traits&lang;char&rang;, std::__1::allocator&lang;char&rang;&rang;::append(const char*, unsigned)</a>
 <LI><a href="#[29c]">std::__1::basic_string&lang;char, std::__1::char_traits&lang;char&rang;, std::__1::allocator&lang;char&rang;&rang;::append(const std::__1::basic_string&lang;char, std::__1::char_traits&lang;char&rang;, std::__1::allocator&lang;char&rang;&rang;&)</a>
 <LI><a href="#[29d]">std::__1::basic_string&lang;char, std::__1::char_traits&lang;char&rang;, std::__1::allocator&lang;char&rang;&rang;::append(const std::__1::basic_string&lang;char, std::__1::char_traits&lang;char&rang;, std::__1::allocator&lang;char&rang;&rang;&, unsigned, unsigned)</a>
 <LI><a href="#[29e]">std::__1::basic_string&lang;char, std::__1::char_traits&lang;char&rang;, std::__1::allocator&lang;char&rang;&rang;::append(std::initializer_list&lang;char&rang;)</a>
 <LI><a href="#[29f]">std::__1::basic_string&lang;char, std::__1::char_traits&lang;char&rang;, std::__1::allocator&lang;char&rang;&rang;::append(unsigned, char)</a>
 <LI><a href="#[2a1]">std::__1::basic_string&lang;char, std::__1::char_traits&lang;char&rang;, std::__1::allocator&lang;char&rang;&rang;::assign(std::__1::basic_string_view&lang;char, std::__1::char_traits&lang;char&rang;&rang;)</a>
 <LI><a href="#[2a3]">std::__1::basic_string&lang;char, std::__1::char_traits&lang;char&rang;, std::__1::allocator&lang;char&rang;&rang;::assign(std::__1::basic_string&lang;char, std::__1::char_traits&lang;char&rang;, std::__1::allocator&lang;char&rang;&rang;&&)</a>
 <LI><a href="#[2a4]">std::__1::basic_string&lang;char, std::__1::char_traits&lang;char&rang;, std::__1::allocator&lang;char&rang;&rang;::assign(const char*)</a>
 <LI><a href="#[2a2]">std::__1::basic_string&lang;char, std::__1::char_traits&lang;char&rang;, std::__1::allocator&lang;char&rang;&rang;::assign(const char*, unsigned)</a>
 <LI><a href="#[2a5]">std::__1::basic_string&lang;char, std::__1::char_traits&lang;char&rang;, std::__1::allocator&lang;char&rang;&rang;::assign(const std::__1::basic_string&lang;char, std::__1::char_traits&lang;char&rang;, std::__1::allocator&lang;char&rang;&rang;&)</a>
 <LI><a href="#[2a7]">std::__1::basic_string&lang;char, std::__1::char_traits&lang;char&rang;, std::__1::allocator&lang;char&rang;&rang;::assign(const std::__1::basic_string&lang;char, std::__1::char_traits&lang;char&rang;, std::__1::allocator&lang;char&rang;&rang;&, unsigned, unsigned)</a>
 <LI><a href="#[2a8]">std::__1::basic_string&lang;char, std::__1::char_traits&lang;char&rang;, std::__1::allocator&lang;char&rang;&rang;::assign(std::initializer_list&lang;char&rang;)</a>
 <LI><a href="#[2a9]">std::__1::basic_string&lang;char, std::__1::char_traits&lang;char&rang;, std::__1::allocator&lang;char&rang;&rang;::assign(unsigned, char)</a>
 <LI><a href="#[2aa]">std::__1::basic_string&lang;char, std::__1::char_traits&lang;char&rang;, std::__1::allocator&lang;char&rang;&rang;::insert(std::__1::__wrap_iter&lang;const char*&rang;, std::initializer_list&lang;char&rang;)</a>
 <LI><a href="#[2ac]">std::__1::basic_string&lang;char, std::__1::char_traits&lang;char&rang;, std::__1::allocator&lang;char&rang;&rang;::insert(std::__1::__wrap_iter&lang;const char*&rang;, char)</a>
 <LI><a href="#[2ad]">std::__1::basic_string&lang;char, std::__1::char_traits&lang;char&rang;, std::__1::allocator&lang;char&rang;&rang;::insert(std::__1::__wrap_iter&lang;const char*&rang;, unsigned, char)</a>
 <LI><a href="#[2af]">std::__1::basic_string&lang;char, std::__1::char_traits&lang;char&rang;, std::__1::allocator&lang;char&rang;&rang;::insert(unsigned, std::__1::basic_string_view&lang;char, std::__1::char_traits&lang;char&rang;&rang;)</a>
 <LI><a href="#[2b1]">std::__1::basic_string&lang;char, std::__1::char_traits&lang;char&rang;, std::__1::allocator&lang;char&rang;&rang;::insert(unsigned, const char*)</a>
 <LI><a href="#[2b0]">std::__1::basic_string&lang;char, std::__1::char_traits&lang;char&rang;, std::__1::allocator&lang;char&rang;&rang;::insert(unsigned, const char*, unsigned)</a>
 <LI><a href="#[2b2]">std::__1::basic_string&lang;char, std::__1::char_traits&lang;char&rang;, std::__1::allocator&lang;char&rang;&rang;::insert(unsigned, const std::__1::basic_string&lang;char, std::__1::char_traits&lang;char&rang;, std::__1::allocator&lang;char&rang;&rang;&)</a>
 <LI><a href="#[2b3]">std::__1::basic_string&lang;char, std::__1::char_traits&lang;char&rang;, std::__1::allocator&lang;char&rang;&rang;::insert(unsigned, const std::__1::basic_string&lang;char, std::__1::char_traits&lang;char&rang;, std::__1::allocator&lang;char&rang;&rang;&, unsigned, unsigned)</a>
 <LI><a href="#[2ae]">std::__1::basic_string&lang;char, std::__1::char_traits&lang;char&rang;, std::__1::allocator&lang;char&rang;&rang;::insert(unsigned, unsigned, char)</a>
 <LI><a href="#[2ab]">std::__1::enable_if&lang;(__is_forward_iterator&lang;T1&rang;::value&&__libcpp_string_gets_noexcept_iterator&lang;T1&rang;::value), std::__1::__wrap_iter&lang;char*&rang;&rang;::type std::__1::basic_string&lang;char, std::__1::char_traits&lang;char&rang;, std::__1::allocator&lang;char&rang;&rang;::insert&lang;const char*&rang;(std::__1::__wrap_iter&lang;const char*&rang;, T1, T1)</a>
 <LI><a href="#[458]">std::__1::basic_string&lang;char, std::__1::char_traits&lang;char&rang;, std::__1::allocator&lang;char&rang;&rang;::resize(unsigned)</a>
 <LI><a href="#[2b4]">std::__1::basic_string&lang;char, std::__1::char_traits&lang;char&rang;, std::__1::allocator&lang;char&rang;&rang;::resize(unsigned, char)</a>
 <LI><a href="#[2b5]">std::__1::basic_string&lang;char, std::__1::char_traits&lang;char&rang;, std::__1::allocator&lang;char&rang;&rang;::replace(std::__1::__wrap_iter&lang;const char*&rang;, std::__1::__wrap_iter&lang;const char*&rang;, std::__1::basic_string_view&lang;char, std::__1::char_traits&lang;char&rang;&rang;)</a>
 <LI><a href="#[2b7]">std::__1::basic_string&lang;char, std::__1::char_traits&lang;char&rang;, std::__1::allocator&lang;char&rang;&rang;::replace(std::__1::__wrap_iter&lang;const char*&rang;, std::__1::__wrap_iter&lang;const char*&rang;, const std::__1::basic_string&lang;char, std::__1::char_traits&lang;char&rang;, std::__1::allocator&lang;char&rang;&rang;&)</a>
 <LI><a href="#[2b8]">std::__1::basic_string&lang;char, std::__1::char_traits&lang;char&rang;, std::__1::allocator&lang;char&rang;&rang;::replace(std::__1::__wrap_iter&lang;const char*&rang;, std::__1::__wrap_iter&lang;const char*&rang;, const char*)</a>
 <LI><a href="#[2b9]">std::__1::basic_string&lang;char, std::__1::char_traits&lang;char&rang;, std::__1::allocator&lang;char&rang;&rang;::replace(std::__1::__wrap_iter&lang;const char*&rang;, std::__1::__wrap_iter&lang;const char*&rang;, const char*, unsigned)</a>
 <LI><a href="#[2ba]">std::__1::basic_string&lang;char, std::__1::char_traits&lang;char&rang;, std::__1::allocator&lang;char&rang;&rang;::replace(std::__1::__wrap_iter&lang;const char*&rang;, std::__1::__wrap_iter&lang;const char*&rang;, std::initializer_list&lang;char&rang;)</a>
 <LI><a href="#[2bc]">std::__1::basic_string&lang;char, std::__1::char_traits&lang;char&rang;, std::__1::allocator&lang;char&rang;&rang;::replace(std::__1::__wrap_iter&lang;const char*&rang;, std::__1::__wrap_iter&lang;const char*&rang;, unsigned, char)</a>
 <LI><a href="#[2be]">std::__1::basic_string&lang;char, std::__1::char_traits&lang;char&rang;, std::__1::allocator&lang;char&rang;&rang;::replace(unsigned, unsigned, std::__1::basic_string_view&lang;char, std::__1::char_traits&lang;char&rang;&rang;)</a>
 <LI><a href="#[2bf]">std::__1::basic_string&lang;char, std::__1::char_traits&lang;char&rang;, std::__1::allocator&lang;char&rang;&rang;::replace(unsigned, unsigned, const char*)</a>
 <LI><a href="#[2b6]">std::__1::basic_string&lang;char, std::__1::char_traits&lang;char&rang;, std::__1::allocator&lang;char&rang;&rang;::replace(unsigned, unsigned, const char*, unsigned)</a>
 <LI><a href="#[2c0]">std::__1::basic_string&lang;char, std::__1::char_traits&lang;char&rang;, std::__1::allocator&lang;char&rang;&rang;::replace(unsigned, unsigned, const std::__1::basic_string&lang;char, std::__1::char_traits&lang;char&rang;, std::__1::allocator&lang;char&rang;&rang;&)</a>
 <LI><a href="#[2c1]">std::__1::basic_string&lang;char, std::__1::char_traits&lang;char&rang;, std::__1::allocator&lang;char&rang;&rang;::replace(unsigned, unsigned, const std::__1::basic_string&lang;char, std::__1::char_traits&lang;char&rang;, std::__1::allocator&lang;char&rang;&rang;&, unsigned, unsigned)</a>
 <LI><a href="#[2bd]">std::__1::basic_string&lang;char, std::__1::char_traits&lang;char&rang;, std::__1::allocator&lang;char&rang;&rang;::replace(unsigned, unsigned, unsigned, char)</a>
 <LI><a href="#[2bb]">std::__1::enable_if&lang;__is_input_iterator&lang;T1&rang;::value, std::__1::basic_string&lang;char, std::__1::char_traits&lang;char&rang;, std::__1::allocator&lang;char&rang;&rang;&&rang;::type std::__1::basic_string&lang;char, std::__1::char_traits&lang;char&rang;, std::__1::allocator&lang;char&rang;&rang;::replace&lang;const char*&rang;(std::__1::__wrap_iter&lang;const char*&rang;, std::__1::__wrap_iter&lang;const char*&rang;, T1, T1)</a>
 <LI><a href="#[28e]">std::__1::basic_string&lang;char, std::__1::char_traits&lang;char&rang;, std::__1::allocator&lang;char&rang;&rang;::reserve(unsigned)</a>
 <LI><a href="#[2a0]">std::__1::basic_string&lang;char, std::__1::char_traits&lang;char&rang;, std::__1::allocator&lang;char&rang;&rang;::__grow_by(unsigned, unsigned, unsigned, unsigned, unsigned, unsigned)</a>
 <LI><a href="#[2c3]">std::__1::basic_string&lang;char, std::__1::char_traits&lang;char&rang;, std::__1::allocator&lang;char&rang;&rang;::push_back(char)</a>
 <LI><a href="#[2c4]">std::__1::basic_string&lang;char, std::__1::char_traits&lang;char&rang;, std::__1::allocator&lang;char&rang;&rang;::basic_string(std::__1::basic_string_view&lang;char, std::__1::char_traits&lang;char&rang;&rang;)</a>
 <LI><a href="#[459]">std::__1::basic_string&lang;char, std::__1::char_traits&lang;char&rang;, std::__1::allocator&lang;char&rang;&rang;::basic_string__sub_object(std::__1::basic_string_view&lang;char, std::__1::char_traits&lang;char&rang;&rang;)</a>
 <LI><a href="#[2c5]">std::__1::basic_string&lang;char, std::__1::char_traits&lang;char&rang;, std::__1::allocator&lang;char&rang;&rang;::basic_string(std::__1::basic_string_view&lang;char, std::__1::char_traits&lang;char&rang;&rang;, const std::__1::allocator&lang;char&rang;&)</a>
 <LI><a href="#[45a]">std::__1::basic_string&lang;char, std::__1::char_traits&lang;char&rang;, std::__1::allocator&lang;char&rang;&rang;::basic_string__sub_object(std::__1::basic_string_view&lang;char, std::__1::char_traits&lang;char&rang;&rang;, const std::__1::allocator&lang;char&rang;&)</a>
 <LI><a href="#[2c6]">std::__1::basic_string&lang;char, std::__1::char_traits&lang;char&rang;, std::__1::allocator&lang;char&rang;&rang;::basic_string(const char*)</a>
 <LI><a href="#[45b]">std::__1::basic_string&lang;char, std::__1::char_traits&lang;char&rang;, std::__1::allocator&lang;char&rang;&rang;::basic_string__sub_object(const char*)</a>
 <LI><a href="#[2c7]">std::__1::basic_string&lang;char, std::__1::char_traits&lang;char&rang;, std::__1::allocator&lang;char&rang;&rang;::basic_string(const char*, const std::__1::allocator&lang;char&rang;&)</a>
 <LI><a href="#[45c]">std::__1::basic_string&lang;char, std::__1::char_traits&lang;char&rang;, std::__1::allocator&lang;char&rang;&rang;::basic_string__sub_object(const char*, const std::__1::allocator&lang;char&rang;&)</a>
 <LI><a href="#[2c8]">std::__1::basic_string&lang;char, std::__1::char_traits&lang;char&rang;, std::__1::allocator&lang;char&rang;&rang;::basic_string(const char*, unsigned)</a>
 <LI><a href="#[45d]">std::__1::basic_string&lang;char, std::__1::char_traits&lang;char&rang;, std::__1::allocator&lang;char&rang;&rang;::basic_string__sub_object(const char*, unsigned)</a>
 <LI><a href="#[2c9]">std::__1::basic_string&lang;char, std::__1::char_traits&lang;char&rang;, std::__1::allocator&lang;char&rang;&rang;::basic_string(const char*, unsigned, const std::__1::allocator&lang;char&rang;&)</a>
 <LI><a href="#[45e]">std::__1::basic_string&lang;char, std::__1::char_traits&lang;char&rang;, std::__1::allocator&lang;char&rang;&rang;::basic_string__sub_object(const char*, unsigned, const std::__1::allocator&lang;char&rang;&)</a>
 <LI><a href="#[2ca]">std::__1::basic_string&lang;char, std::__1::char_traits&lang;char&rang;, std::__1::allocator&lang;char&rang;&rang;::basic_string(const std::__1::basic_string&lang;char, std::__1::char_traits&lang;char&rang;, std::__1::allocator&lang;char&rang;&rang;&)</a>
 <LI><a href="#[45f]">std::__1::basic_string&lang;char, std::__1::char_traits&lang;char&rang;, std::__1::allocator&lang;char&rang;&rang;::basic_string__sub_object(const std::__1::basic_string&lang;char, std::__1::char_traits&lang;char&rang;, std::__1::allocator&lang;char&rang;&rang;&)</a>
 <LI><a href="#[2cb]">std::__1::basic_string&lang;char, std::__1::char_traits&lang;char&rang;, std::__1::allocator&lang;char&rang;&rang;::basic_string(const std::__1::basic_string&lang;char, std::__1::char_traits&lang;char&rang;, std::__1::allocator&lang;char&rang;&rang;&, const std::__1::allocator&lang;char&rang;&)</a>
 <LI><a href="#[460]">std::__1::basic_string&lang;char, std::__1::char_traits&lang;char&rang;, std::__1::allocator&lang;char&rang;&rang;::basic_string__sub_object(const std::__1::basic_string&lang;char, std::__1::char_traits&lang;char&rang;, std::__1::allocator&lang;char&rang;&rang;&, const std::__1::allocator&lang;char&rang;&)</a>
 <LI><a href="#[2cc]">std::__1::basic_string&lang;char, std::__1::char_traits&lang;char&rang;, std::__1::allocator&lang;char&rang;&rang;::basic_string(const std::__1::basic_string&lang;char, std::__1::char_traits&lang;char&rang;, std::__1::allocator&lang;char&rang;&rang;&, unsigned, const std::__1::allocator&lang;char&rang;&)</a>
 <LI><a href="#[461]">std::__1::basic_string&lang;char, std::__1::char_traits&lang;char&rang;, std::__1::allocator&lang;char&rang;&rang;::basic_string__sub_object(const std::__1::basic_string&lang;char, std::__1::char_traits&lang;char&rang;, std::__1::allocator&lang;char&rang;&rang;&, unsigned, const std::__1::allocator&lang;char&rang;&)</a>
 <LI><a href="#[2cd]">std::__1::basic_string&lang;char, std::__1::char_traits&lang;char&rang;, std::__1::allocator&lang;char&rang;&rang;::basic_string(const std::__1::basic_string&lang;char, std::__1::char_traits&lang;char&rang;, std::__1::allocator&lang;char&rang;&rang;&, unsigned, unsigned, const std::__1::allocator&lang;char&rang;&)</a>
 <LI><a href="#[261]">std::__1::basic_string&lang;char, std::__1::char_traits&lang;char&rang;, std::__1::allocator&lang;char&rang;&rang;::basic_string__sub_object(const std::__1::basic_string&lang;char, std::__1::char_traits&lang;char&rang;, std::__1::allocator&lang;char&rang;&rang;&, unsigned, unsigned, const std::__1::allocator&lang;char&rang;&)</a>
 <LI><a href="#[2ce]">std::__1::basic_string&lang;char, std::__1::char_traits&lang;char&rang;, std::__1::allocator&lang;char&rang;&rang;::basic_string(std::initializer_list&lang;char&rang;)</a>
 <LI><a href="#[462]">std::__1::basic_string&lang;char, std::__1::char_traits&lang;char&rang;, std::__1::allocator&lang;char&rang;&rang;::basic_string__sub_object(std::initializer_list&lang;char&rang;)</a>
 <LI><a href="#[2cf]">std::__1::basic_string&lang;char, std::__1::char_traits&lang;char&rang;, std::__1::allocator&lang;char&rang;&rang;::basic_string(std::initializer_list&lang;char&rang;, const std::__1::allocator&lang;char&rang;&)</a>
 <LI><a href="#[463]">std::__1::basic_string&lang;char, std::__1::char_traits&lang;char&rang;, std::__1::allocator&lang;char&rang;&rang;::basic_string__sub_object(std::initializer_list&lang;char&rang;, const std::__1::allocator&lang;char&rang;&)</a>
 <LI><a href="#[2d0]">std::__1::basic_string&lang;char, std::__1::char_traits&lang;char&rang;, std::__1::allocator&lang;char&rang;&rang;::basic_string(unsigned, char)</a>
 <LI><a href="#[464]">std::__1::basic_string&lang;char, std::__1::char_traits&lang;char&rang;, std::__1::allocator&lang;char&rang;&rang;::basic_string__sub_object(unsigned, char)</a>
 <LI><a href="#[2d1]">std::__1::basic_string&lang;char, std::__1::char_traits&lang;char&rang;, std::__1::allocator&lang;char&rang;&rang;::basic_string(unsigned, char, const std::__1::allocator&lang;char&rang;&)</a>
 <LI><a href="#[465]">std::__1::basic_string&lang;char, std::__1::char_traits&lang;char&rang;, std::__1::allocator&lang;char&rang;&rang;::basic_string__sub_object(unsigned, char, const std::__1::allocator&lang;char&rang;&)</a>
 <LI><a href="#[2d2]">std::__1::basic_string&lang;char, std::__1::char_traits&lang;char&rang;, std::__1::allocator&lang;char&rang;&rang;::operator =(std::__1::basic_string&lang;char, std::__1::char_traits&lang;char&rang;, std::__1::allocator&lang;char&rang;&rang;&&)</a>
 <LI><a href="#[2d3]">std::__1::basic_string&lang;char, std::__1::char_traits&lang;char&rang;, std::__1::allocator&lang;char&rang;&rang;::operator =(const char*)</a>
 <LI><a href="#[2a6]">std::__1::basic_string&lang;char, std::__1::char_traits&lang;char&rang;, std::__1::allocator&lang;char&rang;&rang;::operator =(const std::__1::basic_string&lang;char, std::__1::char_traits&lang;char&rang;, std::__1::allocator&lang;char&rang;&rang;&)</a>
 <LI><a href="#[2d4]">std::__1::basic_string&lang;char, std::__1::char_traits&lang;char&rang;, std::__1::allocator&lang;char&rang;&rang;::operator =(std::initializer_list&lang;char&rang;)</a>
 <LI><a href="#[2d5]">std::__1::basic_string&lang;char, std::__1::char_traits&lang;char&rang;, std::__1::allocator&lang;char&rang;&rang;::operator +=(std::__1::basic_string_view&lang;char, std::__1::char_traits&lang;char&rang;&rang;)</a>
 <LI><a href="#[2d6]">std::__1::basic_string&lang;char, std::__1::char_traits&lang;char&rang;, std::__1::allocator&lang;char&rang;&rang;::operator +=(const char*)</a>
 <LI><a href="#[2d7]">std::__1::basic_string&lang;char, std::__1::char_traits&lang;char&rang;, std::__1::allocator&lang;char&rang;&rang;::operator +=(const std::__1::basic_string&lang;char, std::__1::char_traits&lang;char&rang;, std::__1::allocator&lang;char&rang;&rang;&)</a>
 <LI><a href="#[2d8]">std::__1::basic_string&lang;char, std::__1::char_traits&lang;char&rang;, std::__1::allocator&lang;char&rang;&rang;::operator +=(std::initializer_list&lang;char&rang;)</a>
 <LI><a href="#[2d9]">std::__1::basic_string&lang;char, std::__1::char_traits&lang;char&rang;, std::__1::allocator&lang;char&rang;&rang;::operator +=(char)</a>
 <LI><a href="#[2da]">std::__1::basic_string&lang;wchar_t, std::__1::char_traits&lang;wchar_t&rang;, std::__1::allocator&lang;wchar_t&rang;&rang;::__move_assign(std::__1::basic_string&lang;wchar_t, std::__1::char_traits&lang;wchar_t&rang;, std::__1::allocator&lang;wchar_t&rang;&rang;&, std::__1::integral_constant&lang;bool, (bool)0&rang;)</a>
 <LI><a href="#[2dc]">std::__1::basic_string&lang;wchar_t, std::__1::char_traits&lang;wchar_t&rang;, std::__1::allocator&lang;wchar_t&rang;&rang;::__move_assign(std::__1::basic_string&lang;wchar_t, std::__1::char_traits&lang;wchar_t&rang;, std::__1::allocator&lang;wchar_t&rang;&rang;&, std::__1::integral_constant&lang;bool, (bool)1&rang;)</a>
 <LI><a href="#[2dd]">std::__1::basic_string&lang;wchar_t, std::__1::char_traits&lang;wchar_t&rang;, std::__1::allocator&lang;wchar_t&rang;&rang;::shrink_to_fit()</a>
 <LI><a href="#[2de]">std::__1::basic_string&lang;wchar_t, std::__1::char_traits&lang;wchar_t&rang;, std::__1::allocator&lang;wchar_t&rang;&rang;::__grow_by_and_replace(unsigned, unsigned, unsigned, unsigned, unsigned, unsigned, const wchar_t*)</a>
 <LI><a href="#[2df]">std::__1::basic_string&lang;wchar_t, std::__1::char_traits&lang;wchar_t&rang;, std::__1::allocator&lang;wchar_t&rang;&rang;::at(unsigned)</a>
 <LI><a href="#[2e0]">std::__1::basic_string&lang;wchar_t, std::__1::char_traits&lang;wchar_t&rang;, std::__1::allocator&lang;wchar_t&rang;&rang;::erase(std::__1::__wrap_iter&lang;const wchar_t*&rang;)</a>
 <LI><a href="#[2e2]">std::__1::basic_string&lang;wchar_t, std::__1::char_traits&lang;wchar_t&rang;, std::__1::allocator&lang;wchar_t&rang;&rang;::erase(std::__1::__wrap_iter&lang;const wchar_t*&rang;, std::__1::__wrap_iter&lang;const wchar_t*&rang;)</a>
 <LI><a href="#[2e1]">std::__1::basic_string&lang;wchar_t, std::__1::char_traits&lang;wchar_t&rang;, std::__1::allocator&lang;wchar_t&rang;&rang;::erase(unsigned, unsigned)</a>
 <LI><a href="#[2e3]">std::__1::basic_string&lang;wchar_t, std::__1::char_traits&lang;wchar_t&rang;, std::__1::allocator&lang;wchar_t&rang;&rang;::__init(const wchar_t*, unsigned)</a>
 <LI><a href="#[2e4]">std::__1::basic_string&lang;wchar_t, std::__1::char_traits&lang;wchar_t&rang;, std::__1::allocator&lang;wchar_t&rang;&rang;::__init(const wchar_t*, unsigned, unsigned)</a>
 <LI><a href="#[2e5]">std::__1::basic_string&lang;wchar_t, std::__1::char_traits&lang;wchar_t&rang;, std::__1::allocator&lang;wchar_t&rang;&rang;::__init(unsigned, wchar_t)</a>
 <LI><a href="#[2e6]">std::__1::enable_if&lang;__is_forward_iterator&lang;T1&rang;::value, void&rang;::type std::__1::basic_string&lang;wchar_t, std::__1::char_traits&lang;wchar_t&rang;, std::__1::allocator&lang;wchar_t&rang;&rang;::__init&lang;const wchar_t*&rang;(T1, T1)</a>
 <LI><a href="#[2e7]">std::__1::basic_string&lang;wchar_t, std::__1::char_traits&lang;wchar_t&rang;, std::__1::allocator&lang;wchar_t&rang;&rang;::append(std::__1::basic_string_view&lang;wchar_t, std::__1::char_traits&lang;wchar_t&rang;&rang;)</a>
 <LI><a href="#[2e9]">std::__1::basic_string&lang;wchar_t, std::__1::char_traits&lang;wchar_t&rang;, std::__1::allocator&lang;wchar_t&rang;&rang;::append(const wchar_t*)</a>
 <LI><a href="#[2e8]">std::__1::basic_string&lang;wchar_t, std::__1::char_traits&lang;wchar_t&rang;, std::__1::allocator&lang;wchar_t&rang;&rang;::append(const wchar_t*, unsigned)</a>
 <LI><a href="#[2ea]">std::__1::basic_string&lang;wchar_t, std::__1::char_traits&lang;wchar_t&rang;, std::__1::allocator&lang;wchar_t&rang;&rang;::append(const std::__1::basic_string&lang;wchar_t, std::__1::char_traits&lang;wchar_t&rang;, std::__1::allocator&lang;wchar_t&rang;&rang;&)</a>
 <LI><a href="#[2eb]">std::__1::basic_string&lang;wchar_t, std::__1::char_traits&lang;wchar_t&rang;, std::__1::allocator&lang;wchar_t&rang;&rang;::append(const std::__1::basic_string&lang;wchar_t, std::__1::char_traits&lang;wchar_t&rang;, std::__1::allocator&lang;wchar_t&rang;&rang;&, unsigned, unsigned)</a>
 <LI><a href="#[2ec]">std::__1::basic_string&lang;wchar_t, std::__1::char_traits&lang;wchar_t&rang;, std::__1::allocator&lang;wchar_t&rang;&rang;::append(std::initializer_list&lang;wchar_t&rang;)</a>
 <LI><a href="#[2ed]">std::__1::basic_string&lang;wchar_t, std::__1::char_traits&lang;wchar_t&rang;, std::__1::allocator&lang;wchar_t&rang;&rang;::append(unsigned, wchar_t)</a>
 <LI><a href="#[2ef]">std::__1::basic_string&lang;wchar_t, std::__1::char_traits&lang;wchar_t&rang;, std::__1::allocator&lang;wchar_t&rang;&rang;::assign(std::__1::basic_string_view&lang;wchar_t, std::__1::char_traits&lang;wchar_t&rang;&rang;)</a>
 <LI><a href="#[2f1]">std::__1::basic_string&lang;wchar_t, std::__1::char_traits&lang;wchar_t&rang;, std::__1::allocator&lang;wchar_t&rang;&rang;::assign(std::__1::basic_string&lang;wchar_t, std::__1::char_traits&lang;wchar_t&rang;, std::__1::allocator&lang;wchar_t&rang;&rang;&&)</a>
 <LI><a href="#[2f2]">std::__1::basic_string&lang;wchar_t, std::__1::char_traits&lang;wchar_t&rang;, std::__1::allocator&lang;wchar_t&rang;&rang;::assign(const wchar_t*)</a>
 <LI><a href="#[2f0]">std::__1::basic_string&lang;wchar_t, std::__1::char_traits&lang;wchar_t&rang;, std::__1::allocator&lang;wchar_t&rang;&rang;::assign(const wchar_t*, unsigned)</a>
 <LI><a href="#[2f3]">std::__1::basic_string&lang;wchar_t, std::__1::char_traits&lang;wchar_t&rang;, std::__1::allocator&lang;wchar_t&rang;&rang;::assign(const std::__1::basic_string&lang;wchar_t, std::__1::char_traits&lang;wchar_t&rang;, std::__1::allocator&lang;wchar_t&rang;&rang;&)</a>
 <LI><a href="#[2f5]">std::__1::basic_string&lang;wchar_t, std::__1::char_traits&lang;wchar_t&rang;, std::__1::allocator&lang;wchar_t&rang;&rang;::assign(const std::__1::basic_string&lang;wchar_t, std::__1::char_traits&lang;wchar_t&rang;, std::__1::allocator&lang;wchar_t&rang;&rang;&, unsigned, unsigned)</a>
 <LI><a href="#[2f6]">std::__1::basic_string&lang;wchar_t, std::__1::char_traits&lang;wchar_t&rang;, std::__1::allocator&lang;wchar_t&rang;&rang;::assign(std::initializer_list&lang;wchar_t&rang;)</a>
 <LI><a href="#[2f7]">std::__1::basic_string&lang;wchar_t, std::__1::char_traits&lang;wchar_t&rang;, std::__1::allocator&lang;wchar_t&rang;&rang;::assign(unsigned, wchar_t)</a>
 <LI><a href="#[2f8]">std::__1::basic_string&lang;wchar_t, std::__1::char_traits&lang;wchar_t&rang;, std::__1::allocator&lang;wchar_t&rang;&rang;::insert(std::__1::__wrap_iter&lang;const wchar_t*&rang;, std::initializer_list&lang;wchar_t&rang;)</a>
 <LI><a href="#[2fa]">std::__1::basic_string&lang;wchar_t, std::__1::char_traits&lang;wchar_t&rang;, std::__1::allocator&lang;wchar_t&rang;&rang;::insert(std::__1::__wrap_iter&lang;const wchar_t*&rang;, unsigned, wchar_t)</a>
 <LI><a href="#[2fc]">std::__1::basic_string&lang;wchar_t, std::__1::char_traits&lang;wchar_t&rang;, std::__1::allocator&lang;wchar_t&rang;&rang;::insert(std::__1::__wrap_iter&lang;const wchar_t*&rang;, wchar_t)</a>
 <LI><a href="#[2fd]">std::__1::basic_string&lang;wchar_t, std::__1::char_traits&lang;wchar_t&rang;, std::__1::allocator&lang;wchar_t&rang;&rang;::insert(unsigned, std::__1::basic_string_view&lang;wchar_t, std::__1::char_traits&lang;wchar_t&rang;&rang;)</a>
 <LI><a href="#[2ff]">std::__1::basic_string&lang;wchar_t, std::__1::char_traits&lang;wchar_t&rang;, std::__1::allocator&lang;wchar_t&rang;&rang;::insert(unsigned, const wchar_t*)</a>
 <LI><a href="#[2fe]">std::__1::basic_string&lang;wchar_t, std::__1::char_traits&lang;wchar_t&rang;, std::__1::allocator&lang;wchar_t&rang;&rang;::insert(unsigned, const wchar_t*, unsigned)</a>
 <LI><a href="#[300]">std::__1::basic_string&lang;wchar_t, std::__1::char_traits&lang;wchar_t&rang;, std::__1::allocator&lang;wchar_t&rang;&rang;::insert(unsigned, const std::__1::basic_string&lang;wchar_t, std::__1::char_traits&lang;wchar_t&rang;, std::__1::allocator&lang;wchar_t&rang;&rang;&)</a>
 <LI><a href="#[301]">std::__1::basic_string&lang;wchar_t, std::__1::char_traits&lang;wchar_t&rang;, std::__1::allocator&lang;wchar_t&rang;&rang;::insert(unsigned, const std::__1::basic_string&lang;wchar_t, std::__1::char_traits&lang;wchar_t&rang;, std::__1::allocator&lang;wchar_t&rang;&rang;&, unsigned, unsigned)</a>
 <LI><a href="#[2fb]">std::__1::basic_string&lang;wchar_t, std::__1::char_traits&lang;wchar_t&rang;, std::__1::allocator&lang;wchar_t&rang;&rang;::insert(unsigned, unsigned, wchar_t)</a>
 <LI><a href="#[2f9]">std::__1::enable_if&lang;(__is_forward_iterator&lang;T1&rang;::value&&__libcpp_string_gets_noexcept_iterator&lang;T1&rang;::value), std::__1::__wrap_iter&lang;wchar_t*&rang;&rang;::type std::__1::basic_string&lang;wchar_t, std::__1::char_traits&lang;wchar_t&rang;, std::__1::allocator&lang;wchar_t&rang;&rang;::insert&lang;const wchar_t*&rang;(std::__1::__wrap_iter&lang;const wchar_t*&rang;, T1, T1)</a>
 <LI><a href="#[466]">std::__1::basic_string&lang;wchar_t, std::__1::char_traits&lang;wchar_t&rang;, std::__1::allocator&lang;wchar_t&rang;&rang;::resize(unsigned)</a>
 <LI><a href="#[284]">std::__1::basic_string&lang;wchar_t, std::__1::char_traits&lang;wchar_t&rang;, std::__1::allocator&lang;wchar_t&rang;&rang;::resize(unsigned, wchar_t)</a>
 <LI><a href="#[302]">std::__1::basic_string&lang;wchar_t, std::__1::char_traits&lang;wchar_t&rang;, std::__1::allocator&lang;wchar_t&rang;&rang;::replace(std::__1::__wrap_iter&lang;const wchar_t*&rang;, std::__1::__wrap_iter&lang;const wchar_t*&rang;, std::__1::basic_string_view&lang;wchar_t, std::__1::char_traits&lang;wchar_t&rang;&rang;)</a>
 <LI><a href="#[304]">std::__1::basic_string&lang;wchar_t, std::__1::char_traits&lang;wchar_t&rang;, std::__1::allocator&lang;wchar_t&rang;&rang;::replace(std::__1::__wrap_iter&lang;const wchar_t*&rang;, std::__1::__wrap_iter&lang;const wchar_t*&rang;, const std::__1::basic_string&lang;wchar_t, std::__1::char_traits&lang;wchar_t&rang;, std::__1::allocator&lang;wchar_t&rang;&rang;&)</a>
 <LI><a href="#[305]">std::__1::basic_string&lang;wchar_t, std::__1::char_traits&lang;wchar_t&rang;, std::__1::allocator&lang;wchar_t&rang;&rang;::replace(std::__1::__wrap_iter&lang;const wchar_t*&rang;, std::__1::__wrap_iter&lang;const wchar_t*&rang;, const wchar_t*)</a>
 <LI><a href="#[306]">std::__1::basic_string&lang;wchar_t, std::__1::char_traits&lang;wchar_t&rang;, std::__1::allocator&lang;wchar_t&rang;&rang;::replace(std::__1::__wrap_iter&lang;const wchar_t*&rang;, std::__1::__wrap_iter&lang;const wchar_t*&rang;, const wchar_t*, unsigned)</a>
 <LI><a href="#[307]">std::__1::basic_string&lang;wchar_t, std::__1::char_traits&lang;wchar_t&rang;, std::__1::allocator&lang;wchar_t&rang;&rang;::replace(std::__1::__wrap_iter&lang;const wchar_t*&rang;, std::__1::__wrap_iter&lang;const wchar_t*&rang;, std::initializer_list&lang;wchar_t&rang;)</a>
 <LI><a href="#[308]">std::__1::basic_string&lang;wchar_t, std::__1::char_traits&lang;wchar_t&rang;, std::__1::allocator&lang;wchar_t&rang;&rang;::replace(std::__1::__wrap_iter&lang;const wchar_t*&rang;, std::__1::__wrap_iter&lang;const wchar_t*&rang;, unsigned, wchar_t)</a>
 <LI><a href="#[30a]">std::__1::basic_string&lang;wchar_t, std::__1::char_traits&lang;wchar_t&rang;, std::__1::allocator&lang;wchar_t&rang;&rang;::replace(unsigned, unsigned, std::__1::basic_string_view&lang;wchar_t, std::__1::char_traits&lang;wchar_t&rang;&rang;)</a>
 <LI><a href="#[30b]">std::__1::basic_string&lang;wchar_t, std::__1::char_traits&lang;wchar_t&rang;, std::__1::allocator&lang;wchar_t&rang;&rang;::replace(unsigned, unsigned, const wchar_t*)</a>
 <LI><a href="#[303]">std::__1::basic_string&lang;wchar_t, std::__1::char_traits&lang;wchar_t&rang;, std::__1::allocator&lang;wchar_t&rang;&rang;::replace(unsigned, unsigned, const wchar_t*, unsigned)</a>
 <LI><a href="#[30c]">std::__1::basic_string&lang;wchar_t, std::__1::char_traits&lang;wchar_t&rang;, std::__1::allocator&lang;wchar_t&rang;&rang;::replace(unsigned, unsigned, const std::__1::basic_string&lang;wchar_t, std::__1::char_traits&lang;wchar_t&rang;, std::__1::allocator&lang;wchar_t&rang;&rang;&)</a>
 <LI><a href="#[30d]">std::__1::basic_string&lang;wchar_t, std::__1::char_traits&lang;wchar_t&rang;, std::__1::allocator&lang;wchar_t&rang;&rang;::replace(unsigned, unsigned, const std::__1::basic_string&lang;wchar_t, std::__1::char_traits&lang;wchar_t&rang;, std::__1::allocator&lang;wchar_t&rang;&rang;&, unsigned, unsigned)</a>
 <LI><a href="#[309]">std::__1::basic_string&lang;wchar_t, std::__1::char_traits&lang;wchar_t&rang;, std::__1::allocator&lang;wchar_t&rang;&rang;::replace(unsigned, unsigned, unsigned, wchar_t)</a>
 <LI><a href="#[2db]">std::__1::basic_string&lang;wchar_t, std::__1::char_traits&lang;wchar_t&rang;, std::__1::allocator&lang;wchar_t&rang;&rang;::reserve(unsigned)</a>
 <LI><a href="#[2ee]">std::__1::basic_string&lang;wchar_t, std::__1::char_traits&lang;wchar_t&rang;, std::__1::allocator&lang;wchar_t&rang;&rang;::__grow_by(unsigned, unsigned, unsigned, unsigned, unsigned, unsigned)</a>
 <LI><a href="#[30e]">std::__1::basic_string&lang;wchar_t, std::__1::char_traits&lang;wchar_t&rang;, std::__1::allocator&lang;wchar_t&rang;&rang;::push_back(wchar_t)</a>
 <LI><a href="#[30f]">std::__1::basic_string&lang;wchar_t, std::__1::char_traits&lang;wchar_t&rang;, std::__1::allocator&lang;wchar_t&rang;&rang;::basic_string(std::__1::basic_string_view&lang;wchar_t, std::__1::char_traits&lang;wchar_t&rang;&rang;)</a>
 <LI><a href="#[467]">std::__1::basic_string&lang;wchar_t, std::__1::char_traits&lang;wchar_t&rang;, std::__1::allocator&lang;wchar_t&rang;&rang;::basic_string__sub_object(std::__1::basic_string_view&lang;wchar_t, std::__1::char_traits&lang;wchar_t&rang;&rang;)</a>
 <LI><a href="#[310]">std::__1::basic_string&lang;wchar_t, std::__1::char_traits&lang;wchar_t&rang;, std::__1::allocator&lang;wchar_t&rang;&rang;::basic_string(std::__1::basic_string_view&lang;wchar_t, std::__1::char_traits&lang;wchar_t&rang;&rang;, const std::__1::allocator&lang;wchar_t&rang;&)</a>
 <LI><a href="#[468]">std::__1::basic_string&lang;wchar_t, std::__1::char_traits&lang;wchar_t&rang;, std::__1::allocator&lang;wchar_t&rang;&rang;::basic_string__sub_object(std::__1::basic_string_view&lang;wchar_t, std::__1::char_traits&lang;wchar_t&rang;&rang;, const std::__1::allocator&lang;wchar_t&rang;&)</a>
 <LI><a href="#[311]">std::__1::basic_string&lang;wchar_t, std::__1::char_traits&lang;wchar_t&rang;, std::__1::allocator&lang;wchar_t&rang;&rang;::basic_string(const wchar_t*)</a>
 <LI><a href="#[469]">std::__1::basic_string&lang;wchar_t, std::__1::char_traits&lang;wchar_t&rang;, std::__1::allocator&lang;wchar_t&rang;&rang;::basic_string__sub_object(const wchar_t*)</a>
 <LI><a href="#[312]">std::__1::basic_string&lang;wchar_t, std::__1::char_traits&lang;wchar_t&rang;, std::__1::allocator&lang;wchar_t&rang;&rang;::basic_string(const wchar_t*, const std::__1::allocator&lang;wchar_t&rang;&)</a>
 <LI><a href="#[46a]">std::__1::basic_string&lang;wchar_t, std::__1::char_traits&lang;wchar_t&rang;, std::__1::allocator&lang;wchar_t&rang;&rang;::basic_string__sub_object(const wchar_t*, const std::__1::allocator&lang;wchar_t&rang;&)</a>
 <LI><a href="#[313]">std::__1::basic_string&lang;wchar_t, std::__1::char_traits&lang;wchar_t&rang;, std::__1::allocator&lang;wchar_t&rang;&rang;::basic_string(const wchar_t*, unsigned)</a>
 <LI><a href="#[46b]">std::__1::basic_string&lang;wchar_t, std::__1::char_traits&lang;wchar_t&rang;, std::__1::allocator&lang;wchar_t&rang;&rang;::basic_string__sub_object(const wchar_t*, unsigned)</a>
 <LI><a href="#[314]">std::__1::basic_string&lang;wchar_t, std::__1::char_traits&lang;wchar_t&rang;, std::__1::allocator&lang;wchar_t&rang;&rang;::basic_string(const wchar_t*, unsigned, const std::__1::allocator&lang;wchar_t&rang;&)</a>
 <LI><a href="#[46c]">std::__1::basic_string&lang;wchar_t, std::__1::char_traits&lang;wchar_t&rang;, std::__1::allocator&lang;wchar_t&rang;&rang;::basic_string__sub_object(const wchar_t*, unsigned, const std::__1::allocator&lang;wchar_t&rang;&)</a>
 <LI><a href="#[315]">std::__1::basic_string&lang;wchar_t, std::__1::char_traits&lang;wchar_t&rang;, std::__1::allocator&lang;wchar_t&rang;&rang;::basic_string(const std::__1::basic_string&lang;wchar_t, std::__1::char_traits&lang;wchar_t&rang;, std::__1::allocator&lang;wchar_t&rang;&rang;&)</a>
 <LI><a href="#[46d]">std::__1::basic_string&lang;wchar_t, std::__1::char_traits&lang;wchar_t&rang;, std::__1::allocator&lang;wchar_t&rang;&rang;::basic_string__sub_object(const std::__1::basic_string&lang;wchar_t, std::__1::char_traits&lang;wchar_t&rang;, std::__1::allocator&lang;wchar_t&rang;&rang;&)</a>
 <LI><a href="#[316]">std::__1::basic_string&lang;wchar_t, std::__1::char_traits&lang;wchar_t&rang;, std::__1::allocator&lang;wchar_t&rang;&rang;::basic_string(const std::__1::basic_string&lang;wchar_t, std::__1::char_traits&lang;wchar_t&rang;, std::__1::allocator&lang;wchar_t&rang;&rang;&, const std::__1::allocator&lang;wchar_t&rang;&)</a>
 <LI><a href="#[46e]">std::__1::basic_string&lang;wchar_t, std::__1::char_traits&lang;wchar_t&rang;, std::__1::allocator&lang;wchar_t&rang;&rang;::basic_string__sub_object(const std::__1::basic_string&lang;wchar_t, std::__1::char_traits&lang;wchar_t&rang;, std::__1::allocator&lang;wchar_t&rang;&rang;&, const std::__1::allocator&lang;wchar_t&rang;&)</a>
 <LI><a href="#[317]">std::__1::basic_string&lang;wchar_t, std::__1::char_traits&lang;wchar_t&rang;, std::__1::allocator&lang;wchar_t&rang;&rang;::basic_string(const std::__1::basic_string&lang;wchar_t, std::__1::char_traits&lang;wchar_t&rang;, std::__1::allocator&lang;wchar_t&rang;&rang;&, unsigned, const std::__1::allocator&lang;wchar_t&rang;&)</a>
 <LI><a href="#[46f]">std::__1::basic_string&lang;wchar_t, std::__1::char_traits&lang;wchar_t&rang;, std::__1::allocator&lang;wchar_t&rang;&rang;::basic_string__sub_object(const std::__1::basic_string&lang;wchar_t, std::__1::char_traits&lang;wchar_t&rang;, std::__1::allocator&lang;wchar_t&rang;&rang;&, unsigned, const std::__1::allocator&lang;wchar_t&rang;&)</a>
 <LI><a href="#[318]">std::__1::basic_string&lang;wchar_t, std::__1::char_traits&lang;wchar_t&rang;, std::__1::allocator&lang;wchar_t&rang;&rang;::basic_string(const std::__1::basic_string&lang;wchar_t, std::__1::char_traits&lang;wchar_t&rang;, std::__1::allocator&lang;wchar_t&rang;&rang;&, unsigned, unsigned, const std::__1::allocator&lang;wchar_t&rang;&)</a>
 <LI><a href="#[273]">std::__1::basic_string&lang;wchar_t, std::__1::char_traits&lang;wchar_t&rang;, std::__1::allocator&lang;wchar_t&rang;&rang;::basic_string__sub_object(const std::__1::basic_string&lang;wchar_t, std::__1::char_traits&lang;wchar_t&rang;, std::__1::allocator&lang;wchar_t&rang;&rang;&, unsigned, unsigned, const std::__1::allocator&lang;wchar_t&rang;&)</a>
 <LI><a href="#[319]">std::__1::basic_string&lang;wchar_t, std::__1::char_traits&lang;wchar_t&rang;, std::__1::allocator&lang;wchar_t&rang;&rang;::basic_string(std::initializer_list&lang;wchar_t&rang;)</a>
 <LI><a href="#[470]">std::__1::basic_string&lang;wchar_t, std::__1::char_traits&lang;wchar_t&rang;, std::__1::allocator&lang;wchar_t&rang;&rang;::basic_string__sub_object(std::initializer_list&lang;wchar_t&rang;)</a>
 <LI><a href="#[31a]">std::__1::basic_string&lang;wchar_t, std::__1::char_traits&lang;wchar_t&rang;, std::__1::allocator&lang;wchar_t&rang;&rang;::basic_string(std::initializer_list&lang;wchar_t&rang;, const std::__1::allocator&lang;wchar_t&rang;&)</a>
 <LI><a href="#[471]">std::__1::basic_string&lang;wchar_t, std::__1::char_traits&lang;wchar_t&rang;, std::__1::allocator&lang;wchar_t&rang;&rang;::basic_string__sub_object(std::initializer_list&lang;wchar_t&rang;, const std::__1::allocator&lang;wchar_t&rang;&)</a>
 <LI><a href="#[31b]">std::__1::basic_string&lang;wchar_t, std::__1::char_traits&lang;wchar_t&rang;, std::__1::allocator&lang;wchar_t&rang;&rang;::basic_string(unsigned, wchar_t)</a>
 <LI><a href="#[472]">std::__1::basic_string&lang;wchar_t, std::__1::char_traits&lang;wchar_t&rang;, std::__1::allocator&lang;wchar_t&rang;&rang;::basic_string__sub_object(unsigned, wchar_t)</a>
 <LI><a href="#[31c]">std::__1::basic_string&lang;wchar_t, std::__1::char_traits&lang;wchar_t&rang;, std::__1::allocator&lang;wchar_t&rang;&rang;::basic_string(unsigned, wchar_t, const std::__1::allocator&lang;wchar_t&rang;&)</a>
 <LI><a href="#[473]">std::__1::basic_string&lang;wchar_t, std::__1::char_traits&lang;wchar_t&rang;, std::__1::allocator&lang;wchar_t&rang;&rang;::basic_string__sub_object(unsigned, wchar_t, const std::__1::allocator&lang;wchar_t&rang;&)</a>
 <LI><a href="#[31d]">std::__1::basic_string&lang;wchar_t, std::__1::char_traits&lang;wchar_t&rang;, std::__1::allocator&lang;wchar_t&rang;&rang;::operator =(std::__1::basic_string&lang;wchar_t, std::__1::char_traits&lang;wchar_t&rang;, std::__1::allocator&lang;wchar_t&rang;&rang;&&)</a>
 <LI><a href="#[31e]">std::__1::basic_string&lang;wchar_t, std::__1::char_traits&lang;wchar_t&rang;, std::__1::allocator&lang;wchar_t&rang;&rang;::operator =(const wchar_t*)</a>
 <LI><a href="#[2f4]">std::__1::basic_string&lang;wchar_t, std::__1::char_traits&lang;wchar_t&rang;, std::__1::allocator&lang;wchar_t&rang;&rang;::operator =(const std::__1::basic_string&lang;wchar_t, std::__1::char_traits&lang;wchar_t&rang;, std::__1::allocator&lang;wchar_t&rang;&rang;&)</a>
 <LI><a href="#[31f]">std::__1::basic_string&lang;wchar_t, std::__1::char_traits&lang;wchar_t&rang;, std::__1::allocator&lang;wchar_t&rang;&rang;::operator =(std::initializer_list&lang;wchar_t&rang;)</a>
 <LI><a href="#[320]">std::__1::basic_string&lang;wchar_t, std::__1::char_traits&lang;wchar_t&rang;, std::__1::allocator&lang;wchar_t&rang;&rang;::operator +=(std::__1::basic_string_view&lang;wchar_t, std::__1::char_traits&lang;wchar_t&rang;&rang;)</a>
 <LI><a href="#[321]">std::__1::basic_string&lang;wchar_t, std::__1::char_traits&lang;wchar_t&rang;, std::__1::allocator&lang;wchar_t&rang;&rang;::operator +=(const wchar_t*)</a>
 <LI><a href="#[322]">std::__1::basic_string&lang;wchar_t, std::__1::char_traits&lang;wchar_t&rang;, std::__1::allocator&lang;wchar_t&rang;&rang;::operator +=(const std::__1::basic_string&lang;wchar_t, std::__1::char_traits&lang;wchar_t&rang;, std::__1::allocator&lang;wchar_t&rang;&rang;&)</a>
 <LI><a href="#[323]">std::__1::basic_string&lang;wchar_t, std::__1::char_traits&lang;wchar_t&rang;, std::__1::allocator&lang;wchar_t&rang;&rang;::operator +=(std::initializer_list&lang;wchar_t&rang;)</a>
 <LI><a href="#[324]">std::__1::basic_string&lang;wchar_t, std::__1::char_traits&lang;wchar_t&rang;, std::__1::allocator&lang;wchar_t&rang;&rang;::operator +=(wchar_t)</a>
 <LI><a href="#[24e]">T2 std::__1::__upper_bound&lang;std::__1::__less&lang;unsigned, unsigned&rang;&, libunwind::EHABISectionIterator&lang;libunwind::LocalAddressSpace&rang;, unsigned&rang;(T2, T2, const T3&, T1)</a>
 <LI><a href="#[325]">std::__1::stod(const std::__1::basic_string&lang;char, std::__1::char_traits&lang;char&rang;, std::__1::allocator&lang;char&rang;&rang;&, unsigned*)</a>
 <LI><a href="#[329]">std::__1::stod(const std::__1::basic_string&lang;wchar_t, std::__1::char_traits&lang;wchar_t&rang;, std::__1::allocator&lang;wchar_t&rang;&rang;&, unsigned*)</a>
 <LI><a href="#[32b]">std::__1::stof(const std::__1::basic_string&lang;char, std::__1::char_traits&lang;char&rang;, std::__1::allocator&lang;char&rang;&rang;&, unsigned*)</a>
 <LI><a href="#[32d]">std::__1::stof(const std::__1::basic_string&lang;wchar_t, std::__1::char_traits&lang;wchar_t&rang;, std::__1::allocator&lang;wchar_t&rang;&rang;&, unsigned*)</a>
 <LI><a href="#[32f]">std::__1::stoi(const std::__1::basic_string&lang;char, std::__1::char_traits&lang;char&rang;, std::__1::allocator&lang;char&rang;&rang;&, unsigned*, int)</a>
 <LI><a href="#[330]">std::__1::stoi(const std::__1::basic_string&lang;wchar_t, std::__1::char_traits&lang;wchar_t&rang;, std::__1::allocator&lang;wchar_t&rang;&rang;&, unsigned*, int)</a>
 <LI><a href="#[331]">std::__1::stol(const std::__1::basic_string&lang;char, std::__1::char_traits&lang;char&rang;, std::__1::allocator&lang;char&rang;&rang;&, unsigned*, int)</a>
 <LI><a href="#[332]">std::__1::stol(const std::__1::basic_string&lang;wchar_t, std::__1::char_traits&lang;wchar_t&rang;, std::__1::allocator&lang;wchar_t&rang;&rang;&, unsigned*, int)</a>
 <LI><a href="#[333]">std::__1::stold(const std::__1::basic_string&lang;char, std::__1::char_traits&lang;char&rang;, std::__1::allocator&lang;char&rang;&rang;&, unsigned*)</a>
 <LI><a href="#[335]">std::__1::stold(const std::__1::basic_string&lang;wchar_t, std::__1::char_traits&lang;wchar_t&rang;, std::__1::allocator&lang;wchar_t&rang;&rang;&, unsigned*)</a>
 <LI><a href="#[337]">std::__1::stoll(const std::__1::basic_string&lang;char, std::__1::char_traits&lang;char&rang;, std::__1::allocator&lang;char&rang;&rang;&, unsigned*, int)</a>
 <LI><a href="#[338]">std::__1::stoll(const std::__1::basic_string&lang;wchar_t, std::__1::char_traits&lang;wchar_t&rang;, std::__1::allocator&lang;wchar_t&rang;&rang;&, unsigned*, int)</a>
 <LI><a href="#[339]">std::__1::stoul(const std::__1::basic_string&lang;char, std::__1::char_traits&lang;char&rang;, std::__1::allocator&lang;char&rang;&rang;&, unsigned*, int)</a>
 <LI><a href="#[33a]">std::__1::stoul(const std::__1::basic_string&lang;wchar_t, std::__1::char_traits&lang;wchar_t&rang;, std::__1::allocator&lang;wchar_t&rang;&rang;&, unsigned*, int)</a>
 <LI><a href="#[33b]">std::__1::stoull(const std::__1::basic_string&lang;char, std::__1::char_traits&lang;char&rang;, std::__1::allocator&lang;char&rang;&rang;&, unsigned*, int)</a>
 <LI><a href="#[33c]">std::__1::stoull(const std::__1::basic_string&lang;wchar_t, std::__1::char_traits&lang;wchar_t&rang;, std::__1::allocator&lang;wchar_t&rang;&rang;&, unsigned*, int)</a>
 <LI><a href="#[33d]">std::__1::to_string(double)</a>
 <LI><a href="#[33e]">std::__1::to_string(long double)</a>
 <LI><a href="#[33f]">std::__1::to_string(float)</a>
 <LI><a href="#[163]">std::__1::to_string(int)</a>
 <LI><a href="#[340]">std::__1::to_string(unsigned)</a>
 <LI><a href="#[341]">std::__1::to_string(long)</a>
 <LI><a href="#[342]">std::__1::to_string(unsigned long)</a>
 <LI><a href="#[343]">std::__1::to_string(long long)</a>
 <LI><a href="#[344]">std::__1::to_string(unsigned long long)</a>
 <LI><a href="#[345]">std::__1::basic_string&lang;T1, T2, T3&rang; std::__1::operator +&lang;char, std::__1::char_traits&lang;char&rang;, std::__1::allocator&lang;char&rang;&rang;(const T1*, const std::__1::basic_string&lang;T1, T2, T3&rang;&)</a>
 <LI><a href="#[327]">std::__1::basic_string&lang;T1, T2, T3&rang; std::__1::operator +&lang;char, std::__1::char_traits&lang;char&rang;, std::__1::allocator&lang;char&rang;&rang;(const std::__1::basic_string&lang;T1, T2, T3&rang;&, const T1*)</a>
 <LI><a href="#[352]">std::bad_alloc::bad_alloc()</a>
 <LI><a href="#[474]">std::bad_alloc::bad_alloc__sub_object()</a>
 <LI><a href="#[b6]">std::bad_alloc::~bad_alloc__deallocating()</a>
 <LI><a href="#[2]">std::bad_exception::~bad_exception()</a>
 <LI><a href="#[475]">std::bad_exception::~bad_exception__sub_object()</a>
 <LI><a href="#[476]">std::bad_array_length::~bad_array_length()</a>
 <LI><a href="#[477]">std::bad_array_length::~bad_array_length__sub_object()</a>
 <LI><a href="#[478]">std::bad_array_new_length::~bad_array_new_length()</a>
 <LI><a href="#[479]">std::bad_array_new_length::~bad_array_new_length__sub_object()</a>
 <LI><a href="#[64]">std::bad_alloc::~bad_alloc()</a>
 <LI><a href="#[47a]">std::bad_alloc::~bad_alloc__sub_object()</a>
 <LI><a href="#[47b]">std::exception::~exception()</a>
 <LI><a href="#[5]">std::exception::~exception__sub_object()</a>
 <LI><a href="#[47c]">std::type_info::~type_info()</a>
 <LI><a href="#[b]">std::type_info::~type_info__sub_object()</a>
 <LI><a href="#[346]">std::unexpected()</a>
 <LI><a href="#[242]">std::__terminate(void(*)())</a>
 <LI><a href="#[347]">std::__unexpected(void(*)())</a>
 <LI><a href="#[358]">std::get_terminate()</a>
 <LI><a href="#[47d]">std::set_terminate(void(*)())</a>
 <LI><a href="#[359]">std::get_unexpected()</a>
 <LI><a href="#[47e]">std::set_unexpected(void(*)())</a>
 <LI><a href="#[351]">std::get_new_handler()</a>
 <LI><a href="#[47f]">std::set_new_handler(void(*)())</a>
 <LI><a href="#[63]">std::terminate()</a>
 <LI><a href="#[34a]">operator delete[] (void*)</a>
 <LI><a href="#[34b]">operator delete[] (void*, const std::nothrow_t&)</a>
 <LI><a href="#[34c]">operator delete[] (void*, unsigned)</a>
 <LI><a href="#[129]">operator delete (void*)</a>
 <LI><a href="#[34d]">operator delete (void*, const std::nothrow_t&)</a>
 <LI><a href="#[34e]">operator delete (void*, unsigned)</a>
 <LI><a href="#[34f]">operator new[] (unsigned)</a>
 <LI><a href="#[350]">operator new[] (unsigned, const std::nothrow_t&)</a>
 <LI><a href="#[27f]">operator new(unsigned)</a>
 <LI><a href="#[353]">operator new(unsigned, const std::nothrow_t&)</a>
 <LI><a href="#[5c]">__aeabi_unwind_cpp_pr0</a>
 <LI><a href="#[5d]">__aeabi_unwind_cpp_pr1</a>
 <LI><a href="#[5e]">__aeabi_unwind_cpp_pr2</a>
 <LI><a href="#[265]">__clang_call_terminate</a>
 <LI><a href="#[354]">__cxa_allocate_dependent_exception</a>
 <LI><a href="#[26c]">__cxa_allocate_exception</a>
 <LI><a href="#[241]">__cxa_begin_catch</a>
 <LI><a href="#[357]">__cxa_begin_cleanup</a>
 <LI><a href="#[355]">__cxa_call_unexpected</a>
 <LI><a href="#[244]">__cxa_decrement_exception_refcount</a>
 <LI><a href="#[2c2]">__cxa_end_catch</a>
 <LI><a href="#[26f]">__cxa_free_exception</a>
 <LI><a href="#[356]">__cxa_get_globals</a>
 <LI><a href="#[349]">__cxa_get_globals_fast</a>
 <LI><a href="#[130]">__cxa_guard_acquire</a>
 <LI><a href="#[35a]">__cxa_rethrow</a>
 <LI><a href="#[35c]">__cxa_rethrow_primary_exception</a>
 <LI><a href="#[26e]">__cxa_throw</a>
 <LI><a href="#[256]">__dynamic_cast</a>
 <LI><a href="#[35d]">__gnu_unwind_frame</a>
 <LI><a href="#[67]">__gxx_personality_v0</a>
 <LI><a href="#[348]">abort_message</a>
 <LI><a href="#[24b]">decode_eht_entry</a>
 <LI><a href="#[22d]">unw_get_fpreg</a>
 <LI><a href="#[224]">unw_get_proc_info</a>
 <LI><a href="#[22b]">unw_get_reg</a>
 <LI><a href="#[228]">unw_init_local</a>
 <LI><a href="#[233]">unw_resume</a>
 <LI><a href="#[22c]">unw_save_vfp_as_X</a>
 <LI><a href="#[232]">unw_set_fpreg</a>
 <LI><a href="#[230]">unw_set_reg</a>
 <LI><a href="#[246]">unw_step</a>
 <LI><a href="#[23b]">_ZN10__cxxabiv1L11scan_eh_tabERNS_12_GLOBAL__N_112scan_resultsE14_Unwind_ActionbP21_Unwind_Control_BlockP15_Unwind_Context</a>
 <LI><a href="#[243]">_ZN10__cxxabiv1L13set_registersEP21_Unwind_Control_BlockP15_Unwind_ContextRKNS_12_GLOBAL__N_112scan_resultsE</a>
 <LI><a href="#[23e]">_ZN10__cxxabiv1L14call_terminateEbP21_Unwind_Control_Block</a>
 <LI><a href="#[23d]">_ZN10__cxxabiv1L18readEncodedPointerEPPKhh</a>
 <LI><a href="#[23f]">_ZN10__cxxabiv1L24exception_spec_can_catchExPKhhPKNS_16__shim_type_infoEPvP21_Unwind_Control_Block</a>
 <LI><a href="#[229]">_ZL13unwind_phase2P13unw_context_tP12unw_cursor_tP21_Unwind_Control_Blockb</a>
 <LI><a href="#[245]">_ZN12_GLOBAL__N_1L14unwindOneFrameEjP21_Unwind_Control_BlockP15_Unwind_Context</a>
 <LI><a href="#[240]">_ZN10__cxxabiv1L12failed_throwEPNS_15__cxa_exceptionE</a>
 <LI><a href="#[66]">_ZN10__cxxabiv1L22exception_cleanup_funcE19_Unwind_Reason_CodeP21_Unwind_Control_Block</a>
 <LI><a href="#[65]">_ZN10__cxxabiv1L27dependent_exception_cleanupE19_Unwind_Reason_CodeP21_Unwind_Control_Block</a>
 <LI><a href="#[236]">&lang;unnamed namespace 1&rang;::fallback_free(void*)</a>
 <LI><a href="#[238]">&lang;unnamed namespace 1&rang;::fallback_malloc(unsigned)</a>
</UL>
</UL>
<P>
<H3>
Mutually Recursive functions
</H3> <LI><a href="#[f]">NMI_Handler</a>&nbsp;&nbsp;&nbsp;&rArr;&nbsp;&nbsp;&nbsp;<a href="#[f]">NMI_Handler</a><BR>
 <LI><a href="#[10]">HardFault_Handler</a>&nbsp;&nbsp;&nbsp;&rArr;&nbsp;&nbsp;&nbsp;<a href="#[10]">HardFault_Handler</a><BR>
 <LI><a href="#[11]">MemManage_Handler</a>&nbsp;&nbsp;&nbsp;&rArr;&nbsp;&nbsp;&nbsp;<a href="#[11]">MemManage_Handler</a><BR>
 <LI><a href="#[12]">BusFault_Handler</a>&nbsp;&nbsp;&nbsp;&rArr;&nbsp;&nbsp;&nbsp;<a href="#[12]">BusFault_Handler</a><BR>
 <LI><a href="#[13]">UsageFault_Handler</a>&nbsp;&nbsp;&nbsp;&rArr;&nbsp;&nbsp;&nbsp;<a href="#[13]">UsageFault_Handler</a><BR>
 <LI><a href="#[14]">SVC_Handler</a>&nbsp;&nbsp;&nbsp;&rArr;&nbsp;&nbsp;&nbsp;<a href="#[14]">SVC_Handler</a><BR>
 <LI><a href="#[15]">DebugMon_Handler</a>&nbsp;&nbsp;&nbsp;&rArr;&nbsp;&nbsp;&nbsp;<a href="#[15]">DebugMon_Handler</a><BR>
 <LI><a href="#[16]">PendSV_Handler</a>&nbsp;&nbsp;&nbsp;&rArr;&nbsp;&nbsp;&nbsp;<a href="#[16]">PendSV_Handler</a><BR>
 <LI><a href="#[2a]">ADC1_2_IRQHandler</a>&nbsp;&nbsp;&nbsp;&rArr;&nbsp;&nbsp;&nbsp;<a href="#[2a]">ADC1_2_IRQHandler</a><BR>
 <LI><a href="#[265]">__clang_call_terminate</a>&nbsp;&nbsp;&nbsp;&rArr;&nbsp;&nbsp;&nbsp;<a href="#[63]">std::terminate()</a><BR>
 <LI><a href="#[241]">__cxa_begin_catch</a>&nbsp;&nbsp;&nbsp;&rArr;&nbsp;&nbsp;&nbsp;<a href="#[63]">std::terminate()</a><BR>
 <LI><a href="#[26c]">__cxa_allocate_exception</a>&nbsp;&nbsp;&nbsp;&rArr;&nbsp;&nbsp;&nbsp;<a href="#[63]">std::terminate()</a><BR>
 <LI><a href="#[35a]">__cxa_rethrow</a>&nbsp;&nbsp;&nbsp;&rArr;&nbsp;&nbsp;&nbsp;<a href="#[63]">std::terminate()</a><BR>
 <LI><a href="#[355]">__cxa_call_unexpected</a>&nbsp;&nbsp;&nbsp;&rArr;&nbsp;&nbsp;&nbsp;<a href="#[242]">std::__terminate(void(*)())</a><BR>
 <LI><a href="#[23e]">_ZN10__cxxabiv1L14call_terminateEbP21_Unwind_Control_Block</a>&nbsp;&nbsp;&nbsp;&rArr;&nbsp;&nbsp;&nbsp;<a href="#[63]">std::terminate()</a><BR>
 <LI><a href="#[240]">_ZN10__cxxabiv1L12failed_throwEPNS_15__cxa_exceptionE</a>&nbsp;&nbsp;&nbsp;&rArr;&nbsp;&nbsp;&nbsp;<a href="#[242]">std::__terminate(void(*)())</a><BR>
 <LI><a href="#[244]">__cxa_decrement_exception_refcount</a>&nbsp;&nbsp;&nbsp;&rArr;&nbsp;&nbsp;&nbsp;<a href="#[355]">__cxa_call_unexpected</a><BR>
</UL>
<P>
<H3>
Function Pointers
</H3><UL>
 <LI><a href="#[2a]">ADC1_2_IRQHandler</a> from startup_stm32f10x_md.o(.text) referenced from startup_stm32f10x_md.o(RESET)
 <LI><a href="#[12]">BusFault_Handler</a> from startup_stm32f10x_md.o(.text) referenced from startup_stm32f10x_md.o(RESET)
 <LI><a href="#[2d]">CAN1_RX1_IRQHandler</a> from startup_stm32f10x_md.o(.text) referenced from startup_stm32f10x_md.o(RESET)
 <LI><a href="#[2e]">CAN1_SCE_IRQHandler</a> from startup_stm32f10x_md.o(.text) referenced from startup_stm32f10x_md.o(RESET)
 <LI><a href="#[23]">DMA1_Channel1_IRQHandler</a> from startup_stm32f10x_md.o(.text) referenced from startup_stm32f10x_md.o(RESET)
 <LI><a href="#[24]">DMA1_Channel2_IRQHandler</a> from startup_stm32f10x_md.o(.text) referenced from startup_stm32f10x_md.o(RESET)
 <LI><a href="#[25]">DMA1_Channel3_IRQHandler</a> from startup_stm32f10x_md.o(.text) referenced from startup_stm32f10x_md.o(RESET)
 <LI><a href="#[26]">DMA1_Channel4_IRQHandler</a> from startup_stm32f10x_md.o(.text) referenced from startup_stm32f10x_md.o(RESET)
 <LI><a href="#[27]">DMA1_Channel5_IRQHandler</a> from startup_stm32f10x_md.o(.text) referenced from startup_stm32f10x_md.o(RESET)
 <LI><a href="#[28]">DMA1_Channel6_IRQHandler</a> from startup_stm32f10x_md.o(.text) referenced from startup_stm32f10x_md.o(RESET)
 <LI><a href="#[29]">DMA1_Channel7_IRQHandler</a> from startup_stm32f10x_md.o(.text) referenced from startup_stm32f10x_md.o(RESET)
 <LI><a href="#[15]">DebugMon_Handler</a> from startup_stm32f10x_md.o(.text) referenced from startup_stm32f10x_md.o(RESET)
 <LI><a href="#[1e]">EXTI0_IRQHandler</a> from interruptmanager.o(.text) referenced from startup_stm32f10x_md.o(RESET)
 <LI><a href="#[40]">EXTI15_10_IRQHandler</a> from interruptmanager.o(.text) referenced from startup_stm32f10x_md.o(RESET)
 <LI><a href="#[1f]">EXTI1_IRQHandler</a> from interruptmanager.o(.text) referenced from startup_stm32f10x_md.o(RESET)
 <LI><a href="#[20]">EXTI2_IRQHandler</a> from interruptmanager.o(.text) referenced from startup_stm32f10x_md.o(RESET)
 <LI><a href="#[21]">EXTI3_IRQHandler</a> from interruptmanager.o(.text) referenced from startup_stm32f10x_md.o(RESET)
 <LI><a href="#[22]">EXTI4_IRQHandler</a> from interruptmanager.o(.text) referenced from startup_stm32f10x_md.o(RESET)
 <LI><a href="#[2f]">EXTI9_5_IRQHandler</a> from interruptmanager.o(.text) referenced from startup_stm32f10x_md.o(RESET)
 <LI><a href="#[1c]">FLASH_IRQHandler</a> from startup_stm32f10x_md.o(.text) referenced from startup_stm32f10x_md.o(RESET)
 <LI><a href="#[10]">HardFault_Handler</a> from startup_stm32f10x_md.o(.text) referenced from startup_stm32f10x_md.o(RESET)
 <LI><a href="#[38]">I2C1_ER_IRQHandler</a> from startup_stm32f10x_md.o(.text) referenced from startup_stm32f10x_md.o(RESET)
 <LI><a href="#[37]">I2C1_EV_IRQHandler</a> from startup_stm32f10x_md.o(.text) referenced from startup_stm32f10x_md.o(RESET)
 <LI><a href="#[3a]">I2C2_ER_IRQHandler</a> from startup_stm32f10x_md.o(.text) referenced from startup_stm32f10x_md.o(RESET)
 <LI><a href="#[39]">I2C2_EV_IRQHandler</a> from startup_stm32f10x_md.o(.text) referenced from startup_stm32f10x_md.o(RESET)
 <LI><a href="#[11]">MemManage_Handler</a> from startup_stm32f10x_md.o(.text) referenced from startup_stm32f10x_md.o(RESET)
 <LI><a href="#[f]">NMI_Handler</a> from startup_stm32f10x_md.o(.text) referenced from startup_stm32f10x_md.o(RESET)
 <LI><a href="#[19]">PVD_IRQHandler</a> from startup_stm32f10x_md.o(.text) referenced from startup_stm32f10x_md.o(RESET)
 <LI><a href="#[16]">PendSV_Handler</a> from startup_stm32f10x_md.o(.text) referenced from startup_stm32f10x_md.o(RESET)
 <LI><a href="#[1d]">RCC_IRQHandler</a> from startup_stm32f10x_md.o(.text) referenced from startup_stm32f10x_md.o(RESET)
 <LI><a href="#[41]">RTCAlarm_IRQHandler</a> from startup_stm32f10x_md.o(.text) referenced from startup_stm32f10x_md.o(RESET)
 <LI><a href="#[1b]">RTC_IRQHandler</a> from startup_stm32f10x_md.o(.text) referenced from startup_stm32f10x_md.o(RESET)
 <LI><a href="#[e]">Reset_Handler</a> from startup_stm32f10x_md.o(.text) referenced from startup_stm32f10x_md.o(RESET)
 <LI><a href="#[3b]">SPI1_IRQHandler</a> from startup_stm32f10x_md.o(.text) referenced from startup_stm32f10x_md.o(RESET)
 <LI><a href="#[3c]">SPI2_IRQHandler</a> from startup_stm32f10x_md.o(.text) referenced from startup_stm32f10x_md.o(RESET)
 <LI><a href="#[14]">SVC_Handler</a> from startup_stm32f10x_md.o(.text) referenced from startup_stm32f10x_md.o(RESET)
 <LI><a href="#[17]">SysTick_Handler</a> from systicktimer.o(.text) referenced from startup_stm32f10x_md.o(RESET)
 <LI><a href="#[4f]">SystemInit</a> from system_stm32f10x.o(.text) referenced from startup_stm32f10x_md.o(.text)
 <LI><a href="#[1a]">TAMPER_IRQHandler</a> from startup_stm32f10x_md.o(.text) referenced from startup_stm32f10x_md.o(RESET)
 <LI><a href="#[30]">TIM1_BRK_IRQHandler</a> from startup_stm32f10x_md.o(.text) referenced from startup_stm32f10x_md.o(RESET)
 <LI><a href="#[33]">TIM1_CC_IRQHandler</a> from startup_stm32f10x_md.o(.text) referenced from startup_stm32f10x_md.o(RESET)
 <LI><a href="#[32]">TIM1_TRG_COM_IRQHandler</a> from startup_stm32f10x_md.o(.text) referenced from startup_stm32f10x_md.o(RESET)
 <LI><a href="#[31]">TIM1_UP_IRQHandler</a> from startup_stm32f10x_md.o(.text) referenced from startup_stm32f10x_md.o(RESET)
 <LI><a href="#[34]">TIM2_IRQHandler</a> from startup_stm32f10x_md.o(.text) referenced from startup_stm32f10x_md.o(RESET)
 <LI><a href="#[35]">TIM3_IRQHandler</a> from startup_stm32f10x_md.o(.text) referenced from startup_stm32f10x_md.o(RESET)
 <LI><a href="#[36]">TIM4_IRQHandler</a> from startup_stm32f10x_md.o(.text) referenced from startup_stm32f10x_md.o(RESET)
 <LI><a href="#[3d]">USART1_IRQHandler</a> from startup_stm32f10x_md.o(.text) referenced from startup_stm32f10x_md.o(RESET)
 <LI><a href="#[3e]">USART2_IRQHandler</a> from startup_stm32f10x_md.o(.text) referenced from startup_stm32f10x_md.o(RESET)
 <LI><a href="#[3f]">USART3_IRQHandler</a> from startup_stm32f10x_md.o(.text) referenced from startup_stm32f10x_md.o(RESET)
 <LI><a href="#[42]">USBWakeUp_IRQHandler</a> from startup_stm32f10x_md.o(.text) referenced from startup_stm32f10x_md.o(RESET)
 <LI><a href="#[2b]">USB_HP_CAN1_TX_IRQHandler</a> from startup_stm32f10x_md.o(.text) referenced from startup_stm32f10x_md.o(RESET)
 <LI><a href="#[2c]">USB_LP_CAN1_RX0_IRQHandler</a> from startup_stm32f10x_md.o(.text) referenced from startup_stm32f10x_md.o(RESET)
 <LI><a href="#[13]">UsageFault_Handler</a> from startup_stm32f10x_md.o(.text) referenced from startup_stm32f10x_md.o(RESET)
 <LI><a href="#[18]">WWDG_IRQHandler</a> from startup_stm32f10x_md.o(.text) referenced from startup_stm32f10x_md.o(RESET)
 <LI><a href="#[b8]">_GLOBAL__sub_I_Test.cpp</a> from test.o(.text) referenced from test.o(.init_array)
 <LI><a href="#[45]">ClickEvent()</a> from test.o(.text) referenced 2 times from test.o(.text)
 <LI><a href="#[44]">GpioInput_ISR()</a> from test.o(.text) referenced 2 times from test.o(.text)
 <LI><a href="#[46]">LongPressEvent()</a> from test.o(.text) referenced 2 times from test.o(.text)
 <LI><a href="#[47]">LongLongPressEvent()</a> from test.o(.text) referenced 2 times from test.o(.text)
 <LI><a href="#[4a]">LongTouchBackLightHandler()</a> from test.o(.text) referenced 2 times from test.o(.text)
 <LI><a href="#[48]">Line0Menu0LongTouchHandler()</a> from test.o(.text) referenced 2 times from test.o(.text)
 <LI><a href="#[49]">Line0Menu0LongLongTouchHandler()</a> from test.o(.text) referenced 2 times from test.o(.text)
 <LI><a href="#[76]">__cxxabiv1::__shim_type_info::~__shim_type_info__sub_object()</a> from private_typeinfo.cpp.o(.text._ZN10__cxxabiv116__shim_type_infoD2Ev) referenced from private_typeinfo.cpp.o(.rodata._ZTVN10__cxxabiv117__class_type_infoE)
 <LI><a href="#[76]">__cxxabiv1::__shim_type_info::~__shim_type_info__sub_object()</a> from private_typeinfo.cpp.o(.text._ZN10__cxxabiv116__shim_type_infoD2Ev) referenced from private_typeinfo.cpp.o(.rodata._ZTVN10__cxxabiv120__si_class_type_infoE)
[...]
<LI><a href="#[38a]">&gt;&gt;</a>&nbsp;&nbsp;&nbsp;__fpl_fnaninf
</UL>

<P><STRONG><a name="[38a]"></a>__fpl_fnaninf</STRONG> (Thumb, 140 bytes, Stack size 8 bytes, fnaninf.o(x$fpl$fnaninf), UNUSED)
<BR><BR>[Called By]<UL><LI><a href="#[399]">&gt;&gt;</a>&nbsp;&nbsp;&nbsp;_fmul
<LI><a href="#[398]">&gt;&gt;</a>&nbsp;&nbsp;&nbsp;_ffix
<LI><a href="#[396]">&gt;&gt;</a>&nbsp;&nbsp;&nbsp;_fdiv
<LI><a href="#[39a]">&gt;&gt;</a>&nbsp;&nbsp;&nbsp;_fsub
<LI><a href="#[38b]">&gt;&gt;</a>&nbsp;&nbsp;&nbsp;_fadd
<LI><a href="#[389]">&gt;&gt;</a>&nbsp;&nbsp;&nbsp;_f2d
<LI><a href="#[394]">&gt;&gt;</a>&nbsp;&nbsp;&nbsp;_fcmple
<LI><a href="#[391]">&gt;&gt;</a>&nbsp;&nbsp;&nbsp;_fcmpge
<LI><a href="#[38e]">&gt;&gt;</a>&nbsp;&nbsp;&nbsp;_fcmpeq
</UL>

<P><STRONG><a name="[377]"></a>__fpl_fretinf</STRONG> (Thumb, 10 bytes, Stack size 0 bytes, fretinf.o(x$fpl$fretinf), UNUSED)
<BR><BR>[Called By]<UL><LI><a href="#[399]">&gt;&gt;</a>&nbsp;&nbsp;&nbsp;_fmul
<LI><a href="#[396]">&gt;&gt;</a>&nbsp;&nbsp;&nbsp;_fdiv
<LI><a href="#[38b]">&gt;&gt;</a>&nbsp;&nbsp;&nbsp;_fadd
<LI><a href="#[376]">&gt;&gt;</a>&nbsp;&nbsp;&nbsp;_d2f
</UL>

<P><STRONG><a name="[1a2]"></a>__aeabi_fsub</STRONG> (Thumb, 0 bytes, Stack size 16 bytes, faddsub_clz.o(x$fpl$fsub))
<BR><BR>[Stack]<UL><LI>Max Depth = 16<LI>Call Chain = __aeabi_fsub
</UL>
<BR>[Called By]<UL><LI><a href="#[19f]">&gt;&gt;</a>&nbsp;&nbsp;&nbsp;ftoa(float, char*, int)
</UL>

<P><STRONG><a name="[39a]"></a>_fsub</STRONG> (Thumb, 234 bytes, Stack size 16 bytes, faddsub_clz.o(x$fpl$fsub), UNUSED)
<BR><BR>[Calls]<UL><LI><a href="#[39b]">&gt;&gt;</a>&nbsp;&nbsp;&nbsp;_fadd1
<LI><a href="#[38a]">&gt;&gt;</a>&nbsp;&nbsp;&nbsp;__fpl_fnaninf
</UL>

<P><STRONG><a name="[a]"></a>__ieee_status</STRONG> (Thumb, 6 bytes, Stack size 0 bytes, istatus.o(x$fpl$ieeestatus), UNUSED)
<BR><BR>[Called By]<UL><LI><a href="#[218]">&gt;&gt;</a>&nbsp;&nbsp;&nbsp;_fp_value
</UL>

<P><STRONG><a name="[c4]"></a>_printf_fp_dec</STRONG> (Thumb, 4 bytes, Stack size 0 bytes, printf1.o(x$fpl$printf1))
<BR><BR>[Stack]<UL><LI>Max Depth = 324<LI>Call Chain = _printf_fp_dec &rArr; _printf_fp_dec_real &rArr; _fp_digits &rArr; _btod_etento &rArr; _btod_emul &rArr; _e2e
</UL>
<BR>[Calls]<UL><LI><a href="#[1f7]">&gt;&gt;</a>&nbsp;&nbsp;&nbsp;_printf_fp_dec_real
</UL>
<BR>[Called By]<UL><LI><a href="#[c6]">&gt;&gt;</a>&nbsp;&nbsp;&nbsp;_printf_g
<LI><a href="#[c5]">&gt;&gt;</a>&nbsp;&nbsp;&nbsp;_printf_e
<LI><a href="#[c3]">&gt;&gt;</a>&nbsp;&nbsp;&nbsp;_printf_f
</UL>

<P><STRONG><a name="[c8]"></a>_printf_fp_hex</STRONG> (Thumb, 4 bytes, Stack size 0 bytes, printf2.o(x$fpl$printf2))
<BR><BR>[Stack]<UL><LI>Max Depth = 112<LI>Call Chain = _printf_fp_hex &rArr; _printf_fp_hex_real &rArr; _printf_fp_infnan &rArr; _printf_post_padding
</UL>
<BR>[Calls]<UL><LI><a href="#[211]">&gt;&gt;</a>&nbsp;&nbsp;&nbsp;_printf_fp_hex_real
</UL>
<BR>[Called By]<UL><LI><a href="#[c7]">&gt;&gt;</a>&nbsp;&nbsp;&nbsp;_printf_a
</UL>

<P><STRONG><a name="[37d]"></a>__fpl_return_NaN</STRONG> (Thumb, 100 bytes, Stack size 0 bytes, retnan.o(x$fpl$retnan))
<BR><BR>[Calls]<UL><LI><a href="#[39c]">&gt;&gt;</a>&nbsp;&nbsp;&nbsp;__fpl_cmpreturn
</UL>
<BR>[Called By]<UL><LI><a href="#[37c]">&gt;&gt;</a>&nbsp;&nbsp;&nbsp;__fpl_dcheck_NaN1
</UL>

<P><STRONG><a name="[36b]"></a>__ARM_scalbn</STRONG> (Thumb, 92 bytes, Stack size 0 bytes, scalbn.o(x$fpl$scalbn))
<BR><BR>[Calls]<UL><LI><a href="#[37c]">&gt;&gt;</a>&nbsp;&nbsp;&nbsp;__fpl_dcheck_NaN1
</UL>
<BR>[Called By]<UL><LI><a href="#[36c]">&gt;&gt;</a>&nbsp;&nbsp;&nbsp;__mathlib_dbl_underflow
<LI><a href="#[36a]">&gt;&gt;</a>&nbsp;&nbsp;&nbsp;__mathlib_dbl_overflow
<LI><a href="#[371]">&gt;&gt;</a>&nbsp;&nbsp;&nbsp;ldexp
<LI><a href="#[36e]">&gt;&gt;</a>&nbsp;&nbsp;&nbsp;frexp
<LI><a href="#[1a4]">&gt;&gt;</a>&nbsp;&nbsp;&nbsp;pow
</UL>

<P><STRONG><a name="[201]"></a>_scanf_real</STRONG> (Thumb, 4 bytes, Stack size 0 bytes, scanf1.o(x$fpl$scanf1), UNUSED)
<BR><BR>[Calls]<UL><LI><a href="#[21b]">&gt;&gt;</a>&nbsp;&nbsp;&nbsp;_scanf_really_real
</UL>
<BR>[Called By]<UL><LI><a href="#[205]">&gt;&gt;</a>&nbsp;&nbsp;&nbsp;_local_sscanf
<LI><a href="#[200]">&gt;&gt;</a>&nbsp;&nbsp;&nbsp;_local_sscanf
</UL>

<P><STRONG><a name="[21d]"></a>_scanf_hex_real</STRONG> (Thumb, 4 bytes, Stack size 0 bytes, scanf2.o(x$fpl$scanf2), UNUSED)
<BR><BR>[Calls]<UL><LI><a href="#[220]">&gt;&gt;</a>&nbsp;&nbsp;&nbsp;_scanf_really_hex_real
</UL>
<BR>[Called By]<UL><LI><a href="#[21b]">&gt;&gt;</a>&nbsp;&nbsp;&nbsp;_scanf_really_real
</UL>

<P><STRONG><a name="[21c]"></a>_scanf_infnan</STRONG> (Thumb, 4 bytes, Stack size 0 bytes, scanf2.o(x$fpl$scanf2), UNUSED)
<BR><BR>[Calls]<UL><LI><a href="#[39d]">&gt;&gt;</a>&nbsp;&nbsp;&nbsp;_scanf_really_infnan
</UL>
<BR>[Called By]<UL><LI><a href="#[21b]">&gt;&gt;</a>&nbsp;&nbsp;&nbsp;_scanf_really_real
</UL>

<P><STRONG><a name="[39c]"></a>__fpl_cmpreturn</STRONG> (Thumb, 48 bytes, Stack size 0 bytes, trapv.o(x$fpl$trapveneer))
<BR><BR>[Called By]<UL><LI><a href="#[37d]">&gt;&gt;</a>&nbsp;&nbsp;&nbsp;__fpl_return_NaN
</UL>
<P>
<H3>
Local Symbols
</H3>
<P><STRONG><a name="[b8]"></a>_GLOBAL__sub_I_Test.cpp</STRONG> (Thumb, 362 bytes, Stack size 32 bytes, test.o(.text))
<BR><BR>[Stack]<UL><LI>Max Depth = 104 + Unknown Stack Size
<LI>Call Chain = _GLOBAL__sub_I_Test.cpp &rArr; __cxa_atexit &rArr; __aeabi_atexit &rArr; malloc &rArr; __Heap_Full &rArr; __Heap_ProvideMemory &rArr; free
</UL>
<BR>[Calls]<UL><LI><a href="#[131]">&gt;&gt;</a>&nbsp;&nbsp;&nbsp;Bsp::GpioOutput::GpioOutput(GPIO_TypeDef*, unsigned short)
<LI><a href="#[1b1]">&gt;&gt;</a>&nbsp;&nbsp;&nbsp;Bsp::GpioInput::GpioInput(GPIO_TypeDef*, unsigned short)
<LI><a href="#[1b2]">&gt;&gt;</a>&nbsp;&nbsp;&nbsp;Bsp::I2CDriver::I2CDriver(Bsp::I2CDriver::I2CInstance_t, void(*)(), Bsp::I2CDriver::I2CMode_t, Bsp::I2CDriver::I2CBaudRate_t)
<LI><a href="#[1b5]">&gt;&gt;</a>&nbsp;&nbsp;&nbsp;Bsp::SpiDriver::SpiDriver(Bsp::SpiDriver::SpiInstance_t, void(*)(), Bsp::SpiDriver::SpiMode_t, Bsp::SpiDriver::SpiBaudRate_t)
<LI><a href="#[1b8]">&gt;&gt;</a>&nbsp;&nbsp;&nbsp;DS3231::DS3231(Bsp::I2CDriver*, unsigned char)
<LI><a href="#[1b6]">&gt;&gt;</a>&nbsp;&nbsp;&nbsp;App::Nokia5110LCD::Nokia5110LCD(Bsp::SpiDriver*, Bsp::GpioOutput*, Bsp::GpioOutput*, Bsp::GpioOutput*)
<LI><a href="#[17a]">&gt;&gt;</a>&nbsp;&nbsp;&nbsp;Led::Led(GPIO_TypeDef*, unsigned short)
<LI><a href="#[1b4]">&gt;&gt;</a>&nbsp;&nbsp;&nbsp;Bsp::INA219::INA219(Bsp::I2CDriver*, unsigned char)
<LI><a href="#[164]">&gt;&gt;</a>&nbsp;&nbsp;&nbsp;Bsp::HwButtonIntr::HwButtonIntr(GPIO_TypeDef*, unsigned short, Bsp::Gpio::IntOnWhichEdge, Bsp::Gpio::EXTIMode)
<LI><a href="#[1b7]">&gt;&gt;</a>&nbsp;&nbsp;&nbsp;App::UI::UI(App::Nokia5110LCD*)
<LI><a href="#[18e]">&gt;&gt;</a>&nbsp;&nbsp;&nbsp;Bsp::Screen::Screen()
<LI><a href="#[195]">&gt;&gt;</a>&nbsp;&nbsp;&nbsp;Bsp::ControlScreen::ControlScreen()
<LI><a href="#[1b3]">&gt;&gt;</a>&nbsp;&nbsp;&nbsp;__cxa_atexit
</UL>
<BR>[Address Reference Count : 1]<UL><LI> test.o(.init_array)
</UL>
<P><STRONG><a name="[39b]"></a>_fadd1</STRONG> (Thumb, 0 bytes, Stack size unknown bytes, faddsub_clz.o(x$fpl$fadd), UNUSED)
<BR><BR>[Called By]<UL><LI><a href="#[39a]">&gt;&gt;</a>&nbsp;&nbsp;&nbsp;_fsub
</UL>

<P><STRONG><a name="[38c]"></a>_fsub1</STRONG> (Thumb, 0 bytes, Stack size unknown bytes, faddsub_clz.o(x$fpl$fsub), UNUSED)
<BR><BR>[Called By]<UL><LI><a href="#[38b]">&gt;&gt;</a>&nbsp;&nbsp;&nbsp;_fadd
</UL>

<P><STRONG><a name="[23b]"></a>_ZN10__cxxabiv1L11scan_eh_tabERNS_12_GLOBAL__N_112scan_resultsE14_Unwind_ActionbP21_Unwind_Control_BlockP15_Unwind_Context</STRONG> (Thumb, 926 bytes, Stack size unknown bytes, cxa_personality.cpp.o(.text._ZN10__cxxabiv1L11scan_eh_tabERNS_12_GLOBAL__N_112scan_resultsE14_Unwind_ActionbP21_Unwind_Control_BlockP15_Unwind_Context))
<BR><BR>[Stack]<UL><LI>Max Depth = 48 + Unknown Stack Size
<LI>Call Chain = _ZN10__cxxabiv1L11scan_eh_tabERNS_12_GLOBAL__N_112scan_resultsE14_Unwind_ActionbP21_Unwind_Control_BlockP15_Unwind_Context &rArr; _Unwind_VRS_Get &rArr; abort &rArr; __rt_SIGABRT &rArr; __rt_SIGABRT_inner &rArr; __default_signal_display &rArr; _ttywrch
</UL>
<BR>[Calls]<UL><LI><a href="#[23c]">&gt;&gt;</a>&nbsp;&nbsp;&nbsp;__aeabi_memclr8
<LI><a href="#[22a]">&gt;&gt;</a>&nbsp;&nbsp;&nbsp;_Unwind_VRS_Get
<LI><a href="#[225]">&gt;&gt;</a>&nbsp;&nbsp;&nbsp;_Unwind_GetRegionStart
<LI><a href="#[223]">&gt;&gt;</a>&nbsp;&nbsp;&nbsp;_Unwind_GetLanguageSpecificData
<LI><a href="#[23f]">&gt;&gt;</a>&nbsp;&nbsp;&nbsp;_ZN10__cxxabiv1L24exception_spec_can_catchExPKhhPKNS_16__shim_type_infoEPvP21_Unwind_Control_Block
<LI><a href="#[23d]">&gt;&gt;</a>&nbsp;&nbsp;&nbsp;_ZN10__cxxabiv1L18readEncodedPointerEPPKhh
<LI><a href="#[23e]">&gt;&gt;</a>&nbsp;&nbsp;&nbsp;_ZN10__cxxabiv1L14call_terminateEbP21_Unwind_Control_Block
</UL>
<BR>[Called By]<UL><LI><a href="#[67]">&gt;&gt;</a>&nbsp;&nbsp;&nbsp;__gxx_personality_v0
</UL>

<P><STRONG><a name="[243]"></a>_ZN10__cxxabiv1L13set_registersEP21_Unwind_Control_BlockP15_Unwind_ContextRKNS_12_GLOBAL__N_112scan_resultsE</STRONG> (Thumb, 92 bytes, Stack size unknown bytes, cxa_personality.cpp.o(.text._ZN10__cxxabiv1L13set_registersEP21_Unwind_Control_BlockP15_Unwind_ContextRKNS_12_GLOBAL__N_112scan_resultsE))
<BR><BR>[Stack]<UL><LI>Max Depth = 48 + Unknown Stack Size
<LI>Call Chain = _ZN10__cxxabiv1L13set_registersEP21_Unwind_Control_BlockP15_Unwind_ContextRKNS_12_GLOBAL__N_112scan_resultsE &rArr; _Unwind_VRS_Set &rArr; abort &rArr; __rt_SIGABRT &rArr; __rt_SIGABRT_inner &rArr; __default_signal_display &rArr; _ttywrch
</UL>
<BR>[Calls]<UL><LI><a href="#[231]">&gt;&gt;</a>&nbsp;&nbsp;&nbsp;_Unwind_VRS_Set
<LI><a href="#[22a]">&gt;&gt;</a>&nbsp;&nbsp;&nbsp;_Unwind_VRS_Get
</UL>
<BR>[Called By]<UL><LI><a href="#[67]">&gt;&gt;</a>&nbsp;&nbsp;&nbsp;__gxx_personality_v0
</UL>

<P><STRONG><a name="[23e]"></a>_ZN10__cxxabiv1L14call_terminateEbP21_Unwind_Control_Block</STRONG> (Thumb, 26 bytes, Stack size unknown bytes, cxa_personality.cpp.o(.text._ZN10__cxxabiv1L14call_terminateEbP21_Unwind_Control_Block))
<BR><BR>[Calls]<UL><LI><a href="#[63]">&gt;&gt;</a>&nbsp;&nbsp;&nbsp;std::terminate()
<LI><a href="#[242]">&gt;&gt;</a>&nbsp;&nbsp;&nbsp;std::__terminate(void(*)())
<LI><a href="#[241]">&gt;&gt;</a>&nbsp;&nbsp;&nbsp;__cxa_begin_catch
</UL>
<BR>[Called By]<UL><LI><a href="#[67]">&gt;&gt;</a>&nbsp;&nbsp;&nbsp;__gxx_personality_v0
<LI><a href="#[355]">&gt;&gt;</a>&nbsp;&nbsp;&nbsp;__cxa_call_unexpected
<LI><a href="#[23f]">&gt;&gt;</a>&nbsp;&nbsp;&nbsp;_ZN10__cxxabiv1L24exception_spec_can_catchExPKhhPKNS_16__shim_type_infoEPvP21_Unwind_Control_Block
<LI><a href="#[23b]">&gt;&gt;</a>&nbsp;&nbsp;&nbsp;_ZN10__cxxabiv1L11scan_eh_tabERNS_12_GLOBAL__N_112scan_resultsE14_Unwind_ActionbP21_Unwind_Control_BlockP15_Unwind_Context
</UL>

<P><STRONG><a name="[23d]"></a>_ZN10__cxxabiv1L18readEncodedPointerEPPKhh</STRONG> (Thumb, 322 bytes, Stack size unknown bytes, cxa_personality.cpp.o(.text._ZN10__cxxabiv1L18readEncodedPointerEPPKhh))
<BR><BR>[Stack]<UL><LI>Max Depth = 48 + Unknown Stack Size
<LI>Call Chain = _ZN10__cxxabiv1L18readEncodedPointerEPPKhh &rArr; abort &rArr; __rt_SIGABRT &rArr; __rt_SIGABRT_inner &rArr; __default_signal_display &rArr; _ttywrch
</UL>
<BR>[Calls]<UL><LI><a href="#[62]">&gt;&gt;</a>&nbsp;&nbsp;&nbsp;abort
</UL>
<BR>[Called By]<UL><LI><a href="#[355]">&gt;&gt;</a>&nbsp;&nbsp;&nbsp;__cxa_call_unexpected
<LI><a href="#[23b]">&gt;&gt;</a>&nbsp;&nbsp;&nbsp;_ZN10__cxxabiv1L11scan_eh_tabERNS_12_GLOBAL__N_112scan_resultsE14_Unwind_ActionbP21_Unwind_Control_BlockP15_Unwind_Context
</UL>

<P><STRONG><a name="[23f]"></a>_ZN10__cxxabiv1L24exception_spec_can_catchExPKhhPKNS_16__shim_type_infoEPvP21_Unwind_Control_Block</STRONG> (Thumb, 68 bytes, Stack size unknown bytes, cxa_personality.cpp.o(.text._ZN10__cxxabiv1L24exception_spec_can_catchExPKhhPKNS_16__shim_type_infoEPvP21_Unwind_Control_Block))
<BR><BR>[Calls]<UL><LI><a href="#[23e]">&gt;&gt;</a>&nbsp;&nbsp;&nbsp;_ZN10__cxxabiv1L14call_terminateEbP21_Unwind_Control_Block
</UL>
<BR>[Called By]<UL><LI><a href="#[355]">&gt;&gt;</a>&nbsp;&nbsp;&nbsp;__cxa_call_unexpected
<LI><a href="#[23b]">&gt;&gt;</a>&nbsp;&nbsp;&nbsp;_ZN10__cxxabiv1L11scan_eh_tabERNS_12_GLOBAL__N_112scan_resultsE14_Unwind_ActionbP21_Unwind_Control_BlockP15_Unwind_Context
</UL>

<P><STRONG><a name="[229]"></a>_ZL13unwind_phase2P13unw_context_tP12unw_cursor_tP21_Unwind_Control_Blockb</STRONG> (Thumb, 168 bytes, Stack size unknown bytes, Unwind-EHABI.cpp.o(.text._ZL13unwind_phase2P13unw_context_tP12unw_cursor_tP21_Unwind_Control_Blockb))
<BR><BR>[Stack]<UL><LI>Max Depth = 48 + Unknown Stack Size
<LI>Call Chain = _ZL13unwind_phase2P13unw_context_tP12unw_cursor_tP21_Unwind_Control_Blockb &rArr; abort &rArr; __rt_SIGABRT &rArr; __rt_SIGABRT_inner &rArr; __default_signal_display &rArr; _ttywrch
</UL>
<BR>[Calls]<UL><LI><a href="#[62]">&gt;&gt;</a>&nbsp;&nbsp;&nbsp;abort
<LI><a href="#[230]">&gt;&gt;</a>&nbsp;&nbsp;&nbsp;unw_set_reg
<LI><a href="#[233]">&gt;&gt;</a>&nbsp;&nbsp;&nbsp;unw_resume
<LI><a href="#[228]">&gt;&gt;</a>&nbsp;&nbsp;&nbsp;unw_init_local
<LI><a href="#[22b]">&gt;&gt;</a>&nbsp;&nbsp;&nbsp;unw_get_reg
<LI><a href="#[224]">&gt;&gt;</a>&nbsp;&nbsp;&nbsp;unw_get_proc_info
</UL>
<BR>[Called By]<UL><LI><a href="#[132]">&gt;&gt;</a>&nbsp;&nbsp;&nbsp;_Unwind_Resume
<LI><a href="#[226]">&gt;&gt;</a>&nbsp;&nbsp;&nbsp;_Unwind_RaiseException
</UL>

<P><STRONG><a name="[245]"></a>_ZN12_GLOBAL__N_1L14unwindOneFrameEjP21_Unwind_Control_BlockP15_Unwind_Context</STRONG> (Thumb, 56 bytes, Stack size unknown bytes, Unwind-EHABI.cpp.o(.text._ZN12_GLOBAL__N_1L14unwindOneFrameEjP21_Unwind_Control_BlockP15_Unwind_Context))
<BR><BR>[Calls]<UL><LI><a href="#[246]">&gt;&gt;</a>&nbsp;&nbsp;&nbsp;unw_step
<LI><a href="#[224]">&gt;&gt;</a>&nbsp;&nbsp;&nbsp;unw_get_proc_info
</UL>
<BR>[Called By]<UL><LI><a href="#[5c]">&gt;&gt;</a>&nbsp;&nbsp;&nbsp;__aeabi_unwind_cpp_pr0
<LI><a href="#[5e]">&gt;&gt;</a>&nbsp;&nbsp;&nbsp;__aeabi_unwind_cpp_pr2
<LI><a href="#[5d]">&gt;&gt;</a>&nbsp;&nbsp;&nbsp;__aeabi_unwind_cpp_pr1
</UL>

<P><STRONG><a name="[387]"></a>_dadd1</STRONG> (Thumb, 0 bytes, Stack size unknown bytes, daddsub_clz.o(x$fpl$dadd), UNUSED)
<BR><BR>[Called By]<UL><LI><a href="#[388]">&gt;&gt;</a>&nbsp;&nbsp;&nbsp;_dsub
<LI><a href="#[386]">&gt;&gt;</a>&nbsp;&nbsp;&nbsp;_drsb
</UL>

<P><STRONG><a name="[37a]"></a>_dsub1</STRONG> (Thumb, 0 bytes, Stack size unknown bytes, daddsub_clz.o(x$fpl$dsub), UNUSED)
<BR><BR>[Called By]<UL><LI><a href="#[386]">&gt;&gt;</a>&nbsp;&nbsp;&nbsp;_drsb
<LI><a href="#[379]">&gt;&gt;</a>&nbsp;&nbsp;&nbsp;_dadd
</UL>

<P><STRONG><a name="[240]"></a>_ZN10__cxxabiv1L12failed_throwEPNS_15__cxa_exceptionE</STRONG> (Thumb, 18 bytes, Stack size unknown bytes, cxa_exception.cpp.o(.text._ZN10__cxxabiv1L12failed_throwEPNS_15__cxa_exceptionE))
<BR><BR>[Calls]<UL><LI><a href="#[242]">&gt;&gt;</a>&nbsp;&nbsp;&nbsp;std::__terminate(void(*)())
<LI><a href="#[241]">&gt;&gt;</a>&nbsp;&nbsp;&nbsp;__cxa_begin_catch
</UL>
<BR>[Called By]<UL><LI><a href="#[26e]">&gt;&gt;</a>&nbsp;&nbsp;&nbsp;__cxa_throw
</UL>

<P><STRONG><a name="[66]"></a>_ZN10__cxxabiv1L22exception_cleanup_funcE19_Unwind_Reason_CodeP21_Unwind_Control_Block</STRONG> (Thumb, 22 bytes, Stack size unknown bytes, cxa_exception.cpp.o(.text._ZN10__cxxabiv1L22exception_cleanup_funcE19_Unwind_Reason_CodeP21_Unwind_Control_Block))
<BR><BR>[Stack]<UL><LI>Max Depth = 64 + Unknown Stack Size
<LI>Call Chain = _ZN10__cxxabiv1L22exception_cleanup_funcE19_Unwind_Reason_CodeP21_Unwind_Control_Block &rArr; std::__terminate(void(*)()) &rArr; __clang_call_terminate &rArr;  std::terminate() (Cycle)
</UL>
<BR>[Calls]<UL><LI><a href="#[244]">&gt;&gt;</a>&nbsp;&nbsp;&nbsp;__cxa_decrement_exception_refcount
<LI><a href="#[242]">&gt;&gt;</a>&nbsp;&nbsp;&nbsp;std::__terminate(void(*)())
</UL>
<BR>[Address Reference Count : 1]<UL><LI> cxa_exception.cpp.o(.text.__cxa_throw)
</UL>
<P><STRONG><a name="[65]"></a>_ZN10__cxxabiv1L27dependent_exception_cleanupE19_Unwind_Reason_CodeP21_Unwind_Control_Block</STRONG> (Thumb, 34 bytes, Stack size unknown bytes, cxa_exception.cpp.o(.text._ZN10__cxxabiv1L27dependent_exception_cleanupE19_Unwind_Reason_CodeP21_Unwind_Control_Block))
<BR><BR>[Stack]<UL><LI>Max Depth = 64 + Unknown Stack Size
<LI>Call Chain = _ZN10__cxxabiv1L27dependent_exception_cleanupE19_Unwind_Reason_CodeP21_Unwind_Control_Block &rArr; std::__terminate(void(*)()) &rArr; __clang_call_terminate &rArr;  std::terminate() (Cycle)
</UL>
<BR>[Calls]<UL><LI><a href="#[239]">&gt;&gt;</a>&nbsp;&nbsp;&nbsp;__cxxabiv1::__aligned_free_with_fallback(void*)
<LI><a href="#[244]">&gt;&gt;</a>&nbsp;&nbsp;&nbsp;__cxa_decrement_exception_refcount
<LI><a href="#[242]">&gt;&gt;</a>&nbsp;&nbsp;&nbsp;std::__terminate(void(*)())
</UL>
<BR>[Address Reference Count : 1]<UL><LI> cxa_exception.cpp.o(.text.__cxa_rethrow_primary_exception)
</UL>
<P><STRONG><a name="[1f2]"></a>_fp_digits</STRONG> (Thumb, 432 bytes, Stack size 96 bytes, _printf_fp_dec.o(.text))
<BR><BR>[Stack]<UL><LI>Max Depth = 220<LI>Call Chain = _fp_digits &rArr; _btod_etento &rArr; _btod_emul &rArr; _e2e
</UL>
<BR>[Calls]<UL><LI><a href="#[1ce]">&gt;&gt;</a>&nbsp;&nbsp;&nbsp;_ll_udiv10
<LI><a href="#[1f6]">&gt;&gt;</a>&nbsp;&nbsp;&nbsp;_btod_emul
<LI><a href="#[1f5]">&gt;&gt;</a>&nbsp;&nbsp;&nbsp;_btod_ediv
<LI><a href="#[1f4]">&gt;&gt;</a>&nbsp;&nbsp;&nbsp;_btod_d2e
<LI><a href="#[1f3]">&gt;&gt;</a>&nbsp;&nbsp;&nbsp;_btod_etento
</UL>
<BR>[Called By]<UL><LI><a href="#[1f7]">&gt;&gt;</a>&nbsp;&nbsp;&nbsp;_printf_fp_dec_real
</UL>

<P><STRONG><a name="[54]"></a>_printf_input_char</STRONG> (Thumb, 10 bytes, Stack size 0 bytes, _printf_char_common.o(.text))
<BR>[Address Reference Count : 1]<UL><LI> _printf_char_common.o(.text)
</UL>
<P><STRONG><a name="[55]"></a>_printf_input_wchar</STRONG> (Thumb, 10 bytes, Stack size 0 bytes, _printf_wchar_common.o(.text))
<BR>[Address Reference Count : 1]<UL><LI> _printf_wchar_common.o(.text)
</UL>
<P><STRONG><a name="[200]"></a>_local_sscanf</STRONG> (Thumb, 68 bytes, Stack size 64 bytes, strtod.o(.text), UNUSED)
<BR><BR>[Calls]<UL><LI><a href="#[201]">&gt;&gt;</a>&nbsp;&nbsp;&nbsp;_scanf_real
</UL>
<BR>[Called By]<UL><LI><a href="#[202]">&gt;&gt;</a>&nbsp;&nbsp;&nbsp;__strtod_int
</UL>

<P><STRONG><a name="[205]"></a>_local_sscanf</STRONG> (Thumb, 68 bytes, Stack size 64 bytes, wcstod.o(.text), UNUSED)
<BR><BR>[Calls]<UL><LI><a href="#[201]">&gt;&gt;</a>&nbsp;&nbsp;&nbsp;_scanf_real
</UL>
<BR>[Called By]<UL><LI><a href="#[206]">&gt;&gt;</a>&nbsp;&nbsp;&nbsp;__wcstod_int
</UL>

<P><STRONG><a name="[236]"></a>&lang;unnamed namespace 1&rang;::fallback_free(void*)</STRONG> (Thumb, 154 bytes, Stack size unknown bytes, fallback_malloc.cpp.o(.text._ZN12_GLOBAL__N_113fallback_freeEPv))
<BR><BR>[Called By]<UL><LI><a href="#[239]">&gt;&gt;</a>&nbsp;&nbsp;&nbsp;__cxxabiv1::__aligned_free_with_fallback(void*)
<LI><a href="#[235]">&gt;&gt;</a>&nbsp;&nbsp;&nbsp;__cxxabiv1::__free_with_fallback(void*)
</UL>

<P><STRONG><a name="[238]"></a>&lang;unnamed namespace 1&rang;::fallback_malloc(unsigned)</STRONG> (Thumb, 146 bytes, Stack size unknown bytes, fallback_malloc.cpp.o(.text._ZN12_GLOBAL__N_115fallback_mallocEj))
<BR><BR>[Called By]<UL><LI><a href="#[23a]">&gt;&gt;</a>&nbsp;&nbsp;&nbsp;__cxxabiv1::__aligned_malloc_with_fallback(unsigned)
<LI><a href="#[237]">&gt;&gt;</a>&nbsp;&nbsp;&nbsp;__cxxabiv1::__calloc_with_fallback(unsigned, unsigned)
</UL>

<P><STRONG><a name="[218]"></a>_fp_value</STRONG> (Thumb, 588 bytes, Stack size 96 bytes, scanf_fp.o(.text), UNUSED)
<BR><BR>[Calls]<UL><LI><a href="#[a]">&gt;&gt;</a>&nbsp;&nbsp;&nbsp;__ieee_status
<LI><a href="#[219]">&gt;&gt;</a>&nbsp;&nbsp;&nbsp;_btod_emuld
<LI><a href="#[21a]">&gt;&gt;</a>&nbsp;&nbsp;&nbsp;_btod_edivd
<LI><a href="#[1f3]">&gt;&gt;</a>&nbsp;&nbsp;&nbsp;_btod_etento
<LI><a href="#[1c4]">&gt;&gt;</a>&nbsp;&nbsp;&nbsp;__aeabi_errno_addr
</UL>
<BR>[Called By]<UL><LI><a href="#[21b]">&gt;&gt;</a>&nbsp;&nbsp;&nbsp;_scanf_really_real
</UL>
<P>
<H3>
Undefined Global Symbols
</H3><HR></body></html>
