Component: ARM Compiler 6.9 Tool: armlink [5ced1b00]

==============================================================================

Section Cross References

    startup_stm32f10x_md.o(STACK) refers (Special) to heapauxi.o(.text) for __use_two_region_memory
    startup_stm32f10x_md.o(HEAP) refers (Special) to heapauxi.o(.text) for __use_two_region_memory
    startup_stm32f10x_md.o(RESET) refers (Special) to heapauxi.o(.text) for __use_two_region_memory
    startup_stm32f10x_md.o(RESET) refers to startup_stm32f10x_md.o(STACK) for __initial_sp
    startup_stm32f10x_md.o(RESET) refers to startup_stm32f10x_md.o(.text) for Reset_Handler
    startup_stm32f10x_md.o(RESET) refers to lto-llvm-a2c1e4.o(.text) for SysTick_Handler
    startup_stm32f10x_md.o(.text) refers (Special) to heapauxi.o(.text) for __use_two_region_memory
    startup_stm32f10x_md.o(.text) refers to lto-llvm-a2c1e4.o(.text) for SystemInit
    startup_stm32f10x_md.o(.text) refers to __main.o(!!!main) for __main
    startup_stm32f10x_md.o(.text) refers to startup_stm32f10x_md.o(HEAP) for Heap_Mem
    startup_stm32f10x_md.o(.text) refers to startup_stm32f10x_md.o(STACK) for Stack_Mem
    sys_time.o(.text) refers (Special) to use_no_semi.o(.text) for __I$use$semihosting
    sys_time.o(.text) refers (Special) to indicate_semi.o(.text) for __semihosting_library_function
    sys_time_hlt.o(.text) refers (Special) to use_no_semi.o(.text) for __I$use$semihosting
    sys_time_hlt.o(.text) refers (Special) to indicate_semi.o(.text) for __semihosting_library_function
    atexit_cxa.o(.text) refers to cxa_atexit.o(.text) for __cxa_atexit
    atexit_cxa.o(.ARM.exidx) refers to atexit_cxa.o(.text) for .text
    cxa_atexit.o(.text) refers to aeabi_atexit.o(.text) for __aeabi_atexit
    cxa_atexit.o(.ARM.exidx) refers to cxa_atexit.o(.text) for .text
    localtime.o(.text) refers to localtime_internal.o(.text) for _localtime_r
    localtime.o(.text) refers to localtime.o(.bss) for .bss
    __main.o(!!!main) refers to __rtentry.o(.ARM.Collect$$rtentry$$00000000) for __rt_entry
    new.cpp.o(.text._ZSt17__throw_bad_allocv) refers to cxa_exception.cpp.o(.text.__cxa_allocate_exception) for __cxa_allocate_exception
    new.cpp.o(.text._ZSt17__throw_bad_allocv) refers to stdlib_exception.cpp.o(.text._ZNSt9bad_allocC2Ev) for std::bad_alloc::bad_alloc()
    new.cpp.o(.text._ZSt17__throw_bad_allocv) refers to stdlib_exception.cpp.o(.rodata._ZTISt9bad_alloc) for typeinfo for std::bad_alloc
    new.cpp.o(.text._ZSt17__throw_bad_allocv) refers to stdlib_exception.cpp.o(.text._ZNSt9exceptionD2Ev) for std::bad_alloc::~bad_alloc()
    new.cpp.o(.text._ZSt17__throw_bad_allocv) refers to cxa_exception.cpp.o(.text.__cxa_throw) for __cxa_throw
    new.cpp.o(.ARM.exidx.text._ZSt17__throw_bad_allocv) refers to Unwind-EHABI.cpp.o(.text.__aeabi_unwind_cpp_pr0) for __aeabi_unwind_cpp_pr0
    new.cpp.o(.ARM.exidx.text._ZSt17__throw_bad_allocv) refers to new.cpp.o(.text._ZSt17__throw_bad_allocv) for [Anonymous Symbol]
    new.cpp.o(.text._Znwj) refers to cxa_handlers.cpp.o(.text._ZSt15get_new_handlerv) for std::get_new_handler()
    new.cpp.o(.text._Znwj) refers to h1_alloc.o(.text) for malloc
    new.cpp.o(.text._Znwj) refers to cxa_exception.cpp.o(.text.__cxa_allocate_exception) for __cxa_allocate_exception
    new.cpp.o(.text._Znwj) refers to stdlib_exception.cpp.o(.text._ZNSt9bad_allocC2Ev) for std::bad_alloc::bad_alloc()
    new.cpp.o(.text._Znwj) refers to stdlib_exception.cpp.o(.rodata._ZTISt9bad_alloc) for typeinfo for std::bad_alloc
    new.cpp.o(.text._Znwj) refers to stdlib_exception.cpp.o(.text._ZNSt9exceptionD2Ev) for std::bad_alloc::~bad_alloc()
    new.cpp.o(.text._Znwj) refers to cxa_exception.cpp.o(.text.__cxa_throw) for __cxa_throw
    new.cpp.o(.ARM.exidx.text._Znwj) refers to Unwind-EHABI.cpp.o(.text.__aeabi_unwind_cpp_pr0) for __aeabi_unwind_cpp_pr0
    new.cpp.o(.ARM.exidx.text._Znwj) refers to new.cpp.o(.text._Znwj) for [Anonymous Symbol]
    new.cpp.o(.text._ZnwjRKSt9nothrow_t) refers to new.cpp.o(.text._Znwj) for operator new(unsigned)
    new.cpp.o(.text._ZnwjRKSt9nothrow_t) refers to cxa_exception.cpp.o(.text.__cxa_begin_catch) for __cxa_begin_catch
    new.cpp.o(.text._ZnwjRKSt9nothrow_t) refers to cxa_exception.cpp.o(.text.__cxa_end_catch) for __cxa_end_catch
    new.cpp.o(.text._ZnwjRKSt9nothrow_t) refers to new.cpp.o(.text.__clang_call_terminate) for __clang_call_terminate
    new.cpp.o(.ARM.extab.text._ZnwjRKSt9nothrow_t) refers to cxa_personality.cpp.o(.text.__gxx_personality_v0) for __gxx_personality_v0
    new.cpp.o(.ARM.exidx.text._ZnwjRKSt9nothrow_t) refers to new.cpp.o(.text._ZnwjRKSt9nothrow_t) for [Anonymous Symbol]
    new.cpp.o(.ARM.exidx.text._ZnwjRKSt9nothrow_t) refers to new.cpp.o(.ARM.extab.text._ZnwjRKSt9nothrow_t) for [Anonymous Symbol]
    new.cpp.o(.text._Znaj) refers to new.cpp.o(.text._Znwj) for operator new(unsigned)
[...]
    __cxa_rethrow_primary_exception          0x0800870b   Thumb Code   120  cxa_exception.cpp.o(.text.__cxa_rethrow_primary_exception)
    __cxa_throw                              0x08008783   Thumb Code    90  cxa_exception.cpp.o(.text.__cxa_throw)
    __dynamic_cast                           0x080087dd   Thumb Code   166  private_typeinfo.cpp.o(.text.__dynamic_cast)
    __gnu_unwind_frame                       0x08008883   Thumb Code    20  Unwind-EHABI.cpp.o(.text.__gnu_unwind_frame)
    __gxx_personality_v0                     0x08008897   Thumb Code   370  cxa_personality.cpp.o(.text.__gxx_personality_v0)
    abort_message                            0x08008a09   Thumb Code     6  abort_message.cpp.o(.text.abort_message)
    decode_eht_entry                         0x08008a0f   Thumb Code    82  Unwind-EHABI.cpp.o(.text.decode_eht_entry)
    unw_get_fpreg                            0x08008a61   Thumb Code    46  libunwind.cpp.o(.text.unw_get_fpreg)
    unw_get_proc_info                        0x08008a8f   Thumb Code    30  libunwind.cpp.o(.text.unw_get_proc_info)
    unw_get_reg                              0x08008aad   Thumb Code    44  libunwind.cpp.o(.text.unw_get_reg)
    unw_init_local                           0x08008ad9   Thumb Code    70  libunwind.cpp.o(.text.unw_init_local)
    unw_resume                               0x08008b1f   Thumb Code    18  libunwind.cpp.o(.text.unw_resume)
    unw_save_vfp_as_X                        0x08008b31   Thumb Code     6  libunwind.cpp.o(.text.unw_save_vfp_as_X)
    unw_set_fpreg                            0x08008b37   Thumb Code    54  libunwind.cpp.o(.text.unw_set_fpreg)
    unw_set_reg                              0x08008b6d   Thumb Code    64  libunwind.cpp.o(.text.unw_set_reg)
    unw_step                                 0x08008bad   Thumb Code     6  libunwind.cpp.o(.text.unw_step)
    __ARM_fpclassify                         0x08008bb3   Thumb Code    40  fpclassify.o(i.__ARM_fpclassify)
    __kernel_poly                            0x08008bdb   Thumb Code   170  poly.o(i.__kernel_poly)
    __mathlib_dbl_divzero                    0x08008c85   Thumb Code    12  dunder.o(i.__mathlib_dbl_divzero)
    __mathlib_dbl_infnan2                    0x08008c95   Thumb Code     4  dunder.o(i.__mathlib_dbl_infnan2)
    __mathlib_dbl_invalid                    0x08008c99   Thumb Code    12  dunder.o(i.__mathlib_dbl_invalid)
    __mathlib_dbl_overflow                   0x08008ca5   Thumb Code    14  dunder.o(i.__mathlib_dbl_overflow)
    __mathlib_dbl_underflow                  0x08008cb5   Thumb Code    10  dunder.o(i.__mathlib_dbl_underflow)
    pow                                      0x08008cc5   Thumb Code  2512  pow.o(i.pow)
    sqrt                                     0x0800969d   Thumb Code    76  sqrt.o(i.sqrt)
    __aeabi_d2f                              0x080096e9   Thumb Code     0  d2f.o(x$fpl$d2f)
    _d2f                                     0x080096e9   Thumb Code    98  d2f.o(x$fpl$d2f)
    __aeabi_dadd                             0x0800974d   Thumb Code     0  daddsub_clz.o(x$fpl$dadd)
    _dadd                                    0x0800974d   Thumb Code   332  daddsub_clz.o(x$fpl$dadd)
    __fpl_dcheck_NaN1                        0x0800989d   Thumb Code    10  dcheck1.o(x$fpl$dcheck1)
    __fpl_dcmp_Inf                           0x080098ad   Thumb Code    24  dcmpi.o(x$fpl$dcmpinf)
    __aeabi_ddiv                             0x080098c5   Thumb Code     0  ddiv.o(x$fpl$ddiv)
    _ddiv                                    0x080098c5   Thumb Code   552  ddiv.o(x$fpl$ddiv)
    __aeabi_i2d                              0x08009b75   Thumb Code     0  dflt_clz.o(x$fpl$dflt)
    _dflt                                    0x08009b75   Thumb Code    46  dflt_clz.o(x$fpl$dflt)
    __aeabi_cdcmple                          0x08009ba5   Thumb Code     0  dleqf.o(x$fpl$dleqf)
    _dcmple                                  0x08009ba5   Thumb Code   120  dleqf.o(x$fpl$dleqf)
    __fpl_dcmple_InfNaN                      0x08009c07   Thumb Code     0  dleqf.o(x$fpl$dleqf)
    __aeabi_dmul                             0x08009c1d   Thumb Code     0  dmul.o(x$fpl$dmul)
    _dmul                                    0x08009c1d   Thumb Code   332  dmul.o(x$fpl$dmul)
    __fpl_dnaninf                            0x08009d71   Thumb Code   156  dnaninf.o(x$fpl$dnaninf)
    __fpl_dretinf                            0x08009e0d   Thumb Code    12  dretinf.o(x$fpl$dretinf)
    __aeabi_cdrcmple                         0x08009e19   Thumb Code     0  drleqf.o(x$fpl$drleqf)
    _drcmple                                 0x08009e19   Thumb Code   108  drleqf.o(x$fpl$drleqf)
    __aeabi_drsub                            0x08009e85   Thumb Code     0  daddsub_clz.o(x$fpl$drsb)
    _drsb                                    0x08009e85   Thumb Code    22  daddsub_clz.o(x$fpl$drsb)
    _dsqrt                                   0x08009e9d   Thumb Code   456  dsqrt_noumaal.o(x$fpl$dsqrt)
    __aeabi_dsub                             0x0800a069   Thumb Code     0  daddsub_clz.o(x$fpl$dsub)
    _dsub                                    0x0800a069   Thumb Code   464  daddsub_clz.o(x$fpl$dsub)
    __aeabi_f2d                              0x0800a23d   Thumb Code     0  f2d.o(x$fpl$f2d)
    _f2d                                     0x0800a23d   Thumb Code    86  f2d.o(x$fpl$f2d)
    __aeabi_fadd                             0x0800a295   Thumb Code     0  faddsub_clz.o(x$fpl$fadd)
    _fadd                                    0x0800a295   Thumb Code   196  faddsub_clz.o(x$fpl$fadd)
    __aeabi_fcmpeq                           0x0800a359   Thumb Code     0  fcmp.o(x$fpl$fcmp)
    _feq                                     0x0800a359   Thumb Code    14  fcmp.o(x$fpl$fcmp)
    _fneq                                    0x0800a367   Thumb Code    14  fcmp.o(x$fpl$fcmp)
    __aeabi_fcmpgt                           0x0800a375   Thumb Code     0  fcmp.o(x$fpl$fcmp)
    _fgr                                     0x0800a375   Thumb Code    14  fcmp.o(x$fpl$fcmp)
    __aeabi_fcmpge                           0x0800a383   Thumb Code     0  fcmp.o(x$fpl$fcmp)
    _fgeq                                    0x0800a383   Thumb Code    14  fcmp.o(x$fpl$fcmp)
    __aeabi_fcmple                           0x0800a391   Thumb Code     0  fcmp.o(x$fpl$fcmp)
    _fleq                                    0x0800a391   Thumb Code    14  fcmp.o(x$fpl$fcmp)
    __aeabi_fcmplt                           0x0800a39f   Thumb Code     0  fcmp.o(x$fpl$fcmp)
    _fls                                     0x0800a39f   Thumb Code    14  fcmp.o(x$fpl$fcmp)
    __fpl_fcmp_Inf                           0x0800a3ad   Thumb Code    24  fcmpi.o(x$fpl$fcmpinf)
    __aeabi_fdiv                             0x0800a3c5   Thumb Code     0  fdiv.o(x$fpl$fdiv)
    _fdiv                                    0x0800a3c5   Thumb Code   384  fdiv.o(x$fpl$fdiv)
    __aeabi_cfcmpeq                          0x0800a549   Thumb Code     0  feqf.o(x$fpl$feqf)
    _fcmpeq                                  0x0800a549   Thumb Code   104  feqf.o(x$fpl$feqf)
    __aeabi_f2iz                             0x0800a5b1   Thumb Code     0  ffix.o(x$fpl$ffix)
    _ffix                                    0x0800a5b1   Thumb Code    54  ffix.o(x$fpl$ffix)
    __aeabi_i2f                              0x0800a5e9   Thumb Code     0  fflt_clz.o(x$fpl$fflt)
    _fflt                                    0x0800a5e9   Thumb Code    48  fflt_clz.o(x$fpl$fflt)
    __aeabi_ui2f                             0x0800a619   Thumb Code     0  fflt_clz.o(x$fpl$ffltu)
    _ffltu                                   0x0800a619   Thumb Code    38  fflt_clz.o(x$fpl$ffltu)
    _fcmpge                                  0x0800a641   Thumb Code   104  fgeqf.o(x$fpl$fgeqf)
    __aeabi_cfcmple                          0x0800a6a9   Thumb Code     0  fleqf.o(x$fpl$fleqf)
    _fcmple                                  0x0800a6a9   Thumb Code   104  fleqf.o(x$fpl$fleqf)
    __fpl_fcmple_InfNaN                      0x0800a6fb   Thumb Code     0  fleqf.o(x$fpl$fleqf)
    __aeabi_fmul                             0x0800a711   Thumb Code     0  fmul.o(x$fpl$fmul)
    _fmul                                    0x0800a711   Thumb Code   258  fmul.o(x$fpl$fmul)
    __fpl_fnaninf                            0x0800a813   Thumb Code   140  fnaninf.o(x$fpl$fnaninf)
    __fpl_fretinf                            0x0800a89f   Thumb Code    10  fretinf.o(x$fpl$fretinf)
    __aeabi_fsub                             0x0800a8a9   Thumb Code     0  faddsub_clz.o(x$fpl$fsub)
    _fsub                                    0x0800a8a9   Thumb Code   234  faddsub_clz.o(x$fpl$fsub)
    __fpl_return_NaN                         0x0800a993   Thumb Code   100  retnan.o(x$fpl$retnan)
    __ARM_scalbn                             0x0800a9f7   Thumb Code    92  scalbn.o(x$fpl$scalbn)
    __fpl_cmpreturn                          0x0800aa53   Thumb Code    48  trapv.o(x$fpl$trapveneer)
    __I$use$fp                               0x0800aa82   Number         0  usenofp.o(x$fpl$usenofp)
    __mathlib_zero                           0x0800ae58   Data           8  qnan.o(.constdata)
    typeinfo for std::nullptr_t              0x0800b358   Data           8  private_typeinfo.cpp.o(.rodata._ZTIDn)
    typeinfo for __cxxabiv1::__shim_type_info 0x0800b360   Data          12  private_typeinfo.cpp.o(.rodata._ZTIN10__cxxabiv116__shim_type_infoE)
    typeinfo for __cxxabiv1::__class_type_info 0x0800b36c   Data          12  private_typeinfo.cpp.o(.rodata._ZTIN10__cxxabiv117__class_type_infoE)
    typeinfo for __cxxabiv1::__pbase_type_info 0x0800b378   Data          12  private_typeinfo.cpp.o(.rodata._ZTIN10__cxxabiv117__pbase_type_infoE)
    typeinfo for __cxxabiv1::__pointer_type_info 0x0800b384   Data          12  private_typeinfo.cpp.o(.rodata._ZTIN10__cxxabiv119__pointer_type_infoE)
    typeinfo for __cxxabiv1::__function_type_info 0x0800b390   Data          12  private_typeinfo.cpp.o(.rodata._ZTIN10__cxxabiv120__function_type_infoE)
    typeinfo for __cxxabiv1::__si_class_type_info 0x0800b39c   Data          12  private_typeinfo.cpp.o(.rodata._ZTIN10__cxxabiv120__si_class_type_infoE)
    typeinfo for __cxxabiv1::__fundamental_type_info 0x0800b3a8   Data          12  private_typeinfo.cpp.o(.rodata._ZTIN10__cxxabiv123__fundamental_type_infoE)
    typeinfo for __cxxabiv1::__pointer_to_member_type_info 0x0800b3b4   Data          12  private_typeinfo.cpp.o(.rodata._ZTIN10__cxxabiv129__pointer_to_member_type_infoE)
    typeinfo for std::bad_exception          0x0800b3c0   Data          12  stdlib_exception.cpp.o(.rodata._ZTISt13bad_exception)
    typeinfo for std::bad_array_length       0x0800b3cc   Data          12  stdlib_exception.cpp.o(.rodata._ZTISt16bad_array_length)
    typeinfo for std::bad_array_new_length   0x0800b3d8   Data          12  stdlib_exception.cpp.o(.rodata._ZTISt20bad_array_new_length)
    typeinfo for std::bad_alloc              0x0800b3e4   Data          12  stdlib_exception.cpp.o(.rodata._ZTISt9bad_alloc)
    typeinfo for std::exception              0x0800b3f0   Data           8  stdlib_exception.cpp.o(.rodata._ZTISt9exception)
    typeinfo for std::type_info              0x0800b3f8   Data           8  stdlib_typeinfo.cpp.o(.rodata._ZTISt9type_info)
    typeinfo for void                        0x0800b400   Data           8  private_typeinfo.cpp.o(.rodata._ZTIv)
    typeinfo name for std::nullptr_t         0x0800b408   Data           3  private_typeinfo.cpp.o(.rodata._ZTSDn)
    typeinfo name for __cxxabiv1::__shim_type_info 0x0800b410   Data          33  private_typeinfo.cpp.o(.rodata._ZTSN10__cxxabiv116__shim_type_infoE)
    typeinfo name for __cxxabiv1::__class_type_info 0x0800b440   Data          34  private_typeinfo.cpp.o(.rodata._ZTSN10__cxxabiv117__class_type_infoE)
    typeinfo name for __cxxabiv1::__pbase_type_info 0x0800b470   Data          34  private_typeinfo.cpp.o(.rodata._ZTSN10__cxxabiv117__pbase_type_infoE)
    typeinfo name for __cxxabiv1::__pointer_type_info 0x0800b4a0   Data          36  private_typeinfo.cpp.o(.rodata._ZTSN10__cxxabiv119__pointer_type_infoE)
    typeinfo name for __cxxabiv1::__function_type_info 0x0800b4d0   Data          37  private_typeinfo.cpp.o(.rodata._ZTSN10__cxxabiv120__function_type_infoE)
    typeinfo name for __cxxabiv1::__si_class_type_info 0x0800b500   Data          37  private_typeinfo.cpp.o(.rodata._ZTSN10__cxxabiv120__si_class_type_infoE)
    typeinfo name for __cxxabiv1::__fundamental_type_info 0x0800b530   Data          40  private_typeinfo.cpp.o(.rodata._ZTSN10__cxxabiv123__fundamental_type_infoE)
    typeinfo name for __cxxabiv1::__pointer_to_member_type_info 0x0800b560   Data          46  private_typeinfo.cpp.o(.rodata._ZTSN10__cxxabiv129__pointer_to_member_type_infoE)
    typeinfo name for std::bad_exception     0x0800b590   Data          18  stdlib_exception.cpp.o(.rodata._ZTSSt13bad_exception)
    typeinfo name for std::bad_array_length  0x0800b5b0   Data          21  stdlib_exception.cpp.o(.rodata._ZTSSt16bad_array_length)
    typeinfo name for std::bad_array_new_length 0x0800b5d0   Data          25  stdlib_exception.cpp.o(.rodata._ZTSSt20bad_array_new_length)
    typeinfo name for std::bad_alloc         0x0800b5e9   Data          13  stdlib_exception.cpp.o(.rodata._ZTSSt9bad_alloc)
    typeinfo name for std::exception         0x0800b5f6   Data          13  stdlib_exception.cpp.o(.rodata._ZTSSt9exception)
    typeinfo name for std::type_info         0x0800b603   Data          13  stdlib_typeinfo.cpp.o(.rodata._ZTSSt9type_info)
    typeinfo name for void                   0x0800b610   Data           2  private_typeinfo.cpp.o(.rodata._ZTSv)
    vtable for __cxxabiv1::__class_type_info 0x0800b614   Data          40  private_typeinfo.cpp.o(.rodata._ZTVN10__cxxabiv117__class_type_infoE)
    vtable for __cxxabiv1::__si_class_type_info 0x0800b63c   Data          40  private_typeinfo.cpp.o(.rodata._ZTVN10__cxxabiv120__si_class_type_infoE)
    vtable for __cxxabiv1::__fundamental_type_info 0x0800b664   Data          28  private_typeinfo.cpp.o(.rodata._ZTVN10__cxxabiv123__fundamental_type_infoE)
    vtable for libunwind::UnwindCursor<libunwind::LocalAddressSpace, libunwind::Registers_arm> 0x0800b680   Data          72  libunwind.cpp.o(.rodata._ZTVN9libunwind12UnwindCursorINS_17LocalAddressSpaceENS_13Registers_armEEE)
    vtable for std::bad_exception            0x0800b6c8   Data          20  stdlib_exception.cpp.o(.rodata._ZTVSt13bad_exception)
    vtable for std::bad_array_length         0x0800b6dc   Data          20  stdlib_exception.cpp.o(.rodata._ZTVSt16bad_array_length)
    vtable for std::bad_array_new_length     0x0800b6f0   Data          20  stdlib_exception.cpp.o(.rodata._ZTVSt20bad_array_new_length)
    vtable for std::bad_alloc                0x0800b704   Data          20  stdlib_exception.cpp.o(.rodata._ZTVSt9bad_alloc)
    Region$$Table$$Base                      0x0800b8d8   Number         0  anon$$obj.o(Region$$Table)
    Region$$Table$$Limit                     0x0800b8f8   Number         0  anon$$obj.o(Region$$Table)
    SHT$$INIT_ARRAY$$Base                    0x0800b8f8   Number         0  lto-llvm-a2c1e4.o(.init_array)
    SHT$$ARM_EXIDX$$Base                     0x0800b8fc   Number         0  __rtentry4.o(.ARM.exidx)
    SHT$$INIT_ARRAY$$Limit                   0x0800b8fc   Number         0  init_aeabi.o(.init_array)
    SHT$$ARM_EXIDX$$Limit                    0x0800be5c   Number         0  libunwind.cpp.o(.ARM.exidx.text.unw_step)
    __cxa_terminate_handler                  0x20000018   Data           4  cxa_default_handlers.cpp.o(.data.__cxa_terminate_handler)
    __cxa_unexpected_handler                 0x2000001c   Data           4  cxa_default_handlers.cpp.o(.data.__cxa_unexpected_handler)
    __libspace_start                         0x20000020   Data          96  libspace.o(.bss)
    __temporary_stack_top$libspace           0x20000080   Data           0  libspace.o(.bss)
    libunwind::LocalAddressSpace::sThisAddressSpace 0x20000744   Data           1  libunwind.cpp.o(.bss._ZN9libunwind17LocalAddressSpace17sThisAddressSpaceE)
    __cxa_new_handler                        0x20000748   Data           4  cxa_handlers.cpp.o(.bss.__cxa_new_handler)



==============================================================================

Memory Map of the image

  Image Entry point : 0x080000ed

  Load Region LR_IROM1 (Base: 0x08000000, Size: 0x0000be80, Max: 0x00020000, ABSOLUTE)

    Execution Region ER_IROM1 (Exec base: 0x08000000, Load base: 0x08000000, Size: 0x0000be5c, Max: 0x00020000, ABSOLUTE)

    Exec Addr    Load Addr    Size         Type   Attr      Idx    E Section Name        Object

    0x08000000   0x08000000   0x000000ec   Data   RO            9    RESET               startup_stm32f10x_md.o
    0x080000ec   0x080000ec   0x00000008   Code   RO           66  * !!!main             c_w.l(__main.o)
    0x080000f4   0x080000f4   0x00000034   Code   RO         1148    !!!scatter          c_w.l(__scatter.o)
    0x08000128   0x08000128   0x0000001a   Code   RO         1150    !!handler_copy      c_w.l(__scatter_copy.o)
    0x08000142   0x08000142   0x00000002   PAD
    0x08000144   0x08000144   0x0000001c   Code   RO         1152    !!handler_zi        c_w.l(__scatter_zi.o)
    0x08000160   0x08000160   0x00000002   Code   RO          971    .ARM.Collect$$libinit$$00000000  c_w.l(libinit.o)
    0x08000162   0x08000162   0x00000000   Code   RO          513    .ARM.Collect$$libinit$$00000002  c_w.l(libinit2.o)
    0x08000162   0x08000162   0x00000000   Code   RO          515    .ARM.Collect$$libinit$$00000004  c_w.l(libinit2.o)
    0x08000162   0x08000162   0x00000008   Code   RO          516    .ARM.Collect$$libinit$$00000005  c_w.l(libinit2.o)
    0x0800016a   0x0800016a   0x00000000   Code   RO          518    .ARM.Collect$$libinit$$0000000A  c_w.l(libinit2.o)
    0x0800016a   0x0800016a   0x00000000   Code   RO          520    .ARM.Collect$$libinit$$0000000C  c_w.l(libinit2.o)
    0x0800016a   0x0800016a   0x00000000   Code   RO          522    .ARM.Collect$$libinit$$0000000E  c_w.l(libinit2.o)
    0x0800016a   0x0800016a   0x00000000   Code   RO          525    .ARM.Collect$$libinit$$00000011  c_w.l(libinit2.o)
    0x0800016a   0x0800016a   0x00000000   Code   RO          527    .ARM.Collect$$libinit$$00000013  c_w.l(libinit2.o)
    0x0800016a   0x0800016a   0x00000000   Code   RO          529    .ARM.Collect$$libinit$$00000015  c_w.l(libinit2.o)
    0x0800016a   0x0800016a   0x00000000   Code   RO          531    .ARM.Collect$$libinit$$00000017  c_w.l(libinit2.o)
    0x0800016a   0x0800016a   0x00000000   Code   RO          533    .ARM.Collect$$libinit$$00000019  c_w.l(libinit2.o)
    0x0800016a   0x0800016a   0x00000000   Code   RO          535    .ARM.Collect$$libinit$$0000001B  c_w.l(libinit2.o)
    0x0800016a   0x0800016a   0x00000000   Code   RO          537    .ARM.Collect$$libinit$$0000001D  c_w.l(libinit2.o)
    0x0800016a   0x0800016a   0x00000000   Code   RO          539    .ARM.Collect$$libinit$$0000001F  c_w.l(libinit2.o)
    0x0800016a   0x0800016a   0x00000000   Code   RO          541    .ARM.Collect$$libinit$$00000021  c_w.l(libinit2.o)
    0x0800016a   0x0800016a   0x00000000   Code   RO          543    .ARM.Collect$$libinit$$00000023  c_w.l(libinit2.o)
    0x0800016a   0x0800016a   0x00000000   Code   RO          545    .ARM.Collect$$libinit$$00000025  c_w.l(libinit2.o)
    0x0800016a   0x0800016a   0x00000008   Code   RO          546    .ARM.Collect$$libinit$$00000026  c_w.l(libinit2.o)
    0x08000172   0x08000172   0x00000000   Code   RO          551    .ARM.Collect$$libinit$$0000002E  c_w.l(libinit2.o)
    0x08000172   0x08000172   0x00000000   Code   RO          553    .ARM.Collect$$libinit$$00000030  c_w.l(libinit2.o)
    0x08000172   0x08000172   0x00000004   Code   RO          554    .ARM.Collect$$libinit$$00000031  c_w.l(libinit2.o)
    0x08000176   0x08000176   0x00000000   Code   RO          555    .ARM.Collect$$libinit$$00000032  c_w.l(libinit2.o)
    0x08000176   0x08000176   0x00000002   Code   RO          556    .ARM.Collect$$libinit$$00000033  c_w.l(libinit2.o)
    0x08000178   0x08000178   0x00000002   Code   RO         1079    .ARM.Collect$$libshutdown$$00000000  c_w.l(libshutdown.o)
    0x0800017a   0x0800017a   0x00000006   Code   RO          972    .ARM.Collect$$libshutdown$$00000001  c_w.l(libshutdown2.o)
    0x08000180   0x08000180   0x00000000   Code   RO          973    .ARM.Collect$$libshutdown$$00000002  c_w.l(libshutdown2.o)
    0x08000180   0x08000180   0x00000000   Code   RO          975    .ARM.Collect$$libshutdown$$00000004  c_w.l(libshutdown2.o)
    0x08000180   0x08000180   0x00000000   Code   RO          978    .ARM.Collect$$libshutdown$$00000007  c_w.l(libshutdown2.o)
    0x08000180   0x08000180   0x00000000   Code   RO          981    .ARM.Collect$$libshutdown$$0000000A  c_w.l(libshutdown2.o)
    0x08000180   0x08000180   0x00000000   Code   RO          983    .ARM.Collect$$libshutdown$$0000000C  c_w.l(libshutdown2.o)
    0x08000180   0x08000180   0x00000000   Code   RO          986    .ARM.Collect$$libshutdown$$0000000F  c_w.l(libshutdown2.o)
    0x08000180   0x08000180   0x00000002   Code   RO          987    .ARM.Collect$$libshutdown$$00000010  c_w.l(libshutdown2.o)
    0x08000182   0x08000182   0x00000000   Code   RO          154    .ARM.Collect$$rtentry$$00000000  c_w.l(__rtentry.o)
    0x08000182   0x08000182   0x00000000   Code   RO          449    .ARM.Collect$$rtentry$$00000002  c_w.l(__rtentry2.o)
    0x08000182   0x08000182   0x00000006   Code   RO          461    .ARM.Collect$$rtentry$$00000004  c_w.l(__rtentry4.o)
    0x08000188   0x08000188   0x00000000   Code   RO          451    .ARM.Collect$$rtentry$$00000009  c_w.l(__rtentry2.o)
    0x08000188   0x08000188   0x00000004   Code   RO          452    .ARM.Collect$$rtentry$$0000000A  c_w.l(__rtentry2.o)
    0x0800018c   0x0800018c   0x00000000   Code   RO          454    .ARM.Collect$$rtentry$$0000000C  c_w.l(__rtentry2.o)
    0x0800018c   0x0800018c   0x00000008   Code   RO          455    .ARM.Collect$$rtentry$$0000000D  c_w.l(__rtentry2.o)
    0x08000194   0x08000194   0x00000002   Code   RO         1030    .ARM.Collect$$rtexit$$00000000  c_w.l(rtexit.o)
    0x08000196   0x08000196   0x00000000   Code   RO         1051    .ARM.Collect$$rtexit$$00000002  c_w.l(rtexit2.o)
    0x08000196   0x08000196   0x00000004   Code   RO         1052    .ARM.Collect$$rtexit$$00000003  c_w.l(rtexit2.o)
    0x0800019a   0x0800019a   0x00000006   Code   RO         1053    .ARM.Collect$$rtexit$$00000004  c_w.l(rtexit2.o)
    0x080001a0   0x080001a0   0x00000004   Code   RO          969    .emb_text           c_w.l(argv_veneer.o)
    0x080001a4   0x080001a4   0x00000040   Code   RO           10    .text               startup_stm32f10x_md.o
    0x080001e4   0x080001e4   0x0000000a   Code   RO           58    .text               c_w.l(cxa_atexit.o)
    0x080001ee   0x080001ee   0x00000006   Code   RO           64    .text               c_w.l(heapauxi.o)
    0x080001f4   0x080001f4   0x00000002   Code   RO          151    .text               c_w.l(use_no_semi.o)
    0x080001f6   0x080001f6   0x00000000   Code   RO          153    .text               c_w.l(indicate_semi.o)
    0x080001f6   0x080001f6   0x0000005e   Code   RO          159    .text               c_w.l(h1_alloc.o)
    0x08000254   0x08000254   0x0000004e   Code   RO          161    .text               c_w.l(h1_free.o)
    0x080002a2   0x080002a2   0x000000b4   Code   RO          163    .text               c_w.l(h1_memalign.o)
    0x08000356   0x08000356   0x00000016   Code   RO          221    .text               c_w.l(_rserrno.o)
    0x0800036c   0x0800036c   0x00000016   Code   RO          223    .text               c_w.l(abort.o)
    0x08000382   0x08000382   0x0000002e   Code   RO          228    .text               c_w.l(aeabi_atexit.o)
    0x080003b0   0x080003b0   0x0000004e   Code   RO          231    .text               c_w.l(rt_memclr_w.o)
    0x080003fe   0x080003fe   0x00000002   PAD
    0x08000400   0x08000400   0x0000000c   Code   RO          442    .text               c_w.l(sys_exit.o)
    0x0800040c   0x0800040c   0x00000008   Code   RO          466    .text               c_w.l(rt_heap_descriptor_intlibspace.o)
    0x08000414   0x08000414   0x00000008   Code   RO          471    .text               c_w.l(rt_ddtor_pointer_addr_intlibspace.o)
    0x0800041c   0x0800041c   0x00000008   Code   RO          476    .text               c_w.l(rt_errno_addr_intlibspace.o)
    0x08000424   0x08000424   0x00000004   Code   RO          478    .text               c_w.l(hguard.o)
    0x08000428   0x08000428   0x0000008a   Code   RO          480    .text               c_w.l(init_alloc.o)
    0x080004b2   0x080004b2   0x0000000e   Code   RO          484    .text               c_w.l(h1_init.o)
    0x080004c0   0x080004c0   0x00000042   Code   RO          498    .text               c_w.l(cxa_finalize.o)
    0x08000502   0x08000502   0x0000000e   Code   RO          501    .text               c_w.l(defsig_abrt_outer.o)
    0x08000510   0x08000510   0x00000064   Code   RO          505    .text               c_w.l(rt_memcpy_w.o)
    0x08000574   0x08000574   0x00000044   Code   RO          507    .text               c_w.l(rt_memclr.o)
    0x080005b8   0x080005b8   0x00000108   Code   RO          510    .text               c_w.l(_get_argv.o)
    0x080006c0   0x080006c0   0x0000002e   Code   RO          925    .text               libunwind_wx.l(UnwindRegistersSave.S.o)
    0x080006ee   0x080006ee   0x00000018   Code   RO          926    .text               c_w.l(sys_command.o)
    0x08000706   0x08000706   0x00000002   PAD
    0x08000708   0x08000708   0x00000008   Code   RO          930    .text               c_w.l(libspace.o)
    0x08000710   0x08000710   0x0000004a   Code   RO          933    .text               c_w.l(sys_stackheap_outer.o)
    0x0800075a   0x0800075a   0x00000004   Code   RO          937    .text               c_w.l(hrguard.o)
    0x0800075e   0x0800075e   0x00000028   Code   RO          939    .text               c_w.l(calloc.o)
    0x08000786   0x08000786   0x00000000   Code   RO          941    .text               c_w.l(maybetermalloc1.o)
    0x08000786   0x08000786   0x00000034   Code   RO          943    .text               c_w.l(h1_extend.o)
    0x080007ba   0x080007ba   0x00000012   Code   RO          947    .text               c_w.l(exit.o)
    0x080007cc   0x080007cc   0x0000000a   Code   RO          949    .text               c_w.l(defsig_exit.o)
    0x080007d6   0x080007d6   0x00000002   PAD
    0x080007d8   0x080007d8   0x00000030   Code   RO          951    .text               c_w.l(defsig_abrt_inner.o)
    0x08000808   0x08000808   0x0000000e   Code   RO          953    .text               c_w.l(defsig_rtmem_outer.o)
    0x08000816   0x08000816   0x0000008a   Code   RO          957    .text               c_w.l(rt_memcpy_v6.o)
    0x080008a0   0x080008a0   0x00000080   Code   RO          959    .text               c_w.l(strcmpv7m.o)
    0x08000920   0x08000920   0x00000026   Code   RO         1029    .text               libunwind_wx.l(UnwindRegistersRestore.S.o)
    0x08000946   0x08000946   0x00000032   Code   RO         1036    .text               c_w.l(defsig_general.o)
    0x08000978   0x08000978   0x00000050   Code   RO         1038    .text               c_w.l(defsig_rtmem_inner.o)
    0x080009c8   0x080009c8   0x0000000e   Code   RO         1046    .text               c_w.l(sys_wrch.o)
    0x080009d6   0x080009d6   0x00000002   PAD
    0x080009d8   0x080009d8   0x00005806   Code   RO         1080    .text               lto-llvm-a2c1e4.o
    0x080061de   0x080061de   0x00000010   Code   RO         1098    .text               c_w.l(aeabi_memset4.o)
    0x080061ee   0x080061ee   0x00000002   PAD
    0x080061f0   0x080061f0   0x00000024   Code   RO         1103    .text               c_w.l(init_aeabi.o)
    0x08006214   0x08006214   0x00000002   Code   RO          402    .text._Unwind_Complete  libunwind_wx.l(Unwind-EHABI.cpp.o)
    0x08006216   0x08006216   0x0000000c   Code   RO          411    .text._Unwind_DeleteException  libunwind_wx.l(Unwind-EHABI.cpp.o)
    0x08006222   0x08006222   0x00000018   Code   RO          407    .text._Unwind_GetLanguageSpecificData  libunwind_wx.l(Unwind-EHABI.cpp.o)
    0x0800623a   0x0800623a   0x00000018   Code   RO          409    .text._Unwind_GetRegionStart  libunwind_wx.l(Unwind-EHABI.cpp.o)
    0x08006252   0x08006252   0x0000007c   Code   RO          398    .text._Unwind_RaiseException  libunwind_wx.l(Unwind-EHABI.cpp.o)
    0x080062ce   0x080062ce   0x00000020   Code   RO          404    .text._Unwind_Resume  libunwind_wx.l(Unwind-EHABI.cpp.o)
    0x080062ee   0x080062ee   0x00000058   Code   RO          384    .text._Unwind_VRS_Get  libunwind_wx.l(Unwind-EHABI.cpp.o)
    0x08006346   0x08006346   0x00000002   PAD
    0x08006348   0x08006348   0x00000238   Code   RO          382    .text._Unwind_VRS_Interpret  libunwind_wx.l(Unwind-EHABI.cpp.o)
    0x08006580   0x08006580   0x000000e6   Code   RO          388    .text._Unwind_VRS_Pop  libunwind_wx.l(Unwind-EHABI.cpp.o)
    0x08006666   0x08006666   0x0000005a   Code   RO          386    .text._Unwind_VRS_Set  libunwind_wx.l(Unwind-EHABI.cpp.o)
    0x080066c0   0x080066c0   0x000000a8   Code   RO          400    .text._ZL13unwind_phase2P13unw_context_tP12unw_cursor_tP21_Unwind_Control_Blockb  libunwind_wx.l(Unwind-EHABI.cpp.o)
    0x08006768   0x08006768   0x00000004   Code   RO          593    .text._ZN10__cxxabiv116__shim_type_infoD2Ev  libcppabi_wx.l(private_typeinfo.cpp.o)
    0x0800676c   0x0800676c   0x0000000e   Code   RO          609    .text._ZN10__cxxabiv117__class_type_infoD0Ev  libcppabi_wx.l(private_typeinfo.cpp.o)
    0x0800677a   0x0800677a   0x00000020   Code   RO          588    .text._ZN10__cxxabiv120__free_with_fallbackEPv  libcppabi_wx.l(fallback_malloc.cpp.o)
    0x0800679a   0x0800679a   0x0000000e   Code   RO          611    .text._ZN10__cxxabiv120__si_class_type_infoD0Ev  libcppabi_wx.l(private_typeinfo.cpp.o)
    0x080067a8   0x080067a8   0x0000002a   Code   RO          582    .text._ZN10__cxxabiv122__calloc_with_fallbackEjj  libcppabi_wx.l(fallback_malloc.cpp.o)
    0x080067d2   0x080067d2   0x0000000e   Code   RO          601    .text._ZN10__cxxabiv123__fundamental_type_infoD0Ev  libcppabi_wx.l(private_typeinfo.cpp.o)
    0x080067e0   0x080067e0   0x00000020   Code   RO          584    .text._ZN10__cxxabiv128__aligned_free_with_fallbackEPv  libcppabi_wx.l(fallback_malloc.cpp.o)
    0x08006800   0x08006800   0x00000026   Code   RO          578    .text._ZN10__cxxabiv130__aligned_malloc_with_fallbackEj  libcppabi_wx.l(fallback_malloc.cpp.o)
    0x08006826   0x08006826   0x0000039e   Code   RO          128    .text._ZN10__cxxabiv1L11scan_eh_tabERNS_12_GLOBAL__N_112scan_resultsE14_Unwind_ActionbP21_Unwind_Control_BlockP15_Unwind_Context  libcppabi_wx.l(cxa_personality.cpp.o)
    0x08006bc4   0x08006bc4   0x00000012   Code   RO          344    .text._ZN10__cxxabiv1L12failed_throwEPNS_15__cxa_exceptionE  libcppabi_wx.l(cxa_exception.cpp.o)
    0x08006bd6   0x08006bd6   0x0000005c   Code   RO          132    .text._ZN10__cxxabiv1L13set_registersEP21_Unwind_Control_BlockP15_Unwind_ContextRKNS_12_GLOBAL__N_112scan_resultsE  libcppabi_wx.l(cxa_personality.cpp.o)
    0x08006c32   0x08006c32   0x0000001a   Code   RO          130    .text._ZN10__cxxabiv1L14call_terminateEbP21_Unwind_Control_Block  libcppabi_wx.l(cxa_personality.cpp.o)
    0x08006c4c   0x08006c4c   0x00000142   Code   RO          137    .text._ZN10__cxxabiv1L18readEncodedPointerEPPKhh  libcppabi_wx.l(cxa_personality.cpp.o)
    0x08006d8e   0x08006d8e   0x00000016   Code   RO          342    .text._ZN10__cxxabiv1L22exception_cleanup_funcE19_Unwind_Reason_CodeP21_Unwind_Control_Block  libcppabi_wx.l(cxa_exception.cpp.o)
    0x08006da4   0x08006da4   0x00000044   Code   RO          139    .text._ZN10__cxxabiv1L24exception_spec_can_catchExPKhhPKNS_16__shim_type_infoEPvP21_Unwind_Control_Block  libcppabi_wx.l(cxa_personality.cpp.o)
    0x08006de8   0x08006de8   0x00000022   Code   RO          372    .text._ZN10__cxxabiv1L27dependent_exception_cleanupE19_Unwind_Reason_CodeP21_Unwind_Control_Block  libcppabi_wx.l(cxa_exception.cpp.o)
    0x08006e0a   0x08006e0a   0x0000009a   Code   RO          586    .text._ZN12_GLOBAL__N_113fallback_freeEPv  libcppabi_wx.l(fallback_malloc.cpp.o)
    0x08006ea4   0x08006ea4   0x00000092   Code   RO          580    .text._ZN12_GLOBAL__N_115fallback_mallocEj  libcppabi_wx.l(fallback_malloc.cpp.o)
    0x08006f36   0x08006f36   0x00000038   Code   RO          392    .text._ZN12_GLOBAL__N_1L14unwindOneFrameEjP21_Unwind_Control_BlockP15_Unwind_Context  libunwind_wx.l(Unwind-EHABI.cpp.o)
    0x08006f6e   0x08006f6e   0x00000008   Code   RO          912    .text._ZN9libunwind12UnwindCursorINS_17LocalAddressSpaceENS_13Registers_armEE10saveVFPAsXEv  libunwind_wx.l(libunwind.cpp.o)
    0x08006f76   0x08006f76   0x00000064   Code   RO          894    .text._ZN9libunwind12UnwindCursorINS_17LocalAddressSpaceENS_13Registers_armEE11getFloatRegEi  libunwind_wx.l(libunwind.cpp.o)
    0x08006fda   0x08006fda   0x0000006e   Code   RO          896    .text._ZN9libunwind12UnwindCursorINS_17LocalAddressSpaceENS_13Registers_armEE11setFloatRegEiy  libunwind_wx.l(libunwind.cpp.o)
    0x08007048   0x08007048   0x00000006   Code   RO          904    .text._ZN9libunwind12UnwindCursorINS_17LocalAddressSpaceENS_13Registers_armEE13isSignalFrameEv  libunwind_wx.l(libunwind.cpp.o)
    0x0800704e   0x0800704e   0x00000030   Code   RO          914    .text._ZN9libunwind12UnwindCursorINS_17LocalAddressSpaceENS_13Registers_armEE13stepWithEHABIEv  libunwind_wx.l(libunwind.cpp.o)
    0x0800707e   0x0800707e   0x00000010   Code   RO          892    .text._ZN9libunwind12UnwindCursorINS_17LocalAddressSpaceENS_13Registers_armEE13validFloatRegEi  libunwind_wx.l(libunwind.cpp.o)
    0x0800708e   0x0800708e   0x00000010   Code   RO          906    .text._ZN9libunwind12UnwindCursorINS_17LocalAddressSpaceENS_13Registers_armEE15getFunctionNameEPcjPj  libunwind_wx.l(libunwind.cpp.o)
    0x0800709e   0x0800709e   0x00000006   Code   RO          910    .text._ZN9libunwind12UnwindCursorINS_17LocalAddressSpaceENS_13Registers_armEE15getRegisterNameEi  libunwind_wx.l(libunwind.cpp.o)
    0x080070a4   0x080070a4   0x00000196   Code   RO          918    .text._ZN9libunwind12UnwindCursorINS_17LocalAddressSpaceENS_13Registers_armEE23getInfoFromEHABISectionEjRKNS_18UnwindInfoSectionsE  libunwind_wx.l(libunwind.cpp.o)
    0x0800723a   0x0800723a   0x00000046   Code   RO          908    .text._ZN9libunwind12UnwindCursorINS_17LocalAddressSpaceENS_13Registers_armEE24setInfoBasedOnIPRegisterEb  libunwind_wx.l(libunwind.cpp.o)
    0x08007280   0x08007280   0x00000050   Code   RO          898    .text._ZN9libunwind12UnwindCursorINS_17LocalAddressSpaceENS_13Registers_armEE4stepEv  libunwind_wx.l(libunwind.cpp.o)
    0x080072d0   0x080072d0   0x0000003a   Code   RO          888    .text._ZN9libunwind12UnwindCursorINS_17LocalAddressSpaceENS_13Registers_armEE6getRegEi  libunwind_wx.l(libunwind.cpp.o)
    0x0800730a   0x0800730a   0x00000016   Code   RO          902    .text._ZN9libunwind12UnwindCursorINS_17LocalAddressSpaceENS_13Registers_armEE6jumptoEv  libunwind_wx.l(libunwind.cpp.o)
    0x08007320   0x08007320   0x00000038   Code   RO          890    .text._ZN9libunwind12UnwindCursorINS_17LocalAddressSpaceENS_13Registers_armEE6setRegEij  libunwind_wx.l(libunwind.cpp.o)
    0x08007358   0x08007358   0x0000002a   Code   RO          900    .text._ZN9libunwind12UnwindCursorINS_17LocalAddressSpaceENS_13Registers_armEE7getInfoEP15unw_proc_info_t  libunwind_wx.l(libunwind.cpp.o)
    0x08007382   0x08007382   0x0000000e   Code   RO          886    .text._ZN9libunwind12UnwindCursorINS_17LocalAddressSpaceENS_13Registers_armEE8validRegEi  libunwind_wx.l(libunwind.cpp.o)
    0x08007390   0x08007390   0x00000002   Code   RO          884    .text._ZN9libunwind12UnwindCursorINS_17LocalAddressSpaceENS_13Registers_armEED0Ev  libunwind_wx.l(libunwind.cpp.o)
    0x08007392   0x08007392   0x00000002   PAD
    0x08007394   0x08007394   0x00000394   Code   RO          922    .text._ZN9libunwind13Registers_arm15getRegisterNameEi  libunwind_wx.l(libunwind.cpp.o)
    0x08007728   0x08007728   0x00000032   Code   RO          916    .text._ZN9libunwind13Registers_arm26restoreSavedFloatRegistersEv  libunwind_wx.l(libunwind.cpp.o)
    0x0800775a   0x0800775a   0x00000002   Code   RO          882    .text._ZN9libunwind20AbstractUnwindCursorD2Ev  libunwind_wx.l(libunwind.cpp.o)
    0x0800775c   0x0800775c   0x00000002   Code   RO          597    .text._ZNK10__cxxabiv116__shim_type_info5noop1Ev  libcppabi_wx.l(private_typeinfo.cpp.o)
    0x0800775e   0x0800775e   0x00000002   Code   RO          599    .text._ZNK10__cxxabiv116__shim_type_info5noop2Ev  libcppabi_wx.l(private_typeinfo.cpp.o)
    0x08007760   0x08007760   0x00000032   Code   RO          671    .text._ZNK10__cxxabiv117__class_type_info16search_above_dstEPNS_19__dynamic_cast_infoEPKvS4_ib  libcppabi_wx.l(private_typeinfo.cpp.o)
    0x08007792   0x08007792   0x0000007e   Code   RO          665    .text._ZNK10__cxxabiv117__class_type_info16search_below_dstEPNS_19__dynamic_cast_infoEPKvib  libcppabi_wx.l(private_typeinfo.cpp.o)
    0x08007810   0x08007810   0x00000038   Code   RO          633    .text._ZNK10__cxxabiv117__class_type_info27has_unambiguous_public_baseEPNS_19__dynamic_cast_infoEPvi  libcppabi_wx.l(private_typeinfo.cpp.o)
    0x08007848   0x08007848   0x00000060   Code   RO          653    .text._ZNK10__cxxabiv117__class_type_info29process_static_type_above_dstEPNS_19__dynamic_cast_infoEPKvS4_i  libcppabi_wx.l(private_typeinfo.cpp.o)
    0x080078a8   0x080078a8   0x00000072   Code   RO          629    .text._ZNK10__cxxabiv117__class_type_info9can_catchEPKNS_16__shim_type_infoERPv  libcppabi_wx.l(private_typeinfo.cpp.o)
    0x0800791a   0x0800791a   0x00000050   Code   RO          641    .text._ZNK10__cxxabiv117__pbase_type_info9can_catchEPKNS_16__shim_type_infoERPv  libcppabi_wx.l(private_typeinfo.cpp.o)
    0x0800796a   0x0800796a   0x00000094   Code   RO          645    .text._ZNK10__cxxabiv119__pointer_type_info16can_catch_nestedEPKNS_16__shim_type_infoE  libcppabi_wx.l(private_typeinfo.cpp.o)
    0x080079fe   0x080079fe   0x00000196   Code   RO          643    .text._ZNK10__cxxabiv119__pointer_type_info9can_catchEPKNS_16__shim_type_infoERPv  libcppabi_wx.l(private_typeinfo.cpp.o)
    0x08007b94   0x08007b94   0x0000004c   Code   RO          669    .text._ZNK10__cxxabiv120__si_class_type_info16search_above_dstEPNS_19__dynamic_cast_infoEPKvS4_ib  libcppabi_wx.l(private_typeinfo.cpp.o)
    0x08007be0   0x08007be0   0x000000d0   Code   RO          663    .text._ZNK10__cxxabiv120__si_class_type_info16search_below_dstEPNS_19__dynamic_cast_infoEPKvib  libcppabi_wx.l(private_typeinfo.cpp.o)
    0x08007cb0   0x08007cb0   0x00000042   Code   RO          635    .text._ZNK10__cxxabiv120__si_class_type_info27has_unambiguous_public_baseEPNS_19__dynamic_cast_infoEPvi  libcppabi_wx.l(private_typeinfo.cpp.o)
    0x08007cf2   0x08007cf2   0x000000fc   Code   RO          667    .text._ZNK10__cxxabiv121__vmi_class_type_info16search_above_dstEPNS_19__dynamic_cast_infoEPKvS4_ib  libcppabi_wx.l(private_typeinfo.cpp.o)
    0x08007dee   0x08007dee   0x0000000a   Code   RO          621    .text._ZNK10__cxxabiv123__fundamental_type_info9can_catchEPKNS_16__shim_type_infoERPv  libcppabi_wx.l(private_typeinfo.cpp.o)
    0x08007df8   0x08007df8   0x00000046   Code   RO          647    .text._ZNK10__cxxabiv129__pointer_to_member_type_info16can_catch_nestedEPKNS_16__shim_type_infoE  libcppabi_wx.l(private_typeinfo.cpp.o)
    0x08007e3e   0x08007e3e   0x000000a2   Code   RO          649    .text._ZNK10__cxxabiv129__pointer_to_member_type_info9can_catchEPKNS_16__shim_type_infoERPv  libcppabi_wx.l(private_typeinfo.cpp.o)
    0x08007ee0   0x08007ee0   0x00000018   Code   RO          293    .text._ZNKSt13bad_exception4whatEv  libcppabi_wx.l(stdlib_exception.cpp.o)
    0x08007ef8   0x08007ef8   0x00000018   Code   RO          311    .text._ZNKSt16bad_array_length4whatEv  libcppabi_wx.l(stdlib_exception.cpp.o)
    0x08007f10   0x08007f10   0x0000001c   Code   RO          305    .text._ZNKSt20bad_array_new_length4whatEv  libcppabi_wx.l(stdlib_exception.cpp.o)
    0x08007f2c   0x08007f2c   0x00000014   Code   RO          299    .text._ZNKSt9bad_alloc4whatEv  libcppabi_wx.l(stdlib_exception.cpp.o)
    0x08007f40   0x08007f40   0x00000004   Code   RO          291    .text._ZNSt13bad_exceptionD0Ev  libcppabi_wx.l(stdlib_exception.cpp.o)
    0x08007f44   0x08007f44   0x0000000e   Code   RO          307    .text._ZNSt16bad_array_lengthC2Ev  libcppabi_wx.l(stdlib_exception.cpp.o)
    0x08007f52   0x08007f52   0x00000004   Code   RO          309    .text._ZNSt16bad_array_lengthD0Ev  libcppabi_wx.l(stdlib_exception.cpp.o)
    0x08007f56   0x08007f56   0x0000000e   Code   RO          301    .text._ZNSt20bad_array_new_lengthC2Ev  libcppabi_wx.l(stdlib_exception.cpp.o)
    0x08007f64   0x08007f64   0x00000004   Code   RO          303    .text._ZNSt20bad_array_new_lengthD0Ev  libcppabi_wx.l(stdlib_exception.cpp.o)
    0x08007f68   0x08007f68   0x00000068   Code   RO          920    .text._ZNSt3__113__upper_boundIRNS_6__lessIjjEEN9libunwind20EHABISectionIteratorINS4_17LocalAddressSpaceEEEjEET0_S8_S8_RKT1_T_  libunwind_wx.l(libunwind.cpp.o)
    0x08007fd0   0x08007fd0   0x0000000e   Code   RO          295    .text._ZNSt9bad_allocC2Ev  libcppabi_wx.l(stdlib_exception.cpp.o)
    0x08007fde   0x08007fde   0x00000004   Code   RO          297    .text._ZNSt9bad_allocD0Ev  libcppabi_wx.l(stdlib_exception.cpp.o)
    0x08007fe2   0x08007fe2   0x00000002   Code   RO          285    .text._ZNSt9exceptionD2Ev  libcppabi_wx.l(stdlib_exception.cpp.o)
    0x08007fe4   0x08007fe4   0x00000002   Code   RO         1000    .text._ZNSt9type_infoD2Ev  libcppabi_wx.l(stdlib_typeinfo.cpp.o)
    0x08007fe6   0x08007fe6   0x00000022   Code   RO          269    .text._ZSt10unexpectedv  libcppabi_wx.l(cxa_handlers.cpp.o)
    0x08008008   0x08008008   0x00000080   Code   RO          273    .text._ZSt11__terminatePFvvE  libcppabi_wx.l(cxa_handlers.cpp.o)
    0x08008088   0x08008088   0x00000038   Code   RO          267    .text._ZSt12__unexpectedPFvvE  libcppabi_wx.l(cxa_handlers.cpp.o)
    0x080080c0   0x080080c0   0x0000001e   Code   RO          271    .text._ZSt13get_terminatev  libcppabi_wx.l(cxa_handlers.cpp.o)
    0x080080de   0x080080de   0x0000002c   Code   RO          570    .text._ZSt13set_terminatePFvvE  libcppabi_wx.l(cxa_default_handlers.cpp.o)
    0x0800810a   0x0800810a   0x0000001e   Code   RO          265    .text._ZSt14get_unexpectedv  libcppabi_wx.l(cxa_handlers.cpp.o)
    0x08008128   0x08008128   0x0000002c   Code   RO          568    .text._ZSt14set_unexpectedPFvvE  libcppabi_wx.l(cxa_default_handlers.cpp.o)
    0x08008154   0x08008154   0x0000001e   Code   RO          281    .text._ZSt15get_new_handlerv  libcppabi_wx.l(cxa_handlers.cpp.o)
    0x08008172   0x08008172   0x00000020   Code   RO          279    .text._ZSt15set_new_handlerPFvvE  libcppabi_wx.l(cxa_handlers.cpp.o)
    0x08008192   0x08008192   0x00000002   PAD
    0x08008194   0x08008194   0x0000005a   Code   RO          276    .text._ZSt9terminatev  libcppabi_wx.l(cxa_handlers.cpp.o)
    0x080081ee   0x080081ee   0x00000004   Code   RO           87    .text._ZdaPv        libcpp_wx.l(new.cpp.o)
    0x080081f2   0x080081f2   0x00000004   Code   RO           89    .text._ZdaPvRKSt9nothrow_t  libcpp_wx.l(new.cpp.o)
    0x080081f6   0x080081f6   0x00000004   Code   RO           91    .text._ZdaPvj       libcpp_wx.l(new.cpp.o)
    0x080081fa   0x080081fa   0x0000000a   Code   RO           81    .text._ZdlPv        libcpp_wx.l(new.cpp.o)
    0x08008204   0x08008204   0x00000004   Code   RO           83    .text._ZdlPvRKSt9nothrow_t  libcpp_wx.l(new.cpp.o)
    0x08008208   0x08008208   0x00000004   Code   RO           85    .text._ZdlPvj       libcpp_wx.l(new.cpp.o)
    0x0800820c   0x0800820c   0x00000004   Code   RO           76    .text._Znaj         libcpp_wx.l(new.cpp.o)
    0x08008210   0x08008210   0x00000018   Code   RO           78    .text._ZnajRKSt9nothrow_t  libcpp_wx.l(new.cpp.o)
    0x08008228   0x08008228   0x00000004   Code   RO           98    .text._ZnajSt11align_val_t  libcpp_wx.l(new.cpp.o)
    0x0800822c   0x0800822c   0x00000018   Code   RO          100    .text._ZnajSt11align_val_tRKSt9nothrow_t  libcpp_wx.l(new.cpp.o)
    0x08008244   0x08008244   0x0000003e   Code   RO           71    .text._Znwj         libcpp_wx.l(new.cpp.o)
    0x08008282   0x08008282   0x00000018   Code   RO           73    .text._ZnwjRKSt9nothrow_t  libcpp_wx.l(new.cpp.o)
    0x0800829a   0x0800829a   0x0000005c   Code   RO           93    .text._ZnwjSt11align_val_t  libcpp_wx.l(new.cpp.o)
    0x080082f6   0x080082f6   0x00000018   Code   RO           95    .text._ZnwjSt11align_val_tRKSt9nothrow_t  libcpp_wx.l(new.cpp.o)
    0x0800830e   0x0800830e   0x00000008   Code   RO          390    .text.__aeabi_unwind_cpp_pr0  libunwind_wx.l(Unwind-EHABI.cpp.o)
    0x08008316   0x08008316   0x00000008   Code   RO          394    .text.__aeabi_unwind_cpp_pr1  libunwind_wx.l(Unwind-EHABI.cpp.o)
    0x0800831e   0x0800831e   0x00000008   Code   RO          396    .text.__aeabi_unwind_cpp_pr2  libunwind_wx.l(Unwind-EHABI.cpp.o)
    0x08008326   0x08008326   0x00000002   PAD
    0x08008328   0x08008328   0x0000000a   Code   RO          116    .text.__clang_call_terminate  libcpp_wx.l(new.cpp.o)
    0x08008332   0x08008332   0x0000001c   Code   RO          336    .text.__cxa_allocate_dependent_exception  libcppabi_wx.l(cxa_exception.cpp.o)
    0x0800834e   0x0800834e   0x00000028   Code   RO          330    .text.__cxa_allocate_exception  libcppabi_wx.l(cxa_exception.cpp.o)
    0x08008376   0x08008376   0x0000006a   Code   RO          353    .text.__cxa_begin_catch  libcppabi_wx.l(cxa_exception.cpp.o)
    0x080083e0   0x080083e0   0x00000058   Code   RO          348    .text.__cxa_begin_cleanup  libcppabi_wx.l(cxa_exception.cpp.o)
    0x08008438   0x08008438   0x000001a4   Code   RO          134    .text.__cxa_call_unexpected  libcppabi_wx.l(cxa_personality.cpp.o)
    0x080085dc   0x080085dc   0x0000003a   Code   RO          358    .text.__cxa_decrement_exception_refcount  libcppabi_wx.l(cxa_exception.cpp.o)
    0x08008616   0x08008616   0x0000007c   Code   RO          356    .text.__cxa_end_catch  libcppabi_wx.l(cxa_exception.cpp.o)
    0x08008692   0x08008692   0x0000000a   Code   RO          259    .text.__cxa_get_globals  libcppabi_wx.l(cxa_exception_storage.cpp.o)
    0x0800869c   0x0800869c   0x0000000a   Code   RO          261    .text.__cxa_get_globals_fast  libcppabi_wx.l(cxa_exception_storage.cpp.o)
    0x080086a6   0x080086a6   0x0000000a   Code   RO          119    .text.__cxa_guard_acquire  libcppabi_wx.l(cxa_guard.cpp.o)
    0x080086b0   0x080086b0   0x0000005a   Code   RO          363    .text.__cxa_rethrow  libcppabi_wx.l(cxa_exception.cpp.o)
    0x0800870a   0x0800870a   0x00000078   Code   RO          370    .text.__cxa_rethrow_primary_exception  libcppabi_wx.l(cxa_exception.cpp.o)
    0x08008782   0x08008782   0x0000005a   Code   RO          340    .text.__cxa_throw   libcppabi_wx.l(cxa_exception.cpp.o)
    0x080087dc   0x080087dc   0x000000a6   Code   RO          651    .text.__dynamic_cast  libcppabi_wx.l(private_typeinfo.cpp.o)
    0x08008882   0x08008882   0x00000014   Code   RO          413    .text.__gnu_unwind_frame  libunwind_wx.l(Unwind-EHABI.cpp.o)
    0x08008896   0x08008896   0x00000172   Code   RO          126    .text.__gxx_personality_v0  libcppabi_wx.l(cxa_personality.cpp.o)
    0x08008a08   0x08008a08   0x00000006   Code   RO          575    .text.abort_message  libcppabi_wx.l(abort_message.cpp.o)
    0x08008a0e   0x08008a0e   0x00000052   Code   RO          380    .text.decode_eht_entry  libunwind_wx.l(Unwind-EHABI.cpp.o)
    0x08008a60   0x08008a60   0x0000002e   Code   RO          859    .text.unw_get_fpreg  libunwind_wx.l(libunwind.cpp.o)
    0x08008a8e   0x08008a8e   0x0000001e   Code   RO          865    .text.unw_get_proc_info  libunwind_wx.l(libunwind.cpp.o)
    0x08008aac   0x08008aac   0x0000002c   Code   RO          855    .text.unw_get_reg   libunwind_wx.l(libunwind.cpp.o)
    0x08008ad8   0x08008ad8   0x00000046   Code   RO          853    .text.unw_init_local  libunwind_wx.l(libunwind.cpp.o)
    0x08008b1e   0x08008b1e   0x00000012   Code   RO          867    .text.unw_resume    libunwind_wx.l(libunwind.cpp.o)
    0x08008b30   0x08008b30   0x00000006   Code   RO          877    .text.unw_save_vfp_as_X  libunwind_wx.l(libunwind.cpp.o)
    0x08008b36   0x08008b36   0x00000036   Code   RO          861    .text.unw_set_fpreg  libunwind_wx.l(libunwind.cpp.o)
    0x08008b6c   0x08008b6c   0x00000040   Code   RO          857    .text.unw_set_reg   libunwind_wx.l(libunwind.cpp.o)
    0x08008bac   0x08008bac   0x00000006   Code   RO          863    .text.unw_step      libunwind_wx.l(libunwind.cpp.o)
    0x08008bb2   0x08008bb2   0x00000028   Code   RO          429    i.__ARM_fpclassify  m_ws.l(fpclassify.o)
    0x08008bda   0x08008bda   0x000000aa   Code   RO          431    i.__kernel_poly     m_ws.l(poly.o)
    0x08008c84   0x08008c84   0x00000010   Code   RO          415    i.__mathlib_dbl_divzero  m_ws.l(dunder.o)
    0x08008c94   0x08008c94   0x00000004   Code   RO          417    i.__mathlib_dbl_infnan2  m_ws.l(dunder.o)
    0x08008c98   0x08008c98   0x0000000c   Code   RO          418    i.__mathlib_dbl_invalid  m_ws.l(dunder.o)
    0x08008ca4   0x08008ca4   0x0000000e   Code   RO          419    i.__mathlib_dbl_overflow  m_ws.l(dunder.o)
    0x08008cb2   0x08008cb2   0x00000002   PAD
    0x08008cb4   0x08008cb4   0x00000010   Code   RO          421    i.__mathlib_dbl_underflow  m_ws.l(dunder.o)
    0x08008cc4   0x08008cc4   0x000009d8   Code   RO          142    i.pow               m_ws.l(pow.o)
    0x0800969c   0x0800969c   0x0000004c   Code   RO          435    i.sqrt              m_ws.l(sqrt.o)
    0x080096e8   0x080096e8   0x00000062   Code   RO         1106    x$fpl$d2f           fz_ws.l(d2f.o)
    0x0800974a   0x0800974a   0x00000002   PAD
    0x0800974c   0x0800974c   0x00000150   Code   RO          235    x$fpl$dadd          fz_ws.l(daddsub_clz.o)
    0x0800989c   0x0800989c   0x00000010   Code   RO          557    x$fpl$dcheck1       fz_ws.l(dcheck1.o)
    0x080098ac   0x080098ac   0x00000018   Code   RO          988    x$fpl$dcmpinf       fz_ws.l(dcmpi.o)
    0x080098c4   0x080098c4   0x000002b0   Code   RO          242    x$fpl$ddiv          fz_ws.l(ddiv.o)
    0x08009b74   0x08009b74   0x0000002e   Code   RO          246    x$fpl$dflt          fz_ws.l(dflt_clz.o)
    0x08009ba2   0x08009ba2   0x00000002   PAD
    0x08009ba4   0x08009ba4   0x00000078   Code   RO          559    x$fpl$dleqf         fz_ws.l(dleqf.o)
    0x08009c1c   0x08009c1c   0x00000154   Code   RO          251    x$fpl$dmul          fz_ws.l(dmul.o)
    0x08009d70   0x08009d70   0x0000009c   Code   RO          561    x$fpl$dnaninf       fz_ws.l(dnaninf.o)
    0x08009e0c   0x08009e0c   0x0000000c   Code   RO          563    x$fpl$dretinf       fz_ws.l(dretinf.o)
    0x08009e18   0x08009e18   0x0000006c   Code   RO          253    x$fpl$drleqf        fz_ws.l(drleqf.o)
    0x08009e84   0x08009e84   0x00000016   Code   RO          236    x$fpl$drsb          fz_ws.l(daddsub_clz.o)
    0x08009e9a   0x08009e9a   0x00000002   PAD
    0x08009e9c   0x08009e9c   0x000001cc   Code   RO          565    x$fpl$dsqrt         fz_ws.l(dsqrt_noumaal.o)
    0x0800a068   0x0800a068   0x000001d4   Code   RO          237    x$fpl$dsub          fz_ws.l(daddsub_clz.o)
    0x0800a23c   0x0800a23c   0x00000056   Code   RO         1108    x$fpl$f2d           fz_ws.l(f2d.o)
    0x0800a292   0x0800a292   0x00000002   PAD
    0x0800a294   0x0800a294   0x000000c4   Code   RO         1110    x$fpl$fadd          fz_ws.l(faddsub_clz.o)
    0x0800a358   0x0800a358   0x00000054   Code   RO         1116    x$fpl$fcmp          fz_ws.l(fcmp.o)
    0x0800a3ac   0x0800a3ac   0x00000018   Code   RO         1144    x$fpl$fcmpinf       fz_ws.l(fcmpi.o)
    0x0800a3c4   0x0800a3c4   0x00000184   Code   RO         1119    x$fpl$fdiv          fz_ws.l(fdiv.o)
    0x0800a548   0x0800a548   0x00000068   Code   RO         1134    x$fpl$feqf          fz_ws.l(feqf.o)
    0x0800a5b0   0x0800a5b0   0x00000036   Code   RO         1122    x$fpl$ffix          fz_ws.l(ffix.o)
    0x0800a5e6   0x0800a5e6   0x00000002   PAD
    0x0800a5e8   0x0800a5e8   0x00000030   Code   RO         1127    x$fpl$fflt          fz_ws.l(fflt_clz.o)
    0x0800a618   0x0800a618   0x00000026   Code   RO         1126    x$fpl$ffltu         fz_ws.l(fflt_clz.o)
    0x0800a63e   0x0800a63e   0x00000002   PAD
    0x0800a640   0x0800a640   0x00000068   Code   RO         1136    x$fpl$fgeqf         fz_ws.l(fgeqf.o)
    0x0800a6a8   0x0800a6a8   0x00000068   Code   RO         1138    x$fpl$fleqf         fz_ws.l(fleqf.o)
    0x0800a710   0x0800a710   0x00000102   Code   RO         1132    x$fpl$fmul          fz_ws.l(fmul.o)
    0x0800a812   0x0800a812   0x0000008c   Code   RO         1140    x$fpl$fnaninf       fz_ws.l(fnaninf.o)
    0x0800a89e   0x0800a89e   0x0000000a   Code   RO         1142    x$fpl$fretinf       fz_ws.l(fretinf.o)
    0x0800a8a8   0x0800a8a8   0x000000ea   Code   RO         1112    x$fpl$fsub          fz_ws.l(faddsub_clz.o)
    0x0800a992   0x0800a992   0x00000064   Code   RO          992    x$fpl$retnan        fz_ws.l(retnan.o)
    0x0800a9f6   0x0800a9f6   0x0000005c   Code   RO          255    x$fpl$scalbn        fz_ws.l(scalbn.o)
    0x0800aa52   0x0800aa52   0x00000030   Code   RO         1044    x$fpl$trapveneer    fz_ws.l(trapv.o)
    0x0800aa82   0x0800aa82   0x00000000   Code   RO          257    x$fpl$usenofp       fz_ws.l(usenofp.o)
    0x0800aa82   0x0800aa82   0x00000002   PAD
    0x0800aa84   0x0800aa84   0x00000078   Data   RO         1082    .ARM.extab          lto-llvm-a2c1e4.o
    0x0800aafc   0x0800aafc   0x0000000c   Data   RO          405    .ARM.extab.text._Unwind_Resume  libunwind_wx.l(Unwind-EHABI.cpp.o)
    0x0800ab08   0x0800ab08   0x00000048   Data   RO          274    .ARM.extab.text._ZSt11__terminatePFvvE  libcppabi_wx.l(cxa_handlers.cpp.o)
    0x0800ab50   0x0800ab50   0x00000020   Data   RO          277    .ARM.extab.text._ZSt9terminatev  libcppabi_wx.l(cxa_handlers.cpp.o)
    0x0800ab70   0x0800ab70   0x0000003c   Data   RO           79    .ARM.extab.text._ZnajRKSt9nothrow_t  libcpp_wx.l(new.cpp.o)
    0x0800abac   0x0800abac   0x0000003c   Data   RO          101    .ARM.extab.text._ZnajSt11align_val_tRKSt9nothrow_t  libcpp_wx.l(new.cpp.o)
    0x0800abe8   0x0800abe8   0x0000003c   Data   RO           74    .ARM.extab.text._ZnwjRKSt9nothrow_t  libcpp_wx.l(new.cpp.o)
    0x0800ac24   0x0800ac24   0x0000003c   Data   RO           96    .ARM.extab.text._ZnwjSt11align_val_tRKSt9nothrow_t  libcpp_wx.l(new.cpp.o)
    0x0800ac60   0x0800ac60   0x00000030   Data   RO          331    .ARM.extab.text.__cxa_allocate_exception  libcppabi_wx.l(cxa_exception.cpp.o)
    0x0800ac90   0x0800ac90   0x00000030   Data   RO          354    .ARM.extab.text.__cxa_begin_catch  libcppabi_wx.l(cxa_exception.cpp.o)
    0x0800acc0   0x0800acc0   0x00000030   Data   RO          349    .ARM.extab.text.__cxa_begin_cleanup  libcppabi_wx.l(cxa_exception.cpp.o)
    0x0800acf0   0x0800acf0   0x000000a4   Data   RO          135    .ARM.extab.text.__cxa_call_unexpected  libcppabi_wx.l(cxa_personality.cpp.o)
    0x0800ad94   0x0800ad94   0x0000003c   Data   RO          359    .ARM.extab.text.__cxa_decrement_exception_refcount  libcppabi_wx.l(cxa_exception.cpp.o)
    0x0800add0   0x0800add0   0x00000088   Data   RO          143    .constdata          m_ws.l(pow.o)
    0x0800ae58   0x0800ae58   0x00000008   Data   RO          433    .constdata          m_ws.l(qnan.o)
    0x0800ae60   0x0800ae60   0x000004f8   Data   RO         1083    .rodata             lto-llvm-a2c1e4.o
    0x0800b358   0x0800b358   0x00000008   Data   RO          698    .rodata._ZTIDn      libcppabi_wx.l(private_typeinfo.cpp.o)
    0x0800b360   0x0800b360   0x0000000c   Data   RO          674    .rodata._ZTIN10__cxxabiv116__shim_type_infoE  libcppabi_wx.l(private_typeinfo.cpp.o)
    0x0800b36c   0x0800b36c   0x0000000c   Data   RO          676    .rodata._ZTIN10__cxxabiv117__class_type_infoE  libcppabi_wx.l(private_typeinfo.cpp.o)
    0x0800b378   0x0800b378   0x0000000c   Data   RO          678    .rodata._ZTIN10__cxxabiv117__pbase_type_infoE  libcppabi_wx.l(private_typeinfo.cpp.o)
    0x0800b384   0x0800b384   0x0000000c   Data   RO          680    .rodata._ZTIN10__cxxabiv119__pointer_type_infoE  libcppabi_wx.l(private_typeinfo.cpp.o)
    0x0800b390   0x0800b390   0x0000000c   Data   RO          682    .rodata._ZTIN10__cxxabiv120__function_type_infoE  libcppabi_wx.l(private_typeinfo.cpp.o)
    0x0800b39c   0x0800b39c   0x0000000c   Data   RO          845    .rodata._ZTIN10__cxxabiv120__si_class_type_infoE  libcppabi_wx.l(private_typeinfo.cpp.o)
    0x0800b3a8   0x0800b3a8   0x0000000c   Data   RO          690    .rodata._ZTIN10__cxxabiv123__fundamental_type_infoE  libcppabi_wx.l(private_typeinfo.cpp.o)
    0x0800b3b4   0x0800b3b4   0x0000000c   Data   RO          684    .rodata._ZTIN10__cxxabiv129__pointer_to_member_type_infoE  libcppabi_wx.l(private_typeinfo.cpp.o)
    0x0800b3c0   0x0800b3c0   0x0000000c   Data   RO          321    .rodata._ZTISt13bad_exception  libcppabi_wx.l(stdlib_exception.cpp.o)
    0x0800b3cc   0x0800b3cc   0x0000000c   Data   RO          325    .rodata._ZTISt16bad_array_length  libcppabi_wx.l(stdlib_exception.cpp.o)
    0x0800b3d8   0x0800b3d8   0x0000000c   Data   RO          327    .rodata._ZTISt20bad_array_new_length  libcppabi_wx.l(stdlib_exception.cpp.o)
    0x0800b3e4   0x0800b3e4   0x0000000c   Data   RO          324    .rodata._ZTISt9bad_alloc  libcppabi_wx.l(stdlib_exception.cpp.o)
    0x0800b3f0   0x0800b3f0   0x00000008   Data   RO          318    .rodata._ZTISt9exception  libcppabi_wx.l(stdlib_exception.cpp.o)
    0x0800b3f8   0x0800b3f8   0x00000008   Data   RO         1024    .rodata._ZTISt9type_info  libcppabi_wx.l(stdlib_typeinfo.cpp.o)
    0x0800b400   0x0800b400   0x00000008   Data   RO          692    .rodata._ZTIv       libcppabi_wx.l(private_typeinfo.cpp.o)
    0x0800b408   0x0800b408   0x00000003   Data   RO          697    .rodata._ZTSDn      libcppabi_wx.l(private_typeinfo.cpp.o)
    0x0800b40b   0x0800b40b   0x00000005   PAD
    0x0800b410   0x0800b410   0x00000021   Data   RO          673    .rodata._ZTSN10__cxxabiv116__shim_type_infoE  libcppabi_wx.l(private_typeinfo.cpp.o)
    0x0800b431   0x0800b431   0x0000000f   PAD
    0x0800b440   0x0800b440   0x00000022   Data   RO          675    .rodata._ZTSN10__cxxabiv117__class_type_infoE  libcppabi_wx.l(private_typeinfo.cpp.o)
    0x0800b462   0x0800b462   0x0000000e   PAD
    0x0800b470   0x0800b470   0x00000022   Data   RO          677    .rodata._ZTSN10__cxxabiv117__pbase_type_infoE  libcppabi_wx.l(private_typeinfo.cpp.o)
    0x0800b492   0x0800b492   0x0000000e   PAD
    0x0800b4a0   0x0800b4a0   0x00000024   Data   RO          679    .rodata._ZTSN10__cxxabiv119__pointer_type_infoE  libcppabi_wx.l(private_typeinfo.cpp.o)
    0x0800b4c4   0x0800b4c4   0x0000000c   PAD
    0x0800b4d0   0x0800b4d0   0x00000025   Data   RO          681    .rodata._ZTSN10__cxxabiv120__function_type_infoE  libcppabi_wx.l(private_typeinfo.cpp.o)
    0x0800b4f5   0x0800b4f5   0x0000000b   PAD
    0x0800b500   0x0800b500   0x00000025   Data   RO          844    .rodata._ZTSN10__cxxabiv120__si_class_type_infoE  libcppabi_wx.l(private_typeinfo.cpp.o)
    0x0800b525   0x0800b525   0x0000000b   PAD
    0x0800b530   0x0800b530   0x00000028   Data   RO          689    .rodata._ZTSN10__cxxabiv123__fundamental_type_infoE  libcppabi_wx.l(private_typeinfo.cpp.o)
    0x0800b558   0x0800b558   0x00000008   PAD
    0x0800b560   0x0800b560   0x0000002e   Data   RO          683    .rodata._ZTSN10__cxxabiv129__pointer_to_member_type_infoE  libcppabi_wx.l(private_typeinfo.cpp.o)
    0x0800b58e   0x0800b58e   0x00000002   PAD
    0x0800b590   0x0800b590   0x00000012   Data   RO          320    .rodata._ZTSSt13bad_exception  libcppabi_wx.l(stdlib_exception.cpp.o)
    0x0800b5a2   0x0800b5a2   0x0000000e   PAD
    0x0800b5b0   0x0800b5b0   0x00000015   Data   RO          322    .rodata._ZTSSt16bad_array_length  libcppabi_wx.l(stdlib_exception.cpp.o)
    0x0800b5c5   0x0800b5c5   0x0000000b   PAD
    0x0800b5d0   0x0800b5d0   0x00000019   Data   RO          326    .rodata._ZTSSt20bad_array_new_length  libcppabi_wx.l(stdlib_exception.cpp.o)
    0x0800b5e9   0x0800b5e9   0x0000000d   Data   RO          323    .rodata._ZTSSt9bad_alloc  libcppabi_wx.l(stdlib_exception.cpp.o)
    0x0800b5f6   0x0800b5f6   0x0000000d   Data   RO          317    .rodata._ZTSSt9exception  libcppabi_wx.l(stdlib_exception.cpp.o)
    0x0800b603   0x0800b603   0x0000000d   Data   RO         1023    .rodata._ZTSSt9type_info  libcppabi_wx.l(stdlib_typeinfo.cpp.o)
    0x0800b610   0x0800b610   0x00000002   Data   RO          691    .rodata._ZTSv       libcppabi_wx.l(private_typeinfo.cpp.o)
    0x0800b612   0x0800b612   0x00000002   PAD
    0x0800b614   0x0800b614   0x00000028   Data   RO          842    .rodata._ZTVN10__cxxabiv117__class_type_infoE  libcppabi_wx.l(private_typeinfo.cpp.o)
    0x0800b63c   0x0800b63c   0x00000028   Data   RO          843    .rodata._ZTVN10__cxxabiv120__si_class_type_infoE  libcppabi_wx.l(private_typeinfo.cpp.o)
    0x0800b664   0x0800b664   0x0000001c   Data   RO          688    .rodata._ZTVN10__cxxabiv123__fundamental_type_infoE  libcppabi_wx.l(private_typeinfo.cpp.o)
    0x0800b680   0x0800b680   0x00000048   Data   RO          924    .rodata._ZTVN9libunwind12UnwindCursorINS_17LocalAddressSpaceENS_13Registers_armEEE  libunwind_wx.l(libunwind.cpp.o)
    0x0800b6c8   0x0800b6c8   0x00000014   Data   RO          319    .rodata._ZTVSt13bad_exception  libcppabi_wx.l(stdlib_exception.cpp.o)
    0x0800b6dc   0x0800b6dc   0x00000014   Data   RO          315    .rodata._ZTVSt16bad_array_length  libcppabi_wx.l(stdlib_exception.cpp.o)
    0x0800b6f0   0x0800b6f0   0x00000014   Data   RO          314    .rodata._ZTVSt20bad_array_new_length  libcppabi_wx.l(stdlib_exception.cpp.o)
    0x0800b704   0x0800b704   0x00000014   Data   RO          313    .rodata._ZTVSt9bad_alloc  libcppabi_wx.l(stdlib_exception.cpp.o)
    0x0800b718   0x0800b718   0x00000008   Data   RO          685    .rodata._ZZNK10__cxxabiv129__pointer_to_member_type_info9can_catchEPKNS_16__shim_type_infoERPvE12null_ptr_rep  libcppabi_wx.l(private_typeinfo.cpp.o)
    0x0800b720   0x0800b720   0x00000004   Data   RO          686    .rodata._ZZNK10__cxxabiv129__pointer_to_member_type_info9can_catchEPKNS_16__shim_type_infoERPvE12null_ptr_rep_0  libcppabi_wx.l(private_typeinfo.cpp.o)
    0x0800b724   0x0800b724   0x00000003   Data   RO          881    .rodata.str1.1      libunwind_wx.l(libunwind.cpp.o)
    0x0800b727   0x0800b727   0x000001af   Data   RO         1087    .rodata.str1.1      lto-llvm-a2c1e4.o
    0x0800b8d6   0x0800b8d6   0x00000002   PAD
    0x0800b8d8   0x0800b8d8   0x00000020   Data   RO         1146    Region$$Table       anon$$obj.o
    0x0800b8f8   0x0800b8f8   0x00000004   Data   RO         1086    .init_array         lto-llvm-a2c1e4.o
    0x0800b8fc   0x0800b8f8   0x00000000   Data   RO         1101    .init_array         c_w.l(init_aeabi.o)
    0x0800b8fc   0x0800b8f8   0x00000008   Data   RO          462    .ARM.exidx          c_w.l(__rtentry4.o)
    0x0800b904   0x0800b8f8   0x00000220   Data   RO         1081    .ARM.exidx          lto-llvm-a2c1e4.o
    0x0800bb24   0x0800b8f8   0x00000008   Data   RO         1104    .ARM.exidx          c_w.l(init_aeabi.o)
    0x0800bb2c   0x0800b8f8   0x00000008   Data   RO          403    .ARM.exidx.text._Unwind_Complete  libunwind_wx.l(Unwind-EHABI.cpp.o)
    0x0800bb34   0x0800b8f8   0x00000008   Data   RO          408    .ARM.exidx.text._Unwind_GetLanguageSpecificData  libunwind_wx.l(Unwind-EHABI.cpp.o)
    0x0800bb3c   0x0800b8f8   0x00000008   Data   RO          399    .ARM.exidx.text._Unwind_RaiseException  libunwind_wx.l(Unwind-EHABI.cpp.o)
    0x0800bb44   0x0800b8f8   0x00000008   Data   RO          406    .ARM.exidx.text._Unwind_Resume  libunwind_wx.l(Unwind-EHABI.cpp.o)
    0x0800bb4c   0x0800b8f8   0x00000008   Data   RO          385    .ARM.exidx.text._Unwind_VRS_Get  libunwind_wx.l(Unwind-EHABI.cpp.o)
    0x0800bb54   0x0800b8f8   0x00000008   Data   RO          383    .ARM.exidx.text._Unwind_VRS_Interpret  libunwind_wx.l(Unwind-EHABI.cpp.o)
    0x0800bb5c   0x0800b8f8   0x00000008   Data   RO          389    .ARM.exidx.text._Unwind_VRS_Pop  libunwind_wx.l(Unwind-EHABI.cpp.o)
    0x0800bb64   0x0800b8f8   0x00000008   Data   RO          387    .ARM.exidx.text._Unwind_VRS_Set  libunwind_wx.l(Unwind-EHABI.cpp.o)
    0x0800bb6c   0x0800b8f8   0x00000008   Data   RO          401    .ARM.exidx.text._ZL13unwind_phase2P13unw_context_tP12unw_cursor_tP21_Unwind_Control_Blockb  libunwind_wx.l(Unwind-EHABI.cpp.o)
    0x0800bb74   0x0800b8f8   0x00000008   Data   RO          594    .ARM.exidx.text._ZN10__cxxabiv116__shim_type_infoD2Ev  libcppabi_wx.l(private_typeinfo.cpp.o)
    0x0800bb7c   0x0800b8f8   0x00000008   Data   RO          610    .ARM.exidx.text._ZN10__cxxabiv117__class_type_infoD0Ev  libcppabi_wx.l(private_typeinfo.cpp.o)
    0x0800bb84   0x0800b8f8   0x00000008   Data   RO          589    .ARM.exidx.text._ZN10__cxxabiv120__free_with_fallbackEPv  libcppabi_wx.l(fallback_malloc.cpp.o)
    0x0800bb8c   0x0800b8f8   0x00000008   Data   RO          612    .ARM.exidx.text._ZN10__cxxabiv120__si_class_type_infoD0Ev  libcppabi_wx.l(private_typeinfo.cpp.o)
    0x0800bb94   0x0800b8f8   0x00000008   Data   RO          583    .ARM.exidx.text._ZN10__cxxabiv122__calloc_with_fallbackEjj  libcppabi_wx.l(fallback_malloc.cpp.o)
    0x0800bb9c   0x0800b8f8   0x00000008   Data   RO          602    .ARM.exidx.text._ZN10__cxxabiv123__fundamental_type_infoD0Ev  libcppabi_wx.l(private_typeinfo.cpp.o)
    0x0800bba4   0x0800b8f8   0x00000008   Data   RO          585    .ARM.exidx.text._ZN10__cxxabiv128__aligned_free_with_fallbackEPv  libcppabi_wx.l(fallback_malloc.cpp.o)
    0x0800bbac   0x0800b8f8   0x00000008   Data   RO          579    .ARM.exidx.text._ZN10__cxxabiv130__aligned_malloc_with_fallbackEj  libcppabi_wx.l(fallback_malloc.cpp.o)
    0x0800bbb4   0x0800b8f8   0x00000008   Data   RO          129    .ARM.exidx.text._ZN10__cxxabiv1L11scan_eh_tabERNS_12_GLOBAL__N_112scan_resultsE14_Unwind_ActionbP21_Unwind_Control_BlockP15_Unwind_Context  libcppabi_wx.l(cxa_personality.cpp.o)
    0x0800bbbc   0x0800b8f8   0x00000008   Data   RO          345    .ARM.exidx.text._ZN10__cxxabiv1L12failed_throwEPNS_15__cxa_exceptionE  libcppabi_wx.l(cxa_exception.cpp.o)
    0x0800bbc4   0x0800b8f8   0x00000008   Data   RO          133    .ARM.exidx.text._ZN10__cxxabiv1L13set_registersEP21_Unwind_Control_BlockP15_Unwind_ContextRKNS_12_GLOBAL__N_112scan_resultsE  libcppabi_wx.l(cxa_personality.cpp.o)
    0x0800bbcc   0x0800b8f8   0x00000008   Data   RO          131    .ARM.exidx.text._ZN10__cxxabiv1L14call_terminateEbP21_Unwind_Control_Block  libcppabi_wx.l(cxa_personality.cpp.o)
    0x0800bbd4   0x0800b8f8   0x00000008   Data   RO          138    .ARM.exidx.text._ZN10__cxxabiv1L18readEncodedPointerEPPKhh  libcppabi_wx.l(cxa_personality.cpp.o)
    0x0800bbdc   0x0800b8f8   0x00000008   Data   RO          343    .ARM.exidx.text._ZN10__cxxabiv1L22exception_cleanup_funcE19_Unwind_Reason_CodeP21_Unwind_Control_Block  libcppabi_wx.l(cxa_exception.cpp.o)
    0x0800bbe4   0x0800b8f8   0x00000008   Data   RO          140    .ARM.exidx.text._ZN10__cxxabiv1L24exception_spec_can_catchExPKhhPKNS_16__shim_type_infoEPvP21_Unwind_Control_Block  libcppabi_wx.l(cxa_personality.cpp.o)
    0x0800bbec   0x0800b8f8   0x00000008   Data   RO          373    .ARM.exidx.text._ZN10__cxxabiv1L27dependent_exception_cleanupE19_Unwind_Reason_CodeP21_Unwind_Control_Block  libcppabi_wx.l(cxa_exception.cpp.o)
    0x0800bbf4   0x0800b8f8   0x00000008   Data   RO          587    .ARM.exidx.text._ZN12_GLOBAL__N_113fallback_freeEPv  libcppabi_wx.l(fallback_malloc.cpp.o)
    0x0800bbfc   0x0800b8f8   0x00000008   Data   RO          581    .ARM.exidx.text._ZN12_GLOBAL__N_115fallback_mallocEj  libcppabi_wx.l(fallback_malloc.cpp.o)
    0x0800bc04   0x0800b8f8   0x00000008   Data   RO          393    .ARM.exidx.text._ZN12_GLOBAL__N_1L14unwindOneFrameEjP21_Unwind_Control_BlockP15_Unwind_Context  libunwind_wx.l(Unwind-EHABI.cpp.o)
    0x0800bc0c   0x0800b8f8   0x00000008   Data   RO          913    .ARM.exidx.text._ZN9libunwind12UnwindCursorINS_17LocalAddressSpaceENS_13Registers_armEE10saveVFPAsXEv  libunwind_wx.l(libunwind.cpp.o)
    0x0800bc14   0x0800b8f8   0x00000008   Data   RO          895    .ARM.exidx.text._ZN9libunwind12UnwindCursorINS_17LocalAddressSpaceENS_13Registers_armEE11getFloatRegEi  libunwind_wx.l(libunwind.cpp.o)
    0x0800bc1c   0x0800b8f8   0x00000008   Data   RO          897    .ARM.exidx.text._ZN9libunwind12UnwindCursorINS_17LocalAddressSpaceENS_13Registers_armEE11setFloatRegEiy  libunwind_wx.l(libunwind.cpp.o)
    0x0800bc24   0x0800b8f8   0x00000008   Data   RO          905    .ARM.exidx.text._ZN9libunwind12UnwindCursorINS_17LocalAddressSpaceENS_13Registers_armEE13isSignalFrameEv  libunwind_wx.l(libunwind.cpp.o)
    0x0800bc2c   0x0800b8f8   0x00000008   Data   RO          915    .ARM.exidx.text._ZN9libunwind12UnwindCursorINS_17LocalAddressSpaceENS_13Registers_armEE13stepWithEHABIEv  libunwind_wx.l(libunwind.cpp.o)
    0x0800bc34   0x0800b8f8   0x00000008   Data   RO          893    .ARM.exidx.text._ZN9libunwind12UnwindCursorINS_17LocalAddressSpaceENS_13Registers_armEE13validFloatRegEi  libunwind_wx.l(libunwind.cpp.o)
    0x0800bc3c   0x0800b8f8   0x00000008   Data   RO          907    .ARM.exidx.text._ZN9libunwind12UnwindCursorINS_17LocalAddressSpaceENS_13Registers_armEE15getFunctionNameEPcjPj  libunwind_wx.l(libunwind.cpp.o)
    0x0800bc44   0x0800b8f8   0x00000008   Data   RO          911    .ARM.exidx.text._ZN9libunwind12UnwindCursorINS_17LocalAddressSpaceENS_13Registers_armEE15getRegisterNameEi  libunwind_wx.l(libunwind.cpp.o)
    0x0800bc4c   0x0800b8f8   0x00000008   Data   RO          919    .ARM.exidx.text._ZN9libunwind12UnwindCursorINS_17LocalAddressSpaceENS_13Registers_armEE23getInfoFromEHABISectionEjRKNS_18UnwindInfoSectionsE  libunwind_wx.l(libunwind.cpp.o)
    0x0800bc54   0x0800b8f8   0x00000008   Data   RO          909    .ARM.exidx.text._ZN9libunwind12UnwindCursorINS_17LocalAddressSpaceENS_13Registers_armEE24setInfoBasedOnIPRegisterEb  libunwind_wx.l(libunwind.cpp.o)
    0x0800bc5c   0x0800b8f8   0x00000008   Data   RO          899    .ARM.exidx.text._ZN9libunwind12UnwindCursorINS_17LocalAddressSpaceENS_13Registers_armEE4stepEv  libunwind_wx.l(libunwind.cpp.o)
    0x0800bc64   0x0800b8f8   0x00000008   Data   RO          889    .ARM.exidx.text._ZN9libunwind12UnwindCursorINS_17LocalAddressSpaceENS_13Registers_armEE6getRegEi  libunwind_wx.l(libunwind.cpp.o)
    0x0800bc6c   0x0800b8f8   0x00000008   Data   RO          903    .ARM.exidx.text._ZN9libunwind12UnwindCursorINS_17LocalAddressSpaceENS_13Registers_armEE6jumptoEv  libunwind_wx.l(libunwind.cpp.o)
    0x0800bc74   0x0800b8f8   0x00000008   Data   RO          891    .ARM.exidx.text._ZN9libunwind12UnwindCursorINS_17LocalAddressSpaceENS_13Registers_armEE6setRegEij  libunwind_wx.l(libunwind.cpp.o)
    0x0800bc7c   0x0800b8f8   0x00000008   Data   RO          901    .ARM.exidx.text._ZN9libunwind12UnwindCursorINS_17LocalAddressSpaceENS_13Registers_armEE7getInfoEP15unw_proc_info_t  libunwind_wx.l(libunwind.cpp.o)
    0x0800bc84   0x0800b8f8   0x00000008   Data   RO          887    .ARM.exidx.text._ZN9libunwind12UnwindCursorINS_17LocalAddressSpaceENS_13Registers_armEE8validRegEi  libunwind_wx.l(libunwind.cpp.o)
    0x0800bc8c   0x0800b8f8   0x00000008   Data   RO          917    .ARM.exidx.text._ZN9libunwind13Registers_arm26restoreSavedFloatRegistersEv  libunwind_wx.l(libunwind.cpp.o)
    0x0800bc94   0x0800b8f8   0x00000008   Data   RO          883    .ARM.exidx.text._ZN9libunwind20AbstractUnwindCursorD2Ev  libunwind_wx.l(libunwind.cpp.o)
    0x0800bc9c   0x0800b8f8   0x00000008   Data   RO          672    .ARM.exidx.text._ZNK10__cxxabiv117__class_type_info16search_above_dstEPNS_19__dynamic_cast_infoEPKvS4_ib  libcppabi_wx.l(private_typeinfo.cpp.o)
    0x0800bca4   0x0800b8f8   0x00000008   Data   RO          666    .ARM.exidx.text._ZNK10__cxxabiv117__class_type_info16search_below_dstEPNS_19__dynamic_cast_infoEPKvib  libcppabi_wx.l(private_typeinfo.cpp.o)
    0x0800bcac   0x0800b8f8   0x00000008   Data   RO          634    .ARM.exidx.text._ZNK10__cxxabiv117__class_type_info27has_unambiguous_public_baseEPNS_19__dynamic_cast_infoEPvi  libcppabi_wx.l(private_typeinfo.cpp.o)
    0x0800bcb4   0x0800b8f8   0x00000008   Data   RO          630    .ARM.exidx.text._ZNK10__cxxabiv117__class_type_info9can_catchEPKNS_16__shim_type_infoERPv  libcppabi_wx.l(private_typeinfo.cpp.o)
    0x0800bcbc   0x0800b8f8   0x00000008   Data   RO          642    .ARM.exidx.text._ZNK10__cxxabiv117__pbase_type_info9can_catchEPKNS_16__shim_type_infoERPv  libcppabi_wx.l(private_typeinfo.cpp.o)
    0x0800bcc4   0x0800b8f8   0x00000008   Data   RO          646    .ARM.exidx.text._ZNK10__cxxabiv119__pointer_type_info16can_catch_nestedEPKNS_16__shim_type_infoE  libcppabi_wx.l(private_typeinfo.cpp.o)
    0x0800bccc   0x0800b8f8   0x00000008   Data   RO          644    .ARM.exidx.text._ZNK10__cxxabiv119__pointer_type_info9can_catchEPKNS_16__shim_type_infoERPv  libcppabi_wx.l(private_typeinfo.cpp.o)
    0x0800bcd4   0x0800b8f8   0x00000008   Data   RO          670    .ARM.exidx.text._ZNK10__cxxabiv120__si_class_type_info16search_above_dstEPNS_19__dynamic_cast_infoEPKvS4_ib  libcppabi_wx.l(private_typeinfo.cpp.o)
    0x0800bcdc   0x0800b8f8   0x00000008   Data   RO          636    .ARM.exidx.text._ZNK10__cxxabiv120__si_class_type_info27has_unambiguous_public_baseEPNS_19__dynamic_cast_infoEPvi  libcppabi_wx.l(private_typeinfo.cpp.o)
    0x0800bce4   0x0800b8f8   0x00000008   Data   RO          668    .ARM.exidx.text._ZNK10__cxxabiv121__vmi_class_type_info16search_above_dstEPNS_19__dynamic_cast_infoEPKvS4_ib  libcppabi_wx.l(private_typeinfo.cpp.o)
    0x0800bcec   0x0800b8f8   0x00000008   Data   RO          622    .ARM.exidx.text._ZNK10__cxxabiv123__fundamental_type_info9can_catchEPKNS_16__shim_type_infoERPv  libcppabi_wx.l(private_typeinfo.cpp.o)
    0x0800bcf4   0x0800b8f8   0x00000008   Data   RO          648    .ARM.exidx.text._ZNK10__cxxabiv129__pointer_to_member_type_info16can_catch_nestedEPKNS_16__shim_type_infoE  libcppabi_wx.l(private_typeinfo.cpp.o)
    0x0800bcfc   0x0800b8f8   0x00000008   Data   RO          650    .ARM.exidx.text._ZNK10__cxxabiv129__pointer_to_member_type_info9can_catchEPKNS_16__shim_type_infoERPv  libcppabi_wx.l(private_typeinfo.cpp.o)
    0x0800bd04   0x0800b8f8   0x00000008   Data   RO          294    .ARM.exidx.text._ZNKSt13bad_exception4whatEv  libcppabi_wx.l(stdlib_exception.cpp.o)
    0x0800bd0c   0x0800b8f8   0x00000008   Data   RO          921    .ARM.exidx.text._ZNSt3__113__upper_boundIRNS_6__lessIjjEEN9libunwind20EHABISectionIteratorINS4_17LocalAddressSpaceEEEjEET0_S8_S8_RKT1_T_  libunwind_wx.l(libunwind.cpp.o)
    0x0800bd14   0x0800b8f8   0x00000008   Data   RO          296    .ARM.exidx.text._ZNSt9bad_allocC2Ev  libcppabi_wx.l(stdlib_exception.cpp.o)
    0x0800bd1c   0x0800b8f8   0x00000008   Data   RO          270    .ARM.exidx.text._ZSt10unexpectedv  libcppabi_wx.l(cxa_handlers.cpp.o)
    0x0800bd24   0x0800b8f8   0x00000008   Data   RO          275    .ARM.exidx.text._ZSt11__terminatePFvvE  libcppabi_wx.l(cxa_handlers.cpp.o)
    0x0800bd2c   0x0800b8f8   0x00000008   Data   RO          268    .ARM.exidx.text._ZSt12__unexpectedPFvvE  libcppabi_wx.l(cxa_handlers.cpp.o)
    0x0800bd34   0x0800b8f8   0x00000008   Data   RO          272    .ARM.exidx.text._ZSt13get_terminatev  libcppabi_wx.l(cxa_handlers.cpp.o)
    0x0800bd3c   0x0800b8f8   0x00000008   Data   RO          278    .ARM.exidx.text._ZSt9terminatev  libcppabi_wx.l(cxa_handlers.cpp.o)
    0x0800bd44   0x0800b8f8   0x00000008   Data   RO           88    .ARM.exidx.text._ZdaPv  libcpp_wx.l(new.cpp.o)
    0x0800bd4c   0x0800b8f8   0x00000008   Data   RO           80    .ARM.exidx.text._ZnajRKSt9nothrow_t  libcpp_wx.l(new.cpp.o)
    0x0800bd54   0x0800b8f8   0x00000008   Data   RO           99    .ARM.exidx.text._ZnajSt11align_val_t  libcpp_wx.l(new.cpp.o)
    0x0800bd5c   0x0800b8f8   0x00000008   Data   RO          102    .ARM.exidx.text._ZnajSt11align_val_tRKSt9nothrow_t  libcpp_wx.l(new.cpp.o)
    0x0800bd64   0x0800b8f8   0x00000008   Data   RO           72    .ARM.exidx.text._Znwj  libcpp_wx.l(new.cpp.o)
    0x0800bd6c   0x0800b8f8   0x00000008   Data   RO           75    .ARM.exidx.text._ZnwjRKSt9nothrow_t  libcpp_wx.l(new.cpp.o)
    0x0800bd74   0x0800b8f8   0x00000008   Data   RO           94    .ARM.exidx.text._ZnwjSt11align_val_t  libcpp_wx.l(new.cpp.o)
    0x0800bd7c   0x0800b8f8   0x00000008   Data   RO           97    .ARM.exidx.text._ZnwjSt11align_val_tRKSt9nothrow_t  libcpp_wx.l(new.cpp.o)
    0x0800bd84   0x0800b8f8   0x00000008   Data   RO          391    .ARM.exidx.text.__aeabi_unwind_cpp_pr0  libunwind_wx.l(Unwind-EHABI.cpp.o)
    0x0800bd8c   0x0800b8f8   0x00000008   Data   RO          117    .ARM.exidx.text.__clang_call_terminate  libcpp_wx.l(new.cpp.o)
    0x0800bd94   0x0800b8f8   0x00000008   Data   RO          337    .ARM.exidx.text.__cxa_allocate_dependent_exception  libcppabi_wx.l(cxa_exception.cpp.o)
    0x0800bd9c   0x0800b8f8   0x00000008   Data   RO          332    .ARM.exidx.text.__cxa_allocate_exception  libcppabi_wx.l(cxa_exception.cpp.o)
    0x0800bda4   0x0800b8f8   0x00000008   Data   RO          355    .ARM.exidx.text.__cxa_begin_catch  libcppabi_wx.l(cxa_exception.cpp.o)
    0x0800bdac   0x0800b8f8   0x00000008   Data   RO          350    .ARM.exidx.text.__cxa_begin_cleanup  libcppabi_wx.l(cxa_exception.cpp.o)
    0x0800bdb4   0x0800b8f8   0x00000008   Data   RO          136    .ARM.exidx.text.__cxa_call_unexpected  libcppabi_wx.l(cxa_personality.cpp.o)
    0x0800bdbc   0x0800b8f8   0x00000008   Data   RO          360    .ARM.exidx.text.__cxa_decrement_exception_refcount  libcppabi_wx.l(cxa_exception.cpp.o)
    0x0800bdc4   0x0800b8f8   0x00000008   Data   RO          357    .ARM.exidx.text.__cxa_end_catch  libcppabi_wx.l(cxa_exception.cpp.o)
    0x0800bdcc   0x0800b8f8   0x00000008   Data   RO          260    .ARM.exidx.text.__cxa_get_globals  libcppabi_wx.l(cxa_exception_storage.cpp.o)
    0x0800bdd4   0x0800b8f8   0x00000008   Data   RO          364    .ARM.exidx.text.__cxa_rethrow  libcppabi_wx.l(cxa_exception.cpp.o)
    0x0800bddc   0x0800b8f8   0x00000008   Data   RO          371    .ARM.exidx.text.__cxa_rethrow_primary_exception  libcppabi_wx.l(cxa_exception.cpp.o)
    0x0800bde4   0x0800b8f8   0x00000008   Data   RO          341    .ARM.exidx.text.__cxa_throw  libcppabi_wx.l(cxa_exception.cpp.o)
    0x0800bdec   0x0800b8f8   0x00000008   Data   RO          652    .ARM.exidx.text.__dynamic_cast  libcppabi_wx.l(private_typeinfo.cpp.o)
    0x0800bdf4   0x0800b8f8   0x00000008   Data   RO          414    .ARM.exidx.text.__gnu_unwind_frame  libunwind_wx.l(Unwind-EHABI.cpp.o)
    0x0800bdfc   0x0800b8f8   0x00000008   Data   RO          127    .ARM.exidx.text.__gxx_personality_v0  libcppabi_wx.l(cxa_personality.cpp.o)
    0x0800be04   0x0800b8f8   0x00000008   Data   RO          576    .ARM.exidx.text.abort_message  libcppabi_wx.l(abort_message.cpp.o)
    0x0800be0c   0x0800b8f8   0x00000008   Data   RO          381    .ARM.exidx.text.decode_eht_entry  libunwind_wx.l(Unwind-EHABI.cpp.o)
    0x0800be14   0x0800b8f8   0x00000008   Data   RO          860    .ARM.exidx.text.unw_get_fpreg  libunwind_wx.l(libunwind.cpp.o)
    0x0800be1c   0x0800b8f8   0x00000008   Data   RO          866    .ARM.exidx.text.unw_get_proc_info  libunwind_wx.l(libunwind.cpp.o)
    0x0800be24   0x0800b8f8   0x00000008   Data   RO          856    .ARM.exidx.text.unw_get_reg  libunwind_wx.l(libunwind.cpp.o)
    0x0800be2c   0x0800b8f8   0x00000008   Data   RO          854    .ARM.exidx.text.unw_init_local  libunwind_wx.l(libunwind.cpp.o)
    0x0800be34   0x0800b8f8   0x00000008   Data   RO          868    .ARM.exidx.text.unw_resume  libunwind_wx.l(libunwind.cpp.o)
    0x0800be3c   0x0800b8f8   0x00000008   Data   RO          878    .ARM.exidx.text.unw_save_vfp_as_X  libunwind_wx.l(libunwind.cpp.o)
    0x0800be44   0x0800b8f8   0x00000008   Data   RO          862    .ARM.exidx.text.unw_set_fpreg  libunwind_wx.l(libunwind.cpp.o)
    0x0800be4c   0x0800b8f8   0x00000008   Data   RO          858    .ARM.exidx.text.unw_set_reg  libunwind_wx.l(libunwind.cpp.o)
    0x0800be54   0x0800b8f8   0x00000008   Data   RO          864    .ARM.exidx.text.unw_step  libunwind_wx.l(libunwind.cpp.o)


    Execution Region RW_IRAM1 (Exec base: 0x20000000, Load base: 0x0800be60, Size: 0x00000d50, Max: 0x00005000, ABSOLUTE)

    Exec Addr    Load Addr    Size         Type   Attr      Idx    E Section Name        Object

    0x20000000   0x0800be60   0x00000015   Data   RW         1085    .data               lto-llvm-a2c1e4.o
    0x20000015   0x0800be75   0x00000003   PAD
    0x20000018   0x0800be78   0x00000004   Data   RW          572    .data.__cxa_terminate_handler  libcppabi_wx.l(cxa_default_handlers.cpp.o)
    0x2000001c   0x0800be7c   0x00000004   Data   RW          573    .data.__cxa_unexpected_handler  libcppabi_wx.l(cxa_default_handlers.cpp.o)
    0x20000020        -       0x00000060   Zero   RW          931    .bss                c_w.l(libspace.o)
    0x20000080        -       0x000004b2   Zero   RW         1084    .bss                lto-llvm-a2c1e4.o
    0x20000532   0x0800be80   0x00000002   PAD
    0x20000534        -       0x0000000c   Zero   RW          263    .bss._ZN10__cxxabiv1L10eh_globalsE  libcppabi_wx.l(cxa_exception_storage.cpp.o)
    0x20000540        -       0x00000200   Zero   RW          591    .bss._ZN12_GLOBAL__N_14heapE  libcppabi_wx.l(fallback_malloc.cpp.o)
    0x20000740        -       0x00000004   Zero   RW          590    .bss._ZN12_GLOBAL__N_1L8freelistE  libcppabi_wx.l(fallback_malloc.cpp.o)
    0x20000744        -       0x00000001   Zero   RW          879    .bss._ZN9libunwind17LocalAddressSpace17sThisAddressSpaceE  libunwind_wx.l(libunwind.cpp.o)
    0x20000745   0x0800be80   0x00000003   PAD
    0x20000748        -       0x00000004   Zero   RW          283    .bss.__cxa_new_handler  libcppabi_wx.l(cxa_handlers.cpp.o)
    0x2000074c   0x0800be80   0x00000004   PAD
    0x20000750        -       0x00000200   Zero   RW            8    HEAP                startup_stm32f10x_md.o
    0x20000950        -       0x00000400   Zero   RW            7    STACK               startup_stm32f10x_md.o


==============================================================================

Image component sizes


      Code (inc. data)   RO Data    RW Data    ZI Data      Debug   Object Name

         0          0          0          0          0         32   cortexm3_macro_rvds.o
     22534        138       2371         21       1202     163065   lto-llvm-a2c1e4.o
        64         26        236          0       1536        776   startup_stm32f10x_md.o

    ----------------------------------------------------------------------
     22598        164       2641         24       2740     163873   Object Totals
         0          0         32          0          0          0   (incl. Generated)
         0          0          2          3          2          0   (incl. Padding)

    ----------------------------------------------------------------------

      Code (inc. data)   RO Data    RW Data    ZI Data      Debug   Library Member Name

         8          0          0          0          0         68   __main.o
         0          0          0          0          0          0   __rtentry.o
        12          0          0          0          0          0   __rtentry2.o
         6          0          8          0          0          0   __rtentry4.o
        52          8          0          0          0          0   __scatter.o
        26          0          0          0          0          0   __scatter_copy.o
        28          0          0          0          0          0   __scatter_zi.o
       264          0          0          0          0         96   _get_argv.o
        22          0          0          0          0        100   _rserrno.o
        22          0          0          0          0         80   abort.o
        46          0          0          0          0         84   aeabi_atexit.o
        16          0          0          0          0         68   aeabi_memset4.o
         4          0          0          0          0         68   argv_veneer.o
        40          0          0          0          0         80   calloc.o
        10          0          0          0          0         68   cxa_atexit.o
        66          0          0          0          0         84   cxa_finalize.o
        48         34          0          0          0         76   defsig_abrt_inner.o
        14          0          0          0          0         80   defsig_abrt_outer.o
        10          0          0          0          0         68   defsig_exit.o
        50          0          0          0          0         88   defsig_general.o
        80         58          0          0          0         76   defsig_rtmem_inner.o
        14          0          0          0          0         80   defsig_rtmem_outer.o
        18          0          0          0          0         80   exit.o
        94          0          0          0          0         80   h1_alloc.o
        52          0          0          0          0         68   h1_extend.o
        78          0          0          0          0         80   h1_free.o
        14          0          0          0          0         84   h1_init.o
       180          0          0          0          0         88   h1_memalign.o
         6          0          0          0          0        152   heapauxi.o
         4          0          0          0          0        136   hguard.o
         4          0          0          0          0        136   hrguard.o
         0          0          0          0          0          0   indicate_semi.o
        36         10          8          0          0         80   init_aeabi.o
       138          0          0          0          0        168   init_alloc.o
         2          0          0          0          0          0   libinit.o
        22          0          0          0          0          0   libinit2.o
         2          0          0          0          0          0   libshutdown.o
         8          0          0          0          0          0   libshutdown2.o
         8          4          0          0         96         68   libspace.o
         0          0          0          0          0          0   maybetermalloc1.o
         8          4          0          0          0         68   rt_ddtor_pointer_addr_intlibspace.o
         8          4          0          0          0         68   rt_errno_addr_intlibspace.o
         8          4          0          0          0         68   rt_heap_descriptor_intlibspace.o
        68          0          0          0          0         68   rt_memclr.o
        78          0          0          0          0         80   rt_memclr_w.o
       138          0          0          0          0         68   rt_memcpy_v6.o
       100          0          0          0          0         80   rt_memcpy_w.o
         2          0          0          0          0          0   rtexit.o
        10          0          0          0          0          0   rtexit2.o
       128          0          0          0          0         68   strcmpv7m.o
        24          0          0          0          0         76   sys_command.o
        12          4          0          0          0         68   sys_exit.o
        74          0          0          0          0         80   sys_stackheap_outer.o
        14          0          0          0          0         76   sys_wrch.o
         2          0          0          0          0         68   use_no_semi.o
        98          4          0          0          0         92   d2f.o
       826         16          0          0          0        356   daddsub_clz.o
        16          4          0          0          0         68   dcheck1.o
        24          0          0          0          0         68   dcmpi.o
       688        140          0          0          0        216   ddiv.o
        46          0          0          0          0         68   dflt_clz.o
       120          4          0          0          0         92   dleqf.o
       340         12          0          0          0        104   dmul.o
       156          4          0          0          0         92   dnaninf.o
        12          0          0          0          0         68   dretinf.o
       108          0          0          0          0         80   drleqf.o
       460         56          0          0          0        120   dsqrt_noumaal.o
        86          4          0          0          0         84   f2d.o
       430          8          0          0          0        168   faddsub_clz.o
        84          0          0          0          0        196   fcmp.o
        24          0          0          0          0         68   fcmpi.o
       388         76          0          0          0         96   fdiv.o
       104          4          0          0          0         84   feqf.o
        54          4          0          0          0         84   ffix.o
        86          0          0          0          0        136   fflt_clz.o
       104          4          0          0          0         84   fgeqf.o
       104          4          0          0          0         84   fleqf.o
       258          4          0          0          0         84   fmul.o
       140          4          0          0          0         84   fnaninf.o
        10          0          0          0          0         68   fretinf.o
       100          0          0          0          0         68   retnan.o
        92          0          0          0          0         68   scalbn.o
        48          0          0          0          0         68   trapv.o
         0          0          0          0          0          0   usenofp.o
       298          0        312          0          0          0   new.cpp.o
         6          0          8          0          0          0   abort_message.cpp.o
        88          0          0          8          0          0   cxa_default_handlers.cpp.o
       818          0        300          0          0          0   cxa_exception.cpp.o
        20          0          8          0         12          0   cxa_exception_storage.cpp.o
        10          0          0          0          0          0   cxa_guard.cpp.o
       430        136        144          0          4          0   cxa_handlers.cpp.o
      2224         14        220          0          0          0   cxa_personality.cpp.o
       444          0         48          0        516          0   fallback_malloc.cpp.o
      2136          0        678          0          0          0   private_typeinfo.cpp.o
       156         80        242          0          0          0   stdlib_exception.cpp.o
         2          0         21          0          0          0   stdlib_typeinfo.cpp.o
      1544         14        116          0          0          0   Unwind-EHABI.cpp.o
        38          0          0          0          0          0   UnwindRegistersRestore.S.o
        46          0          0          0          0          0   UnwindRegistersSave.S.o
      2470        564        299          0          1          0   libunwind.cpp.o
        62         10          0          0          0        340   dunder.o
        40          0          0          0          0         68   fpclassify.o
       170          0          0          0          0         96   poly.o
      2520        190        136          0          0        324   pow.o
         0          0          8          0          0          0   qnan.o
        76          0          0          0          0         84   sqrt.o

    ----------------------------------------------------------------------
     20818       1490       2675          8        636       7280   Library Totals
        36          0        119          0          7          0   (incl. Padding)

    ----------------------------------------------------------------------

      Code (inc. data)   RO Data    RW Data    ZI Data      Debug   Library Name

      2178        130         16          0         96       3420   c_w.l
      5006        352          0          0          0       2948   fz_ws.l
       298          0        312          0          0          0   libcpp_wx.l
      6334        230       1669          8        532          0   libcppabi_wx.l
      4098        578        415          0          1          0   libunwind_wx.l
      2868        200        144          0          0        912   m_ws.l

    ----------------------------------------------------------------------
     20818       1490       2675          8        636       7280   Library Totals

    ----------------------------------------------------------------------

==============================================================================


      Code (inc. data)   RO Data    RW Data    ZI Data      Debug   

     43416       1654       5316         32       3376     167041   Grand Totals
     43416       1654       5316         32       3376     167041   ELF Image Totals
     43416       1654       5316         32          0          0   ROM Totals

==============================================================================

    Total RO  Size (Code + RO Data)                48732 (  47.59kB)
    Total RW  Size (RW Data + ZI Data)              3408 (   3.33kB)
    Total ROM Size (Code + RO Data + RW Data)      48764 (  47.62kB)

==============================================================================

