<html>
<body>
<pre>
<h1>µVision Build Log</h1>
<h2>Tool Versions:</h2>
IDE-Version: µVision V5.25.2.0
Copyright (C) 2018 ARM Ltd and ARM Germany GmbH. All rights reserved.
License Information: amit ch, nxp, LIC=9N0BS-LZUGL-D3WM3-ADKSP-QK6DY-3RBVM
 
Tool Versions:
Toolchain:       MDK-ARM Professional  Version: 5.25.2.0
Toolchain Path:  C:\Keil_v5\ARM\ARMCLANG\Bin
C Compiler:      ArmClang.exe V6.9
Assembler:       Armasm.exe V6.9
Linker/Locator:  ArmLink.exe V6.9
Library Manager: ArmAr.exe V6.9
Hex Converter:   FromElf.exe V6.9
CPU DLL:         SARMCM3.DLL V5.25.2.0
Dialog DLL:      DCM.DLL V1.17.1.0
Target DLL:      STLink\ST-LINKIII-KEIL_SWO.dll V3.0.1.0
Dialog DLL:      TCM.DLL V1.35.1.0
 
<h2>Project:</h2>
C:\Amit Caudhary\STM32_Keil\Projects\PowerMonitor\PowerMonitor.uvprojx
Project File Date:  07/27/2018

<h2>Output:</h2>
*** Using Compiler 'V6.9', folder: 'C:\Keil_v5\ARM\ARMCLANG\Bin'
Rebuild target 'Target 1'
compiling stm32f10x_exti.c...
compiling misc.c...
compiling main.cpp...
compiling stm32f10x_gpio.c...
compiling stm32f10x_i2c.c...
compiling stm32f10x_rcc.c...
compiling stm32f10x_spi.c...
compiling stm32f10x_usart.c...
compiling SysTickTimer.cpp...
compiling stm32f10x_rtc.c...
compiling GpioInput.cpp...
compiling GpioOutput.cpp...
compiling ClockManager.cpp...
compiling SpiDriver.cpp...
compiling InterruptManager.cpp...
compiling Peripheral.cpp...
compiling PortManager.cpp...
compiling I2CDriver.cpp...
compiling HwButton.cpp...
compiling HwButtonIntr.cpp...
compiling INA219.cpp...
compiling Led.cpp...
compiling Nokia5110LCD.cpp...
compiling Queue.cpp...
compiling DS3231.cpp...
compiling UI.cpp...
compiling Screen.cpp...
compiling ControlScreen.cpp...
compiling TaskBase.cpp...
compiling Scheduler.cpp...
compiling Led_task.cpp...
compiling Button_Task.cpp...
compiling PowerMonitor.cpp...
compiling SD_Card_Task.cpp...
compiling ffsystem.c...
compiling Nokia5110_Display_Task.cpp...
compiling system_stm32f10x.c...
assembling startup_stm32f10x_md.s...
compiling diskio.c...
compiling ff.c...
linking...
.\Objects\CPP_Base.axf: Warning: L6776W: The debug frame in .debug_frame(gpiooutput.o) does not describe an executable section.
Program Size: Code=65100 RO-data=5096 RW-data=12 ZI-data=4476  
Finished: 0 information, 1 warning and 0 error messages.
FromELF: creating hex file...
".\Objects\CPP_Base.axf" - 0 Error(s), 1 Warning(s).

<h2>Software Packages used:</h2>

Package Vendor: ARM
                http://www.keil.com/pack/ARM.CMSIS.5.3.0.pack
                ARM.CMSIS.5.3.0
                CMSIS (Cortex Microcontroller Software Interface Standard)
   * Component: CORE Version: 5.1.1

Package Vendor: Keil
                http://www.keil.com/pack/Keil.STM32F1xx_DFP.2.2.0.pack
                Keil.STM32F1xx_DFP.2.2.0
                STMicroelectronics STM32F1 Series Device Support, Drivers and Examples
   * Component: Startup Version: 1.0.0

<h2>Collection of Component include folders:</h2>
  .\RTE\Device\STM32F103C8
  .\RTE\_Target_1
  C:\Keil_v5\ARM\PACK\ARM\CMSIS\5.3.0\CMSIS\Include
  C:\Keil_v5\ARM\PACK\Keil\STM32F1xx_DFP\2.2.0\Device\Include

<h2>Collection of Component Files used:</h2>

   * Component: ARM::CMSIS:CORE:5.1.1

   * Component: Keil::Device:Startup:1.0.0
      Source file:   Device\Source\ARM\startup_stm32f10x_md.s
      Source file:   Device\Source\ARM\STM32F1xx_OPT.s
      Source file:   Device\Source\system_stm32f10x.c
      Include file:  RTE_Driver\Config\RTE_Device.h
Build Time Elapsed:  00:00:09
</pre>
</body>
</html>
