<!doctype html public "-//w3c//dtd html 4.0 transitional//en">
<html><head>
<title>Static Call Graph - [.\Objects\CPP_Base.axf]</title></head>
<body><HR>
<H1>Static Call Graph for image .\Objects\CPP_Base.axf</H1><HR>
<BR><P>#&#060CALLGRAPH&#062# ARM Linker, 6090000: Last Updated: Tue Jul 31 16:51:55 2018
<BR><P>
<H3>Maximum Stack Usage =        416 bytes + Unknown(Functions without stacksize, Cycles, Untraceable Function Pointers)</H3><H3>
Call chain for Maximum Stack Depth:</H3>
SD_Card_Task::Run() &rArr; f_printf &rArr; f_write &rArr; create_chain &rArr; put_fat &rArr; disk_write &rArr; sd_write &rArr; sd_init &rArr; sd_cmd
<P>
<H3>
Functions with no stack information
</H3><UL>
 <LI><a href="#[1bb]">__user_initial_stackheap</a>
 <LI><a href="#[1c4]">unw_getcontext</a>
 <LI><a href="#[1e8]">libunwind::Registers_arm::saveVFPWithFSTMD(unsigned long long*)</a>
 <LI><a href="#[1e6]">libunwind::Registers_arm::saveVFPWithFSTMX(unsigned long long*)</a>
 <LI><a href="#[1e7]">libunwind::Registers_arm::saveVFPv3(unsigned long long*)</a>
 <LI><a href="#[1ef]">libunwind::Registers_arm::restoreCoreAndJumpTo()</a>
 <LI><a href="#[1f1]">libunwind::Registers_arm::restoreVFPWithFLDMD(unsigned long long*)</a>
 <LI><a href="#[1f0]">libunwind::Registers_arm::restoreVFPWithFLDMX(unsigned long long*)</a>
 <LI><a href="#[1f2]">libunwind::Registers_arm::restoreVFPv3(unsigned long long*)</a>
 <LI><a href="#[2ce]">_Unwind_Complete</a>
 <LI><a href="#[210]">_Unwind_DeleteException</a>
 <LI><a href="#[1c0]">_Unwind_GetLanguageSpecificData</a>
 <LI><a href="#[1c2]">_Unwind_GetRegionStart</a>
 <LI><a href="#[1c3]">_Unwind_RaiseException</a>
 <LI><a href="#[10c]">_Unwind_Resume</a>
 <LI><a href="#[1c7]">_Unwind_VRS_Get</a>
 <LI><a href="#[1cb]">_Unwind_VRS_Interpret</a>
 <LI><a href="#[1cc]">_Unwind_VRS_Pop</a>
 <LI><a href="#[1ce]">_Unwind_VRS_Set</a>
 <LI><a href="#[1d1]">__cxxabiv1::__enum_type_info::~__enum_type_info()</a>
 <LI><a href="#[2cf]">__cxxabiv1::__enum_type_info::~__enum_type_info__sub_object()</a>
 <LI><a href="#[2d0]">__cxxabiv1::__shim_type_info::~__shim_type_info()</a>
 <LI><a href="#[7a]">__cxxabiv1::__shim_type_info::~__shim_type_info__sub_object()</a>
 <LI><a href="#[2d1]">__cxxabiv1::__array_type_info::~__array_type_info()</a>
 <LI><a href="#[2d2]">__cxxabiv1::__array_type_info::~__array_type_info__sub_object()</a>
 <LI><a href="#[2d3]">__cxxabiv1::__class_type_info::~__class_type_info()</a>
 <LI><a href="#[2d4]">__cxxabiv1::__class_type_info::~__class_type_info__sub_object()</a>
 <LI><a href="#[2d5]">__cxxabiv1::__pbase_type_info::~__pbase_type_info()</a>
 <LI><a href="#[2d6]">__cxxabiv1::__pbase_type_info::~__pbase_type_info__sub_object()</a>
 <LI><a href="#[2d7]">__cxxabiv1::__pointer_type_info::~__pointer_type_info()</a>
 <LI><a href="#[2d8]">__cxxabiv1::__pointer_type_info::~__pointer_type_info__sub_object()</a>
 <LI><a href="#[2d9]">__cxxabiv1::__function_type_info::~__function_type_info()</a>
 <LI><a href="#[2da]">__cxxabiv1::__function_type_info::~__function_type_info__sub_object()</a>
 <LI><a href="#[2db]">__cxxabiv1::__si_class_type_info::~__si_class_type_info()</a>
 <LI><a href="#[2dc]">__cxxabiv1::__si_class_type_info::~__si_class_type_info__sub_object()</a>
 <LI><a href="#[2dd]">__cxxabiv1::__vmi_class_type_info::~__vmi_class_type_info()</a>
 <LI><a href="#[2de]">__cxxabiv1::__vmi_class_type_info::~__vmi_class_type_info__sub_object()</a>
 <LI><a href="#[2df]">__cxxabiv1::__fundamental_type_info::~__fundamental_type_info()</a>
 <LI><a href="#[2e0]">__cxxabiv1::__fundamental_type_info::~__fundamental_type_info__sub_object()</a>
 <LI><a href="#[2e1]">__cxxabiv1::__pointer_to_member_type_info::~__pointer_to_member_type_info()</a>
 <LI><a href="#[2e2]">__cxxabiv1::__pointer_to_member_type_info::~__pointer_to_member_type_info__sub_object()</a>
 <LI><a href="#[7b]">__cxxabiv1::__class_type_info::~__class_type_info__deallocating()</a>
 <LI><a href="#[1d2]">__cxxabiv1::__free_with_fallback(void*)</a>
 <LI><a href="#[82]">__cxxabiv1::__si_class_type_info::~__si_class_type_info__deallocating()</a>
 <LI><a href="#[1d4]">__cxxabiv1::__calloc_with_fallback(unsigned, unsigned)</a>
 <LI><a href="#[86]">__cxxabiv1::__fundamental_type_info::~__fundamental_type_info__deallocating()</a>
 <LI><a href="#[1d6]">__cxxabiv1::__aligned_free_with_fallback(void*)</a>
 <LI><a href="#[1d7]">__cxxabiv1::__aligned_malloc_with_fallback(unsigned)</a>
 <LI><a href="#[a3]">libunwind::UnwindCursor&lang;libunwind::LocalAddressSpace, libunwind::Registers_arm&rang;::saveVFPAsX()</a>
 <LI><a href="#[9a]">libunwind::UnwindCursor&lang;libunwind::LocalAddressSpace, libunwind::Registers_arm&rang;::getFloatReg(int)</a>
 <LI><a href="#[9b]">libunwind::UnwindCursor&lang;libunwind::LocalAddressSpace, libunwind::Registers_arm&rang;::setFloatReg(int, unsigned long long)</a>
 <LI><a href="#[9f]">libunwind::UnwindCursor&lang;libunwind::LocalAddressSpace, libunwind::Registers_arm&rang;::isSignalFrame()</a>
 <LI><a href="#[1e9]">libunwind::UnwindCursor&lang;libunwind::LocalAddressSpace, libunwind::Registers_arm&rang;::stepWithEHABI()</a>
 <LI><a href="#[99]">libunwind::UnwindCursor&lang;libunwind::LocalAddressSpace, libunwind::Registers_arm&rang;::validFloatReg(int)</a>
 <LI><a href="#[a0]">libunwind::UnwindCursor&lang;libunwind::LocalAddressSpace, libunwind::Registers_arm&rang;::getFunctionName(char*, unsigned, unsigned*)</a>
 <LI><a href="#[a2]">libunwind::UnwindCursor&lang;libunwind::LocalAddressSpace, libunwind::Registers_arm&rang;::getRegisterName(int)</a>
 <LI><a href="#[1ec]">libunwind::UnwindCursor&lang;libunwind::LocalAddressSpace, libunwind::Registers_arm&rang;::getInfoFromEHABISection(unsigned, const libunwind::UnwindInfoSections&)</a>
 <LI><a href="#[a1]">libunwind::UnwindCursor&lang;libunwind::LocalAddressSpace, libunwind::Registers_arm&rang;::setInfoBasedOnIPRegister(bool)</a>
 <LI><a href="#[9c]">libunwind::UnwindCursor&lang;libunwind::LocalAddressSpace, libunwind::Registers_arm&rang;::step()</a>
 <LI><a href="#[97]">libunwind::UnwindCursor&lang;libunwind::LocalAddressSpace, libunwind::Registers_arm&rang;::getReg(int)</a>
 <LI><a href="#[9e]">libunwind::UnwindCursor&lang;libunwind::LocalAddressSpace, libunwind::Registers_arm&rang;::jumpto()</a>
 <LI><a href="#[98]">libunwind::UnwindCursor&lang;libunwind::LocalAddressSpace, libunwind::Registers_arm&rang;::setReg(int, unsigned)</a>
 <LI><a href="#[9d]">libunwind::UnwindCursor&lang;libunwind::LocalAddressSpace, libunwind::Registers_arm&rang;::getInfo(unw_proc_info_t*)</a>
 <LI><a href="#[96]">libunwind::UnwindCursor&lang;libunwind::LocalAddressSpace, libunwind::Registers_arm&rang;::validReg(int)</a>
 <LI><a href="#[95]">libunwind::UnwindCursor&lang;libunwind::LocalAddressSpace, libunwind::Registers_arm&rang;::~UnwindCursor__deallocating()</a>
 <LI><a href="#[1eb]">libunwind::Registers_arm::getRegisterName(int)</a>
 <LI><a href="#[1ee]">libunwind::Registers_arm::restoreSavedFloatRegisters()</a>
 <LI><a href="#[94]">libunwind::AbstractUnwindCursor::~AbstractUnwindCursor__sub_object()</a>
 <LI><a href="#[7c]">__cxxabiv1::__shim_type_info::noop1() const</a>
 <LI><a href="#[7d]">__cxxabiv1::__shim_type_info::noop2() const</a>
 <LI><a href="#[7f]">__cxxabiv1::__class_type_info::search_above_dst(__cxxabiv1::__dynamic_cast_info*, const void*, const void*, int, bool) const</a>
 <LI><a href="#[80]">__cxxabiv1::__class_type_info::search_below_dst(__cxxabiv1::__dynamic_cast_info*, const void*, int, bool) const</a>
 <LI><a href="#[81]">__cxxabiv1::__class_type_info::has_unambiguous_public_base(__cxxabiv1::__dynamic_cast_info*, void*, int) const</a>
 <LI><a href="#[1f4]">__cxxabiv1::__class_type_info::process_static_type_above_dst(__cxxabiv1::__dynamic_cast_info*, const void*, const void*, int) const</a>
 <LI><a href="#[7e]">__cxxabiv1::__class_type_info::can_catch(const __cxxabiv1::__shim_type_info*, void*&) const</a>
 <LI><a href="#[1f7]">__cxxabiv1::__pbase_type_info::can_catch(const __cxxabiv1::__shim_type_info*, void*&) const</a>
 <LI><a href="#[1f8]">__cxxabiv1::__pointer_type_info::can_catch_nested(const __cxxabiv1::__shim_type_info*) const</a>
 <LI><a href="#[1fa]">__cxxabiv1::__pointer_type_info::can_catch(const __cxxabiv1::__shim_type_info*, void*&) const</a>
 <LI><a href="#[83]">__cxxabiv1::__si_class_type_info::search_above_dst(__cxxabiv1::__dynamic_cast_info*, const void*, const void*, int, bool) const</a>
 <LI><a href="#[84]">__cxxabiv1::__si_class_type_info::search_below_dst(__cxxabiv1::__dynamic_cast_info*, const void*, int, bool) const</a>
 <LI><a href="#[85]">__cxxabiv1::__si_class_type_info::has_unambiguous_public_base(__cxxabiv1::__dynamic_cast_info*, void*, int) const</a>
 <LI><a href="#[1fb]">__cxxabiv1::__vmi_class_type_info::search_above_dst(__cxxabiv1::__dynamic_cast_info*, const void*, const void*, int, bool) const</a>
 <LI><a href="#[87]">__cxxabiv1::__fundamental_type_info::can_catch(const __cxxabiv1::__shim_type_info*, void*&) const</a>
 <LI><a href="#[1f9]">__cxxabiv1::__pointer_to_member_type_info::can_catch_nested(const __cxxabiv1::__shim_type_info*) const</a>
 <LI><a href="#[1fc]">__cxxabiv1::__pointer_to_member_type_info::can_catch(const __cxxabiv1::__shim_type_info*, void*&) const</a>
 <LI><a href="#[a5]">std::bad_exception::what() const</a>
 <LI><a href="#[a7]">std::bad_array_length::what() const</a>
 <LI><a href="#[a9]">std::bad_array_new_length::what() const</a>
 <LI><a href="#[ab]">std::bad_alloc::what() const</a>
 <LI><a href="#[a4]">std::bad_exception::~bad_exception__deallocating()</a>
 <LI><a href="#[2e3]">std::bad_array_length::bad_array_length()</a>
 <LI><a href="#[2e4]">std::bad_array_length::bad_array_length__sub_object()</a>
 <LI><a href="#[a6]">std::bad_array_length::~bad_array_length__deallocating()</a>
 <LI><a href="#[2e5]">std::bad_array_new_length::bad_array_new_length()</a>
 <LI><a href="#[2e6]">std::bad_array_new_length::bad_array_new_length__sub_object()</a>
 <LI><a href="#[a8]">std::bad_array_new_length::~bad_array_new_length__deallocating()</a>
 <LI><a href="#[1ed]">T2 std::__1::__upper_bound&lang;std::__1::__less&lang;unsigned, unsigned&rang;&, libunwind::EHABISectionIterator&lang;libunwind::LocalAddressSpace&rang;, unsigned&rang;(T2, T2, const T3&, T1)</a>
 <LI><a href="#[2e7]">std::bad_alloc::bad_alloc()</a>
 <LI><a href="#[2e8]">std::bad_alloc::bad_alloc__sub_object()</a>
 <LI><a href="#[aa]">std::bad_alloc::~bad_alloc__deallocating()</a>
 <LI><a href="#[2]">std::bad_exception::~bad_exception()</a>
 <LI><a href="#[2e9]">std::bad_exception::~bad_exception__sub_object()</a>
 <LI><a href="#[2ea]">std::bad_array_length::~bad_array_length()</a>
 <LI><a href="#[2eb]">std::bad_array_length::~bad_array_length__sub_object()</a>
 <LI><a href="#[2ec]">std::bad_array_new_length::~bad_array_new_length()</a>
 <LI><a href="#[2ed]">std::bad_array_new_length::~bad_array_new_length__sub_object()</a>
 <LI><a href="#[2ee]">std::bad_alloc::~bad_alloc()</a>
 <LI><a href="#[2ef]">std::bad_alloc::~bad_alloc__sub_object()</a>
 <LI><a href="#[2f0]">std::exception::~exception()</a>
 <LI><a href="#[5]">std::exception::~exception__sub_object()</a>
 <LI><a href="#[2f1]">std::type_info::~type_info()</a>
 <LI><a href="#[b]">std::type_info::~type_info__sub_object()</a>
 <LI><a href="#[1fd]">std::unexpected()</a>
 <LI><a href="#[1df]">std::__terminate(void(*)())</a>
 <LI><a href="#[1fe]">std::__unexpected(void(*)())</a>
 <LI><a href="#[20c]">std::get_terminate()</a>
 <LI><a href="#[2f2]">std::set_terminate(void(*)())</a>
 <LI><a href="#[20d]">std::get_unexpected()</a>
 <LI><a href="#[2f3]">std::set_unexpected(void(*)())</a>
 <LI><a href="#[56]">std::terminate()</a>
 <LI><a href="#[202]">operator delete[] (void*)</a>
 <LI><a href="#[203]">operator delete[] (void*, const std::nothrow_t&)</a>
 <LI><a href="#[204]">operator delete[] (void*, unsigned)</a>
 <LI><a href="#[103]">operator delete (void*)</a>
 <LI><a href="#[205]">operator delete (void*, const std::nothrow_t&)</a>
 <LI><a href="#[206]">operator delete (void*, unsigned)</a>
 <LI><a href="#[52]">__aeabi_unwind_cpp_pr0</a>
 <LI><a href="#[53]">__aeabi_unwind_cpp_pr1</a>
 <LI><a href="#[54]">__aeabi_unwind_cpp_pr2</a>
 <LI><a href="#[207]">__cxa_allocate_dependent_exception</a>
 <LI><a href="#[208]">__cxa_allocate_exception</a>
 <LI><a href="#[1de]">__cxa_begin_catch</a>
 <LI><a href="#[20b]">__cxa_begin_cleanup</a>
 <LI><a href="#[209]">__cxa_call_unexpected</a>
 <LI><a href="#[1e1]">__cxa_decrement_exception_refcount</a>
 <LI><a href="#[200]">__cxa_end_catch</a>
 <LI><a href="#[20a]">__cxa_get_globals</a>
 <LI><a href="#[201]">__cxa_get_globals_fast</a>
 <LI><a href="#[10a]">__cxa_guard_acquire</a>
 <LI><a href="#[79]">__cxa_pure_virtual</a>
 <LI><a href="#[20f]">__cxa_rethrow</a>
 <LI><a href="#[211]">__cxa_rethrow_primary_exception</a>
 <LI><a href="#[20e]">__cxa_throw</a>
 <LI><a href="#[1f5]">__dynamic_cast</a>
 <LI><a href="#[212]">__gnu_unwind_frame</a>
 <LI><a href="#[59]">__gxx_personality_v0</a>
 <LI><a href="#[1ff]">abort_message</a>
 <LI><a href="#[1ea]">decode_eht_entry</a>
 <LI><a href="#[1ca]">unw_get_fpreg</a>
 <LI><a href="#[1c1]">unw_get_proc_info</a>
 <LI><a href="#[1c8]">unw_get_reg</a>
 <LI><a href="#[1c5]">unw_init_local</a>
 <LI><a href="#[1d0]">unw_resume</a>
 <LI><a href="#[1c9]">unw_save_vfp_as_X</a>
 <LI><a href="#[1cf]">unw_set_fpreg</a>
 <LI><a href="#[1cd]">unw_set_reg</a>
 <LI><a href="#[1e5]">unw_step</a>
 <LI><a href="#[1dd]">_ZN10__cxxabiv1L12failed_throwEPNS_15__cxa_exceptionE</a>
 <LI><a href="#[58]">_ZN10__cxxabiv1L22exception_cleanup_funcE19_Unwind_Reason_CodeP21_Unwind_Control_Block</a>
 <LI><a href="#[57]">_ZN10__cxxabiv1L27dependent_exception_cleanupE19_Unwind_Reason_CodeP21_Unwind_Control_Block</a>
 <LI><a href="#[1d8]">_ZN10__cxxabiv1L11scan_eh_tabERNS_12_GLOBAL__N_112scan_resultsE14_Unwind_ActionbP21_Unwind_Control_BlockP15_Unwind_Context</a>
 <LI><a href="#[1e0]">_ZN10__cxxabiv1L13set_registersEP21_Unwind_Control_BlockP15_Unwind_ContextRKNS_12_GLOBAL__N_112scan_resultsE</a>
 <LI><a href="#[1db]">_ZN10__cxxabiv1L14call_terminateEbP21_Unwind_Control_Block</a>
 <LI><a href="#[1da]">_ZN10__cxxabiv1L18readEncodedPointerEPPKhh</a>
 <LI><a href="#[1dc]">_ZN10__cxxabiv1L24exception_spec_can_catchExPKhhPKNS_16__shim_type_infoEPvP21_Unwind_Control_Block</a>
 <LI><a href="#[1c6]">_ZL13unwind_phase2P13unw_context_tP12unw_cursor_tP21_Unwind_Control_Blockb</a>
 <LI><a href="#[1e4]">_ZN12_GLOBAL__N_1L14unwindOneFrameEjP21_Unwind_Control_BlockP15_Unwind_Context</a>
 <LI><a href="#[1d3]">&lang;unnamed namespace 1&rang;::fallback_free(void*)</a>
 <LI><a href="#[1d5]">&lang;unnamed namespace 1&rang;::fallback_malloc(unsigned)</a>
</UL>
</UL>
<P>
<H3>
Mutually Recursive functions
</H3> <LI><a href="#[157]">power(float, int)</a>&nbsp;&nbsp;&nbsp;&rArr;&nbsp;&nbsp;&nbsp;<a href="#[157]">power(float, int)</a><BR>
 <LI><a href="#[f]">NMI_Handler</a>&nbsp;&nbsp;&nbsp;&rArr;&nbsp;&nbsp;&nbsp;<a href="#[f]">NMI_Handler</a><BR>
 <LI><a href="#[10]">HardFault_Handler</a>&nbsp;&nbsp;&nbsp;&rArr;&nbsp;&nbsp;&nbsp;<a href="#[10]">HardFault_Handler</a><BR>
 <LI><a href="#[11]">MemManage_Handler</a>&nbsp;&nbsp;&nbsp;&rArr;&nbsp;&nbsp;&nbsp;<a href="#[11]">MemManage_Handler</a><BR>
 <LI><a href="#[12]">BusFault_Handler</a>&nbsp;&nbsp;&nbsp;&rArr;&nbsp;&nbsp;&nbsp;<a href="#[12]">BusFault_Handler</a><BR>
 <LI><a href="#[13]">UsageFault_Handler</a>&nbsp;&nbsp;&nbsp;&rArr;&nbsp;&nbsp;&nbsp;<a href="#[13]">UsageFault_Handler</a><BR>
 <LI><a href="#[14]">SVC_Handler</a>&nbsp;&nbsp;&nbsp;&rArr;&nbsp;&nbsp;&nbsp;<a href="#[14]">SVC_Handler</a><BR>
 <LI><a href="#[15]">DebugMon_Handler</a>&nbsp;&nbsp;&nbsp;&rArr;&nbsp;&nbsp;&nbsp;<a href="#[15]">DebugMon_Handler</a><BR>
 <LI><a href="#[16]">PendSV_Handler</a>&nbsp;&nbsp;&nbsp;&rArr;&nbsp;&nbsp;&nbsp;<a href="#[16]">PendSV_Handler</a><BR>
 <LI><a href="#[2a]">ADC1_2_IRQHandler</a>&nbsp;&nbsp;&nbsp;&rArr;&nbsp;&nbsp;&nbsp;<a href="#[2a]">ADC1_2_IRQHandler</a><BR>
 <LI><a href="#[56]">std::terminate()</a>&nbsp;&nbsp;&nbsp;&rArr;&nbsp;&nbsp;&nbsp;<a href="#[1e3]">__clang_call_terminate</a><BR>
 <LI><a href="#[1df]">std::__terminate(void(*)())</a>&nbsp;&nbsp;&nbsp;&rArr;&nbsp;&nbsp;&nbsp;<a href="#[1de]">__cxa_begin_catch</a><BR>
 <LI><a href="#[209]">__cxa_call_unexpected</a>&nbsp;&nbsp;&nbsp;&rArr;&nbsp;&nbsp;&nbsp;<a href="#[1de]">__cxa_begin_catch</a><BR>
 <LI><a href="#[1dd]">_ZN10__cxxabiv1L12failed_throwEPNS_15__cxa_exceptionE</a>&nbsp;&nbsp;&nbsp;&rArr;&nbsp;&nbsp;&nbsp;<a href="#[1de]">__cxa_begin_catch</a><BR>
 <LI><a href="#[208]">__cxa_allocate_exception</a>&nbsp;&nbsp;&nbsp;&rArr;&nbsp;&nbsp;&nbsp;<a href="#[56]">std::terminate()</a><BR>
 <LI><a href="#[1db]">_ZN10__cxxabiv1L14call_terminateEbP21_Unwind_Control_Block</a>&nbsp;&nbsp;&nbsp;&rArr;&nbsp;&nbsp;&nbsp;<a href="#[1de]">__cxa_begin_catch</a><BR>
 <LI><a href="#[20f]">__cxa_rethrow</a>&nbsp;&nbsp;&nbsp;&rArr;&nbsp;&nbsp;&nbsp;<a href="#[1de]">__cxa_begin_catch</a><BR>
</UL>
<P>
<H3>
Function Pointers
</H3><UL>
 <LI><a href="#[2a]">ADC1_2_IRQHandler</a> from startup_stm32f10x_md.o(.text) referenced from startup_stm32f10x_md.o(RESET)
 <LI><a href="#[12]">BusFault_Handler</a> from startup_stm32f10x_md.o(.text) referenced from startup_stm32f10x_md.o(RESET)
 <LI><a href="#[2d]">CAN1_RX1_IRQHandler</a> from startup_stm32f10x_md.o(.text) referenced from startup_stm32f10x_md.o(RESET)
 <LI><a href="#[2e]">CAN1_SCE_IRQHandler</a> from startup_stm32f10x_md.o(.text) referenced from startup_stm32f10x_md.o(RESET)
 <LI><a href="#[23]">DMA1_Channel1_IRQHandler</a> from startup_stm32f10x_md.o(.text) referenced from startup_stm32f10x_md.o(RESET)
 <LI><a href="#[24]">DMA1_Channel2_IRQHandler</a> from startup_stm32f10x_md.o(.text) referenced from startup_stm32f10x_md.o(RESET)
 <LI><a href="#[25]">DMA1_Channel3_IRQHandler</a> from startup_stm32f10x_md.o(.text) referenced from startup_stm32f10x_md.o(RESET)
 <LI><a href="#[26]">DMA1_Channel4_IRQHandler</a> from startup_stm32f10x_md.o(.text) referenced from startup_stm32f10x_md.o(RESET)
 <LI><a href="#[27]">DMA1_Channel5_IRQHandler</a> from startup_stm32f10x_md.o(.text) referenced from startup_stm32f10x_md.o(RESET)
 <LI><a href="#[28]">DMA1_Channel6_IRQHandler</a> from startup_stm32f10x_md.o(.text) referenced from startup_stm32f10x_md.o(RESET)
 <LI><a href="#[29]">DMA1_Channel7_IRQHandler</a> from startup_stm32f10x_md.o(.text) referenced from startup_stm32f10x_md.o(RESET)
 <LI><a href="#[15]">DebugMon_Handler</a> from startup_stm32f10x_md.o(.text) referenced from startup_stm32f10x_md.o(RESET)
 <LI><a href="#[1e]">EXTI0_IRQHandler</a> from interruptmanager.o(.text) referenced from startup_stm32f10x_md.o(RESET)
 <LI><a href="#[40]">EXTI15_10_IRQHandler</a> from interruptmanager.o(.text) referenced from startup_stm32f10x_md.o(RESET)
 <LI><a href="#[1f]">EXTI1_IRQHandler</a> from interruptmanager.o(.text) referenced from startup_stm32f10x_md.o(RESET)
 <LI><a href="#[20]">EXTI2_IRQHandler</a> from interruptmanager.o(.text) referenced from startup_stm32f10x_md.o(RESET)
 <LI><a href="#[21]">EXTI3_IRQHandler</a> from interruptmanager.o(.text) referenced from startup_stm32f10x_md.o(RESET)
 <LI><a href="#[22]">EXTI4_IRQHandler</a> from interruptmanager.o(.text) referenced from startup_stm32f10x_md.o(RESET)
 <LI><a href="#[2f]">EXTI9_5_IRQHandler</a> from interruptmanager.o(.text) referenced from startup_stm32f10x_md.o(RESET)
 <LI><a href="#[1c]">FLASH_IRQHandler</a> from startup_stm32f10x_md.o(.text) referenced from startup_stm32f10x_md.o(RESET)
 <LI><a href="#[10]">HardFault_Handler</a> from startup_stm32f10x_md.o(.text) referenced from startup_stm32f10x_md.o(RESET)
 <LI><a href="#[38]">I2C1_ER_IRQHandler</a> from startup_stm32f10x_md.o(.text) referenced from startup_stm32f10x_md.o(RESET)
 <LI><a href="#[37]">I2C1_EV_IRQHandler</a> from startup_stm32f10x_md.o(.text) referenced from startup_stm32f10x_md.o(RESET)
 <LI><a href="#[3a]">I2C2_ER_IRQHandler</a> from startup_stm32f10x_md.o(.text) referenced from startup_stm32f10x_md.o(RESET)
 <LI><a href="#[39]">I2C2_EV_IRQHandler</a> from startup_stm32f10x_md.o(.text) referenced from startup_stm32f10x_md.o(RESET)
 <LI><a href="#[11]">MemManage_Handler</a> from startup_stm32f10x_md.o(.text) referenced from startup_stm32f10x_md.o(RESET)
 <LI><a href="#[f]">NMI_Handler</a> from startup_stm32f10x_md.o(.text) referenced from startup_stm32f10x_md.o(RESET)
 <LI><a href="#[19]">PVD_IRQHandler</a> from startup_stm32f10x_md.o(.text) referenced from startup_stm32f10x_md.o(RESET)
 <LI><a href="#[16]">PendSV_Handler</a> from startup_stm32f10x_md.o(.text) referenced from startup_stm32f10x_md.o(RESET)
 <LI><a href="#[1d]">RCC_IRQHandler</a> from startup_stm32f10x_md.o(.text) referenced from startup_stm32f10x_md.o(RESET)
 <LI><a href="#[41]">RTCAlarm_IRQHandler</a> from startup_stm32f10x_md.o(.text) referenced from startup_stm32f10x_md.o(RESET)
 <LI><a href="#[1b]">RTC_IRQHandler</a> from startup_stm32f10x_md.o(.text) referenced from startup_stm32f10x_md.o(RESET)
 <LI><a href="#[e]">Reset_Handler</a> from startup_stm32f10x_md.o(.text) referenced from startup_stm32f10x_md.o(RESET)
 <LI><a href="#[3b]">SPI1_IRQHandler</a> from startup_stm32f10x_md.o(.text) referenced from startup_stm32f10x_md.o(RESET)
 <LI><a href="#[3c]">SPI2_IRQHandler</a> from startup_stm32f10x_md.o(.text) referenced from startup_stm32f10x_md.o(RESET)
 <LI><a href="#[14]">SVC_Handler</a> from startup_stm32f10x_md.o(.text) referenced from startup_stm32f10x_md.o(RESET)
 <LI><a href="#[17]">SysTick_Handler</a> from systicktimer.o(.text) referenced from startup_stm32f10x_md.o(RESET)
 <LI><a href="#[4e]">SystemInit</a> from system_stm32f10x.o(.text) referenced from startup_stm32f10x_md.o(.text)
 <LI><a href="#[1a]">TAMPER_IRQHandler</a> from startup_stm32f10x_md.o(.text) referenced from startup_stm32f10x_md.o(RESET)
 <LI><a href="#[30]">TIM1_BRK_IRQHandler</a> from startup_stm32f10x_md.o(.text) referenced from startup_stm32f10x_md.o(RESET)
 <LI><a href="#[33]">TIM1_CC_IRQHandler</a> from startup_stm32f10x_md.o(.text) referenced from startup_stm32f10x_md.o(RESET)
 <LI><a href="#[32]">TIM1_TRG_COM_IRQHandler</a> from startup_stm32f10x_md.o(.text) referenced from startup_stm32f10x_md.o(RESET)
 <LI><a href="#[31]">TIM1_UP_IRQHandler</a> from startup_stm32f10x_md.o(.text) referenced from startup_stm32f10x_md.o(RESET)
 <LI><a href="#[34]">TIM2_IRQHandler</a> from startup_stm32f10x_md.o(.text) referenced from startup_stm32f10x_md.o(RESET)
 <LI><a href="#[35]">TIM3_IRQHandler</a> from startup_stm32f10x_md.o(.text) referenced from startup_stm32f10x_md.o(RESET)
 <LI><a href="#[36]">TIM4_IRQHandler</a> from startup_stm32f10x_md.o(.text) referenced from startup_stm32f10x_md.o(RESET)
 <LI><a href="#[3d]">USART1_IRQHandler</a> from startup_stm32f10x_md.o(.text) referenced from startup_stm32f10x_md.o(RESET)
 <LI><a href="#[3e]">USART2_IRQHandler</a> from startup_stm32f10x_md.o(.text) referenced from startup_stm32f10x_md.o(RESET)
 <LI><a href="#[3f]">USART3_IRQHandler</a> from startup_stm32f10x_md.o(.text) referenced from startup_stm32f10x_md.o(RESET)
 <LI><a href="#[42]">USBWakeUp_IRQHandler</a> from startup_stm32f10x_md.o(.text) referenced from startup_stm32f10x_md.o(RESET)
 <LI><a href="#[2b]">USB_HP_CAN1_TX_IRQHandler</a> from startup_stm32f10x_md.o(.text) referenced from startup_stm32f10x_md.o(RESET)
 <LI><a href="#[2c]">USB_LP_CAN1_RX0_IRQHandler</a> from startup_stm32f10x_md.o(.text) referenced from startup_stm32f10x_md.o(RESET)
 <LI><a href="#[13]">UsageFault_Handler</a> from startup_stm32f10x_md.o(.text) referenced from startup_stm32f10x_md.o(RESET)
 <LI><a href="#[18]">WWDG_IRQHandler</a> from startup_stm32f10x_md.o(.text) referenced from startup_stm32f10x_md.o(RESET)
 <LI><a href="#[af]">_GLOBAL__sub_I_Button_Task.cpp</a> from button_task.o(.text) referenced from button_task.o(.init_array)
 <LI><a href="#[ad]">_GLOBAL__sub_I_Led_task.cpp</a> from led_task.o(.text) referenced from led_task.o(.init_array)
 <LI><a href="#[ae]">_GLOBAL__sub_I_Nokia5110_Display_Task.cpp</a> from nokia5110_display_task.o(.text) referenced from nokia5110_display_task.o(.init_array)
 <LI><a href="#[b0]">_GLOBAL__sub_I_PowerMonitor.cpp</a> from powermonitor.o(.text) referenced from powermonitor.o(.init_array)
 <LI><a href="#[ac]">_GLOBAL__sub_I_main.cpp</a> from main.o(.text) referenced from main.o(.init_array)
 <LI><a href="#[49]">ClickEvent()</a> from button_task.o(.text) referenced 2 times from button_task.o(.text)
 <LI><a href="#[4a]">LongPressEvent()</a> from button_task.o(.text) referenced 2 times from button_task.o(.text)
 <LI><a href="#[4b]">LongLongPressEvent()</a> from button_task.o(.text) referenced 2 times from button_task.o(.text)
 <LI><a href="#[7a]">__cxxabiv1::__shim_type_info::~__shim_type_info__sub_object()</a> from private_typeinfo.cpp.o(.text._ZN10__cxxabiv116__shim_type_infoD2Ev) referenced from private_typeinfo.cpp.o(.rodata._ZTVN10__cxxabiv117__class_type_infoE)
 <LI><a href="#[7a]">__cxxabiv1::__shim_type_info::~__shim_type_info__sub_object()</a> from private_typeinfo.cpp.o(.text._ZN10__cxxabiv116__shim_type_infoD2Ev) referenced from private_typeinfo.cpp.o(.rodata._ZTVN10__cxxabiv120__si_class_type_infoE)
 <LI><a href="#[7a]">__cxxabiv1::__shim_type_info::~__shim_type_info__sub_object()</a> from private_typeinfo.cpp.o(.text._ZN10__cxxabiv116__shim_type_infoD2Ev) referenced from private_typeinfo.cpp.o(.rodata._ZTVN10__cxxabiv123__fundamental_type_infoE)
 <LI><a href="#[7b]">__cxxabiv1::__class_type_info::~__class_type_info__deallocating()</a> from private_typeinfo.cpp.o(.text._ZN10__cxxabiv117__class_type_infoD0Ev) referenced from private_typeinfo.cpp.o(.rodata._ZTVN10__cxxabiv117__class_type_infoE)
 <LI><a href="#[82]">__cxxabiv1::__si_class_type_info::~__si_class_type_info__deallocating()</a> from private_typeinfo.cpp.o(.text._ZN10__cxxabiv120__si_class_type_infoD0Ev) referenced from private_typeinfo.cpp.o(.rodata._ZTVN10__cxxabiv120__si_class_type_infoE)
 <LI><a href="#[86]">__cxxabiv1::__fundamental_type_info::~__fundamental_type_info__deallocating()</a> from private_typeinfo.cpp.o(.text._ZN10__cxxabiv123__fundamental_type_infoD0Ev) referenced from private_typeinfo.cpp.o(.rodata._ZTVN10__cxxabiv123__fundamental_type_infoE)
 <LI><a href="#[58]">_ZN10__cxxabiv1L22exception_cleanup_funcE19_Unwind_Reason_CodeP21_Unwind_Control_Block</a> from cxa_exception.cpp.o(.text._ZN10__cxxabiv1L22exception_cleanup_funcE19_Unwind_Reason_CodeP21_Unwind_Control_Block) referenced 2 times from cxa_exception.cpp.o(.text.__cxa_throw)
 <LI><a href="#[57]">_ZN10__cxxabiv1L27dependent_exception_cleanupE19_Unwind_Reason_CodeP21_Unwind_Control_Block</a> from cxa_exception.cpp.o(.text._ZN10__cxxabiv1L27dependent_exception_cleanupE19_Unwind_Reason_CodeP21_Unwind_Control_Block) referenced 2 times from cxa_exception.cpp.o(.text.__cxa_rethrow_primary_exception)
 <LI><a href="#[5c]">Button_task::Run()</a> from button_task.o(.text) referenced from button_task.o(.rodata._ZTV11Button_task)
 <LI><a href="#[5b]">Button_task::Init()</a> from button_task.o(.text) referenced from button_task.o(.rodata._ZTV11Button_task)
 <LI><a href="#[5a]">Button_task::~Button_task__deallocating()</a> from button_task.o(.text._ZN11Button_taskD0Ev) referenced from button_task.o(.rodata._ZTV11Button_task)
 <LI><a href="#[44]">Button_task::~Button_task__sub_object()</a> from main.o(.text._ZN11Button_taskD2Ev) referenced from button_task.o(.rodata._ZTV11Button_task)
 <LI><a href="#[44]">Button_task::~Button_task__sub_object()</a> from main.o(.text._ZN11Button_taskD2Ev) referenced 2 times from main.o(.text)
 <LI><a href="#[5f]">SD_Card_Task::Run()</a> from sd_card_task.o(.text) referenced from sd_card_task.o(.rodata._ZTV12SD_Card_Task)
 <LI><a href="#[5e]">SD_Card_Task::Init()</a> from sd_card_task.o(.text) referenced from sd_card_task.o(.rodata._ZTV12SD_Card_Task)
 <LI><a href="#[5d]">SD_Card_Task::~SD_Card_Task__deallocating()</a> from sd_card_task.o(.text._ZN12SD_Card_TaskD0Ev) referenced from sd_card_task.o(.rodata._ZTV12SD_Card_Task)
 <LI><a href="#[47]">SD_Card_Task::~SD_Card_Task__sub_object()</a> from main.o(.text._ZN12SD_Card_TaskD2Ev) referenced from sd_card_task.o(.rodata._ZTV12SD_Card_Task)
 <LI><a href="#[47]">SD_Card_Task::~SD_Card_Task__sub_object()</a> from main.o(.text._ZN12SD_Card_TaskD2Ev) referenced 2 times from main.o(.text)
 <LI><a href="#[62]">PowerMonitor_task::Run()</a> from powermonitor.o(.text) referenced from powermonitor.o(.rodata._ZTV17PowerMonitor_task)
 <LI><a href="#[61]">PowerMonitor_task::Init()</a> from powermonitor.o(.text) referenced from powermonitor.o(.rodata._ZTV17PowerMonitor_task)
 <LI><a href="#[60]">PowerMonitor_task::~PowerMonitor_task__deallocating()</a> from powermonitor.o(.text._ZN17PowerMonitor_taskD0Ev) referenced from powermonitor.o(.rodata._ZTV17PowerMonitor_task)
 <LI><a href="#[46]">PowerMonitor_task::~PowerMonitor_task__sub_object()</a> from main.o(.text._ZN17PowerMonitor_taskD2Ev) referenced from powermonitor.o(.rodata._ZTV17PowerMonitor_task)
 <LI><a href="#[46]">PowerMonitor_task::~PowerMonitor_task__sub_object()</a> from main.o(.text._ZN17PowerMonitor_taskD2Ev) referenced 2 times from main.o(.text)
 <LI><a href="#[65]">Nokia5110_Display_task::Run()</a> from nokia5110_display_task.o(.text) referenced from nokia5110_display_task.o(.rodata._ZTV22Nokia5110_Display_task)
 <LI><a href="#[64]">Nokia5110_Display_task::Init()</a> from nokia5110_display_task.o(.text) referenced from nokia5110_display_task.o(.rodata._ZTV22Nokia5110_Display_task)
 <LI><a href="#[63]">Nokia5110_Display_task::~Nokia5110_Display_task__deallocating()</a> from nokia5110_display_task.o(.text._ZN22Nokia5110_Display_taskD0Ev) referenced from nokia5110_display_task.o(.rodata._ZTV22Nokia5110_Display_task)
 <LI><a href="#[45]">Nokia5110_Display_task::~Nokia5110_Display_task__sub_object()</a> from main.o(.text._ZN22Nokia5110_Display_taskD2Ev) referenced from nokia5110_display_task.o(.rodata._ZTV22Nokia5110_Display_task)
 <LI><a href="#[45]">Nokia5110_Display_task::~Nokia5110_Display_task__sub_object()</a> from main.o(.text._ZN22Nokia5110_Display_taskD2Ev) referenced 2 times from main.o(.text)
 <LI><a href="#[68]">Bsp::GpioOutput::HwInit()</a> from gpiooutput.o(.text) referenced from led.o(.rodata._ZTV3Led)
 <LI><a href="#[68]">Bsp::GpioOutput::HwInit()</a> from gpiooutput.o(.text) referenced from gpiooutput.o(.rodata._ZTVN3Bsp10GpioOutputE)
 <LI><a href="#[88]">Bsp::GpioOutput::~GpioOutput__deallocating()</a> from gpiooutput.o(.text._ZN3Bsp10GpioOutputD0Ev) referenced from gpiooutput.o(.rodata._ZTVN3Bsp10GpioOutputE)
 <LI><a href="#[6e]">Bsp::Peripheral::HwClockDisble(Bsp::PeripheralBase::Peripheral_t)</a> from peripheral.o(.text) referenced from led.o(.rodata._ZTV3Led)
 <LI><a href="#[6e]">Bsp::Peripheral::HwClockDisble(Bsp::PeripheralBase::Peripheral_t)</a> from peripheral.o(.text) referenced from gpiooutput.o(.rodata._ZTVN3Bsp10GpioOutputE)
 <LI><a href="#[6e]">Bsp::Peripheral::HwClockDisble(Bsp::PeripheralBase::Peripheral_t)</a> from peripheral.o(.text) referenced from hwbuttonintr.o(.rodata._ZTVN3Bsp12HwButtonIntrE)
 <LI><a href="#[6e]">Bsp::Peripheral::HwClockDisble(Bsp::PeripheralBase::Peripheral_t)</a> from peripheral.o(.text) referenced from gpioinput.o(.rodata._ZTVN3Bsp9GpioInputE)
 <LI><a href="#[6e]">Bsp::Peripheral::HwClockDisble(Bsp::PeripheralBase::Peripheral_t)</a> from peripheral.o(.text) referenced from i2cdriver.o(.rodata._ZTVN3Bsp9I2CDriverE)
 <LI><a href="#[6e]">Bsp::Peripheral::HwClockDisble(Bsp::PeripheralBase::Peripheral_t)</a> from peripheral.o(.text) referenced from spidriver.o(.rodata._ZTVN3Bsp9SpiDriverE)
 <LI><a href="#[6d]">Bsp::Peripheral::HwClockEnable(Bsp::PeripheralBase::Peripheral_t)</a> from peripheral.o(.text) referenced from led.o(.rodata._ZTV3Led)
 <LI><a href="#[6d]">Bsp::Peripheral::HwClockEnable(Bsp::PeripheralBase::Peripheral_t)</a> from peripheral.o(.text) referenced from gpiooutput.o(.rodata._ZTVN3Bsp10GpioOutputE)
 <LI><a href="#[6d]">Bsp::Peripheral::HwClockEnable(Bsp::PeripheralBase::Peripheral_t)</a> from peripheral.o(.text) referenced from hwbuttonintr.o(.rodata._ZTVN3Bsp12HwButtonIntrE)
 <LI><a href="#[6d]">Bsp::Peripheral::HwClockEnable(Bsp::PeripheralBase::Peripheral_t)</a> from peripheral.o(.text) referenced from gpioinput.o(.rodata._ZTVN3Bsp9GpioInputE)
 <LI><a href="#[6d]">Bsp::Peripheral::HwClockEnable(Bsp::PeripheralBase::Peripheral_t)</a> from peripheral.o(.text) referenced from i2cdriver.o(.rodata._ZTVN3Bsp9I2CDriverE)
 <LI><a href="#[6d]">Bsp::Peripheral::HwClockEnable(Bsp::PeripheralBase::Peripheral_t)</a> from peripheral.o(.text) referenced from spidriver.o(.rodata._ZTVN3Bsp9SpiDriverE)
 <LI><a href="#[6c]">Bsp::Peripheral::HwGetFlagStatus(unsigned)</a> from gpioinput.o(.text._ZN3Bsp10Peripheral15HwGetFlagStatusEj) referenced from led.o(.rodata._ZTV3Led)
 <LI><a href="#[6c]">Bsp::Peripheral::HwGetFlagStatus(unsigned)</a> from gpioinput.o(.text._ZN3Bsp10Peripheral15HwGetFlagStatusEj) referenced from gpiooutput.o(.rodata._ZTVN3Bsp10GpioOutputE)
 <LI><a href="#[6c]">Bsp::Peripheral::HwGetFlagStatus(unsigned)</a> from gpioinput.o(.text._ZN3Bsp10Peripheral15HwGetFlagStatusEj) referenced from hwbuttonintr.o(.rodata._ZTVN3Bsp12HwButtonIntrE)
 <LI><a href="#[6c]">Bsp::Peripheral::HwGetFlagStatus(unsigned)</a> from gpioinput.o(.text._ZN3Bsp10Peripheral15HwGetFlagStatusEj) referenced from gpioinput.o(.rodata._ZTVN3Bsp9GpioInputE)
 <LI><a href="#[6c]">Bsp::Peripheral::HwGetFlagStatus(unsigned)</a> from gpioinput.o(.text._ZN3Bsp10Peripheral15HwGetFlagStatusEj) referenced from i2cdriver.o(.rodata._ZTVN3Bsp9I2CDriverE)
 <LI><a href="#[6c]">Bsp::Peripheral::HwGetFlagStatus(unsigned)</a> from gpioinput.o(.text._ZN3Bsp10Peripheral15HwGetFlagStatusEj) referenced from spidriver.o(.rodata._ZTVN3Bsp9SpiDriverE)
 <LI><a href="#[73]">Bsp::Peripheral::HwClearInterrupt(Bsp::PeripheralBase::IRQn)</a> from gpioinput.o(.text._ZN3Bsp10Peripheral16HwClearInterruptENS_14PeripheralBase4IRQnE) referenced from led.o(.rodata._ZTV3Led)
 <LI><a href="#[73]">Bsp::Peripheral::HwClearInterrupt(Bsp::PeripheralBase::IRQn)</a> from gpioinput.o(.text._ZN3Bsp10Peripheral16HwClearInterruptENS_14PeripheralBase4IRQnE) referenced from gpiooutput.o(.rodata._ZTVN3Bsp10GpioOutputE)
 <LI><a href="#[73]">Bsp::Peripheral::HwClearInterrupt(Bsp::PeripheralBase::IRQn)</a> from gpioinput.o(.text._ZN3Bsp10Peripheral16HwClearInterruptENS_14PeripheralBase4IRQnE) referenced from hwbuttonintr.o(.rodata._ZTVN3Bsp12HwButtonIntrE)
 <LI><a href="#[73]">Bsp::Peripheral::HwClearInterrupt(Bsp::PeripheralBase::IRQn)</a> from gpioinput.o(.text._ZN3Bsp10Peripheral16HwClearInterruptENS_14PeripheralBase4IRQnE) referenced from gpioinput.o(.rodata._ZTVN3Bsp9GpioInputE)
 <LI><a href="#[73]">Bsp::Peripheral::HwClearInterrupt(Bsp::PeripheralBase::IRQn)</a> from gpioinput.o(.text._ZN3Bsp10Peripheral16HwClearInterruptENS_14PeripheralBase4IRQnE) referenced from i2cdriver.o(.rodata._ZTVN3Bsp9I2CDriverE)
 <LI><a href="#[73]">Bsp::Peripheral::HwClearInterrupt(Bsp::PeripheralBase::IRQn)</a> from gpioinput.o(.text._ZN3Bsp10Peripheral16HwClearInterruptENS_14PeripheralBase4IRQnE) referenced from spidriver.o(.rodata._ZTVN3Bsp9SpiDriverE)
 <LI><a href="#[70]">Bsp::Peripheral::HwConfigInterrupt(Bsp::PeripheralBase::IRQn, unsigned char, unsigned char)</a> from peripheral.o(.text) referenced from led.o(.rodata._ZTV3Led)
 <LI><a href="#[70]">Bsp::Peripheral::HwConfigInterrupt(Bsp::PeripheralBase::IRQn, unsigned char, unsigned char)</a> from peripheral.o(.text) referenced from gpiooutput.o(.rodata._ZTVN3Bsp10GpioOutputE)
 <LI><a href="#[70]">Bsp::Peripheral::HwConfigInterrupt(Bsp::PeripheralBase::IRQn, unsigned char, unsigned char)</a> from peripheral.o(.text) referenced from hwbuttonintr.o(.rodata._ZTVN3Bsp12HwButtonIntrE)
 <LI><a href="#[70]">Bsp::Peripheral::HwConfigInterrupt(Bsp::PeripheralBase::IRQn, unsigned char, unsigned char)</a> from peripheral.o(.text) referenced from gpioinput.o(.rodata._ZTVN3Bsp9GpioInputE)
 <LI><a href="#[70]">Bsp::Peripheral::HwConfigInterrupt(Bsp::PeripheralBase::IRQn, unsigned char, unsigned char)</a> from peripheral.o(.text) referenced from i2cdriver.o(.rodata._ZTVN3Bsp9I2CDriverE)
 <LI><a href="#[70]">Bsp::Peripheral::HwConfigInterrupt(Bsp::PeripheralBase::IRQn, unsigned char, unsigned char)</a> from peripheral.o(.text) referenced from spidriver.o(.rodata._ZTVN3Bsp9SpiDriverE)
 <LI><a href="#[71]">Bsp::Peripheral::HwEnableInterrupt(Bsp::PeripheralBase::IRQn)</a> from peripheral.o(.text) referenced from led.o(.rodata._ZTV3Led)
 <LI><a href="#[71]">Bsp::Peripheral::HwEnableInterrupt(Bsp::PeripheralBase::IRQn)</a> from peripheral.o(.text) referenced from gpiooutput.o(.rodata._ZTVN3Bsp10GpioOutputE)
 <LI><a href="#[71]">Bsp::Peripheral::HwEnableInterrupt(Bsp::PeripheralBase::IRQn)</a> from peripheral.o(.text) referenced from hwbuttonintr.o(.rodata._ZTVN3Bsp12HwButtonIntrE)
 <LI><a href="#[71]">Bsp::Peripheral::HwEnableInterrupt(Bsp::PeripheralBase::IRQn)</a> from peripheral.o(.text) referenced from gpioinput.o(.rodata._ZTVN3Bsp9GpioInputE)
 <LI><a href="#[71]">Bsp::Peripheral::HwEnableInterrupt(Bsp::PeripheralBase::IRQn)</a> from peripheral.o(.text) referenced from i2cdriver.o(.rodata._ZTVN3Bsp9I2CDriverE)
 <LI><a href="#[71]">Bsp::Peripheral::HwEnableInterrupt(Bsp::PeripheralBase::IRQn)</a> from peripheral.o(.text) referenced from spidriver.o(.rodata._ZTVN3Bsp9SpiDriverE)
 <LI><a href="#[6f]">Bsp::Peripheral::RegisterInterrupt(void(*)(), Bsp::PeripheralBase::IRQn, unsigned char)</a> from peripheral.o(.text) referenced from led.o(.rodata._ZTV3Led)
 <LI><a href="#[6f]">Bsp::Peripheral::RegisterInterrupt(void(*)(), Bsp::PeripheralBase::IRQn, unsigned char)</a> from peripheral.o(.text) referenced from gpiooutput.o(.rodata._ZTVN3Bsp10GpioOutputE)
 <LI><a href="#[6f]">Bsp::Peripheral::RegisterInterrupt(void(*)(), Bsp::PeripheralBase::IRQn, unsigned char)</a> from peripheral.o(.text) referenced from hwbuttonintr.o(.rodata._ZTVN3Bsp12HwButtonIntrE)
 <LI><a href="#[6f]">Bsp::Peripheral::RegisterInterrupt(void(*)(), Bsp::PeripheralBase::IRQn, unsigned char)</a> from peripheral.o(.text) referenced from gpioinput.o(.rodata._ZTVN3Bsp9GpioInputE)
 <LI><a href="#[6f]">Bsp::Peripheral::RegisterInterrupt(void(*)(), Bsp::PeripheralBase::IRQn, unsigned char)</a> from peripheral.o(.text) referenced from i2cdriver.o(.rodata._ZTVN3Bsp9I2CDriverE)
 <LI><a href="#[6f]">Bsp::Peripheral::RegisterInterrupt(void(*)(), Bsp::PeripheralBase::IRQn, unsigned char)</a> from peripheral.o(.text) referenced from spidriver.o(.rodata._ZTVN3Bsp9SpiDriverE)
 <LI><a href="#[72]">Bsp::Peripheral::HwDisableInterrupt(Bsp::PeripheralBase::IRQn)</a> from peripheral.o(.text) referenced from led.o(.rodata._ZTV3Led)
 <LI><a href="#[72]">Bsp::Peripheral::HwDisableInterrupt(Bsp::PeripheralBase::IRQn)</a> from peripheral.o(.text) referenced from gpiooutput.o(.rodata._ZTVN3Bsp10GpioOutputE)
 <LI><a href="#[72]">Bsp::Peripheral::HwDisableInterrupt(Bsp::PeripheralBase::IRQn)</a> from peripheral.o(.text) referenced from hwbuttonintr.o(.rodata._ZTVN3Bsp12HwButtonIntrE)
 <LI><a href="#[72]">Bsp::Peripheral::HwDisableInterrupt(Bsp::PeripheralBase::IRQn)</a> from peripheral.o(.text) referenced from gpioinput.o(.rodata._ZTVN3Bsp9GpioInputE)
 <LI><a href="#[72]">Bsp::Peripheral::HwDisableInterrupt(Bsp::PeripheralBase::IRQn)</a> from peripheral.o(.text) referenced from i2cdriver.o(.rodata._ZTVN3Bsp9I2CDriverE)
 <LI><a href="#[72]">Bsp::Peripheral::HwDisableInterrupt(Bsp::PeripheralBase::IRQn)</a> from peripheral.o(.text) referenced from spidriver.o(.rodata._ZTVN3Bsp9SpiDriverE)
 <LI><a href="#[69]">Bsp::Peripheral::HwConfig(void*)</a> from gpioinput.o(.text._ZN3Bsp10Peripheral8HwConfigEPv) referenced from led.o(.rodata._ZTV3Led)
 <LI><a href="#[69]">Bsp::Peripheral::HwConfig(void*)</a> from gpioinput.o(.text._ZN3Bsp10Peripheral8HwConfigEPv) referenced from gpiooutput.o(.rodata._ZTVN3Bsp10GpioOutputE)
 <LI><a href="#[69]">Bsp::Peripheral::HwConfig(void*)</a> from gpioinput.o(.text._ZN3Bsp10Peripheral8HwConfigEPv) referenced from hwbuttonintr.o(.rodata._ZTVN3Bsp12HwButtonIntrE)
 <LI><a href="#[69]">Bsp::Peripheral::HwConfig(void*)</a> from gpioinput.o(.text._ZN3Bsp10Peripheral8HwConfigEPv) referenced from gpioinput.o(.rodata._ZTVN3Bsp9GpioInputE)
 <LI><a href="#[69]">Bsp::Peripheral::HwConfig(void*)</a> from gpioinput.o(.text._ZN3Bsp10Peripheral8HwConfigEPv) referenced from i2cdriver.o(.rodata._ZTVN3Bsp9I2CDriverE)
 <LI><a href="#[69]">Bsp::Peripheral::HwConfig(void*)</a> from gpioinput.o(.text._ZN3Bsp10Peripheral8HwConfigEPv) referenced from spidriver.o(.rodata._ZTVN3Bsp9SpiDriverE)
 <LI><a href="#[6a]">Bsp::Peripheral::HwEnable()</a> from gpioinput.o(.text._ZN3Bsp10Peripheral8HwEnableEv) referenced from led.o(.rodata._ZTV3Led)
 <LI><a href="#[6a]">Bsp::Peripheral::HwEnable()</a> from gpioinput.o(.text._ZN3Bsp10Peripheral8HwEnableEv) referenced from gpiooutput.o(.rodata._ZTVN3Bsp10GpioOutputE)
 <LI><a href="#[6a]">Bsp::Peripheral::HwEnable()</a> from gpioinput.o(.text._ZN3Bsp10Peripheral8HwEnableEv) referenced from hwbuttonintr.o(.rodata._ZTVN3Bsp12HwButtonIntrE)
 <LI><a href="#[6a]">Bsp::Peripheral::HwEnable()</a> from gpioinput.o(.text._ZN3Bsp10Peripheral8HwEnableEv) referenced from gpioinput.o(.rodata._ZTVN3Bsp9GpioInputE)
 <LI><a href="#[6a]">Bsp::Peripheral::HwEnable()</a> from gpioinput.o(.text._ZN3Bsp10Peripheral8HwEnableEv) referenced from i2cdriver.o(.rodata._ZTVN3Bsp9I2CDriverE)
 <LI><a href="#[6a]">Bsp::Peripheral::HwEnable()</a> from gpioinput.o(.text._ZN3Bsp10Peripheral8HwEnableEv) referenced from spidriver.o(.rodata._ZTVN3Bsp9SpiDriverE)
 <LI><a href="#[6b]">Bsp::Peripheral::HwDisable()</a> from gpioinput.o(.text._ZN3Bsp10Peripheral9HwDisableEv) referenced from led.o(.rodata._ZTV3Led)
 <LI><a href="#[6b]">Bsp::Peripheral::HwDisable()</a> from gpioinput.o(.text._ZN3Bsp10Peripheral9HwDisableEv) referenced from gpiooutput.o(.rodata._ZTVN3Bsp10GpioOutputE)
 <LI><a href="#[6b]">Bsp::Peripheral::HwDisable()</a> from gpioinput.o(.text._ZN3Bsp10Peripheral9HwDisableEv) referenced from hwbuttonintr.o(.rodata._ZTVN3Bsp12HwButtonIntrE)
 <LI><a href="#[6b]">Bsp::Peripheral::HwDisable()</a> from gpioinput.o(.text._ZN3Bsp10Peripheral9HwDisableEv) referenced from gpioinput.o(.rodata._ZTVN3Bsp9GpioInputE)
 <LI><a href="#[6b]">Bsp::Peripheral::HwDisable()</a> from gpioinput.o(.text._ZN3Bsp10Peripheral9HwDisableEv) referenced from i2cdriver.o(.rodata._ZTVN3Bsp9I2CDriverE)
 <LI><a href="#[6b]">Bsp::Peripheral::HwDisable()</a> from gpioinput.o(.text._ZN3Bsp10Peripheral9HwDisableEv) referenced from spidriver.o(.rodata._ZTVN3Bsp9SpiDriverE)
 <LI><a href="#[48]">Bsp::HwButtonIntr::ISR()</a> from hwbuttonintr.o(.text._ZN3Bsp12HwButtonIntr3ISREv) referenced 2 times from hwbuttonintr.o(.text)
 <LI><a href="#[8a]">Bsp::HwButtonIntr::HwInit()</a> from hwbuttonintr.o(.text) referenced from hwbuttonintr.o(.rodata._ZTVN3Bsp12HwButtonIntrE)
 <LI><a href="#[89]">Bsp::HwButtonIntr::~HwButtonIntr__deallocating()</a> from hwbuttonintr.o(.text._ZN3Bsp12HwButtonIntrD0Ev) referenced from hwbuttonintr.o(.rodata._ZTVN3Bsp12HwButtonIntrE)
 <LI><a href="#[66]">Bsp::PeripheralBase::~PeripheralBase__sub_object()</a> from gpioinput.o(.text._ZN3Bsp14PeripheralBaseD2Ev) referenced from led.o(.rodata._ZTV3Led)
 <LI><a href="#[66]">Bsp::PeripheralBase::~PeripheralBase__sub_object()</a> from gpioinput.o(.text._ZN3Bsp14PeripheralBaseD2Ev) referenced from gpiooutput.o(.rodata._ZTVN3Bsp10GpioOutputE)
 <LI><a href="#[66]">Bsp::PeripheralBase::~PeripheralBase__sub_object()</a> from gpioinput.o(.text._ZN3Bsp14PeripheralBaseD2Ev) referenced from hwbuttonintr.o(.rodata._ZTVN3Bsp12HwButtonIntrE)
 <LI><a href="#[66]">Bsp::PeripheralBase::~PeripheralBase__sub_object()</a> from gpioinput.o(.text._ZN3Bsp14PeripheralBaseD2Ev) referenced from gpioinput.o(.rodata._ZTVN3Bsp9GpioInputE)
 <LI><a href="#[66]">Bsp::PeripheralBase::~PeripheralBase__sub_object()</a> from gpioinput.o(.text._ZN3Bsp14PeripheralBaseD2Ev) referenced from spidriver.o(.rodata._ZTVN3Bsp9SpiDriverE)
 <LI><a href="#[8c]">Bsp::INA219::~INA219__deallocating()</a> from ina219.o(.text) referenced from ina219.o(.rodata._ZTVN3Bsp6INA219E)
 <LI><a href="#[4d]">Bsp::INA219::~INA219()</a> from ina219.o(.text) referenced 2 times from powermonitor.o(.text)
 <LI><a href="#[8b]">Bsp::INA219::~INA219__sub_object()</a> from ina219.o(.text) referenced from ina219.o(.rodata._ZTVN3Bsp6INA219E)
 <LI><a href="#[8e]">Bsp::GpioInput::HwInit()</a> from gpioinput.o(.text) referenced from gpioinput.o(.rodata._ZTVN3Bsp9GpioInputE)
 <LI><a href="#[8d]">Bsp::GpioInput::~GpioInput__deallocating()</a> from gpioinput.o(.text._ZN3Bsp9GpioInputD0Ev) referenced from gpioinput.o(.rodata._ZTVN3Bsp9GpioInputE)
 <LI><a href="#[91]">Bsp::I2CDriver::HwInit()</a> from i2cdriver.o(.text) referenced from i2cdriver.o(.rodata._ZTVN3Bsp9I2CDriverE)
 <LI><a href="#[90]">Bsp::I2CDriver::~I2CDriver__deallocating()</a> from i2cdriver.o(.text) referenced from i2cdriver.o(.rodata._ZTVN3Bsp9I2CDriverE)
 <LI><a href="#[4c]">Bsp::I2CDriver::~I2CDriver()</a> from i2cdriver.o(.text) referenced 2 times from powermonitor.o(.text)
 <LI><a href="#[8f]">Bsp::I2CDriver::~I2CDriver__sub_object()</a> from i2cdriver.o(.text) referenced from i2cdriver.o(.rodata._ZTVN3Bsp9I2CDriverE)
 <LI><a href="#[93]">Bsp::SpiDriver::HwInit()</a> from spidriver.o(.text) referenced from spidriver.o(.rodata._ZTVN3Bsp9SpiDriverE)
 <LI><a href="#[92]">Bsp::SpiDriver::~SpiDriver__deallocating()</a> from spidriver.o(.text._ZN3Bsp9SpiDriverD0Ev) referenced from spidriver.o(.rodata._ZTVN3Bsp9SpiDriverE)
 <LI><a href="#[67]">Led::~Led__deallocating()</a> from led.o(.text._ZN3LedD0Ev) referenced from led.o(.rodata._ZTV3Led)
 <LI><a href="#[76]">Led_task::Run()</a> from led_task.o(.text) referenced from led_task.o(.rodata._ZTV8Led_task)
 <LI><a href="#[75]">Led_task::Init()</a> from led_task.o(.text) referenced from led_task.o(.rodata._ZTV8Led_task)
 <LI><a href="#[74]">Led_task::~Led_task__deallocating()</a> from led_task.o(.text._ZN8Led_taskD0Ev) referenced from led_task.o(.rodata._ZTV8Led_task)
 <LI><a href="#[43]">Led_task::~Led_task__sub_object()</a> from main.o(.text._ZN8Led_taskD2Ev) referenced from led_task.o(.rodata._ZTV8Led_task)
 <LI><a href="#[43]">Led_task::~Led_task__sub_object()</a> from main.o(.text._ZN8Led_taskD2Ev) referenced 2 times from main.o(.text)
 <LI><a href="#[78]">TaskBase::~TaskBase__deallocating()</a> from taskbase.o(.text._ZN8TaskBaseD0Ev) referenced from taskbase.o(.rodata._ZTV8TaskBase)
 <LI><a href="#[77]">TaskBase::~TaskBase__sub_object()</a> from taskbase.o(.text._ZN8TaskBaseD2Ev) referenced from taskbase.o(.rodata._ZTV8TaskBase)
 <LI><a href="#[a3]">libunwind::UnwindCursor&lang;libunwind::LocalAddressSpace, libunwind::Registers_arm&rang;::saveVFPAsX()</a> from libunwind.cpp.o(.text._ZN9libunwind12UnwindCursorINS_17LocalAddressSpaceENS_13Registers_armEE10saveVFPAsXEv) referenced from libunwind.cpp.o(.rodata._ZTVN9libunwind12UnwindCursorINS_17LocalAddressSpaceENS_13Registers_armEEE)
 <LI><a href="#[9a]">libunwind::UnwindCursor&lang;libunwind::LocalAddressSpace, libunwind::Registers_arm&rang;::getFloatReg(int)</a> from libunwind.cpp.o(.text._ZN9libunwind12UnwindCursorINS_17LocalAddressSpaceENS_13Registers_armEE11getFloatRegEi) referenced from libunwind.cpp.o(.rodata._ZTVN9libunwind12UnwindCursorINS_17LocalAddressSpaceENS_13Registers_armEEE)
 <LI><a href="#[9b]">libunwind::UnwindCursor&lang;libunwind::LocalAddressSpace, libunwind::Registers_arm&rang;::setFloatReg(int, unsigned long long)</a> from libunwind.cpp.o(.text._ZN9libunwind12UnwindCursorINS_17LocalAddressSpaceENS_13Registers_armEE11setFloatRegEiy) referenced from libunwind.cpp.o(.rodata._ZTVN9libunwind12UnwindCursorINS_17LocalAddressSpaceENS_13Registers_armEEE)
 <LI><a href="#[9f]">libunwind::UnwindCursor&lang;libunwind::LocalAddressSpace, libunwind::Registers_arm&rang;::isSignalFrame()</a> from libunwind.cpp.o(.text._ZN9libunwind12UnwindCursorINS_17LocalAddressSpaceENS_13Registers_armEE13isSignalFrameEv) referenced from libunwind.cpp.o(.rodata._ZTVN9libunwind12UnwindCursorINS_17LocalAddressSpaceENS_13Registers_armEEE)
 <LI><a href="#[99]">libunwind::UnwindCursor&lang;libunwind::LocalAddressSpace, libunwind::Registers_arm&rang;::validFloatReg(int)</a> from libunwind.cpp.o(.text._ZN9libunwind12UnwindCursorINS_17LocalAddressSpaceENS_13Registers_armEE13validFloatRegEi) referenced from libunwind.cpp.o(.rodata._ZTVN9libunwind12UnwindCursorINS_17LocalAddressSpaceENS_13Registers_armEEE)
 <LI><a href="#[a0]">libunwind::UnwindCursor&lang;libunwind::LocalAddressSpace, libunwind::Registers_arm&rang;::getFunctionName(char*, unsigned, unsigned*)</a> from libunwind.cpp.o(.text._ZN9libunwind12UnwindCursorINS_17LocalAddressSpaceENS_13Registers_armEE15getFunctionNameEPcjPj) referenced from libunwind.cpp.o(.rodata._ZTVN9libunwind12UnwindCursorINS_17LocalAddressSpaceENS_13Registers_armEEE)
 <LI><a href="#[a2]">libunwind::UnwindCursor&lang;libunwind::LocalAddressSpace, libunwind::Registers_arm&rang;::getRegisterName(int)</a> from libunwind.cpp.o(.text._ZN9libunwind12UnwindCursorINS_17LocalAddressSpaceENS_13Registers_armEE15getRegisterNameEi) referenced from libunwind.cpp.o(.rodata._ZTVN9libunwind12UnwindCursorINS_17LocalAddressSpaceENS_13Registers_armEEE)
 <LI><a href="#[a1]">libunwind::UnwindCursor&lang;libunwind::LocalAddressSpace, libunwind::Registers_arm&rang;::setInfoBasedOnIPRegister(bool)</a> from libunwind.cpp.o(.text._ZN9libunwind12UnwindCursorINS_17LocalAddressSpaceENS_13Registers_armEE24setInfoBasedOnIPRegisterEb) referenced from libunwind.cpp.o(.rodata._ZTVN9libunwind12UnwindCursorINS_17LocalAddressSpaceENS_13Registers_armEEE)
 <LI><a href="#[9c]">libunwind::UnwindCursor&lang;libunwind::LocalAddressSpace, libunwind::Registers_arm&rang;::step()</a> from libunwind.cpp.o(.text._ZN9libunwind12UnwindCursorINS_17LocalAddressSpaceENS_13Registers_armEE4stepEv) referenced from libunwind.cpp.o(.rodata._ZTVN9libunwind12UnwindCursorINS_17LocalAddressSpaceENS_13Registers_armEEE)
 <LI><a href="#[97]">libunwind::UnwindCursor&lang;libunwind::LocalAddressSpace, libunwind::Registers_arm&rang;::getReg(int)</a> from libunwind.cpp.o(.text._ZN9libunwind12UnwindCursorINS_17LocalAddressSpaceENS_13Registers_armEE6getRegEi) referenced from libunwind.cpp.o(.rodata._ZTVN9libunwind12UnwindCursorINS_17LocalAddressSpaceENS_13Registers_armEEE)
 <LI><a href="#[9e]">libunwind::UnwindCursor&lang;libunwind::LocalAddressSpace, libunwind::Registers_arm&rang;::jumpto()</a> from libunwind.cpp.o(.text._ZN9libunwind12UnwindCursorINS_17LocalAddressSpaceENS_13Registers_armEE6jumptoEv) referenced from libunwind.cpp.o(.rodata._ZTVN9libunwind12UnwindCursorINS_17LocalAddressSpaceENS_13Registers_armEEE)
 <LI><a href="#[98]">libunwind::UnwindCursor&lang;libunwind::LocalAddressSpace, libunwind::Registers_arm&rang;::setReg(int, unsigned)</a> from libunwind.cpp.o(.text._ZN9libunwind12UnwindCursorINS_17LocalAddressSpaceENS_13Registers_armEE6setRegEij) referenced from libunwind.cpp.o(.rodata._ZTVN9libunwind12UnwindCursorINS_17LocalAddressSpaceENS_13Registers_armEEE)
 <LI><a href="#[9d]">libunwind::UnwindCursor&lang;libunwind::LocalAddressSpace, libunwind::Registers_arm&rang;::getInfo(unw_proc_info_t*)</a> from libunwind.cpp.o(.text._ZN9libunwind12UnwindCursorINS_17LocalAddressSpaceENS_13Registers_armEE7getInfoEP15unw_proc_info_t) referenced from libunwind.cpp.o(.rodata._ZTVN9libunwind12UnwindCursorINS_17LocalAddressSpaceENS_13Registers_armEEE)
 <LI><a href="#[96]">libunwind::UnwindCursor&lang;libunwind::LocalAddressSpace, libunwind::Registers_arm&rang;::validReg(int)</a> from libunwind.cpp.o(.text._ZN9libunwind12UnwindCursorINS_17LocalAddressSpaceENS_13Registers_armEE8validRegEi) referenced from libunwind.cpp.o(.rodata._ZTVN9libunwind12UnwindCursorINS_17LocalAddressSpaceENS_13Registers_armEEE)
 <LI><a href="#[95]">libunwind::UnwindCursor&lang;libunwind::LocalAddressSpace, libunwind::Registers_arm&rang;::~UnwindCursor__deallocating()</a> from libunwind.cpp.o(.text._ZN9libunwind12UnwindCursorINS_17LocalAddressSpaceENS_13Registers_armEED0Ev) referenced from libunwind.cpp.o(.rodata._ZTVN9libunwind12UnwindCursorINS_17LocalAddressSpaceENS_13Registers_armEEE)
 <LI><a href="#[94]">libunwind::AbstractUnwindCursor::~AbstractUnwindCursor__sub_object()</a> from libunwind.cpp.o(.text._ZN9libunwind20AbstractUnwindCursorD2Ev) referenced from libunwind.cpp.o(.rodata._ZTVN9libunwind12UnwindCursorINS_17LocalAddressSpaceENS_13Registers_armEEE)
 <LI><a href="#[7c]">__cxxabiv1::__shim_type_info::noop1() const</a> from private_typeinfo.cpp.o(.text._ZNK10__cxxabiv116__shim_type_info5noop1Ev) referenced from private_typeinfo.cpp.o(.rodata._ZTVN10__cxxabiv117__class_type_infoE)
 <LI><a href="#[7c]">__cxxabiv1::__shim_type_info::noop1() const</a> from private_typeinfo.cpp.o(.text._ZNK10__cxxabiv116__shim_type_info5noop1Ev) referenced from private_typeinfo.cpp.o(.rodata._ZTVN10__cxxabiv120__si_class_type_infoE)
 <LI><a href="#[7c]">__cxxabiv1::__shim_type_info::noop1() const</a> from private_typeinfo.cpp.o(.text._ZNK10__cxxabiv116__shim_type_info5noop1Ev) referenced from private_typeinfo.cpp.o(.rodata._ZTVN10__cxxabiv123__fundamental_type_infoE)
 <LI><a href="#[7d]">__cxxabiv1::__shim_type_info::noop2() const</a> from private_typeinfo.cpp.o(.text._ZNK10__cxxabiv116__shim_type_info5noop2Ev) referenced from private_typeinfo.cpp.o(.rodata._ZTVN10__cxxabiv117__class_type_infoE)
 <LI><a href="#[7d]">__cxxabiv1::__shim_type_info::noop2() const</a> from private_typeinfo.cpp.o(.text._ZNK10__cxxabiv116__shim_type_info5noop2Ev) referenced from private_typeinfo.cpp.o(.rodata._ZTVN10__cxxabiv120__si_class_type_infoE)
 <LI><a href="#[7d]">__cxxabiv1::__shim_type_info::noop2() const</a> from private_typeinfo.cpp.o(.text._ZNK10__cxxabiv116__shim_type_info5noop2Ev) referenced from private_typeinfo.cpp.o(.rodata._ZTVN10__cxxabiv123__fundamental_type_infoE)
 <LI><a href="#[7f]">__cxxabiv1::__class_type_info::search_above_dst(__cxxabiv1::__dynamic_cast_info*, const void*, const void*, int, bool) const</a> from private_typeinfo.cpp.o(.text._ZNK10__cxxabiv117__class_type_info16search_above_dstEPNS_19__dynamic_cast_infoEPKvS4_ib) referenced from private_typeinfo.cpp.o(.rodata._ZTVN10__cxxabiv117__class_type_infoE)
 <LI><a href="#[80]">__cxxabiv1::__class_type_info::search_below_dst(__cxxabiv1::__dynamic_cast_info*, const void*, int, bool) const</a> from private_typeinfo.cpp.o(.text._ZNK10__cxxabiv117__class_type_info16search_below_dstEPNS_19__dynamic_cast_infoEPKvib) referenced from private_typeinfo.cpp.o(.rodata._ZTVN10__cxxabiv117__class_type_infoE)
 <LI><a href="#[81]">__cxxabiv1::__class_type_info::has_unambiguous_public_base(__cxxabiv1::__dynamic_cast_info*, void*, int) const</a> from private_typeinfo.cpp.o(.text._ZNK10__cxxabiv117__class_type_info27has_unambiguous_public_baseEPNS_19__dynamic_cast_infoEPvi) referenced from private_typeinfo.cpp.o(.rodata._ZTVN10__cxxabiv117__class_type_infoE)
 <LI><a href="#[7e]">__cxxabiv1::__class_type_info::can_catch(const __cxxabiv1::__shim_type_info*, void*&) const</a> from private_typeinfo.cpp.o(.text._ZNK10__cxxabiv117__class_type_info9can_catchEPKNS_16__shim_type_infoERPv) referenced from private_typeinfo.cpp.o(.rodata._ZTVN10__cxxabiv117__class_type_infoE)
 <LI><a href="#[7e]">__cxxabiv1::__class_type_info::can_catch(const __cxxabiv1::__shim_type_info*, void*&) const</a> from private_typeinfo.cpp.o(.text._ZNK10__cxxabiv117__class_type_info9can_catchEPKNS_16__shim_type_infoERPv) referenced from private_typeinfo.cpp.o(.rodata._ZTVN10__cxxabiv120__si_class_type_infoE)
 <LI><a href="#[83]">__cxxabiv1::__si_class_type_info::search_above_dst(__cxxabiv1::__dynamic_cast_info*, const void*, const void*, int, bool) const</a> from private_typeinfo.cpp.o(.text._ZNK10__cxxabiv120__si_class_type_info16search_above_dstEPNS_19__dynamic_cast_infoEPKvS4_ib) referenced from private_typeinfo.cpp.o(.rodata._ZTVN10__cxxabiv120__si_class_type_infoE)
 <LI><a href="#[84]">__cxxabiv1::__si_class_type_info::search_below_dst(__cxxabiv1::__dynamic_cast_info*, const void*, int, bool) const</a> from private_typeinfo.cpp.o(.text._ZNK10__cxxabiv120__si_class_type_info16search_below_dstEPNS_19__dynamic_cast_infoEPKvib) referenced from private_typeinfo.cpp.o(.rodata._ZTVN10__cxxabiv120__si_class_type_infoE)
 <LI><a href="#[85]">__cxxabiv1::__si_class_type_info::has_unambiguous_public_base(__cxxabiv1::__dynamic_cast_info*, void*, int) const</a> from private_typeinfo.cpp.o(.text._ZNK10__cxxabiv120__si_class_type_info27has_unambiguous_public_baseEPNS_19__dynamic_cast_infoEPvi) referenced from private_typeinfo.cpp.o(.rodata._ZTVN10__cxxabiv120__si_class_type_infoE)
 <LI><a href="#[87]">__cxxabiv1::__fundamental_type_info::can_catch(const __cxxabiv1::__shim_type_info*, void*&) const</a> from private_typeinfo.cpp.o(.text._ZNK10__cxxabiv123__fundamental_type_info9can_catchEPKNS_16__shim_type_infoERPv) referenced from private_typeinfo.cpp.o(.rodata._ZTVN10__cxxabiv123__fundamental_type_infoE)
 <LI><a href="#[a5]">std::bad_exception::what() const</a> from stdlib_exception.cpp.o(.text._ZNKSt13bad_exception4whatEv) referenced from stdlib_exception.cpp.o(.rodata._ZTVSt13bad_exception)
 <LI><a href="#[a7]">std::bad_array_length::what() const</a> from stdlib_exception.cpp.o(.text._ZNKSt16bad_array_length4whatEv) referenced from stdlib_exception.cpp.o(.rodata._ZTVSt16bad_array_length)
 <LI><a href="#[a9]">std::bad_array_new_length::what() const</a> from stdlib_exception.cpp.o(.text._ZNKSt20bad_array_new_length4whatEv) referenced from stdlib_exception.cpp.o(.rodata._ZTVSt20bad_array_new_length)
 <LI><a href="#[ab]">std::bad_alloc::what() const</a> from stdlib_exception.cpp.o(.text._ZNKSt9bad_alloc4whatEv) referenced from stdlib_exception.cpp.o(.rodata._ZTVSt9bad_alloc)
 <LI><a href="#[a4]">std::bad_exception::~bad_exception__deallocating()</a> from stdlib_exception.cpp.o(.text._ZNSt13bad_exceptionD0Ev) referenced from stdlib_exception.cpp.o(.rodata._ZTVSt13bad_exception)
 <LI><a href="#[2]">std::bad_exception::~bad_exception()</a> from stdlib_exception.cpp.o(.text._ZNSt9exceptionD2Ev) referenced 2 times from cxa_personality.cpp.o(.text.__cxa_call_unexpected)
 <LI><a href="#[a6]">std::bad_array_length::~bad_array_length__deallocating()</a> from stdlib_exception.cpp.o(.text._ZNSt16bad_array_lengthD0Ev) referenced from stdlib_exception.cpp.o(.rodata._ZTVSt16bad_array_length)
 <LI><a href="#[a8]">std::bad_array_new_length::~bad_array_new_length__deallocating()</a> from stdlib_exception.cpp.o(.text._ZNSt20bad_array_new_lengthD0Ev) referenced from stdlib_exception.cpp.o(.rodata._ZTVSt20bad_array_new_length)
 <LI><a href="#[aa]">std::bad_alloc::~bad_alloc__deallocating()</a> from stdlib_exception.cpp.o(.text._ZNSt9bad_allocD0Ev) referenced from stdlib_exception.cpp.o(.rodata._ZTVSt9bad_alloc)
 <LI><a href="#[5]">std::exception::~exception__sub_object()</a> from stdlib_exception.cpp.o(.text._ZNSt9exceptionD2Ev) referenced from stdlib_exception.cpp.o(.rodata._ZTVSt13bad_exception)
 <LI><a href="#[5]">std::exception::~exception__sub_object()</a> from stdlib_exception.cpp.o(.text._ZNSt9exceptionD2Ev) referenced from stdlib_exception.cpp.o(.rodata._ZTVSt16bad_array_length)
 <LI><a href="#[5]">std::exception::~exception__sub_object()</a> from stdlib_exception.cpp.o(.text._ZNSt9exceptionD2Ev) referenced from stdlib_exception.cpp.o(.rodata._ZTVSt20bad_array_new_length)
 <LI><a href="#[5]">std::exception::~exception__sub_object()</a> from stdlib_exception.cpp.o(.text._ZNSt9exceptionD2Ev) referenced from stdlib_exception.cpp.o(.rodata._ZTVSt9bad_alloc)
 <LI><a href="#[56]">std::terminate()</a> from cxa_handlers.cpp.o(.text._ZSt9terminatev) referenced from cxa_default_handlers.cpp.o(.data.__cxa_unexpected_handler)
 <LI><a href="#[56]">std::terminate()</a> from cxa_handlers.cpp.o(.text._ZSt9terminatev) referenced 2 times from cxa_default_handlers.cpp.o(.text._ZSt14set_unexpectedPFvvE)
 <LI><a href="#[52]">__aeabi_unwind_cpp_pr0</a> from Unwind-EHABI.cpp.o(.text.__aeabi_unwind_cpp_pr0) referenced 2 times from libunwind.cpp.o(.text._ZN9libunwind12UnwindCursorINS_17LocalAddressSpaceENS_13Registers_armEE23getInfoFromEHABISectionEjRKNS_18UnwindInfoSectionsE)
 <LI><a href="#[53]">__aeabi_unwind_cpp_pr1</a> from Unwind-EHABI.cpp.o(.text.__aeabi_unwind_cpp_pr1) referenced 2 times from libunwind.cpp.o(.text._ZN9libunwind12UnwindCursorINS_17LocalAddressSpaceENS_13Registers_armEE23getInfoFromEHABISectionEjRKNS_18UnwindInfoSectionsE)
 <LI><a href="#[54]">__aeabi_unwind_cpp_pr2</a> from Unwind-EHABI.cpp.o(.text.__aeabi_unwind_cpp_pr2) referenced 2 times from libunwind.cpp.o(.text._ZN9libunwind12UnwindCursorINS_17LocalAddressSpaceENS_13Registers_armEE23getInfoFromEHABISectionEjRKNS_18UnwindInfoSectionsE)
 <LI><a href="#[79]">__cxa_pure_virtual</a> from cxa_virtual.cpp.o(.text.__cxa_pure_virtual) referenced 2 times from taskbase.o(.rodata._ZTV8TaskBase)
 <LI><a href="#[59]">__gxx_personality_v0</a> from cxa_personality.cpp.o(.text.__gxx_personality_v0) referenced from spidriver.o(.ARM.extab)
 <LI><a href="#[59]">__gxx_personality_v0</a> from cxa_personality.cpp.o(.text.__gxx_personality_v0) referenced from button_task.o(.ARM.extab.text._ZN11Button_taskD0Ev)
 <LI><a href="#[59]">__gxx_personality_v0</a> from cxa_personality.cpp.o(.text.__gxx_personality_v0) referenced from main.o(.ARM.extab.text._ZN11Button_taskD2Ev)
 <LI><a href="#[59]">__gxx_personality_v0</a> from cxa_personality.cpp.o(.text.__gxx_personality_v0) referenced from sd_card_task.o(.ARM.extab.text._ZN12SD_Card_TaskD0Ev)
 <LI><a href="#[59]">__gxx_personality_v0</a> from cxa_personality.cpp.o(.text.__gxx_personality_v0) referenced from main.o(.ARM.extab.text._ZN12SD_Card_TaskD2Ev)
 <LI><a href="#[59]">__gxx_personality_v0</a> from cxa_personality.cpp.o(.text.__gxx_personality_v0) referenced from powermonitor.o(.ARM.extab.text._ZN17PowerMonitor_taskD0Ev)
 <LI><a href="#[59]">__gxx_personality_v0</a> from cxa_personality.cpp.o(.text.__gxx_personality_v0) referenced from main.o(.ARM.extab.text._ZN17PowerMonitor_taskD2Ev)
 <LI><a href="#[59]">__gxx_personality_v0</a> from cxa_personality.cpp.o(.text.__gxx_personality_v0) referenced from nokia5110_display_task.o(.ARM.extab.text._ZN22Nokia5110_Display_taskD0Ev)
 <LI><a href="#[59]">__gxx_personality_v0</a> from cxa_personality.cpp.o(.text.__gxx_personality_v0) referenced from main.o(.ARM.extab.text._ZN22Nokia5110_Display_taskD2Ev)
 <LI><a href="#[59]">__gxx_personality_v0</a> from cxa_personality.cpp.o(.text.__gxx_personality_v0) referenced from led_task.o(.ARM.extab.text._ZN8Led_taskD0Ev)
 <LI><a href="#[59]">__gxx_personality_v0</a> from cxa_personality.cpp.o(.text.__gxx_personality_v0) referenced from main.o(.ARM.extab.text._ZN8Led_taskD2Ev)
 <LI><a href="#[59]">__gxx_personality_v0</a> from cxa_personality.cpp.o(.text.__gxx_personality_v0) referenced from cxa_handlers.cpp.o(.ARM.extab.text._ZSt11__terminatePFvvE)
 <LI><a href="#[59]">__gxx_personality_v0</a> from cxa_personality.cpp.o(.text.__gxx_personality_v0) referenced from cxa_handlers.cpp.o(.ARM.extab.text._ZSt9terminatev)
 <LI><a href="#[59]">__gxx_personality_v0</a> from cxa_personality.cpp.o(.text.__gxx_personality_v0) referenced from cxa_exception.cpp.o(.ARM.extab.text.__cxa_allocate_exception)
 <LI><a href="#[59]">__gxx_personality_v0</a> from cxa_personality.cpp.o(.text.__gxx_personality_v0) referenced from cxa_exception.cpp.o(.ARM.extab.text.__cxa_begin_catch)
 <LI><a href="#[59]">__gxx_personality_v0</a> from cxa_personality.cpp.o(.text.__gxx_personality_v0) referenced from cxa_exception.cpp.o(.ARM.extab.text.__cxa_begin_cleanup)
 <LI><a href="#[59]">__gxx_personality_v0</a> from cxa_personality.cpp.o(.text.__gxx_personality_v0) referenced from cxa_personality.cpp.o(.ARM.extab.text.__cxa_call_unexpected)
 <LI><a href="#[59]">__gxx_personality_v0</a> from cxa_personality.cpp.o(.text.__gxx_personality_v0) referenced from cxa_exception.cpp.o(.ARM.extab.text.__cxa_decrement_exception_refcount)
 <LI><a href="#[b1]">__main</a> from __main.o(!!!main) referenced from startup_stm32f10x_md.o(.text)
 <LI><a href="#[51]">_printf_input_char</a> from _printf_char_common.o(.text) referenced from _printf_char_common.o(.text)
 <LI><a href="#[50]">_sputc</a> from _sputc.o(.text) referenced from __2sprintf.o(.text)
 <LI><a href="#[55]">abort</a> from abort.o(.text) referenced from cxa_default_handlers.cpp.o(.data.__cxa_terminate_handler)
 <LI><a href="#[55]">abort</a> from abort.o(.text) referenced 2 times from cxa_default_handlers.cpp.o(.text._ZSt13set_terminatePFvvE)
</UL>
<P>
<H3>
Global Symbols
</H3>
<P><STRONG><a name="[b1]"></a>__main</STRONG> (Thumb, 8 bytes, Stack size 0 bytes, __main.o(!!!main))
<BR><BR>[Calls]<UL><LI><a href="#[b3]">&gt;&gt;</a>&nbsp;&nbsp;&nbsp;__scatterload
<LI><a href="#[b4]">&gt;&gt;</a>&nbsp;&nbsp;&nbsp;__rt_entry
</UL>

<P><STRONG><a name="[b3]"></a>__scatterload</STRONG> (Thumb, 0 bytes, Stack size 0 bytes, __scatter.o(!!!scatter))
<BR><BR>[Called By]<UL><LI><a href="#[b1]">&gt;&gt;</a>&nbsp;&nbsp;&nbsp;__main
</UL>

<P><STRONG><a name="[b5]"></a>__scatterload_rt2</STRONG> (Thumb, 44 bytes, Stack size 0 bytes, __scatter.o(!!!scatter), UNUSED)
<BR><BR>[Calls]<UL><LI><a href="#[b4]">&gt;&gt;</a>&nbsp;&nbsp;&nbsp;__rt_entry
</UL>

<P><STRONG><a name="[231]"></a>__scatterload_rt2_thumb_only</STRONG> (Thumb, 0 bytes, Stack size 0 bytes, __scatter.o(!!!scatter), UNUSED)

<P><STRONG><a name="[232]"></a>__scatterload_null</STRONG> (Thumb, 0 bytes, Stack size unknown bytes, __scatter.o(!!!scatter), UNUSED)

<P><STRONG><a name="[b6]"></a>__scatterload_copy</STRONG> (Thumb, 26 bytes, Stack size 0 bytes, __scatter_copy.o(!!handler_copy), UNUSED)
<BR><BR>[Calls]<UL><LI><a href="#[b6]">&gt;&gt;</a>&nbsp;&nbsp;&nbsp;__scatterload_copy
</UL>
<BR>[Called By]<UL><LI><a href="#[b6]">&gt;&gt;</a>&nbsp;&nbsp;&nbsp;__scatterload_copy
</UL>

<P><STRONG><a name="[233]"></a>__scatterload_zeroinit</STRONG> (Thumb, 28 bytes, Stack size 0 bytes, __scatter_zi.o(!!handler_zi), UNUSED)

<P><STRONG><a name="[b7]"></a>_printf_d</STRONG> (Thumb, 0 bytes, Stack size unknown bytes, _printf_d.o(.ARM.Collect$$_printf_percent$$00000009))
<BR><BR>[Stack]<UL><LI>Max Depth = 72 + Unknown Stack Size
<LI>Call Chain = _printf_d &rArr; _printf_int_dec &rArr; _printf_int_common &rArr; _printf_post_padding
</UL>
<BR>[Calls]<UL><LI><a href="#[b8]">&gt;&gt;</a>&nbsp;&nbsp;&nbsp;_printf_int_dec
</UL>

<P><STRONG><a name="[1a3]"></a>_printf_percent</STRONG> (Thumb, 0 bytes, Stack size unknown bytes, _printf_percent.o(.ARM.Collect$$_printf_percent$$00000000))
<BR><BR>[Called By]<UL><LI><a href="#[1a1]">&gt;&gt;</a>&nbsp;&nbsp;&nbsp;__printf
</UL>

<P><STRONG><a name="[b9]"></a>_printf_s</STRONG> (Thumb, 0 bytes, Stack size unknown bytes, _printf_s.o(.ARM.Collect$$_printf_percent$$00000014))
<BR><BR>[Stack]<UL><LI>Max Depth = 40 + Unknown Stack Size
<LI>Call Chain = _printf_s &rArr; _printf_string &rArr; _printf_cs_common &rArr; _printf_str &rArr; _printf_post_padding
</UL>
<BR>[Calls]<UL><LI><a href="#[ba]">&gt;&gt;</a>&nbsp;&nbsp;&nbsp;_printf_string
</UL>

<P><STRONG><a name="[234]"></a>_printf_percent_end</STRONG> (Thumb, 0 bytes, Stack size unknown bytes, _printf_percent_end.o(.ARM.Collect$$_printf_percent$$00000017))

<P><STRONG><a name="[c3]"></a>__rt_lib_init</STRONG> (Thumb, 0 bytes, Stack size unknown bytes, libinit.o(.ARM.Collect$$libinit$$00000000))
<BR><BR>[Called By]<UL><LI><a href="#[c2]">&gt;&gt;</a>&nbsp;&nbsp;&nbsp;__rt_entry_li
</UL>

<P><STRONG><a name="[235]"></a>__rt_lib_init_fp_1</STRONG> (Thumb, 0 bytes, Stack size unknown bytes, libinit2.o(.ARM.Collect$$libinit$$00000002))

<P><STRONG><a name="[bb]"></a>__rt_lib_init_heap_2</STRONG> (Thumb, 0 bytes, Stack size unknown bytes, libinit2.o(.ARM.Collect$$libinit$$00000005))
<BR><BR>[Stack]<UL><LI>Max Depth = 64 + Unknown Stack Size
<LI>Call Chain = __rt_lib_init_heap_2 &rArr; _init_alloc &rArr; __rt_SIGRTMEM &rArr; __rt_SIGRTMEM_inner &rArr; __default_signal_display &rArr; _ttywrch
</UL>
<BR>[Calls]<UL><LI><a href="#[bc]">&gt;&gt;</a>&nbsp;&nbsp;&nbsp;_init_alloc
</UL>

<P><STRONG><a name="[236]"></a>__rt_lib_init_preinit_1</STRONG> (Thumb, 0 bytes, Stack size unknown bytes, libinit2.o(.ARM.Collect$$libinit$$00000004))

<P><STRONG><a name="[237]"></a>__rt_lib_init_alloca_1</STRONG> (Thumb, 0 bytes, Stack size unknown bytes, libinit2.o(.ARM.Collect$$libinit$$0000002E))

<P><STRONG><a name="[238]"></a>__rt_lib_init_argv_1</STRONG> (Thumb, 0 bytes, Stack size unknown bytes, libinit2.o(.ARM.Collect$$libinit$$0000002C))

<P><STRONG><a name="[239]"></a>__rt_lib_init_atexit_1</STRONG> (Thumb, 0 bytes, Stack size unknown bytes, libinit2.o(.ARM.Collect$$libinit$$0000001B))

<P><STRONG><a name="[23a]"></a>__rt_lib_init_clock_1</STRONG> (Thumb, 0 bytes, Stack size unknown bytes, libinit2.o(.ARM.Collect$$libinit$$00000021))

<P><STRONG><a name="[bd]"></a>__rt_lib_init_cpp_2</STRONG> (Thumb, 0 bytes, Stack size unknown bytes, libinit2.o(.ARM.Collect$$libinit$$00000031))
<BR><BR>[Stack]<UL><LI>Max Depth = 16 + Unknown Stack Size
<LI>Call Chain = __rt_lib_init_cpp_2 &rArr; __cpp_initialize__aeabi_
</UL>
<BR>[Calls]<UL><LI><a href="#[b2]">&gt;&gt;</a>&nbsp;&nbsp;&nbsp;__cpp_initialize__aeabi_
</UL>

<P><STRONG><a name="[23b]"></a>__rt_lib_init_exceptions_1</STRONG> (Thumb, 0 bytes, Stack size unknown bytes, libinit2.o(.ARM.Collect$$libinit$$00000030))

<P><STRONG><a name="[23c]"></a>__rt_lib_init_fp_trap_1</STRONG> (Thumb, 0 bytes, Stack size unknown bytes, libinit2.o(.ARM.Collect$$libinit$$0000001F))

<P><STRONG><a name="[23d]"></a>__rt_lib_init_getenv_1</STRONG> (Thumb, 0 bytes, Stack size unknown bytes, libinit2.o(.ARM.Collect$$libinit$$00000023))

<P><STRONG><a name="[23e]"></a>__rt_lib_init_heap_1</STRONG> (Thumb, 0 bytes, Stack size unknown bytes, libinit2.o(.ARM.Collect$$libinit$$0000000A))

<P><STRONG><a name="[23f]"></a>__rt_lib_init_lc_collate_1</STRONG> (Thumb, 0 bytes, Stack size unknown bytes, libinit2.o(.ARM.Collect$$libinit$$00000011))

<P><STRONG><a name="[240]"></a>__rt_lib_init_lc_ctype_1</STRONG> (Thumb, 0 bytes, Stack size unknown bytes, libinit2.o(.ARM.Collect$$libinit$$00000013))

<P><STRONG><a name="[241]"></a>__rt_lib_init_lc_monetary_1</STRONG> (Thumb, 0 bytes, Stack size unknown bytes, libinit2.o(.ARM.Collect$$libinit$$00000015))

<P><STRONG><a name="[242]"></a>__rt_lib_init_lc_numeric_1</STRONG> (Thumb, 0 bytes, Stack size unknown bytes, libinit2.o(.ARM.Collect$$libinit$$00000017))

<P><STRONG><a name="[243]"></a>__rt_lib_init_lc_time_1</STRONG> (Thumb, 0 bytes, Stack size unknown bytes, libinit2.o(.ARM.Collect$$libinit$$00000019))

<P><STRONG><a name="[244]"></a>__rt_lib_init_rand_1</STRONG> (Thumb, 0 bytes, Stack size unknown bytes, libinit2.o(.ARM.Collect$$libinit$$0000000E))

<P><STRONG><a name="[245]"></a>__rt_lib_init_signal_1</STRONG> (Thumb, 0 bytes, Stack size unknown bytes, libinit2.o(.ARM.Collect$$libinit$$0000001D))

<P><STRONG><a name="[246]"></a>__rt_lib_init_stdio_1</STRONG> (Thumb, 0 bytes, Stack size unknown bytes, libinit2.o(.ARM.Collect$$libinit$$00000025))

<P><STRONG><a name="[247]"></a>__rt_lib_init_user_alloc_1</STRONG> (Thumb, 0 bytes, Stack size unknown bytes, libinit2.o(.ARM.Collect$$libinit$$0000000C))

<P><STRONG><a name="[248]"></a>__rt_lib_init_cpp_1</STRONG> (Thumb, 0 bytes, Stack size unknown bytes, libinit2.o(.ARM.Collect$$libinit$$00000032))

<P><STRONG><a name="[249]"></a>__rt_lib_init_return</STRONG> (Thumb, 0 bytes, Stack size unknown bytes, libinit2.o(.ARM.Collect$$libinit$$00000033))

<P><STRONG><a name="[c8]"></a>__rt_lib_shutdown</STRONG> (Thumb, 0 bytes, Stack size unknown bytes, libshutdown.o(.ARM.Collect$$libshutdown$$00000000))
<BR><BR>[Called By]<UL><LI><a href="#[c7]">&gt;&gt;</a>&nbsp;&nbsp;&nbsp;__rt_exit_ls
<LI><a href="#[55]">&gt;&gt;</a>&nbsp;&nbsp;&nbsp;abort
</UL>

<P><STRONG><a name="[be]"></a>__rt_lib_shutdown_cpp_2</STRONG> (Thumb, 0 bytes, Stack size unknown bytes, libshutdown2.o(.ARM.Collect$$libshutdown$$00000001))
<BR><BR>[Stack]<UL><LI>Max Depth = 40 + Unknown Stack Size
<LI>Call Chain = __rt_lib_shutdown_cpp_2 &rArr; __cxa_finalize &rArr; free
</UL>
<BR>[Calls]<UL><LI><a href="#[bf]">&gt;&gt;</a>&nbsp;&nbsp;&nbsp;__cxa_finalize
</UL>

<P><STRONG><a name="[24a]"></a>__rt_lib_shutdown_cpp_1</STRONG> (Thumb, 0 bytes, Stack size unknown bytes, libshutdown2.o(.ARM.Collect$$libshutdown$$00000002))

<P><STRONG><a name="[24b]"></a>__rt_lib_shutdown_fp_trap_1</STRONG> (Thumb, 0 bytes, Stack size unknown bytes, libshutdown2.o(.ARM.Collect$$libshutdown$$00000007))

<P><STRONG><a name="[24c]"></a>__rt_lib_shutdown_heap_1</STRONG> (Thumb, 0 bytes, Stack size unknown bytes, libshutdown2.o(.ARM.Collect$$libshutdown$$0000000F))

<P><STRONG><a name="[24d]"></a>__rt_lib_shutdown_return</STRONG> (Thumb, 0 bytes, Stack size unknown bytes, libshutdown2.o(.ARM.Collect$$libshutdown$$00000010))

<P><STRONG><a name="[24e]"></a>__rt_lib_shutdown_signal_1</STRONG> (Thumb, 0 bytes, Stack size unknown bytes, libshutdown2.o(.ARM.Collect$$libshutdown$$0000000A))

<P><STRONG><a name="[24f]"></a>__rt_lib_shutdown_stdio_1</STRONG> (Thumb, 0 bytes, Stack size unknown bytes, libshutdown2.o(.ARM.Collect$$libshutdown$$00000004))

<P><STRONG><a name="[250]"></a>__rt_lib_shutdown_user_alloc_1</STRONG> (Thumb, 0 bytes, Stack size unknown bytes, libshutdown2.o(.ARM.Collect$$libshutdown$$0000000C))

<P><STRONG><a name="[b4]"></a>__rt_entry</STRONG> (Thumb, 0 bytes, Stack size unknown bytes, __rtentry.o(.ARM.Collect$$rtentry$$00000000))
<BR><BR>[Called By]<UL><LI><a href="#[b1]">&gt;&gt;</a>&nbsp;&nbsp;&nbsp;__main
<LI><a href="#[b5]">&gt;&gt;</a>&nbsp;&nbsp;&nbsp;__scatterload_rt2
</UL>

<P><STRONG><a name="[251]"></a>__rt_entry_presh_1</STRONG> (Thumb, 0 bytes, Stack size unknown bytes, __rtentry2.o(.ARM.Collect$$rtentry$$00000002))

<P><STRONG><a name="[c0]"></a>__rt_entry_sh</STRONG> (Thumb, 0 bytes, Stack size unknown bytes, __rtentry4.o(.ARM.Collect$$rtentry$$00000004))
<BR><BR>[Stack]<UL><LI>Max Depth = 8 + Unknown Stack Size
<LI>Call Chain = __rt_entry_sh &rArr; __user_setup_stackheap
</UL>
<BR>[Calls]<UL><LI><a href="#[c1]">&gt;&gt;</a>&nbsp;&nbsp;&nbsp;__user_setup_stackheap
</UL>

<P><STRONG><a name="[c2]"></a>__rt_entry_li</STRONG> (Thumb, 0 bytes, Stack size unknown bytes, __rtentry2.o(.ARM.Collect$$rtentry$$0000000A))
<BR><BR>[Calls]<UL><LI><a href="#[c3]">&gt;&gt;</a>&nbsp;&nbsp;&nbsp;__rt_lib_init
</UL>

<P><STRONG><a name="[252]"></a>__rt_entry_postsh_1</STRONG> (Thumb, 0 bytes, Stack size unknown bytes, __rtentry2.o(.ARM.Collect$$rtentry$$00000009))

<P><STRONG><a name="[c4]"></a>__rt_entry_main</STRONG> (Thumb, 0 bytes, Stack size unknown bytes, __rtentry2.o(.ARM.Collect$$rtentry$$0000000D))
<BR><BR>[Stack]<UL><LI>Max Depth = 56 + Unknown Stack Size
<LI>Call Chain = __rt_entry_main &rArr; main &rArr; Bsp::SysTickTimer::HwInit(unsigned) &rArr; RCC_GetClocksFreq
</UL>
<BR>[Calls]<UL><LI><a href="#[c5]">&gt;&gt;</a>&nbsp;&nbsp;&nbsp;main
<LI><a href="#[c6]">&gt;&gt;</a>&nbsp;&nbsp;&nbsp;exit
</UL>

<P><STRONG><a name="[253]"></a>__rt_entry_postli_1</STRONG> (Thumb, 0 bytes, Stack size unknown bytes, __rtentry2.o(.ARM.Collect$$rtentry$$0000000C))

<P><STRONG><a name="[1bc]"></a>__rt_exit</STRONG> (Thumb, 0 bytes, Stack size unknown bytes, rtexit.o(.ARM.Collect$$rtexit$$00000000))
<BR><BR>[Called By]<UL><LI><a href="#[c6]">&gt;&gt;</a>&nbsp;&nbsp;&nbsp;exit
</UL>

<P><STRONG><a name="[c7]"></a>__rt_exit_ls</STRONG> (Thumb, 0 bytes, Stack size unknown bytes, rtexit2.o(.ARM.Collect$$rtexit$$00000003))
<BR><BR>[Calls]<UL><LI><a href="#[c8]">&gt;&gt;</a>&nbsp;&nbsp;&nbsp;__rt_lib_shutdown
</UL>

<P><STRONG><a name="[254]"></a>__rt_exit_prels_1</STRONG> (Thumb, 0 bytes, Stack size unknown bytes, rtexit2.o(.ARM.Collect$$rtexit$$00000002))

<P><STRONG><a name="[c9]"></a>__rt_exit_exit</STRONG> (Thumb, 0 bytes, Stack size unknown bytes, rtexit2.o(.ARM.Collect$$rtexit$$00000004))
<BR><BR>[Calls]<UL><LI><a href="#[ca]">&gt;&gt;</a>&nbsp;&nbsp;&nbsp;_sys_exit
</UL>

<P><STRONG><a name="[c5]"></a>main</STRONG> (Thumb, 162 bytes, Stack size 8 bytes, main.o(.text))
<BR><BR>[Stack]<UL><LI>Max Depth = 56<LI>Call Chain = main &rArr; Bsp::SysTickTimer::HwInit(unsigned) &rArr; RCC_GetClocksFreq
</UL>
<BR>[Calls]<UL><LI><a href="#[da]">&gt;&gt;</a>&nbsp;&nbsp;&nbsp;Scheduler::Init()
<LI><a href="#[db]">&gt;&gt;</a>&nbsp;&nbsp;&nbsp;Scheduler::Run()
<LI><a href="#[d9]">&gt;&gt;</a>&nbsp;&nbsp;&nbsp;Bsp::SysTickTimer::HwInit(unsigned)
<LI><a href="#[d8]">&gt;&gt;</a>&nbsp;&nbsp;&nbsp;SysTick_CLKSourceConfig
<LI><a href="#[d3]">&gt;&gt;</a>&nbsp;&nbsp;&nbsp;RCC_SYSCLKConfig
<LI><a href="#[d1]">&gt;&gt;</a>&nbsp;&nbsp;&nbsp;RCC_PLLConfig
<LI><a href="#[d2]">&gt;&gt;</a>&nbsp;&nbsp;&nbsp;RCC_PLLCmd
<LI><a href="#[cf]">&gt;&gt;</a>&nbsp;&nbsp;&nbsp;RCC_PCLK2Config
<LI><a href="#[d0]">&gt;&gt;</a>&nbsp;&nbsp;&nbsp;RCC_PCLK1Config
<LI><a href="#[cc]">&gt;&gt;</a>&nbsp;&nbsp;&nbsp;RCC_HSEConfig
<LI><a href="#[ce]">&gt;&gt;</a>&nbsp;&nbsp;&nbsp;RCC_HCLKConfig
<LI><a href="#[d4]">&gt;&gt;</a>&nbsp;&nbsp;&nbsp;RCC_GetSYSCLKSource
<LI><a href="#[cd]">&gt;&gt;</a>&nbsp;&nbsp;&nbsp;RCC_GetFlagStatus
<LI><a href="#[cb]">&gt;&gt;</a>&nbsp;&nbsp;&nbsp;RCC_DeInit
<LI><a href="#[d5]">&gt;&gt;</a>&nbsp;&nbsp;&nbsp;RCC_APB2PeriphClockCmd
<LI><a href="#[d6]">&gt;&gt;</a>&nbsp;&nbsp;&nbsp;NVIC_SetVectorTable
<LI><a href="#[d7]">&gt;&gt;</a>&nbsp;&nbsp;&nbsp;NVIC_PriorityGroupConfig
</UL>
<BR>[Called By]<UL><LI><a href="#[c4]">&gt;&gt;</a>&nbsp;&nbsp;&nbsp;__rt_entry_main
</UL>

<P><STRONG><a name="[d7]"></a>NVIC_PriorityGroupConfig</STRONG> (Thumb, 20 bytes, Stack size 0 bytes, misc.o(.text))
<BR><BR>[Called By]<UL><LI><a href="#[c5]">&gt;&gt;</a>&nbsp;&nbsp;&nbsp;main
</UL>

<P><STRONG><a name="[118]"></a>NVIC_Init</STRONG> (Thumb, 96 bytes, Stack size 8 bytes, misc.o(.text))
<BR><BR>[Stack]<UL><LI>Max Depth = 8<LI>Call Chain = NVIC_Init
</UL>
<BR>[Called By]<UL><LI><a href="#[117]">&gt;&gt;</a>&nbsp;&nbsp;&nbsp;Bsp::InterruptManager::RegisterInterrupt(void(*)(), Bsp::InterruptManager::IRQn)
<LI><a href="#[119]">&gt;&gt;</a>&nbsp;&nbsp;&nbsp;Bsp::InterruptManager::NVICConfig(Bsp::InterruptManager::IRQn, unsigned char, unsigned char)
</UL>

<P><STRONG><a name="[d6]"></a>NVIC_SetVectorTable</STRONG> (Thumb, 24 bytes, Stack size 0 bytes, misc.o(.text))
<BR><BR>[Called By]<UL><LI><a href="#[c5]">&gt;&gt;</a>&nbsp;&nbsp;&nbsp;main
</UL>

<P><STRONG><a name="[255]"></a>NVIC_SystemLPConfig</STRONG> (Thumb, 24 bytes, Stack size 0 bytes, misc.o(.text), UNUSED)

<P><STRONG><a name="[d8]"></a>SysTick_CLKSourceConfig</STRONG> (Thumb, 26 bytes, Stack size 0 bytes, misc.o(.text))
<BR><BR>[Called By]<UL><LI><a href="#[c5]">&gt;&gt;</a>&nbsp;&nbsp;&nbsp;main
</UL>

<P><STRONG><a name="[256]"></a>EXTI_DeInit</STRONG> (Thumb, 30 bytes, Stack size 0 bytes, stm32f10x_exti.o(.text), UNUSED)

<P><STRONG><a name="[f0]"></a>EXTI_Init</STRONG> (Thumb, 126 bytes, Stack size 0 bytes, stm32f10x_exti.o(.text))
<BR><BR>[Called By]<UL><LI><a href="#[ee]">&gt;&gt;</a>&nbsp;&nbsp;&nbsp;Bsp::GpioInput::ExtLineInterruptConfig()
</UL>

<P><STRONG><a name="[257]"></a>EXTI_StructInit</STRONG> (Thumb, 14 bytes, Stack size 0 bytes, stm32f10x_exti.o(.text), UNUSED)

<P><STRONG><a name="[258]"></a>EXTI_GenerateSWInterrupt</STRONG> (Thumb, 16 bytes, Stack size 0 bytes, stm32f10x_exti.o(.text), UNUSED)

<P><STRONG><a name="[259]"></a>EXTI_GetFlagStatus</STRONG> (Thumb, 18 bytes, Stack size 0 bytes, stm32f10x_exti.o(.text), UNUSED)

<P><STRONG><a name="[25a]"></a>EXTI_ClearFlag</STRONG> (Thumb, 12 bytes, Stack size 0 bytes, stm32f10x_exti.o(.text), UNUSED)

<P><STRONG><a name="[11b]"></a>EXTI_GetITStatus</STRONG> (Thumb, 28 bytes, Stack size 0 bytes, stm32f10x_exti.o(.text))
<BR><BR>[Called By]<UL><LI><a href="#[2f]">&gt;&gt;</a>&nbsp;&nbsp;&nbsp;EXTI9_5_IRQHandler
<LI><a href="#[40]">&gt;&gt;</a>&nbsp;&nbsp;&nbsp;EXTI15_10_IRQHandler
</UL>

<P><STRONG><a name="[11c]"></a>EXTI_ClearITPendingBit</STRONG> (Thumb, 12 bytes, Stack size 0 bytes, stm32f10x_exti.o(.text))
<BR><BR>[Called By]<UL><LI><a href="#[2f]">&gt;&gt;</a>&nbsp;&nbsp;&nbsp;EXTI9_5_IRQHandler
<LI><a href="#[11d]">&gt;&gt;</a>&nbsp;&nbsp;&nbsp;EXTI5_IRQHandler
<LI><a href="#[22]">&gt;&gt;</a>&nbsp;&nbsp;&nbsp;EXTI4_IRQHandler
[...]
</UL>
<P><STRONG><a name="[af]"></a>_GLOBAL__sub_I_Button_Task.cpp</STRONG> (Thumb, 38 bytes, Stack size 16 bytes, button_task.o(.text))
<BR><BR>[Stack]<UL><LI>Max Depth = 32<LI>Call Chain = _GLOBAL__sub_I_Button_Task.cpp &rArr; Bsp::HwButtonIntr::HwButtonIntr(GPIO_TypeDef*, unsigned short, Bsp::Gpio::IntOnWhichEdge, Bsp::Gpio::EXTIMode)
</UL>
<BR>[Calls]<UL><LI><a href="#[121]">&gt;&gt;</a>&nbsp;&nbsp;&nbsp;Bsp::HwButtonIntr::HwButtonIntr(GPIO_TypeDef*, unsigned short, Bsp::Gpio::IntOnWhichEdge, Bsp::Gpio::EXTIMode)
</UL>
<BR>[Address Reference Count : 1]<UL><LI> button_task.o(.init_array)
</UL>
<P><STRONG><a name="[b0]"></a>_GLOBAL__sub_I_PowerMonitor.cpp</STRONG> (Thumb, 94 bytes, Stack size 24 bytes, powermonitor.o(.text))
<BR><BR>[Stack]<UL><LI>Max Depth = 96<LI>Call Chain = _GLOBAL__sub_I_PowerMonitor.cpp &rArr; __cxa_atexit &rArr; __aeabi_atexit &rArr; malloc &rArr; __Heap_Full &rArr; __Heap_ProvideMemory &rArr; free
</UL>
<BR>[Calls]<UL><LI><a href="#[164]">&gt;&gt;</a>&nbsp;&nbsp;&nbsp;Bsp::I2CDriver::I2CDriver(Bsp::I2CDriver::I2CInstance_t, void(*)(), Bsp::I2CDriver::I2CMode_t, Bsp::I2CDriver::I2CBaudRate_t)
<LI><a href="#[165]">&gt;&gt;</a>&nbsp;&nbsp;&nbsp;Bsp::INA219::INA219(Bsp::I2CDriver*, unsigned char)
<LI><a href="#[de]">&gt;&gt;</a>&nbsp;&nbsp;&nbsp;__cxa_atexit
</UL>
<BR>[Address Reference Count : 1]<UL><LI> powermonitor.o(.init_array)
</UL>
<P><STRONG><a name="[177]"></a>sd_cmd</STRONG> (Thumb, 804 bytes, Stack size 16 bytes, diskio.o(.text))
<BR><BR>[Stack]<UL><LI>Max Depth = 16<LI>Call Chain = sd_cmd
</UL>
<BR>[Called By]<UL><LI><a href="#[17a]">&gt;&gt;</a>&nbsp;&nbsp;&nbsp;sd_write
<LI><a href="#[178]">&gt;&gt;</a>&nbsp;&nbsp;&nbsp;sd_read
<LI><a href="#[174]">&gt;&gt;</a>&nbsp;&nbsp;&nbsp;hwif_init
<LI><a href="#[17b]">&gt;&gt;</a>&nbsp;&nbsp;&nbsp;sd_writesector
<LI><a href="#[179]">&gt;&gt;</a>&nbsp;&nbsp;&nbsp;sd_readsector
<LI><a href="#[176]">&gt;&gt;</a>&nbsp;&nbsp;&nbsp;sd_init
</UL>

<P><STRONG><a name="[176]"></a>sd_init</STRONG> (Thumb, 4284 bytes, Stack size 40 bytes, diskio.o(.text))
<BR><BR>[Stack]<UL><LI>Max Depth = 56<LI>Call Chain = sd_init &rArr; sd_cmd
</UL>
<BR>[Calls]<UL><LI><a href="#[177]">&gt;&gt;</a>&nbsp;&nbsp;&nbsp;sd_cmd
</UL>
<BR>[Called By]<UL><LI><a href="#[17a]">&gt;&gt;</a>&nbsp;&nbsp;&nbsp;sd_write
<LI><a href="#[178]">&gt;&gt;</a>&nbsp;&nbsp;&nbsp;sd_read
<LI><a href="#[174]">&gt;&gt;</a>&nbsp;&nbsp;&nbsp;hwif_init
</UL>

<P><STRONG><a name="[179]"></a>sd_readsector</STRONG> (Thumb, 924 bytes, Stack size 32 bytes, diskio.o(.text))
<BR><BR>[Stack]<UL><LI>Max Depth = 48<LI>Call Chain = sd_readsector &rArr; sd_cmd
</UL>
<BR>[Calls]<UL><LI><a href="#[177]">&gt;&gt;</a>&nbsp;&nbsp;&nbsp;sd_cmd
</UL>
<BR>[Called By]<UL><LI><a href="#[178]">&gt;&gt;</a>&nbsp;&nbsp;&nbsp;sd_read
</UL>

<P><STRONG><a name="[17b]"></a>sd_writesector</STRONG> (Thumb, 1224 bytes, Stack size 16 bytes, diskio.o(.text))
<BR><BR>[Stack]<UL><LI>Max Depth = 32<LI>Call Chain = sd_writesector &rArr; sd_cmd
</UL>
<BR>[Calls]<UL><LI><a href="#[177]">&gt;&gt;</a>&nbsp;&nbsp;&nbsp;sd_cmd
</UL>
<BR>[Called By]<UL><LI><a href="#[17a]">&gt;&gt;</a>&nbsp;&nbsp;&nbsp;sd_write
</UL>

<P><STRONG><a name="[18a]"></a>create_chain</STRONG> (Thumb, 236 bytes, Stack size 24 bytes, ff.o(.text))
<BR><BR>[Stack]<UL><LI>Max Depth = 184<LI>Call Chain = create_chain &rArr; put_fat &rArr; disk_write &rArr; sd_write &rArr; sd_init &rArr; sd_cmd
</UL>
<BR>[Calls]<UL><LI><a href="#[180]">&gt;&gt;</a>&nbsp;&nbsp;&nbsp;put_fat
<LI><a href="#[17f]">&gt;&gt;</a>&nbsp;&nbsp;&nbsp;get_fat
</UL>
<BR>[Called By]<UL><LI><a href="#[189]">&gt;&gt;</a>&nbsp;&nbsp;&nbsp;f_write
<LI><a href="#[196]">&gt;&gt;</a>&nbsp;&nbsp;&nbsp;f_mkdir
<LI><a href="#[187]">&gt;&gt;</a>&nbsp;&nbsp;&nbsp;dir_next
<LI><a href="#[169]">&gt;&gt;</a>&nbsp;&nbsp;&nbsp;f_lseek
</UL>

<P><STRONG><a name="[187]"></a>dir_next</STRONG> (Thumb, 608 bytes, Stack size 48 bytes, ff.o(.text))
<BR><BR>[Stack]<UL><LI>Max Depth = 232<LI>Call Chain = dir_next &rArr; create_chain &rArr; put_fat &rArr; disk_write &rArr; sd_write &rArr; sd_init &rArr; sd_cmd
</UL>
<BR>[Calls]<UL><LI><a href="#[17f]">&gt;&gt;</a>&nbsp;&nbsp;&nbsp;get_fat
<LI><a href="#[18a]">&gt;&gt;</a>&nbsp;&nbsp;&nbsp;create_chain
<LI><a href="#[17e]">&gt;&gt;</a>&nbsp;&nbsp;&nbsp;disk_write
<LI><a href="#[18d]">&gt;&gt;</a>&nbsp;&nbsp;&nbsp;__aeabi_memclr
</UL>
<BR>[Called By]<UL><LI><a href="#[191]">&gt;&gt;</a>&nbsp;&nbsp;&nbsp;f_readdir
<LI><a href="#[183]">&gt;&gt;</a>&nbsp;&nbsp;&nbsp;follow_path
<LI><a href="#[184]">&gt;&gt;</a>&nbsp;&nbsp;&nbsp;dir_register
</UL>

<P><STRONG><a name="[184]"></a>dir_register</STRONG> (Thumb, 432 bytes, Stack size 40 bytes, ff.o(.text))
<BR><BR>[Stack]<UL><LI>Max Depth = 272<LI>Call Chain = dir_register &rArr; dir_next &rArr; create_chain &rArr; put_fat &rArr; disk_write &rArr; sd_write &rArr; sd_init &rArr; sd_cmd
</UL>
<BR>[Calls]<UL><LI><a href="#[186]">&gt;&gt;</a>&nbsp;&nbsp;&nbsp;dir_sdi
<LI><a href="#[187]">&gt;&gt;</a>&nbsp;&nbsp;&nbsp;dir_next
<LI><a href="#[17e]">&gt;&gt;</a>&nbsp;&nbsp;&nbsp;disk_write
<LI><a href="#[17d]">&gt;&gt;</a>&nbsp;&nbsp;&nbsp;disk_read
</UL>
<BR>[Called By]<UL><LI><a href="#[199]">&gt;&gt;</a>&nbsp;&nbsp;&nbsp;f_rename
<LI><a href="#[196]">&gt;&gt;</a>&nbsp;&nbsp;&nbsp;f_mkdir
<LI><a href="#[168]">&gt;&gt;</a>&nbsp;&nbsp;&nbsp;f_open
</UL>

<P><STRONG><a name="[186]"></a>dir_sdi</STRONG> (Thumb, 158 bytes, Stack size 16 bytes, ff.o(.text))
<BR><BR>[Stack]<UL><LI>Max Depth = 176<LI>Call Chain = dir_sdi &rArr; get_fat &rArr; disk_write &rArr; sd_write &rArr; sd_init &rArr; sd_cmd
</UL>
<BR>[Calls]<UL><LI><a href="#[17f]">&gt;&gt;</a>&nbsp;&nbsp;&nbsp;get_fat
</UL>
<BR>[Called By]<UL><LI><a href="#[195]">&gt;&gt;</a>&nbsp;&nbsp;&nbsp;f_unlink
<LI><a href="#[199]">&gt;&gt;</a>&nbsp;&nbsp;&nbsp;f_rename
<LI><a href="#[191]">&gt;&gt;</a>&nbsp;&nbsp;&nbsp;f_readdir
<LI><a href="#[18f]">&gt;&gt;</a>&nbsp;&nbsp;&nbsp;f_opendir
<LI><a href="#[183]">&gt;&gt;</a>&nbsp;&nbsp;&nbsp;follow_path
<LI><a href="#[184]">&gt;&gt;</a>&nbsp;&nbsp;&nbsp;dir_register
</UL>

<P><STRONG><a name="[181]"></a>find_volume</STRONG> (Thumb, 1468 bytes, Stack size 40 bytes, ff.o(.text))
<BR><BR>[Stack]<UL><LI>Max Depth = 160<LI>Call Chain = find_volume &rArr; disk_write &rArr; sd_write &rArr; sd_init &rArr; sd_cmd
</UL>
<BR>[Calls]<UL><LI><a href="#[17e]">&gt;&gt;</a>&nbsp;&nbsp;&nbsp;disk_write
<LI><a href="#[182]">&gt;&gt;</a>&nbsp;&nbsp;&nbsp;disk_status
<LI><a href="#[17d]">&gt;&gt;</a>&nbsp;&nbsp;&nbsp;disk_read
<LI><a href="#[17c]">&gt;&gt;</a>&nbsp;&nbsp;&nbsp;disk_initialize
</UL>
<BR>[Called By]<UL><LI><a href="#[198]">&gt;&gt;</a>&nbsp;&nbsp;&nbsp;f_utime
<LI><a href="#[195]">&gt;&gt;</a>&nbsp;&nbsp;&nbsp;f_unlink
<LI><a href="#[192]">&gt;&gt;</a>&nbsp;&nbsp;&nbsp;f_stat
<LI><a href="#[199]">&gt;&gt;</a>&nbsp;&nbsp;&nbsp;f_rename
<LI><a href="#[18f]">&gt;&gt;</a>&nbsp;&nbsp;&nbsp;f_opendir
<LI><a href="#[196]">&gt;&gt;</a>&nbsp;&nbsp;&nbsp;f_mkdir
<LI><a href="#[193]">&gt;&gt;</a>&nbsp;&nbsp;&nbsp;f_getfree
<LI><a href="#[197]">&gt;&gt;</a>&nbsp;&nbsp;&nbsp;f_chmod
<LI><a href="#[168]">&gt;&gt;</a>&nbsp;&nbsp;&nbsp;f_open
<LI><a href="#[167]">&gt;&gt;</a>&nbsp;&nbsp;&nbsp;f_mount
</UL>

<P><STRONG><a name="[183]"></a>follow_path</STRONG> (Thumb, 992 bytes, Stack size 40 bytes, ff.o(.text))
<BR><BR>[Stack]<UL><LI>Max Depth = 272<LI>Call Chain = follow_path &rArr; dir_next &rArr; create_chain &rArr; put_fat &rArr; disk_write &rArr; sd_write &rArr; sd_init &rArr; sd_cmd
</UL>
<BR>[Calls]<UL><LI><a href="#[186]">&gt;&gt;</a>&nbsp;&nbsp;&nbsp;dir_sdi
<LI><a href="#[187]">&gt;&gt;</a>&nbsp;&nbsp;&nbsp;dir_next
<LI><a href="#[17e]">&gt;&gt;</a>&nbsp;&nbsp;&nbsp;disk_write
<LI><a href="#[17d]">&gt;&gt;</a>&nbsp;&nbsp;&nbsp;disk_read
</UL>
<BR>[Called By]<UL><LI><a href="#[198]">&gt;&gt;</a>&nbsp;&nbsp;&nbsp;f_utime
<LI><a href="#[195]">&gt;&gt;</a>&nbsp;&nbsp;&nbsp;f_unlink
<LI><a href="#[192]">&gt;&gt;</a>&nbsp;&nbsp;&nbsp;f_stat
<LI><a href="#[199]">&gt;&gt;</a>&nbsp;&nbsp;&nbsp;f_rename
<LI><a href="#[18f]">&gt;&gt;</a>&nbsp;&nbsp;&nbsp;f_opendir
<LI><a href="#[196]">&gt;&gt;</a>&nbsp;&nbsp;&nbsp;f_mkdir
<LI><a href="#[197]">&gt;&gt;</a>&nbsp;&nbsp;&nbsp;f_chmod
<LI><a href="#[168]">&gt;&gt;</a>&nbsp;&nbsp;&nbsp;f_open
</UL>

<P><STRONG><a name="[18c]"></a>sync_fs</STRONG> (Thumb, 256 bytes, Stack size 24 bytes, ff.o(.text))
<BR><BR>[Stack]<UL><LI>Max Depth = 144<LI>Call Chain = sync_fs &rArr; disk_write &rArr; sd_write &rArr; sd_init &rArr; sd_cmd
</UL>
<BR>[Calls]<UL><LI><a href="#[17e]">&gt;&gt;</a>&nbsp;&nbsp;&nbsp;disk_write
<LI><a href="#[18e]">&gt;&gt;</a>&nbsp;&nbsp;&nbsp;disk_ioctl
<LI><a href="#[18d]">&gt;&gt;</a>&nbsp;&nbsp;&nbsp;__aeabi_memclr
</UL>
<BR>[Called By]<UL><LI><a href="#[198]">&gt;&gt;</a>&nbsp;&nbsp;&nbsp;f_utime
<LI><a href="#[195]">&gt;&gt;</a>&nbsp;&nbsp;&nbsp;f_unlink
<LI><a href="#[18b]">&gt;&gt;</a>&nbsp;&nbsp;&nbsp;f_sync
<LI><a href="#[199]">&gt;&gt;</a>&nbsp;&nbsp;&nbsp;f_rename
<LI><a href="#[196]">&gt;&gt;</a>&nbsp;&nbsp;&nbsp;f_mkdir
<LI><a href="#[197]">&gt;&gt;</a>&nbsp;&nbsp;&nbsp;f_chmod
</UL>

<P><STRONG><a name="[21d]"></a>_dadd1</STRONG> (Thumb, 0 bytes, Stack size unknown bytes, daddsub_clz.o(x$fpl$dadd), UNUSED)
<BR><BR>[Called By]<UL><LI><a href="#[21c]">&gt;&gt;</a>&nbsp;&nbsp;&nbsp;_dsub
</UL>

<P><STRONG><a name="[218]"></a>_dsub1</STRONG> (Thumb, 0 bytes, Stack size unknown bytes, daddsub_clz.o(x$fpl$dsub), UNUSED)
<BR><BR>[Called By]<UL><LI><a href="#[217]">&gt;&gt;</a>&nbsp;&nbsp;&nbsp;_dadd
</UL>

<P><STRONG><a name="[230]"></a>_fadd1</STRONG> (Thumb, 0 bytes, Stack size unknown bytes, faddsub_clz.o(x$fpl$fadd), UNUSED)
<BR><BR>[Called By]<UL><LI><a href="#[22f]">&gt;&gt;</a>&nbsp;&nbsp;&nbsp;_fsub
</UL>

<P><STRONG><a name="[221]"></a>_fsub1</STRONG> (Thumb, 0 bytes, Stack size unknown bytes, faddsub_clz.o(x$fpl$fsub), UNUSED)
<BR><BR>[Called By]<UL><LI><a href="#[220]">&gt;&gt;</a>&nbsp;&nbsp;&nbsp;_fadd
</UL>

<P><STRONG><a name="[1dd]"></a>_ZN10__cxxabiv1L12failed_throwEPNS_15__cxa_exceptionE</STRONG> (Thumb, 18 bytes, Stack size unknown bytes, cxa_exception.cpp.o(.text._ZN10__cxxabiv1L12failed_throwEPNS_15__cxa_exceptionE))
<BR><BR>[Calls]<UL><LI><a href="#[1de]">&gt;&gt;</a>&nbsp;&nbsp;&nbsp;__cxa_begin_catch
<LI><a href="#[1df]">&gt;&gt;</a>&nbsp;&nbsp;&nbsp;std::__terminate(void(*)())
</UL>
<BR>[Called By]<UL><LI><a href="#[20e]">&gt;&gt;</a>&nbsp;&nbsp;&nbsp;__cxa_throw
</UL>

<P><STRONG><a name="[58]"></a>_ZN10__cxxabiv1L22exception_cleanup_funcE19_Unwind_Reason_CodeP21_Unwind_Control_Block</STRONG> (Thumb, 22 bytes, Stack size unknown bytes, cxa_exception.cpp.o(.text._ZN10__cxxabiv1L22exception_cleanup_funcE19_Unwind_Reason_CodeP21_Unwind_Control_Block))
<BR><BR>[Stack]<UL><LI>Max Depth = 64 + Unknown Stack Size
<LI>Call Chain = _ZN10__cxxabiv1L22exception_cleanup_funcE19_Unwind_Reason_CodeP21_Unwind_Control_Block &rArr; __cxa_decrement_exception_refcount &rArr; __cxa_call_unexpected &rArr;  __cxa_begin_catch (Cycle)
</UL>
<BR>[Calls]<UL><LI><a href="#[1e1]">&gt;&gt;</a>&nbsp;&nbsp;&nbsp;__cxa_decrement_exception_refcount
<LI><a href="#[1df]">&gt;&gt;</a>&nbsp;&nbsp;&nbsp;std::__terminate(void(*)())
</UL>
<BR>[Address Reference Count : 1]<UL><LI> cxa_exception.cpp.o(.text.__cxa_throw)
</UL>
<P><STRONG><a name="[57]"></a>_ZN10__cxxabiv1L27dependent_exception_cleanupE19_Unwind_Reason_CodeP21_Unwind_Control_Block</STRONG> (Thumb, 34 bytes, Stack size unknown bytes, cxa_exception.cpp.o(.text._ZN10__cxxabiv1L27dependent_exception_cleanupE19_Unwind_Reason_CodeP21_Unwind_Control_Block))
<BR><BR>[Stack]<UL><LI>Max Depth = 64 + Unknown Stack Size
<LI>Call Chain = _ZN10__cxxabiv1L27dependent_exception_cleanupE19_Unwind_Reason_CodeP21_Unwind_Control_Block &rArr; __cxa_decrement_exception_refcount &rArr; __cxa_call_unexpected &rArr;  __cxa_begin_catch (Cycle)
</UL>
<BR>[Calls]<UL><LI><a href="#[1d6]">&gt;&gt;</a>&nbsp;&nbsp;&nbsp;__cxxabiv1::__aligned_free_with_fallback(void*)
<LI><a href="#[1e1]">&gt;&gt;</a>&nbsp;&nbsp;&nbsp;__cxa_decrement_exception_refcount
<LI><a href="#[1df]">&gt;&gt;</a>&nbsp;&nbsp;&nbsp;std::__terminate(void(*)())
</UL>
<BR>[Address Reference Count : 1]<UL><LI> cxa_exception.cpp.o(.text.__cxa_rethrow_primary_exception)
</UL>
<P><STRONG><a name="[1d8]"></a>_ZN10__cxxabiv1L11scan_eh_tabERNS_12_GLOBAL__N_112scan_resultsE14_Unwind_ActionbP21_Unwind_Control_BlockP15_Unwind_Context</STRONG> (Thumb, 926 bytes, Stack size unknown bytes, cxa_personality.cpp.o(.text._ZN10__cxxabiv1L11scan_eh_tabERNS_12_GLOBAL__N_112scan_resultsE14_Unwind_ActionbP21_Unwind_Control_BlockP15_Unwind_Context))
<BR><BR>[Stack]<UL><LI>Max Depth = 48 + Unknown Stack Size
<LI>Call Chain = _ZN10__cxxabiv1L11scan_eh_tabERNS_12_GLOBAL__N_112scan_resultsE14_Unwind_ActionbP21_Unwind_Control_BlockP15_Unwind_Context &rArr; _Unwind_VRS_Get &rArr; abort &rArr; __rt_SIGABRT &rArr; __rt_SIGABRT_inner &rArr; __default_signal_display &rArr; _ttywrch
</UL>
<BR>[Calls]<UL><LI><a href="#[1d9]">&gt;&gt;</a>&nbsp;&nbsp;&nbsp;__aeabi_memclr8
<LI><a href="#[1c7]">&gt;&gt;</a>&nbsp;&nbsp;&nbsp;_Unwind_VRS_Get
<LI><a href="#[1c2]">&gt;&gt;</a>&nbsp;&nbsp;&nbsp;_Unwind_GetRegionStart
<LI><a href="#[1c0]">&gt;&gt;</a>&nbsp;&nbsp;&nbsp;_Unwind_GetLanguageSpecificData
<LI><a href="#[1dc]">&gt;&gt;</a>&nbsp;&nbsp;&nbsp;_ZN10__cxxabiv1L24exception_spec_can_catchExPKhhPKNS_16__shim_type_infoEPvP21_Unwind_Control_Block
<LI><a href="#[1da]">&gt;&gt;</a>&nbsp;&nbsp;&nbsp;_ZN10__cxxabiv1L18readEncodedPointerEPPKhh
<LI><a href="#[1db]">&gt;&gt;</a>&nbsp;&nbsp;&nbsp;_ZN10__cxxabiv1L14call_terminateEbP21_Unwind_Control_Block
</UL>
<BR>[Called By]<UL><LI><a href="#[59]">&gt;&gt;</a>&nbsp;&nbsp;&nbsp;__gxx_personality_v0
</UL>

<P><STRONG><a name="[1e0]"></a>_ZN10__cxxabiv1L13set_registersEP21_Unwind_Control_BlockP15_Unwind_ContextRKNS_12_GLOBAL__N_112scan_resultsE</STRONG> (Thumb, 92 bytes, Stack size unknown bytes, cxa_personality.cpp.o(.text._ZN10__cxxabiv1L13set_registersEP21_Unwind_Control_BlockP15_Unwind_ContextRKNS_12_GLOBAL__N_112scan_resultsE))
<BR><BR>[Stack]<UL><LI>Max Depth = 48 + Unknown Stack Size
<LI>Call Chain = _ZN10__cxxabiv1L13set_registersEP21_Unwind_Control_BlockP15_Unwind_ContextRKNS_12_GLOBAL__N_112scan_resultsE &rArr; _Unwind_VRS_Set &rArr; abort &rArr; __rt_SIGABRT &rArr; __rt_SIGABRT_inner &rArr; __default_signal_display &rArr; _ttywrch
</UL>
<BR>[Calls]<UL><LI><a href="#[1ce]">&gt;&gt;</a>&nbsp;&nbsp;&nbsp;_Unwind_VRS_Set
<LI><a href="#[1c7]">&gt;&gt;</a>&nbsp;&nbsp;&nbsp;_Unwind_VRS_Get
</UL>
<BR>[Called By]<UL><LI><a href="#[59]">&gt;&gt;</a>&nbsp;&nbsp;&nbsp;__gxx_personality_v0
</UL>

<P><STRONG><a name="[1db]"></a>_ZN10__cxxabiv1L14call_terminateEbP21_Unwind_Control_Block</STRONG> (Thumb, 26 bytes, Stack size unknown bytes, cxa_personality.cpp.o(.text._ZN10__cxxabiv1L14call_terminateEbP21_Unwind_Control_Block))
<BR><BR>[Calls]<UL><LI><a href="#[1de]">&gt;&gt;</a>&nbsp;&nbsp;&nbsp;__cxa_begin_catch
<LI><a href="#[56]">&gt;&gt;</a>&nbsp;&nbsp;&nbsp;std::terminate()
<LI><a href="#[1df]">&gt;&gt;</a>&nbsp;&nbsp;&nbsp;std::__terminate(void(*)())
</UL>
<BR>[Called By]<UL><LI><a href="#[59]">&gt;&gt;</a>&nbsp;&nbsp;&nbsp;__gxx_personality_v0
<LI><a href="#[1dc]">&gt;&gt;</a>&nbsp;&nbsp;&nbsp;_ZN10__cxxabiv1L24exception_spec_can_catchExPKhhPKNS_16__shim_type_infoEPvP21_Unwind_Control_Block
<LI><a href="#[1d8]">&gt;&gt;</a>&nbsp;&nbsp;&nbsp;_ZN10__cxxabiv1L11scan_eh_tabERNS_12_GLOBAL__N_112scan_resultsE14_Unwind_ActionbP21_Unwind_Control_BlockP15_Unwind_Context
<LI><a href="#[209]">&gt;&gt;</a>&nbsp;&nbsp;&nbsp;__cxa_call_unexpected
</UL>

<P><STRONG><a name="[1da]"></a>_ZN10__cxxabiv1L18readEncodedPointerEPPKhh</STRONG> (Thumb, 322 bytes, Stack size unknown bytes, cxa_personality.cpp.o(.text._ZN10__cxxabiv1L18readEncodedPointerEPPKhh))
<BR><BR>[Stack]<UL><LI>Max Depth = 48 + Unknown Stack Size
<LI>Call Chain = _ZN10__cxxabiv1L18readEncodedPointerEPPKhh &rArr; abort &rArr; __rt_SIGABRT &rArr; __rt_SIGABRT_inner &rArr; __default_signal_display &rArr; _ttywrch
</UL>
<BR>[Calls]<UL><LI><a href="#[55]">&gt;&gt;</a>&nbsp;&nbsp;&nbsp;abort
</UL>
<BR>[Called By]<UL><LI><a href="#[1d8]">&gt;&gt;</a>&nbsp;&nbsp;&nbsp;_ZN10__cxxabiv1L11scan_eh_tabERNS_12_GLOBAL__N_112scan_resultsE14_Unwind_ActionbP21_Unwind_Control_BlockP15_Unwind_Context
<LI><a href="#[209]">&gt;&gt;</a>&nbsp;&nbsp;&nbsp;__cxa_call_unexpected
</UL>

<P><STRONG><a name="[1dc]"></a>_ZN10__cxxabiv1L24exception_spec_can_catchExPKhhPKNS_16__shim_type_infoEPvP21_Unwind_Control_Block</STRONG> (Thumb, 68 bytes, Stack size unknown bytes, cxa_personality.cpp.o(.text._ZN10__cxxabiv1L24exception_spec_can_catchExPKhhPKNS_16__shim_type_infoEPvP21_Unwind_Control_Block))
<BR><BR>[Calls]<UL><LI><a href="#[1db]">&gt;&gt;</a>&nbsp;&nbsp;&nbsp;_ZN10__cxxabiv1L14call_terminateEbP21_Unwind_Control_Block
</UL>
<BR>[Called By]<UL><LI><a href="#[1d8]">&gt;&gt;</a>&nbsp;&nbsp;&nbsp;_ZN10__cxxabiv1L11scan_eh_tabERNS_12_GLOBAL__N_112scan_resultsE14_Unwind_ActionbP21_Unwind_Control_BlockP15_Unwind_Context
<LI><a href="#[209]">&gt;&gt;</a>&nbsp;&nbsp;&nbsp;__cxa_call_unexpected
</UL>

<P><STRONG><a name="[1c6]"></a>_ZL13unwind_phase2P13unw_context_tP12unw_cursor_tP21_Unwind_Control_Blockb</STRONG> (Thumb, 168 bytes, Stack size unknown bytes, Unwind-EHABI.cpp.o(.text._ZL13unwind_phase2P13unw_context_tP12unw_cursor_tP21_Unwind_Control_Blockb))
<BR><BR>[Stack]<UL><LI>Max Depth = 48 + Unknown Stack Size
<LI>Call Chain = _ZL13unwind_phase2P13unw_context_tP12unw_cursor_tP21_Unwind_Control_Blockb &rArr; abort &rArr; __rt_SIGABRT &rArr; __rt_SIGABRT_inner &rArr; __default_signal_display &rArr; _ttywrch
</UL>
<BR>[Calls]<UL><LI><a href="#[55]">&gt;&gt;</a>&nbsp;&nbsp;&nbsp;abort
<LI><a href="#[1cd]">&gt;&gt;</a>&nbsp;&nbsp;&nbsp;unw_set_reg
<LI><a href="#[1d0]">&gt;&gt;</a>&nbsp;&nbsp;&nbsp;unw_resume
<LI><a href="#[1c5]">&gt;&gt;</a>&nbsp;&nbsp;&nbsp;unw_init_local
<LI><a href="#[1c8]">&gt;&gt;</a>&nbsp;&nbsp;&nbsp;unw_get_reg
<LI><a href="#[1c1]">&gt;&gt;</a>&nbsp;&nbsp;&nbsp;unw_get_proc_info
</UL>
<BR>[Called By]<UL><LI><a href="#[10c]">&gt;&gt;</a>&nbsp;&nbsp;&nbsp;_Unwind_Resume
<LI><a href="#[1c3]">&gt;&gt;</a>&nbsp;&nbsp;&nbsp;_Unwind_RaiseException
</UL>

<P><STRONG><a name="[1e4]"></a>_ZN12_GLOBAL__N_1L14unwindOneFrameEjP21_Unwind_Control_BlockP15_Unwind_Context</STRONG> (Thumb, 56 bytes, Stack size unknown bytes, Unwind-EHABI.cpp.o(.text._ZN12_GLOBAL__N_1L14unwindOneFrameEjP21_Unwind_Control_BlockP15_Unwind_Context))
<BR><BR>[Calls]<UL><LI><a href="#[1e5]">&gt;&gt;</a>&nbsp;&nbsp;&nbsp;unw_step
<LI><a href="#[1c1]">&gt;&gt;</a>&nbsp;&nbsp;&nbsp;unw_get_proc_info
</UL>
<BR>[Called By]<UL><LI><a href="#[52]">&gt;&gt;</a>&nbsp;&nbsp;&nbsp;__aeabi_unwind_cpp_pr0
<LI><a href="#[54]">&gt;&gt;</a>&nbsp;&nbsp;&nbsp;__aeabi_unwind_cpp_pr2
<LI><a href="#[53]">&gt;&gt;</a>&nbsp;&nbsp;&nbsp;__aeabi_unwind_cpp_pr1
</UL>

<P><STRONG><a name="[51]"></a>_printf_input_char</STRONG> (Thumb, 10 bytes, Stack size 0 bytes, _printf_char_common.o(.text))
<BR>[Address Reference Count : 1]<UL><LI> _printf_char_common.o(.text)
</UL>
<P><STRONG><a name="[1d3]"></a>&lang;unnamed namespace 1&rang;::fallback_free(void*)</STRONG> (Thumb, 154 bytes, Stack size unknown bytes, fallback_malloc.cpp.o(.text._ZN12_GLOBAL__N_113fallback_freeEPv))
<BR><BR>[Called By]<UL><LI><a href="#[1d2]">&gt;&gt;</a>&nbsp;&nbsp;&nbsp;__cxxabiv1::__free_with_fallback(void*)
<LI><a href="#[1d6]">&gt;&gt;</a>&nbsp;&nbsp;&nbsp;__cxxabiv1::__aligned_free_with_fallback(void*)
</UL>

<P><STRONG><a name="[1d5]"></a>&lang;unnamed namespace 1&rang;::fallback_malloc(unsigned)</STRONG> (Thumb, 146 bytes, Stack size unknown bytes, fallback_malloc.cpp.o(.text._ZN12_GLOBAL__N_115fallback_mallocEj))
<BR><BR>[Called By]<UL><LI><a href="#[1d4]">&gt;&gt;</a>&nbsp;&nbsp;&nbsp;__cxxabiv1::__calloc_with_fallback(unsigned, unsigned)
<LI><a href="#[1d7]">&gt;&gt;</a>&nbsp;&nbsp;&nbsp;__cxxabiv1::__aligned_malloc_with_fallback(unsigned)
</UL>
<P>
<H3>
Undefined Global Symbols
</H3><HR></body></html>
