<html>
<body>
<pre>
<h1>µVision Build Log</h1>
<h2>Tool Versions:</h2>
IDE-Version: µVision V5.25.2.0
Copyright (C) 2018 ARM Ltd and ARM Germany GmbH. All rights reserved.
License Information: amit ch, nxp, LIC=9N0BS-LZUGL-D3WM3-ADKSP-QK6DY-3RBVM
 
Tool Versions:
Toolchain:       MDK-ARM Professional  Version: 5.25.2.0
Toolchain Path:  C:\Keil_v5\ARM\ARMCLANG\Bin
C Compiler:      ArmClang.exe V6.9
Assembler:       Armasm.exe V6.9
Linker/Locator:  ArmLink.exe V6.9
Library Manager: ArmAr.exe V6.9
Hex Converter:   FromElf.exe V6.9
CPU DLL:         SARMCM3.DLL V5.25.2.0
Dialog DLL:      DCM.DLL V1.17.1.0
Target DLL:      STLink\ST-LINKIII-KEIL_SWO.dll V3.0.1.0
Dialog DLL:      TCM.DLL V1.35.1.0
 
<h2>Project:</h2>
C:\Amit Caudhary\STM32_Keil\Projects\New folder\CPP_Firmware\Keil\CPP_Firmware.uvprojx
Project File Date:  06/10/2018

<h2>Output:</h2>
*** Using Compiler 'V6.9', folder: 'C:\Keil_v5\ARM\ARMCLANG\Bin'
Rebuild target 'Target 1'
assembling startup_stm32f10x_md.s...
compiling system_stm32f10x.c...
compiling stm32f10x_exti.c...
compiling main.cpp...
compiling stm32f10x_gpio.c...
compiling stm32f10x_rcc.c...
compiling misc.c...
compiling stm32f10x_i2c.c...
compiling stm32f10x_spi.c...
compiling ClockManager.cpp...
compiling Test.cpp...
compiling ControlScreen.cpp...
compiling GpioInput.cpp...
compiling DS3231.cpp...
compiling Gpio.cpp...
compiling GpioOutput.cpp...
compiling HwButton.cpp...
compiling HwButtonIntr.cpp...
compiling HwStopWatch.cpp...
compiling I2c.cpp...
compiling INA219.cpp...
compiling I2CDriver.cpp...
compiling InterruptManager.cpp...
compiling Line.cpp...
compiling Led.cpp...
compiling Nokia5110LCD.cpp...
compiling Menu.cpp...
compiling Page.cpp...
compiling Peripheral.cpp...
compiling PortManager.cpp...
compiling Queue.cpp...
compiling SpiDriver.cpp...
compiling Screen.cpp...
compiling SysTickTimer.cpp...
compiling UI.cpp...
compiling StopWatch.cpp...
compiling Time.cpp...
linking...
Program Size: Code=43416 RO-data=5316 RW-data=32 ZI-data=3376  
".\Objects\CPP_Firmware.axf" - 0 Error(s), 0 Warning(s).

<h2>Software Packages used:</h2>

Package Vendor: Keil
                http://www.keil.com/pack/Keil.STM32F1xx_DFP.2.2.0.pack
                Keil.STM32F1xx_DFP.2.2.0
                STMicroelectronics STM32F1 Series Device Support, Drivers and Examples

<h2>Collection of Component include folders:</h2>
  .\RTE\_Target_1
  C:\Keil_v5\ARM\PACK\Keil\STM32F1xx_DFP\2.2.0\Device\Include

<h2>Collection of Component Files used:</h2>
Build Time Elapsed:  00:00:09
</pre>
</body>
</html>
