Component: ARM Compiler 5.06 update 6 (build 750) Tool: armlink [4d35ed]

==============================================================================

Section Cross References

    stm32f10x.o(STACK) refers (Special) to heapauxi.o(.text) for __use_two_region_memory
    stm32f10x.o(HEAP) refers (Special) to heapauxi.o(.text) for __use_two_region_memory
    stm32f10x.o(RESET) refers (Special) to heapauxi.o(.text) for __use_two_region_memory
    stm32f10x.o(RESET) refers to stm32f10x.o(STACK) for __initial_sp
    stm32f10x.o(RESET) refers to stm32f10x.o(.text) for Reset_Handler
    stm32f10x.o(.text) refers (Special) to heapauxi.o(.text) for __use_two_region_memory
    stm32f10x.o(.text) refers to __main.o(!!!main) for __main
    stm32f10x.o(.text) refers to stm32f10x.o(HEAP) for Heap_Mem
    stm32f10x.o(.text) refers to stm32f10x.o(STACK) for Stack_Mem
    main.o(i.main) refers to main.o(i.prvSetupHardware) for prvSetupHardware
    main.o(i.main) refers to tasks.o(i.xTaskCreate) for xTaskCreate
    main.o(i.main) refers to led_task.o(i.vLEDTask) for vLEDTask
    main.o(i.prvSetupHardware) refers to stm32f10x_rcc.o(i.RCC_DeInit) for RCC_DeInit
    main.o(i.prvSetupHardware) refers to stm32f10x_rcc.o(i.RCC_HSEConfig) for RCC_HSEConfig
    main.o(i.prvSetupHardware) refers to stm32f10x_rcc.o(i.RCC_GetFlagStatus) for RCC_GetFlagStatus
    main.o(i.prvSetupHardware) refers to stm32f10x_rcc.o(i.RCC_HCLKConfig) for RCC_HCLKConfig
    main.o(i.prvSetupHardware) refers to stm32f10x_rcc.o(i.RCC_PCLK2Config) for RCC_PCLK2Config
    main.o(i.prvSetupHardware) refers to stm32f10x_rcc.o(i.RCC_PCLK1Config) for RCC_PCLK1Config
    main.o(i.prvSetupHardware) refers to stm32f10x_rcc.o(i.RCC_PLLConfig) for RCC_PLLConfig
    main.o(i.prvSetupHardware) refers to stm32f10x_rcc.o(i.RCC_PLLCmd) for RCC_PLLCmd
    main.o(i.prvSetupHardware) refers to stm32f10x_rcc.o(i.RCC_SYSCLKConfig) for RCC_SYSCLKConfig
    main.o(i.prvSetupHardware) refers to stm32f10x_rcc.o(i.RCC_GetSYSCLKSource) for RCC_GetSYSCLKSource
    main.o(i.prvSetupHardware) refers to stm32f10x_rcc.o(i.RCC_APB2PeriphClockCmd) for RCC_APB2PeriphClockCmd
    main.o(i.prvSetupHardware) refers to stm32f10x_rcc.o(i.RCC_APB1PeriphClockCmd) for RCC_APB1PeriphClockCmd
    main.o(i.prvSetupHardware) refers to stm32f10x_nvic.o(i.NVIC_SetVectorTable) for NVIC_SetVectorTable
    main.o(i.prvSetupHardware) refers to stm32f10x_nvic.o(i.NVIC_PriorityGroupConfig) for NVIC_PriorityGroupConfig
    main.o(i.prvSetupHardware) refers to stm32f10x_systick.o(i.SysTick_CLKSourceConfig) for SysTick_CLKSourceConfig
    queue.o(i.prvCopyDataFromQueue) refers to rt_memcpy_v6.o(.text) for __aeabi_memcpy
    queue.o(i.prvCopyDataToQueue) refers to rt_memcpy_v6.o(.text) for __aeabi_memcpy
    queue.o(i.prvInitialiseNewQueue) refers to queue.o(i.xQueueGenericReset) for xQueueGenericReset
    queue.o(i.prvIsQueueEmpty) refers to port.o(i.vPortEnterCritical) for vPortEnterCritical
    queue.o(i.prvIsQueueEmpty) refers to port.o(i.vPortExitCritical) for vPortExitCritical
    queue.o(i.prvIsQueueFull) refers to port.o(i.vPortEnterCritical) for vPortEnterCritical
    queue.o(i.prvIsQueueFull) refers to port.o(i.vPortExitCritical) for vPortExitCritical
    queue.o(i.prvUnlockQueue) refers to port.o(i.vPortEnterCritical) for vPortEnterCritical
    queue.o(i.prvUnlockQueue) refers to tasks.o(i.xTaskRemoveFromEventList) for xTaskRemoveFromEventList
    queue.o(i.prvUnlockQueue) refers to tasks.o(i.vTaskMissedYield) for vTaskMissedYield
    queue.o(i.prvUnlockQueue) refers to port.o(i.vPortExitCritical) for vPortExitCritical
    queue.o(i.uxQueueMessagesWaiting) refers to port.o(i.vPortEnterCritical) for vPortEnterCritical
    queue.o(i.uxQueueMessagesWaiting) refers to port.o(i.vPortExitCritical) for vPortExitCritical
    queue.o(i.uxQueueSpacesAvailable) refers to port.o(i.vPortEnterCritical) for vPortEnterCritical
    queue.o(i.uxQueueSpacesAvailable) refers to port.o(i.vPortExitCritical) for vPortExitCritical
    queue.o(i.vQueueDelete) refers to heap_2.o(i.vPortFree) for vPortFree
    queue.o(i.xQueueGenericCreate) refers to heap_2.o(i.pvPortMalloc) for pvPortMalloc
    queue.o(i.xQueueGenericCreate) refers to queue.o(i.prvInitialiseNewQueue) for prvInitialiseNewQueue
    queue.o(i.xQueueGenericReset) refers to port.o(i.vPortEnterCritical) for vPortEnterCritical
    queue.o(i.xQueueGenericReset) refers to tasks.o(i.xTaskRemoveFromEventList) for xTaskRemoveFromEventList
    queue.o(i.xQueueGenericReset) refers to list.o(i.vListInitialise) for vListInitialise
    queue.o(i.xQueueGenericReset) refers to port.o(i.vPortExitCritical) for vPortExitCritical
    queue.o(i.xQueueGenericSend) refers to port.o(i.vPortEnterCritical) for vPortEnterCritical
    queue.o(i.xQueueGenericSend) refers to queue.o(i.prvCopyDataToQueue) for prvCopyDataToQueue
    queue.o(i.xQueueGenericSend) refers to tasks.o(i.xTaskRemoveFromEventList) for xTaskRemoveFromEventList
[...]
    tasks.o(i.prvInitialiseNewTask) refers to port.o(i.pxPortInitialiseStack) for pxPortInitialiseStack
    tasks.o(i.prvInitialiseTaskLists) refers to list.o(i.vListInitialise) for vListInitialise
    tasks.o(i.prvInitialiseTaskLists) refers to tasks.o(.bss) for pxReadyTasksLists
    tasks.o(i.prvInitialiseTaskLists) refers to tasks.o(.data) for pxDelayedTaskList
    tasks.o(i.prvResetNextTaskUnblockTime) refers to tasks.o(.data) for pxDelayedTaskList
    tasks.o(i.prvTaskIsTaskSuspended) refers to tasks.o(.bss) for xSuspendedTaskList
    tasks.o(i.ulTaskNotifyTake) refers to port.o(i.vPortEnterCritical) for vPortEnterCritical
    tasks.o(i.ulTaskNotifyTake) refers to tasks.o(i.prvAddCurrentTaskToDelayedList) for prvAddCurrentTaskToDelayedList
    tasks.o(i.ulTaskNotifyTake) refers to port.o(i.vPortExitCritical) for vPortExitCritical
    tasks.o(i.ulTaskNotifyTake) refers to tasks.o(.data) for pxCurrentTCB
    tasks.o(i.uxTaskGetNumberOfTasks) refers to tasks.o(.data) for uxCurrentNumberOfTasks
    tasks.o(i.uxTaskPriorityGet) refers to port.o(i.vPortEnterCritical) for vPortEnterCritical
    tasks.o(i.uxTaskPriorityGet) refers to port.o(i.vPortExitCritical) for vPortExitCritical
    tasks.o(i.uxTaskPriorityGet) refers to tasks.o(.data) for pxCurrentTCB
    tasks.o(i.uxTaskPriorityGetFromISR) refers to tasks.o(.data) for pxCurrentTCB
    tasks.o(i.uxTaskResetEventItemValue) refers to tasks.o(.data) for pxCurrentTCB
    tasks.o(i.vTaskDelay) refers to tasks.o(i.vTaskSuspendAll) for vTaskSuspendAll
    tasks.o(i.vTaskDelay) refers to tasks.o(i.prvAddCurrentTaskToDelayedList) for prvAddCurrentTaskToDelayedList
    tasks.o(i.vTaskDelay) refers to tasks.o(i.xTaskResumeAll) for xTaskResumeAll
    tasks.o(i.vTaskDelayUntil) refers to tasks.o(i.vTaskSuspendAll) for vTaskSuspendAll
    tasks.o(i.vTaskDelayUntil) refers to tasks.o(i.prvAddCurrentTaskToDelayedList) for prvAddCurrentTaskToDelayedList
    tasks.o(i.vTaskDelayUntil) refers to tasks.o(i.xTaskResumeAll) for xTaskResumeAll
    tasks.o(i.vTaskDelayUntil) refers to tasks.o(.data) for xTickCount
    tasks.o(i.vTaskDelete) refers to port.o(i.vPortEnterCritical) for vPortEnterCritical
    tasks.o(i.vTaskDelete) refers to list.o(i.uxListRemove) for uxListRemove
    tasks.o(i.vTaskDelete) refers to list.o(i.vListInsertEnd) for vListInsertEnd
    tasks.o(i.vTaskDelete) refers to tasks.o(i.prvDeleteTCB) for prvDeleteTCB
    tasks.o(i.vTaskDelete) refers to tasks.o(i.prvResetNextTaskUnblockTime) for prvResetNextTaskUnblockTime
    tasks.o(i.vTaskDelete) refers to port.o(i.vPortExitCritical) for vPortExitCritical
    tasks.o(i.vTaskDelete) refers to tasks.o(.data) for pxCurrentTCB
    tasks.o(i.vTaskDelete) refers to tasks.o(.bss) for pxReadyTasksLists
    tasks.o(i.vTaskEndScheduler) refers to port.o(i.vPortEndScheduler) for vPortEndScheduler
    tasks.o(i.vTaskEndScheduler) refers to tasks.o(.data) for xSchedulerRunning
    tasks.o(i.vTaskInternalSetTimeOutState) refers to tasks.o(.data) for xNumOfOverflows
    tasks.o(i.vTaskMissedYield) refers to tasks.o(.data) for xYieldPending
    tasks.o(i.vTaskNotifyGiveFromISR) refers to list.o(i.uxListRemove) for uxListRemove
    tasks.o(i.vTaskNotifyGiveFromISR) refers to list.o(i.vListInsertEnd) for vListInsertEnd
    tasks.o(i.vTaskNotifyGiveFromISR) refers to tasks.o(.data) for uxSchedulerSuspended
    tasks.o(i.vTaskNotifyGiveFromISR) refers to tasks.o(.bss) for pxReadyTasksLists
    tasks.o(i.vTaskPlaceOnEventList) refers to list.o(i.vListInsert) for vListInsert
    tasks.o(i.vTaskPlaceOnEventList) refers to tasks.o(i.prvAddCurrentTaskToDelayedList) for prvAddCurrentTaskToDelayedList
    tasks.o(i.vTaskPlaceOnEventList) refers to tasks.o(.data) for pxCurrentTCB
    tasks.o(i.vTaskPlaceOnUnorderedEventList) refers to list.o(i.vListInsertEnd) for vListInsertEnd
    tasks.o(i.vTaskPlaceOnUnorderedEventList) refers to tasks.o(i.prvAddCurrentTaskToDelayedList) for prvAddCurrentTaskToDelayedList
    tasks.o(i.vTaskPlaceOnUnorderedEventList) refers to tasks.o(.data) for pxCurrentTCB
    tasks.o(i.vTaskPrioritySet) refers to port.o(i.vPortEnterCritical) for vPortEnterCritical
    tasks.o(i.vTaskPrioritySet) refers to list.o(i.uxListRemove) for uxListRemove
    tasks.o(i.vTaskPrioritySet) refers to list.o(i.vListInsertEnd) for vListInsertEnd
    tasks.o(i.vTaskPrioritySet) refers to port.o(i.vPortExitCritical) for vPortExitCritical
    tasks.o(i.vTaskPrioritySet) refers to tasks.o(.data) for pxCurrentTCB
    tasks.o(i.vTaskPrioritySet) refers to tasks.o(.bss) for pxReadyTasksLists
    tasks.o(i.vTaskRemoveFromUnorderedEventList) refers to list.o(i.uxListRemove) for uxListRemove
    tasks.o(i.vTaskRemoveFromUnorderedEventList) refers to list.o(i.vListInsertEnd) for vListInsertEnd
    tasks.o(i.vTaskRemoveFromUnorderedEventList) refers to tasks.o(.data) for uxTopReadyPriority
    tasks.o(i.vTaskRemoveFromUnorderedEventList) refers to tasks.o(.bss) for pxReadyTasksLists
    tasks.o(i.vTaskResume) refers to port.o(i.vPortEnterCritical) for vPortEnterCritical
    tasks.o(i.vTaskResume) refers to tasks.o(i.prvTaskIsTaskSuspended) for prvTaskIsTaskSuspended
    tasks.o(i.vTaskResume) refers to list.o(i.uxListRemove) for uxListRemove
    tasks.o(i.vTaskResume) refers to list.o(i.vListInsertEnd) for vListInsertEnd
    tasks.o(i.vTaskResume) refers to port.o(i.vPortExitCritical) for vPortExitCritical
    tasks.o(i.vTaskResume) refers to tasks.o(.data) for pxCurrentTCB
    tasks.o(i.vTaskResume) refers to tasks.o(.bss) for pxReadyTasksLists
    tasks.o(i.vTaskSetTimeOutState) refers to port.o(i.vPortEnterCritical) for vPortEnterCritical
    tasks.o(i.vTaskSetTimeOutState) refers to port.o(i.vPortExitCritical) for vPortExitCritical
    tasks.o(i.vTaskSetTimeOutState) refers to tasks.o(.data) for xNumOfOverflows
    tasks.o(i.vTaskStartScheduler) refers to tasks.o(i.xTaskCreate) for xTaskCreate
    tasks.o(i.vTaskStartScheduler) refers to port.o(i.xPortStartScheduler) for xPortStartScheduler
    tasks.o(i.vTaskStartScheduler) refers to tasks.o(.data) for xIdleTaskHandle
    tasks.o(i.vTaskStartScheduler) refers to tasks.o(i.prvIdleTask) for prvIdleTask
    tasks.o(i.vTaskSuspend) refers to port.o(i.vPortEnterCritical) for vPortEnterCritical
    tasks.o(i.vTaskSuspend) refers to list.o(i.uxListRemove) for uxListRemove
    tasks.o(i.vTaskSuspend) refers to list.o(i.vListInsertEnd) for vListInsertEnd
    tasks.o(i.vTaskSuspend) refers to port.o(i.vPortExitCritical) for vPortExitCritical
    tasks.o(i.vTaskSuspend) refers to tasks.o(i.prvResetNextTaskUnblockTime) for prvResetNextTaskUnblockTime
    tasks.o(i.vTaskSuspend) refers to tasks.o(i.vTaskSwitchContext) for vTaskSwitchContext
    tasks.o(i.vTaskSuspend) refers to tasks.o(.data) for pxCurrentTCB
    tasks.o(i.vTaskSuspend) refers to tasks.o(.bss) for pxReadyTasksLists
    tasks.o(i.vTaskSuspendAll) refers to tasks.o(.data) for uxSchedulerSuspended
    tasks.o(i.vTaskSwitchContext) refers to tasks.o(.data) for uxSchedulerSuspended
    tasks.o(i.vTaskSwitchContext) refers to tasks.o(.bss) for pxReadyTasksLists
    tasks.o(i.xTaskCheckForTimeOut) refers to port.o(i.vPortEnterCritical) for vPortEnterCritical
    tasks.o(i.xTaskCheckForTimeOut) refers to tasks.o(i.vTaskInternalSetTimeOutState) for vTaskInternalSetTimeOutState
    tasks.o(i.xTaskCheckForTimeOut) refers to port.o(i.vPortExitCritical) for vPortExitCritical
    tasks.o(i.xTaskCheckForTimeOut) refers to tasks.o(.data) for xTickCount
    tasks.o(i.xTaskCreate) refers to heap_2.o(i.pvPortMalloc) for pvPortMalloc
    tasks.o(i.xTaskCreate) refers to heap_2.o(i.vPortFree) for vPortFree
    tasks.o(i.xTaskCreate) refers to tasks.o(i.prvInitialiseNewTask) for prvInitialiseNewTask
    tasks.o(i.xTaskCreate) refers to tasks.o(i.prvAddNewTaskToReadyList) for prvAddNewTaskToReadyList
    tasks.o(i.xTaskGenericNotify) refers to port.o(i.vPortEnterCritical) for vPortEnterCritical
    tasks.o(i.xTaskGenericNotify) refers to list.o(i.uxListRemove) for uxListRemove
    tasks.o(i.xTaskGenericNotify) refers to list.o(i.vListInsertEnd) for vListInsertEnd
    tasks.o(i.xTaskGenericNotify) refers to port.o(i.vPortExitCritical) for vPortExitCritical
    tasks.o(i.xTaskGenericNotify) refers to tasks.o(.data) for uxTopReadyPriority
    tasks.o(i.xTaskGenericNotify) refers to tasks.o(.bss) for pxReadyTasksLists
    tasks.o(i.xTaskGenericNotifyFromISR) refers to list.o(i.uxListRemove) for uxListRemove
    tasks.o(i.xTaskGenericNotifyFromISR) refers to list.o(i.vListInsertEnd) for vListInsertEnd
    tasks.o(i.xTaskGenericNotifyFromISR) refers to tasks.o(.data) for uxSchedulerSuspended
    tasks.o(i.xTaskGenericNotifyFromISR) refers to tasks.o(.bss) for pxReadyTasksLists
    tasks.o(i.xTaskGetTickCount) refers to tasks.o(.data) for xTickCount
    tasks.o(i.xTaskGetTickCountFromISR) refers to tasks.o(.data) for xTickCount
    tasks.o(i.xTaskIncrementTick) refers to tasks.o(i.prvResetNextTaskUnblockTime) for prvResetNextTaskUnblockTime
    tasks.o(i.xTaskIncrementTick) refers to list.o(i.uxListRemove) for uxListRemove
    tasks.o(i.xTaskIncrementTick) refers to list.o(i.vListInsertEnd) for vListInsertEnd
    tasks.o(i.xTaskIncrementTick) refers to tasks.o(.data) for uxSchedulerSuspended
    tasks.o(i.xTaskIncrementTick) refers to tasks.o(.bss) for pxReadyTasksLists
    tasks.o(i.xTaskNotifyStateClear) refers to port.o(i.vPortEnterCritical) for vPortEnterCritical
    tasks.o(i.xTaskNotifyStateClear) refers to port.o(i.vPortExitCritical) for vPortExitCritical
    tasks.o(i.xTaskNotifyStateClear) refers to tasks.o(.data) for pxCurrentTCB
    tasks.o(i.xTaskNotifyWait) refers to port.o(i.vPortEnterCritical) for vPortEnterCritical
    tasks.o(i.xTaskNotifyWait) refers to tasks.o(i.prvAddCurrentTaskToDelayedList) for prvAddCurrentTaskToDelayedList
    tasks.o(i.xTaskNotifyWait) refers to port.o(i.vPortExitCritical) for vPortExitCritical
    tasks.o(i.xTaskNotifyWait) refers to tasks.o(.data) for pxCurrentTCB
    tasks.o(i.xTaskRemoveFromEventList) refers to list.o(i.uxListRemove) for uxListRemove
    tasks.o(i.xTaskRemoveFromEventList) refers to list.o(i.vListInsertEnd) for vListInsertEnd
    tasks.o(i.xTaskRemoveFromEventList) refers to tasks.o(.data) for uxSchedulerSuspended
    tasks.o(i.xTaskRemoveFromEventList) refers to tasks.o(.bss) for pxReadyTasksLists
    tasks.o(i.xTaskResumeAll) refers to port.o(i.vPortEnterCritical) for vPortEnterCritical
    tasks.o(i.xTaskResumeAll) refers to list.o(i.uxListRemove) for uxListRemove
    tasks.o(i.xTaskResumeAll) refers to list.o(i.vListInsertEnd) for vListInsertEnd
    tasks.o(i.xTaskResumeAll) refers to tasks.o(i.prvResetNextTaskUnblockTime) for prvResetNextTaskUnblockTime
    tasks.o(i.xTaskResumeAll) refers to tasks.o(i.xTaskIncrementTick) for xTaskIncrementTick
    tasks.o(i.xTaskResumeAll) refers to port.o(i.vPortExitCritical) for vPortExitCritical
    tasks.o(i.xTaskResumeAll) refers to tasks.o(.data) for uxSchedulerSuspended
    tasks.o(i.xTaskResumeAll) refers to tasks.o(.bss) for xPendingReadyList
    tasks.o(i.xTaskResumeFromISR) refers to tasks.o(i.prvTaskIsTaskSuspended) for prvTaskIsTaskSuspended
    tasks.o(i.xTaskResumeFromISR) refers to list.o(i.uxListRemove) for uxListRemove
    tasks.o(i.xTaskResumeFromISR) refers to list.o(i.vListInsertEnd) for vListInsertEnd
    tasks.o(i.xTaskResumeFromISR) refers to tasks.o(.data) for uxSchedulerSuspended
    tasks.o(i.xTaskResumeFromISR) refers to tasks.o(.bss) for pxReadyTasksLists
    heap_2.o(i.prvHeapInit) refers to heap_2.o(.bss) for ucHeap
    heap_2.o(i.prvHeapInit) refers to heap_2.o(.data) for xStart
    heap_2.o(i.pvPortMalloc) refers to tasks.o(i.vTaskSuspendAll) for vTaskSuspendAll
    heap_2.o(i.pvPortMalloc) refers to heap_2.o(i.prvHeapInit) for prvHeapInit
    heap_2.o(i.pvPortMalloc) refers to tasks.o(i.xTaskResumeAll) for xTaskResumeAll
    heap_2.o(i.pvPortMalloc) refers to heap_2.o(.data) for xHeapHasBeenInitialised
    heap_2.o(i.vPortFree) refers to tasks.o(i.vTaskSuspendAll) for vTaskSuspendAll
    heap_2.o(i.vPortFree) refers to tasks.o(i.xTaskResumeAll) for xTaskResumeAll
    heap_2.o(i.vPortFree) refers to heap_2.o(.data) for xStart
    heap_2.o(i.xPortGetFreeHeapSize) refers to heap_2.o(.data) for xFreeBytesRemaining
    port.o(.emb_text) refers to tasks.o(i.vTaskSwitchContext) for vTaskSwitchContext
    port.o(.emb_text) refers to tasks.o(.data) for pxCurrentTCB
    port.o(i.pxPortInitialiseStack) refers to port.o(i.prvTaskExitError) for prvTaskExitError
    port.o(i.vPortEnterCritical) refers to port.o(.data) for uxCriticalNesting
    port.o(i.vPortExitCritical) refers to port.o(.data) for uxCriticalNesting
    port.o(i.xPortStartScheduler) refers to port.o(i.vPortSetupTimerInterrupt) for vPortSetupTimerInterrupt
    port.o(i.xPortStartScheduler) refers to port.o(.emb_text) for __asm___6_port_c_39a90d8d__prvStartFirstTask
    port.o(i.xPortStartScheduler) refers to port.o(.data) for uxCriticalNesting
    port.o(i.xPortSysTickHandler) refers to tasks.o(i.xTaskIncrementTick) for xTaskIncrementTick
    stm32f10x_nvic.o(i.NVIC_BASEPRICONFIG) refers to cortexm3_macro_rvds.o(.text) for __BASEPRICONFIG
    stm32f10x_nvic.o(i.NVIC_GetBASEPRI) refers to cortexm3_macro_rvds.o(.text) for __GetBASEPRI
    stm32f10x_nvic.o(i.NVIC_RESETFAULTMASK) refers to cortexm3_macro_rvds.o(.text) for __RESETFAULTMASK
    stm32f10x_nvic.o(i.NVIC_RESETPRIMASK) refers to cortexm3_macro_rvds.o(.text) for __RESETPRIMASK
    stm32f10x_nvic.o(i.NVIC_SETFAULTMASK) refers to cortexm3_macro_rvds.o(.text) for __SETFAULTMASK
    stm32f10x_nvic.o(i.NVIC_SETPRIMASK) refers to cortexm3_macro_rvds.o(.text) for __SETPRIMASK
    stm32f10x_rcc.o(i.RCC_GetClocksFreq) refers to stm32f10x_rcc.o(.constdata) for APBAHBPrescTable
    stm32f10x_gpio.o(i.GPIO_AFIODeInit) refers to stm32f10x_rcc.o(i.RCC_APB2PeriphResetCmd) for RCC_APB2PeriphResetCmd
    stm32f10x_gpio.o(i.GPIO_DeInit) refers to stm32f10x_rcc.o(i.RCC_APB2PeriphResetCmd) for RCC_APB2PeriphResetCmd
    driver_i2c.o(i.ARM_I2C_GetCapabilities) refers to driver_i2c.o(.constdata) for DriverCapabilities
    driver_i2c.o(i.ARM_I2C_GetVersion) refers to driver_i2c.o(.constdata) for DriverVersion
    driver_i2c.o(.constdata) refers to driver_i2c.o(i.ARM_I2C_GetVersion) for ARM_I2C_GetVersion
    driver_i2c.o(.constdata) refers to driver_i2c.o(i.ARM_I2C_GetCapabilities) for ARM_I2C_GetCapabilities
    driver_i2c.o(.constdata) refers to driver_i2c.o(i.ARM_I2C_Initialize) for ARM_I2C_Initialize
    driver_i2c.o(.constdata) refers to driver_i2c.o(i.ARM_I2C_Uninitialize) for ARM_I2C_Uninitialize
    driver_i2c.o(.constdata) refers to driver_i2c.o(i.ARM_I2C_PowerControl) for ARM_I2C_PowerControl
    driver_i2c.o(.constdata) refers to driver_i2c.o(i.ARM_I2C_MasterTransmit) for ARM_I2C_MasterTransmit
    driver_i2c.o(.constdata) refers to driver_i2c.o(i.ARM_I2C_MasterReceive) for ARM_I2C_MasterReceive
    driver_i2c.o(.constdata) refers to driver_i2c.o(i.ARM_I2C_SlaveTransmit) for ARM_I2C_SlaveTransmit
    driver_i2c.o(.constdata) refers to driver_i2c.o(i.ARM_I2C_SlaveReceive) for ARM_I2C_SlaveReceive
    driver_i2c.o(.constdata) refers to driver_i2c.o(i.ARM_I2C_GetDataCount) for ARM_I2C_GetDataCount
    driver_i2c.o(.constdata) refers to driver_i2c.o(i.ARM_I2C_Control) for ARM_I2C_Control
    driver_i2c.o(.constdata) refers to driver_i2c.o(i.ARM_I2C_GetStatus) for ARM_I2C_GetStatus
    driver_gpio.o(i.ARM_GPIO_GetCapabilities) refers to driver_gpio.o(.constdata) for DriverCapabilities
    driver_gpio.o(i.ARM_GPIO_GetVersion) refers to driver_gpio.o(.constdata) for DriverVersion
    driver_gpio.o(i.ARM_GPIO_Off) refers to stm32f10x_gpio.o(i.GPIO_WriteBit) for GPIO_WriteBit
    driver_gpio.o(i.ARM_GPIO_On) refers to stm32f10x_gpio.o(i.GPIO_WriteBit) for GPIO_WriteBit
    driver_gpio.o(.constdata) refers to driver_gpio.o(i.ARM_GPIO_GetVersion) for ARM_GPIO_GetVersion
    driver_gpio.o(.constdata) refers to driver_gpio.o(i.ARM_GPIO_GetCapabilities) for ARM_GPIO_GetCapabilities
    driver_gpio.o(.constdata) refers to driver_gpio.o(i.ARM_GPIO_Initialize) for ARM_GPIO_Initialize
    driver_gpio.o(.constdata) refers to driver_gpio.o(i.ARM_GPIO_Uninitialize) for ARM_GPIO_Uninitialize
    driver_gpio.o(.constdata) refers to driver_gpio.o(i.ARM_GPIO_PowerControl) for ARM_GPIO_PowerControl
    driver_gpio.o(.constdata) refers to driver_gpio.o(i.ARM_GPIO_On) for ARM_GPIO_On
    driver_gpio.o(.constdata) refers to driver_gpio.o(i.ARM_GPIO_Off) for ARM_GPIO_Off
    driver_gpio.o(.constdata) refers to driver_gpio.o(i.ARM_GPIO_Toggle) for ARM_GPIO_Toggle
    driver_gpio.o(.constdata) refers to driver_gpio.o(i.ARM_GPIO_Control) for ARM_GPIO_Control
    driver_gpio.o(.constdata) refers to driver_gpio.o(i.ARM_GPIO_GetStatus) for ARM_GPIO_GetStatus
    rt_memcpy_v6.o(.text) refers to rt_memcpy_w.o(.text) for __aeabi_memcpy4
    __main.o(!!!main) refers to __rtentry.o(.ARM.Collect$$rtentry$$00000000) for __rt_entry
    __rtentry.o(.ARM.Collect$$rtentry$$00000000) refers (Special) to __rtentry2.o(.ARM.Collect$$rtentry$$0000000A) for __rt_entry_li
    __rtentry.o(.ARM.Collect$$rtentry$$00000000) refers (Special) to __rtentry2.o(.ARM.Collect$$rtentry$$0000000D) for __rt_entry_main
    __rtentry.o(.ARM.Collect$$rtentry$$00000000) refers (Special) to __rtentry2.o(.ARM.Collect$$rtentry$$0000000C) for __rt_entry_postli_1
    __rtentry.o(.ARM.Collect$$rtentry$$00000000) refers (Special) to __rtentry2.o(.ARM.Collect$$rtentry$$00000009) for __rt_entry_postsh_1
    __rtentry.o(.ARM.Collect$$rtentry$$00000000) refers (Special) to __rtentry2.o(.ARM.Collect$$rtentry$$00000002) for __rt_entry_presh_1
    __rtentry.o(.ARM.Collect$$rtentry$$00000000) refers (Special) to __rtentry4.o(.ARM.Collect$$rtentry$$00000004) for __rt_entry_sh
    __rtentry2.o(.ARM.Collect$$rtentry$$00000008) refers to boardinit2.o(.text) for _platform_post_stackheap_init
    __rtentry2.o(.ARM.Collect$$rtentry$$0000000A) refers to libinit.o(.ARM.Collect$$libinit$$00000000) for __rt_lib_init
    __rtentry2.o(.ARM.Collect$$rtentry$$0000000B) refers to boardinit3.o(.text) for _platform_post_lib_init
    __rtentry2.o(.ARM.Collect$$rtentry$$0000000D) refers to main.o(i.main) for main
    __rtentry2.o(.ARM.Collect$$rtentry$$0000000D) refers to exit.o(.text) for exit
    __rtentry2.o(.ARM.exidx) refers to __rtentry2.o(.ARM.Collect$$rtentry$$00000001) for .ARM.Collect$$rtentry$$00000001
    __rtentry2.o(.ARM.exidx) refers to __rtentry2.o(.ARM.Collect$$rtentry$$00000008) for .ARM.Collect$$rtentry$$00000008
    __rtentry2.o(.ARM.exidx) refers to __rtentry2.o(.ARM.Collect$$rtentry$$0000000A) for .ARM.Collect$$rtentry$$0000000A
    __rtentry2.o(.ARM.exidx) refers to __rtentry2.o(.ARM.Collect$$rtentry$$0000000B) for .ARM.Collect$$rtentry$$0000000B
    __rtentry2.o(.ARM.exidx) refers to __rtentry2.o(.ARM.Collect$$rtentry$$0000000D) for .ARM.Collect$$rtentry$$0000000D
    __rtentry4.o(.ARM.Collect$$rtentry$$00000004) refers to sys_stackheap_outer.o(.text) for __user_setup_stackheap
    __rtentry4.o(.ARM.exidx) refers to __rtentry4.o(.ARM.Collect$$rtentry$$00000004) for .ARM.Collect$$rtentry$$00000004
    sys_stackheap_outer.o(.text) refers to libspace.o(.text) for __user_perproc_libspace
    sys_stackheap_outer.o(.text) refers to stm32f10x.o(.text) for __user_initial_stackheap
    exit.o(.text) refers to rtexit.o(.ARM.Collect$$rtexit$$00000000) for __rt_exit
    libinit.o(.ARM.Collect$$libinit$$00000000) refers (Special) to libinit2.o(.ARM.Collect$$libinit$$0000002E) for __rt_lib_init_alloca_1
    libinit.o(.ARM.Collect$$libinit$$00000000) refers (Special) to libinit2.o(.ARM.Collect$$libinit$$0000002C) for __rt_lib_init_argv_1
    libinit.o(.ARM.Collect$$libinit$$00000000) refers (Special) to libinit2.o(.ARM.Collect$$libinit$$0000001B) for __rt_lib_init_atexit_1
    libinit.o(.ARM.Collect$$libinit$$00000000) refers (Special) to libinit2.o(.ARM.Collect$$libinit$$00000021) for __rt_lib_init_clock_1
    libinit.o(.ARM.Collect$$libinit$$00000000) refers (Special) to libinit2.o(.ARM.Collect$$libinit$$00000032) for __rt_lib_init_cpp_1
    libinit.o(.ARM.Collect$$libinit$$00000000) refers (Special) to libinit2.o(.ARM.Collect$$libinit$$00000030) for __rt_lib_init_exceptions_1
    libinit.o(.ARM.Collect$$libinit$$00000000) refers (Special) to libinit2.o(.ARM.Collect$$libinit$$00000002) for __rt_lib_init_fp_1
    libinit.o(.ARM.Collect$$libinit$$00000000) refers (Special) to libinit2.o(.ARM.Collect$$libinit$$0000001F) for __rt_lib_init_fp_trap_1
    libinit.o(.ARM.Collect$$libinit$$00000000) refers (Special) to libinit2.o(.ARM.Collect$$libinit$$00000023) for __rt_lib_init_getenv_1
    libinit.o(.ARM.Collect$$libinit$$00000000) refers (Special) to libinit2.o(.ARM.Collect$$libinit$$0000000A) for __rt_lib_init_heap_1
    libinit.o(.ARM.Collect$$libinit$$00000000) refers (Special) to libinit2.o(.ARM.Collect$$libinit$$00000011) for __rt_lib_init_lc_collate_1
    libinit.o(.ARM.Collect$$libinit$$00000000) refers (Special) to libinit2.o(.ARM.Collect$$libinit$$00000013) for __rt_lib_init_lc_ctype_1
    libinit.o(.ARM.Collect$$libinit$$00000000) refers (Special) to libinit2.o(.ARM.Collect$$libinit$$00000015) for __rt_lib_init_lc_monetary_1
    libinit.o(.ARM.Collect$$libinit$$00000000) refers (Special) to libinit2.o(.ARM.Collect$$libinit$$00000017) for __rt_lib_init_lc_numeric_1
    libinit.o(.ARM.Collect$$libinit$$00000000) refers (Special) to libinit2.o(.ARM.Collect$$libinit$$00000019) for __rt_lib_init_lc_time_1
    libinit.o(.ARM.Collect$$libinit$$00000000) refers (Special) to libinit2.o(.ARM.Collect$$libinit$$00000004) for __rt_lib_init_preinit_1
    libinit.o(.ARM.Collect$$libinit$$00000000) refers (Special) to libinit2.o(.ARM.Collect$$libinit$$0000000E) for __rt_lib_init_rand_1
    libinit.o(.ARM.Collect$$libinit$$00000000) refers (Special) to libinit2.o(.ARM.Collect$$libinit$$00000033) for __rt_lib_init_return
    libinit.o(.ARM.Collect$$libinit$$00000000) refers (Special) to libinit2.o(.ARM.Collect$$libinit$$0000001D) for __rt_lib_init_signal_1
    libinit.o(.ARM.Collect$$libinit$$00000000) refers (Special) to libinit2.o(.ARM.Collect$$libinit$$00000025) for __rt_lib_init_stdio_1
    libinit.o(.ARM.Collect$$libinit$$00000000) refers (Special) to libinit2.o(.ARM.Collect$$libinit$$0000000C) for __rt_lib_init_user_alloc_1
    libspace.o(.text) refers to libspace.o(.bss) for __libspace_start
    rtexit.o(.ARM.Collect$$rtexit$$00000000) refers (Special) to rtexit2.o(.ARM.Collect$$rtexit$$00000004) for __rt_exit_exit
    rtexit.o(.ARM.Collect$$rtexit$$00000000) refers (Special) to rtexit2.o(.ARM.Collect$$rtexit$$00000003) for __rt_exit_ls
    rtexit.o(.ARM.Collect$$rtexit$$00000000) refers (Special) to rtexit2.o(.ARM.Collect$$rtexit$$00000002) for __rt_exit_prels_1
    rtexit.o(.ARM.exidx) refers (Special) to rtexit2.o(.ARM.Collect$$rtexit$$00000004) for __rt_exit_exit
    rtexit.o(.ARM.exidx) refers (Special) to rtexit2.o(.ARM.Collect$$rtexit$$00000003) for __rt_exit_ls
    rtexit.o(.ARM.exidx) refers (Special) to rtexit2.o(.ARM.Collect$$rtexit$$00000002) for __rt_exit_prels_1
    rtexit.o(.ARM.exidx) refers to rtexit.o(.ARM.Collect$$rtexit$$00000000) for .ARM.Collect$$rtexit$$00000000
    libinit2.o(.ARM.Collect$$libinit$$00000010) refers to libinit2.o(.ARM.Collect$$libinit$$0000000F) for .ARM.Collect$$libinit$$0000000F
    libinit2.o(.ARM.Collect$$libinit$$00000012) refers to libinit2.o(.ARM.Collect$$libinit$$0000000F) for .ARM.Collect$$libinit$$0000000F
    libinit2.o(.ARM.Collect$$libinit$$00000014) refers to libinit2.o(.ARM.Collect$$libinit$$0000000F) for .ARM.Collect$$libinit$$0000000F
    libinit2.o(.ARM.Collect$$libinit$$00000016) refers to libinit2.o(.ARM.Collect$$libinit$$0000000F) for .ARM.Collect$$libinit$$0000000F
    libinit2.o(.ARM.Collect$$libinit$$00000018) refers to libinit2.o(.ARM.Collect$$libinit$$0000000F) for .ARM.Collect$$libinit$$0000000F
    libinit2.o(.ARM.Collect$$libinit$$00000026) refers to argv_veneer.o(.emb_text) for __ARM_argv_veneer
    libinit2.o(.ARM.Collect$$libinit$$00000027) refers to argv_veneer.o(.emb_text) for __ARM_argv_veneer
    rtexit2.o(.ARM.Collect$$rtexit$$00000003) refers to libshutdown.o(.ARM.Collect$$libshutdown$$00000000) for __rt_lib_shutdown
    rtexit2.o(.ARM.Collect$$rtexit$$00000004) refers to sys_exit.o(.text) for _sys_exit
    rtexit2.o(.ARM.exidx) refers to rtexit2.o(.ARM.Collect$$rtexit$$00000001) for .ARM.Collect$$rtexit$$00000001
    rtexit2.o(.ARM.exidx) refers to rtexit2.o(.ARM.Collect$$rtexit$$00000003) for .ARM.Collect$$rtexit$$00000003
    rtexit2.o(.ARM.exidx) refers to rtexit2.o(.ARM.Collect$$rtexit$$00000004) for .ARM.Collect$$rtexit$$00000004
    argv_veneer.o(.emb_text) refers to no_argv.o(.text) for __ARM_get_argv
    sys_exit.o(.text) refers (Special) to use_no_semi.o(.text) for __I$use$semihosting
    sys_exit.o(.text) refers (Special) to indicate_semi.o(.text) for __semihosting_library_function
    _get_argv_nomalloc.o(.text) refers (Special) to hrguard.o(.text) for __heap_region$guard
    _get_argv_nomalloc.o(.text) refers to defsig_rtmem_outer.o(.text) for __rt_SIGRTMEM
    _get_argv_nomalloc.o(.text) refers to sys_command.o(.text) for _sys_command_string
    libshutdown.o(.ARM.Collect$$libshutdown$$00000000) refers (Special) to libshutdown2.o(.ARM.Collect$$libshutdown$$00000002) for __rt_lib_shutdown_cpp_1
    libshutdown.o(.ARM.Collect$$libshutdown$$00000000) refers (Special) to libshutdown2.o(.ARM.Collect$$libshutdown$$00000007) for __rt_lib_shutdown_fp_trap_1
    libshutdown.o(.ARM.Collect$$libshutdown$$00000000) refers (Special) to libshutdown2.o(.ARM.Collect$$libshutdown$$0000000F) for __rt_lib_shutdown_heap_1
    libshutdown.o(.ARM.Collect$$libshutdown$$00000000) refers (Special) to libshutdown2.o(.ARM.Collect$$libshutdown$$00000010) for __rt_lib_shutdown_return
    libshutdown.o(.ARM.Collect$$libshutdown$$00000000) refers (Special) to libshutdown2.o(.ARM.Collect$$libshutdown$$0000000A) for __rt_lib_shutdown_signal_1
    libshutdown.o(.ARM.Collect$$libshutdown$$00000000) refers (Special) to libshutdown2.o(.ARM.Collect$$libshutdown$$00000004) for __rt_lib_shutdown_stdio_1
    libshutdown.o(.ARM.Collect$$libshutdown$$00000000) refers (Special) to libshutdown2.o(.ARM.Collect$$libshutdown$$0000000C) for __rt_lib_shutdown_user_alloc_1
    sys_command.o(.text) refers (Special) to use_no_semi.o(.text) for __I$use$semihosting
    sys_command.o(.text) refers (Special) to indicate_semi.o(.text) for __semihosting_library_function
    defsig_rtmem_outer.o(.text) refers to defsig_rtmem_inner.o(.text) for __rt_SIGRTMEM_inner
    defsig_rtmem_outer.o(.text) refers to defsig_exit.o(.text) for __sig_exit
    defsig_rtmem_formal.o(.text) refers to rt_raise.o(.text) for __rt_raise
    rt_raise.o(.text) refers to __raise.o(.text) for __raise
    rt_raise.o(.text) refers to sys_exit.o(.text) for _sys_exit
    defsig_exit.o(.text) refers to sys_exit.o(.text) for _sys_exit
    defsig_rtmem_inner.o(.text) refers to defsig_general.o(.text) for __default_signal_display
    __raise.o(.text) refers to defsig.o(CL$$defsig) for __default_signal_handler
    defsig_general.o(.text) refers to sys_wrch.o(.text) for _ttywrch
    sys_wrch.o(.text) refers (Special) to use_no_semi.o(.text) for __I$use$semihosting
    sys_wrch.o(.text) refers (Special) to indicate_semi.o(.text) for __semihosting_library_function
    defsig.o(CL$$defsig) refers to defsig_rtmem_inner.o(.text) for __rt_SIGRTMEM_inner
    defsig_abrt_inner.o(.text) refers to defsig_general.o(.text) for __default_signal_display
    defsig_fpe_inner.o(.text) refers to defsig_general.o(.text) for __default_signal_display
    defsig_rtred_inner.o(.text) refers to defsig_general.o(.text) for __default_signal_display
    defsig_stak_inner.o(.text) refers to defsig_general.o(.text) for __default_signal_display
    defsig_pvfn_inner.o(.text) refers to defsig_general.o(.text) for __default_signal_display
    defsig_cppl_inner.o(.text) refers to defsig_general.o(.text) for __default_signal_display
    defsig_segv_inner.o(.text) refers to defsig_general.o(.text) for __default_signal_display
    defsig_other.o(.text) refers to defsig_general.o(.text) for __default_signal_display


==============================================================================

Removing Unused input sections from the image.

    Removing cortexm3_macro_rvds.o(.text), (110 bytes).
    Removing list.o(i.vListInsert), (52 bytes).
    Removing queue.o(i.prvCopyDataFromQueue), (42 bytes).
    Removing queue.o(i.prvCopyDataToQueue), (106 bytes).
    Removing queue.o(i.prvInitialiseNewQueue), (38 bytes).
    Removing queue.o(i.prvIsQueueEmpty), (26 bytes).
    Removing queue.o(i.prvIsQueueFull), (30 bytes).
    Removing queue.o(i.prvUnlockQueue), (126 bytes).
    Removing queue.o(i.uxQueueMessagesWaiting), (18 bytes).
    Removing queue.o(i.uxQueueMessagesWaitingFromISR), (6 bytes).
    Removing queue.o(i.uxQueueSpacesAvailable), (24 bytes).
    Removing queue.o(i.vQueueDelete), (14 bytes).
    Removing queue.o(i.xQueueGenericCreate), (56 bytes).
    Removing queue.o(i.xQueueGenericReset), (128 bytes).
    Removing queue.o(i.xQueueGenericSend), (280 bytes).
    Removing queue.o(i.xQueueGenericSendFromISR), (134 bytes).
    Removing queue.o(i.xQueueGiveFromISR), (120 bytes).
    Removing queue.o(i.xQueueIsQueueEmptyFromISR), (14 bytes).
    Removing queue.o(i.xQueueIsQueueFullFromISR), (18 bytes).
    Removing queue.o(i.xQueuePeek), (268 bytes).
    Removing queue.o(i.xQueuePeekFromISR), (74 bytes).
    Removing queue.o(i.xQueueReceive), (260 bytes).
    Removing queue.o(i.xQueueReceiveFromISR), (130 bytes).
    Removing queue.o(i.xQueueSemaphoreTake), (240 bytes).
    Removing tasks.o(i.pcTaskGetName), (24 bytes).
    Removing tasks.o(i.prvAddCurrentTaskToDelayedList), (152 bytes).
    Removing tasks.o(i.prvCheckTasksWaitingTermination), (72 bytes).
    Removing tasks.o(i.prvDeleteTCB), (18 bytes).
    Removing tasks.o(i.prvIdleTask), (40 bytes).
    Removing tasks.o(i.prvTaskIsTaskSuspended), (64 bytes).
    Removing tasks.o(i.ulTaskNotifyTake), (116 bytes).
    Removing tasks.o(i.uxTaskGetNumberOfTasks), (12 bytes).
    Removing tasks.o(i.uxTaskPriorityGet), (36 bytes).
    Removing tasks.o(i.uxTaskPriorityGetFromISR), (56 bytes).
    Removing tasks.o(i.uxTaskResetEventItemValue), (28 bytes).
    Removing tasks.o(i.vTaskDelay), (52 bytes).
    Removing tasks.o(i.vTaskDelayUntil), (116 bytes).
    Removing tasks.o(i.vTaskDelete), (204 bytes).
    Removing tasks.o(i.vTaskEndScheduler), (36 bytes).
    Removing tasks.o(i.vTaskInternalSetTimeOutState), (24 bytes).
    Removing tasks.o(i.vTaskMissedYield), (12 bytes).
    Removing tasks.o(i.vTaskNotifyGiveFromISR), (180 bytes).
    Removing tasks.o(i.vTaskPlaceOnEventList), (32 bytes).
    Removing tasks.o(i.vTaskPlaceOnUnorderedEventList), (44 bytes).
    Removing tasks.o(i.vTaskPrioritySet), (232 bytes).
    Removing tasks.o(i.vTaskRemoveFromUnorderedEventList), (100 bytes).
    Removing tasks.o(i.vTaskResume), (120 bytes).
    Removing tasks.o(i.vTaskSetTimeOutState), (36 bytes).
    Removing tasks.o(i.vTaskStartScheduler), (100 bytes).
    Removing tasks.o(i.vTaskSuspend), (204 bytes).
    Removing tasks.o(i.vTaskSwitchContext), (96 bytes).
    Removing tasks.o(i.xTaskCheckForTimeOut), (92 bytes).
    Removing tasks.o(i.xTaskGenericNotify), (196 bytes).
    Removing tasks.o(i.xTaskGenericNotifyFromISR), (252 bytes).
    Removing tasks.o(i.xTaskGetTickCount), (12 bytes).
    Removing tasks.o(i.xTaskGetTickCountFromISR), (12 bytes).
    Removing tasks.o(i.xTaskNotifyStateClear), (52 bytes).
    Removing tasks.o(i.xTaskNotifyWait), (160 bytes).
    Removing tasks.o(i.xTaskRemoveFromEventList), (128 bytes).
    Removing tasks.o(i.xTaskResumeFromISR), (152 bytes).
    Removing heap_2.o(i.vPortInitialiseBlocks), (2 bytes).
    Removing heap_2.o(i.xPortGetFreeHeapSize), (12 bytes).
    Removing port.o(.emb_text), (150 bytes).
    Removing port.o(i.vPortEndScheduler), (2 bytes).
    Removing port.o(i.vPortSetupTimerInterrupt), (24 bytes).
    Removing port.o(i.xPortStartScheduler), (52 bytes).
    Removing port.o(i.xPortSysTickHandler), (52 bytes).
    Removing stm32f10x_systick.o(i.SysTick_CounterCmd), (52 bytes).
    Removing stm32f10x_systick.o(i.SysTick_GetCounter), (8 bytes).
    Removing stm32f10x_systick.o(i.SysTick_GetFlagStatus), (50 bytes).
    Removing stm32f10x_systick.o(i.SysTick_ITConfig), (38 bytes).
    Removing stm32f10x_systick.o(i.SysTick_SetReload), (8 bytes).
    Removing stm32f10x_nvic.o(i.NVIC_BASEPRICONFIG), (12 bytes).
    Removing stm32f10x_nvic.o(i.NVIC_ClearIRQChannelPendingBit), (24 bytes).
    Removing stm32f10x_nvic.o(i.NVIC_ClearSystemHandlerPendingBit), (32 bytes).
    Removing stm32f10x_nvic.o(i.NVIC_DeInit), (68 bytes).
    Removing stm32f10x_nvic.o(i.NVIC_GenerateCoreReset), (16 bytes).
    Removing stm32f10x_nvic.o(i.NVIC_GenerateSystemReset), (16 bytes).
    Removing stm32f10x_nvic.o(i.NVIC_GetBASEPRI), (8 bytes).
    Removing stm32f10x_nvic.o(i.NVIC_GetCPUID), (12 bytes).
    Removing stm32f10x_nvic.o(i.NVIC_GetCurrentActiveHandler), (16 bytes).
    Removing stm32f10x_nvic.o(i.NVIC_GetCurrentPendingIRQChannel), (16 bytes).
    Removing stm32f10x_nvic.o(i.NVIC_GetFaultAddress), (32 bytes).
    Removing stm32f10x_nvic.o(i.NVIC_GetFaultHandlerSources), (68 bytes).
    Removing stm32f10x_nvic.o(i.NVIC_GetIRQChannelActiveBitStatus), (44 bytes).
    Removing stm32f10x_nvic.o(i.NVIC_GetIRQChannelPendingBitStatus), (44 bytes).
    Removing stm32f10x_nvic.o(i.NVIC_GetSystemHandlerActiveBitStatus), (44 bytes).
    Removing stm32f10x_nvic.o(i.NVIC_GetSystemHandlerPendingBitStatus), (48 bytes).
    Removing stm32f10x_nvic.o(i.NVIC_Init), (164 bytes).
    Removing stm32f10x_nvic.o(i.NVIC_RESETFAULTMASK), (8 bytes).
    Removing stm32f10x_nvic.o(i.NVIC_RESETPRIMASK), (8 bytes).
    Removing stm32f10x_nvic.o(i.NVIC_SCBDeInit), (84 bytes).
    Removing stm32f10x_nvic.o(i.NVIC_SETFAULTMASK), (8 bytes).
    Removing stm32f10x_nvic.o(i.NVIC_SETPRIMASK), (8 bytes).
    Removing stm32f10x_nvic.o(i.NVIC_SetIRQChannelPendingBit), (12 bytes).
    Removing stm32f10x_nvic.o(i.NVIC_SetSystemHandlerPendingBit), (28 bytes).
    Removing stm32f10x_nvic.o(i.NVIC_StructInit), (12 bytes).
    Removing stm32f10x_nvic.o(i.NVIC_SystemHandlerConfig), (44 bytes).
    Removing stm32f10x_nvic.o(i.NVIC_SystemHandlerPriorityConfig), (112 bytes).
    Removing stm32f10x_nvic.o(i.NVIC_SystemLPConfig), (32 bytes).
    Removing stm32f10x_rcc.o(i.RCC_ADCCLKConfig), (24 bytes).
    Removing stm32f10x_rcc.o(i.RCC_AHBPeriphClockCmd), (32 bytes).
    Removing stm32f10x_rcc.o(i.RCC_APB1PeriphResetCmd), (32 bytes).
    Removing stm32f10x_rcc.o(i.RCC_APB2PeriphResetCmd), (32 bytes).
    Removing stm32f10x_rcc.o(i.RCC_AdjustHSICalibrationValue), (24 bytes).
    Removing stm32f10x_rcc.o(i.RCC_BackupResetCmd), (12 bytes).
    Removing stm32f10x_rcc.o(i.RCC_ClearFlag), (20 bytes).
    Removing stm32f10x_rcc.o(i.RCC_ClearITPendingBit), (12 bytes).
    Removing stm32f10x_rcc.o(i.RCC_ClockSecuritySystemCmd), (12 bytes).
    Removing stm32f10x_rcc.o(i.RCC_GetClocksFreq), (212 bytes).
    Removing stm32f10x_rcc.o(i.RCC_GetITStatus), (24 bytes).
    Removing stm32f10x_rcc.o(i.RCC_HSICmd), (12 bytes).
    Removing stm32f10x_rcc.o(i.RCC_ITConfig), (32 bytes).
    Removing stm32f10x_rcc.o(i.RCC_LSEConfig), (52 bytes).
    Removing stm32f10x_rcc.o(i.RCC_LSICmd), (12 bytes).
    Removing stm32f10x_rcc.o(i.RCC_MCOConfig), (12 bytes).
    Removing stm32f10x_rcc.o(i.RCC_RTCCLKCmd), (12 bytes).
    Removing stm32f10x_rcc.o(i.RCC_RTCCLKConfig), (16 bytes).
    Removing stm32f10x_rcc.o(i.RCC_USBCLKConfig), (12 bytes).
    Removing stm32f10x_rcc.o(.constdata), (20 bytes).
    Removing stm32f10x_gpio.o(i.GPIO_AFIODeInit), (20 bytes).
    Removing stm32f10x_gpio.o(i.GPIO_DeInit), (148 bytes).
    Removing stm32f10x_gpio.o(i.GPIO_EXTILineConfig), (64 bytes).
    Removing stm32f10x_gpio.o(i.GPIO_EventOutputCmd), (12 bytes).
    Removing stm32f10x_gpio.o(i.GPIO_EventOutputConfig), (32 bytes).
    Removing stm32f10x_gpio.o(i.GPIO_Init), (278 bytes).
    Removing stm32f10x_gpio.o(i.GPIO_PinLockConfig), (18 bytes).
    Removing stm32f10x_gpio.o(i.GPIO_PinRemapConfig), (92 bytes).
    Removing stm32f10x_gpio.o(i.GPIO_ReadInputData), (8 bytes).
    Removing stm32f10x_gpio.o(i.GPIO_ReadInputDataBit), (18 bytes).
    Removing stm32f10x_gpio.o(i.GPIO_ReadOutputData), (8 bytes).
    Removing stm32f10x_gpio.o(i.GPIO_ReadOutputDataBit), (18 bytes).
    Removing stm32f10x_gpio.o(i.GPIO_StructInit), (16 bytes).
    Removing stm32f10x_gpio.o(i.GPIO_Write), (4 bytes).
    Removing stm32f10x_gpio.o(i.GPIO_WriteBit), (10 bytes).
    Removing stm32f10x_exti.o(i.EXTI_ClearFlag), (12 bytes).
    Removing stm32f10x_exti.o(i.EXTI_ClearITPendingBit), (12 bytes).
    Removing stm32f10x_exti.o(i.EXTI_DeInit), (36 bytes).
    Removing stm32f10x_exti.o(i.EXTI_GenerateSWInterrupt), (16 bytes).
    Removing stm32f10x_exti.o(i.EXTI_GetFlagStatus), (24 bytes).
    Removing stm32f10x_exti.o(i.EXTI_GetITStatus), (40 bytes).
    Removing stm32f10x_exti.o(i.EXTI_Init), (152 bytes).
    Removing stm32f10x_exti.o(i.EXTI_StructInit), (16 bytes).
    Removing driver_i2c.o(i.ARM_I2C_Control), (70 bytes).
    Removing driver_i2c.o(i.ARM_I2C_GetCapabilities), (12 bytes).
    Removing driver_i2c.o(i.ARM_I2C_GetDataCount), (2 bytes).
    Removing driver_i2c.o(i.ARM_I2C_GetStatus), (88 bytes).
    Removing driver_i2c.o(i.ARM_I2C_GetVersion), (16 bytes).
    Removing driver_i2c.o(i.ARM_I2C_Initialize), (4 bytes).
    Removing driver_i2c.o(i.ARM_I2C_MasterReceive), (6 bytes).
    Removing driver_i2c.o(i.ARM_I2C_MasterTransmit), (6 bytes).
    Removing driver_i2c.o(i.ARM_I2C_PowerControl), (34 bytes).
    Removing driver_i2c.o(i.ARM_I2C_SignalEvent), (2 bytes).
    Removing driver_i2c.o(i.ARM_I2C_SlaveReceive), (4 bytes).
    Removing driver_i2c.o(i.ARM_I2C_SlaveTransmit), (4 bytes).
    Removing driver_i2c.o(i.ARM_I2C_Uninitialize), (2 bytes).
    Removing driver_i2c.o(.constdata), (56 bytes).
    Removing driver_gpio.o(i.ARM_GPIO_Control), (70 bytes).
    Removing driver_gpio.o(i.ARM_GPIO_GetCapabilities), (12 bytes).
    Removing driver_gpio.o(i.ARM_GPIO_GetStatus), (52 bytes).
    Removing driver_gpio.o(i.ARM_GPIO_GetVersion), (16 bytes).
    Removing driver_gpio.o(i.ARM_GPIO_Initialize), (4 bytes).
    Removing driver_gpio.o(i.ARM_GPIO_Off), (22 bytes).
    Removing driver_gpio.o(i.ARM_GPIO_On), (22 bytes).
    Removing driver_gpio.o(i.ARM_GPIO_PowerControl), (34 bytes).
    Removing driver_gpio.o(i.ARM_GPIO_SignalEvent), (2 bytes).
    Removing driver_gpio.o(i.ARM_GPIO_Toggle), (6 bytes).
    Removing driver_gpio.o(i.ARM_GPIO_Uninitialize), (2 bytes).
    Removing driver_gpio.o(.constdata), (48 bytes).

169 unused section(s) (total 9312 bytes) removed from the image.

==============================================================================

Image Symbol Table

    Local Symbols

    Symbol Name                              Value     Ov Type        Size  Object(Section)

    ../clib/angel/boardlib.s                 0x00000000   Number         0  boardinit2.o ABSOLUTE
    ../clib/angel/boardlib.s                 0x00000000   Number         0  boardinit3.o ABSOLUTE
    ../clib/angel/boardlib.s                 0x00000000   Number         0  boardshut.o ABSOLUTE
    ../clib/angel/boardlib.s                 0x00000000   Number         0  boardinit1.o ABSOLUTE
    ../clib/angel/handlers.s                 0x00000000   Number         0  __scatter_zi.o ABSOLUTE
    ../clib/angel/handlers.s                 0x00000000   Number         0  __scatter_copy.o ABSOLUTE
    ../clib/angel/kernel.s                   0x00000000   Number         0  rtexit2.o ABSOLUTE
    ../clib/angel/kernel.s                   0x00000000   Number         0  __rtentry.o ABSOLUTE
    ../clib/angel/kernel.s                   0x00000000   Number         0  rtexit.o ABSOLUTE
    ../clib/angel/kernel.s                   0x00000000   Number         0  __rtentry2.o ABSOLUTE
    ../clib/angel/kernel.s                   0x00000000   Number         0  __rtentry4.o ABSOLUTE
    ../clib/angel/rt.s                       0x00000000   Number         0  rt_raise.o ABSOLUTE
    ../clib/angel/scatter.s                  0x00000000   Number         0  __scatter.o ABSOLUTE
    ../clib/angel/startup.s                  0x00000000   Number         0  __main.o ABSOLUTE
    ../clib/angel/sys.s                      0x00000000   Number         0  indicate_semi.o ABSOLUTE
    ../clib/angel/sys.s                      0x00000000   Number         0  use_no_semi.o ABSOLUTE
    ../clib/angel/sys.s                      0x00000000   Number         0  sys_stackheap_outer.o ABSOLUTE
    ../clib/angel/sys.s                      0x00000000   Number         0  libspace.o ABSOLUTE
    ../clib/angel/sysapp.c                   0x00000000   Number         0  sys_command.o ABSOLUTE
    ../clib/angel/sysapp.c                   0x00000000   Number         0  sys_exit.o ABSOLUTE
    ../clib/angel/sysapp.c                   0x00000000   Number         0  sys_wrch.o ABSOLUTE
    ../clib/armsys.c                         0x00000000   Number         0  _get_argv_nomalloc.o ABSOLUTE
    ../clib/armsys.c                         0x00000000   Number         0  argv_veneer.o ABSOLUTE
    ../clib/armsys.c                         0x00000000   Number         0  argv_veneer.o ABSOLUTE
    ../clib/armsys.c                         0x00000000   Number         0  no_argv.o ABSOLUTE
    ../clib/heapalloc.c                      0x00000000   Number         0  hrguard.o ABSOLUTE
    ../clib/heapaux.c                        0x00000000   Number         0  heapauxi.o ABSOLUTE
    ../clib/libinit.s                        0x00000000   Number         0  libshutdown.o ABSOLUTE
    ../clib/libinit.s                        0x00000000   Number         0  libinit.o ABSOLUTE
    ../clib/libinit.s                        0x00000000   Number         0  libshutdown2.o ABSOLUTE
    ../clib/libinit.s                        0x00000000   Number         0  libinit2.o ABSOLUTE
    ../clib/memcpset.s                       0x00000000   Number         0  rt_memcpy_v6.o ABSOLUTE
    ../clib/memcpset.s                       0x00000000   Number         0  rt_memcpy_w.o ABSOLUTE
    ../clib/signal.c                         0x00000000   Number         0  defsig_rtmem_inner.o ABSOLUTE
    ../clib/signal.c                         0x00000000   Number         0  defsig_exit.o ABSOLUTE
    ../clib/signal.c                         0x00000000   Number         0  defsig_other.o ABSOLUTE
    ../clib/signal.c                         0x00000000   Number         0  defsig_fpe_inner.o ABSOLUTE
    ../clib/signal.c                         0x00000000   Number         0  defsig_pvfn_inner.o ABSOLUTE
    ../clib/signal.c                         0x00000000   Number         0  defsig_general.o ABSOLUTE
    ../clib/signal.c                         0x00000000   Number         0  __raise.o ABSOLUTE
    ../clib/signal.c                         0x00000000   Number         0  defsig_abrt_inner.o ABSOLUTE
    ../clib/signal.c                         0x00000000   Number         0  defsig_rtred_inner.o ABSOLUTE
    ../clib/signal.c                         0x00000000   Number         0  defsig_rtmem_formal.o ABSOLUTE
    ../clib/signal.c                         0x00000000   Number         0  defsig_stak_inner.o ABSOLUTE
    ../clib/signal.c                         0x00000000   Number         0  defsig_cppl_inner.o ABSOLUTE
    ../clib/signal.c                         0x00000000   Number         0  defsig_rtmem_outer.o ABSOLUTE
    ../clib/signal.c                         0x00000000   Number         0  defsig_segv_inner.o ABSOLUTE
    ../clib/signal.s                         0x00000000   Number         0  defsig.o ABSOLUTE
    ../clib/stdlib.c                         0x00000000   Number         0  exit.o ABSOLUTE
    ../fplib/fpinit.s                        0x00000000   Number         0  fpinit.o ABSOLUTE
    ..\Application\main.c                    0x00000000   Number         0  main.o ABSOLUTE
    ..\Driver\src\Driver_GPIO.c              0x00000000   Number         0  driver_gpio.o ABSOLUTE
    ..\Driver\src\Driver_I2C.c               0x00000000   Number         0  driver_i2c.o ABSOLUTE
    ..\FreeRTOS\Source\list.c                0x00000000   Number         0  list.o ABSOLUTE
    ..\FreeRTOS\Source\portable\MemMang\heap_2.c 0x00000000   Number         0  heap_2.o ABSOLUTE
    ..\FreeRTOS\Source\portable\RVDS\ARM_CM3\port.c 0x00000000   Number         0  port.o ABSOLUTE
    ..\FreeRTOS\Source\queue.c               0x00000000   Number         0  queue.o ABSOLUTE
    ..\FreeRTOS\Source\tasks.c               0x00000000   Number         0  tasks.o ABSOLUTE
    ..\FreeRTOS\Source\timers.c              0x00000000   Number         0  timers.o ABSOLUTE
    ..\Lib\STM32F10xFWLib\src\cortexm3_macro_rvds.s 0x00000000   Number         0  cortexm3_macro_rvds.o ABSOLUTE
    ..\Lib\STM32F10xFWLib\src\stm32f10x_exti.c 0x00000000   Number         0  stm32f10x_exti.o ABSOLUTE
    ..\Lib\STM32F10xFWLib\src\stm32f10x_gpio.c 0x00000000   Number         0  stm32f10x_gpio.o ABSOLUTE
    ..\Lib\STM32F10xFWLib\src\stm32f10x_nvic.c 0x00000000   Number         0  stm32f10x_nvic.o ABSOLUTE
    ..\Lib\STM32F10xFWLib\src\stm32f10x_rcc.c 0x00000000   Number         0  stm32f10x_rcc.o ABSOLUTE
    ..\Lib\STM32F10xFWLib\src\stm32f10x_systick.c 0x00000000   Number         0  stm32f10x_systick.o ABSOLUTE
    ..\System\STM32F10x.s                    0x00000000   Number         0  stm32f10x.o ABSOLUTE
    ..\Tasks\src\LED_Task.c                  0x00000000   Number         0  led_task.o ABSOLUTE
    ..\\FreeRTOS\\Source\\portable\\RVDS\\ARM_CM3\\port.c 0x00000000   Number         0  port.o ABSOLUTE
    dc.s                                     0x00000000   Number         0  dc.o ABSOLUTE
    RESET                                    0x08000000   Section      236  stm32f10x.o(RESET)
    !!!main                                  0x080000ec   Section        8  __main.o(!!!main)
    !!!scatter                               0x080000f4   Section       52  __scatter.o(!!!scatter)
    !!handler_copy                           0x08000128   Section       26  __scatter_copy.o(!!handler_copy)
    !!handler_zi                             0x08000144   Section       28  __scatter_zi.o(!!handler_zi)
    .ARM.Collect$$libinit$$00000000          0x08000160   Section        2  libinit.o(.ARM.Collect$$libinit$$00000000)
    .ARM.Collect$$libinit$$00000002          0x08000162   Section        0  libinit2.o(.ARM.Collect$$libinit$$00000002)
    .ARM.Collect$$libinit$$00000004          0x08000162   Section        0  libinit2.o(.ARM.Collect$$libinit$$00000004)
    .ARM.Collect$$libinit$$0000000A          0x08000162   Section        0  libinit2.o(.ARM.Collect$$libinit$$0000000A)
    .ARM.Collect$$libinit$$0000000C          0x08000162   Section        0  libinit2.o(.ARM.Collect$$libinit$$0000000C)
    .ARM.Collect$$libinit$$0000000E          0x08000162   Section        0  libinit2.o(.ARM.Collect$$libinit$$0000000E)
    .ARM.Collect$$libinit$$00000011          0x08000162   Section        0  libinit2.o(.ARM.Collect$$libinit$$00000011)
    .ARM.Collect$$libinit$$00000013          0x08000162   Section        0  libinit2.o(.ARM.Collect$$libinit$$00000013)
    .ARM.Collect$$libinit$$00000015          0x08000162   Section        0  libinit2.o(.ARM.Collect$$libinit$$00000015)
    .ARM.Collect$$libinit$$00000017          0x08000162   Section        0  libinit2.o(.ARM.Collect$$libinit$$00000017)
    .ARM.Collect$$libinit$$00000019          0x08000162   Section        0  libinit2.o(.ARM.Collect$$libinit$$00000019)
    .ARM.Collect$$libinit$$0000001B          0x08000162   Section        0  libinit2.o(.ARM.Collect$$libinit$$0000001B)
    .ARM.Collect$$libinit$$0000001D          0x08000162   Section        0  libinit2.o(.ARM.Collect$$libinit$$0000001D)
    .ARM.Collect$$libinit$$0000001F          0x08000162   Section        0  libinit2.o(.ARM.Collect$$libinit$$0000001F)
    .ARM.Collect$$libinit$$00000021          0x08000162   Section        0  libinit2.o(.ARM.Collect$$libinit$$00000021)
    .ARM.Collect$$libinit$$00000023          0x08000162   Section        0  libinit2.o(.ARM.Collect$$libinit$$00000023)
    .ARM.Collect$$libinit$$00000025          0x08000162   Section        0  libinit2.o(.ARM.Collect$$libinit$$00000025)
    .ARM.Collect$$libinit$$0000002C          0x08000162   Section        0  libinit2.o(.ARM.Collect$$libinit$$0000002C)
    .ARM.Collect$$libinit$$0000002E          0x08000162   Section        0  libinit2.o(.ARM.Collect$$libinit$$0000002E)
    .ARM.Collect$$libinit$$00000030          0x08000162   Section        0  libinit2.o(.ARM.Collect$$libinit$$00000030)
    .ARM.Collect$$libinit$$00000032          0x08000162   Section        0  libinit2.o(.ARM.Collect$$libinit$$00000032)
    .ARM.Collect$$libinit$$00000033          0x08000162   Section        2  libinit2.o(.ARM.Collect$$libinit$$00000033)
    .ARM.Collect$$libshutdown$$00000000      0x08000164   Section        2  libshutdown.o(.ARM.Collect$$libshutdown$$00000000)
    .ARM.Collect$$libshutdown$$00000002      0x08000166   Section        0  libshutdown2.o(.ARM.Collect$$libshutdown$$00000002)
    .ARM.Collect$$libshutdown$$00000004      0x08000166   Section        0  libshutdown2.o(.ARM.Collect$$libshutdown$$00000004)
    .ARM.Collect$$libshutdown$$00000007      0x08000166   Section        0  libshutdown2.o(.ARM.Collect$$libshutdown$$00000007)
    .ARM.Collect$$libshutdown$$0000000A      0x08000166   Section        0  libshutdown2.o(.ARM.Collect$$libshutdown$$0000000A)
    .ARM.Collect$$libshutdown$$0000000C      0x08000166   Section        0  libshutdown2.o(.ARM.Collect$$libshutdown$$0000000C)
    .ARM.Collect$$libshutdown$$0000000F      0x08000166   Section        0  libshutdown2.o(.ARM.Collect$$libshutdown$$0000000F)
    .ARM.Collect$$libshutdown$$00000010      0x08000166   Section        2  libshutdown2.o(.ARM.Collect$$libshutdown$$00000010)
    .ARM.Collect$$rtentry$$00000000          0x08000168   Section        0  __rtentry.o(.ARM.Collect$$rtentry$$00000000)
    .ARM.Collect$$rtentry$$00000002          0x08000168   Section        0  __rtentry2.o(.ARM.Collect$$rtentry$$00000002)
    .ARM.Collect$$rtentry$$00000004          0x08000168   Section        6  __rtentry4.o(.ARM.Collect$$rtentry$$00000004)
    .ARM.Collect$$rtentry$$00000009          0x0800016e   Section        0  __rtentry2.o(.ARM.Collect$$rtentry$$00000009)
    .ARM.Collect$$rtentry$$0000000A          0x0800016e   Section        4  __rtentry2.o(.ARM.Collect$$rtentry$$0000000A)
    .ARM.Collect$$rtentry$$0000000C          0x08000172   Section        0  __rtentry2.o(.ARM.Collect$$rtentry$$0000000C)
    .ARM.Collect$$rtentry$$0000000D          0x08000172   Section        8  __rtentry2.o(.ARM.Collect$$rtentry$$0000000D)
    .ARM.Collect$$rtexit$$00000000           0x0800017a   Section        2  rtexit.o(.ARM.Collect$$rtexit$$00000000)
    .ARM.Collect$$rtexit$$00000002           0x0800017c   Section        0  rtexit2.o(.ARM.Collect$$rtexit$$00000002)
    .ARM.Collect$$rtexit$$00000003           0x0800017c   Section        4  rtexit2.o(.ARM.Collect$$rtexit$$00000003)
    .ARM.Collect$$rtexit$$00000004           0x08000180   Section        6  rtexit2.o(.ARM.Collect$$rtexit$$00000004)
    .text                                    0x08000188   Section       52  stm32f10x.o(.text)
    .text                                    0x080001bc   Section        0  heapauxi.o(.text)
    .text                                    0x080001c2   Section       74  sys_stackheap_outer.o(.text)
    .text                                    0x0800020c   Section        0  exit.o(.text)
    .text                                    0x08000220   Section        8  libspace.o(.text)
    .text                                    0x08000228   Section        0  sys_exit.o(.text)
    .text                                    0x08000234   Section        2  use_no_semi.o(.text)
    .text                                    0x08000236   Section        0  indicate_semi.o(.text)
    i.NVIC_PriorityGroupConfig               0x08000238   Section        0  stm32f10x_nvic.o(i.NVIC_PriorityGroupConfig)
    i.NVIC_SetVectorTable                    0x0800024c   Section        0  stm32f10x_nvic.o(i.NVIC_SetVectorTable)
    i.RCC_APB1PeriphClockCmd                 0x08000268   Section        0  stm32f10x_rcc.o(i.RCC_APB1PeriphClockCmd)
    i.RCC_APB2PeriphClockCmd                 0x08000288   Section        0  stm32f10x_rcc.o(i.RCC_APB2PeriphClockCmd)
    i.RCC_DeInit                             0x080002a8   Section        0  stm32f10x_rcc.o(i.RCC_DeInit)
    i.RCC_GetFlagStatus                      0x08000304   Section        0  stm32f10x_rcc.o(i.RCC_GetFlagStatus)
    i.RCC_GetSYSCLKSource                    0x08000340   Section        0  stm32f10x_rcc.o(i.RCC_GetSYSCLKSource)
    i.RCC_HCLKConfig                         0x08000350   Section        0  stm32f10x_rcc.o(i.RCC_HCLKConfig)
    i.RCC_HSEConfig                          0x08000368   Section        0  stm32f10x_rcc.o(i.RCC_HSEConfig)
    i.RCC_PCLK1Config                        0x080003b4   Section        0  stm32f10x_rcc.o(i.RCC_PCLK1Config)
    i.RCC_PCLK2Config                        0x080003cc   Section        0  stm32f10x_rcc.o(i.RCC_PCLK2Config)
    i.RCC_PLLCmd                             0x080003e4   Section        0  stm32f10x_rcc.o(i.RCC_PLLCmd)
    i.RCC_PLLConfig                          0x080003f0   Section        0  stm32f10x_rcc.o(i.RCC_PLLConfig)
    i.RCC_SYSCLKConfig                       0x0800040c   Section        0  stm32f10x_rcc.o(i.RCC_SYSCLKConfig)
    i.SysTick_CLKSourceConfig                0x08000424   Section        0  stm32f10x_systick.o(i.SysTick_CLKSourceConfig)
    i.main                                   0x0800044c   Section        0  main.o(i.main)
    i.prvAddNewTaskToReadyList               0x08000470   Section        0  tasks.o(i.prvAddNewTaskToReadyList)
    prvAddNewTaskToReadyList                 0x08000471   Thumb Code   150  tasks.o(i.prvAddNewTaskToReadyList)
    i.prvHeapInit                            0x08000524   Section        0  heap_2.o(i.prvHeapInit)
    prvHeapInit                              0x08000525   Thumb Code    42  heap_2.o(i.prvHeapInit)
    i.prvInitialiseNewTask                   0x0800055c   Section        0  tasks.o(i.prvInitialiseNewTask)
    prvInitialiseNewTask                     0x0800055d   Thumb Code   128  tasks.o(i.prvInitialiseNewTask)
    i.prvInitialiseTaskLists                 0x080005dc   Section        0  tasks.o(i.prvInitialiseTaskLists)
    prvInitialiseTaskLists                   0x080005dd   Thumb Code    70  tasks.o(i.prvInitialiseTaskLists)
    i.prvResetNextTaskUnblockTime            0x08000644   Section        0  tasks.o(i.prvResetNextTaskUnblockTime)
    prvResetNextTaskUnblockTime              0x08000645   Thumb Code    42  tasks.o(i.prvResetNextTaskUnblockTime)
    i.prvSetupHardware                       0x08000678   Section        0  main.o(i.prvSetupHardware)
    prvSetupHardware                         0x08000679   Thumb Code   138  main.o(i.prvSetupHardware)
    i.prvTaskExitError                       0x08000708   Section        0  port.o(i.prvTaskExitError)
    prvTaskExitError                         0x08000709   Thumb Code    22  port.o(i.prvTaskExitError)
    i.pvPortMalloc                           0x08000720   Section        0  heap_2.o(i.pvPortMalloc)
    i.pxPortInitialiseStack                  0x080007d8   Section        0  port.o(i.pxPortInitialiseStack)
    i.uxListRemove                           0x080007fc   Section        0  list.o(i.uxListRemove)
    i.vLEDTask                               0x08000824   Section        0  led_task.o(i.vLEDTask)
    i.vListInitialise                        0x08000826   Section        0  list.o(i.vListInitialise)
    i.vListInitialiseItem                    0x08000840   Section        0  list.o(i.vListInitialiseItem)
    i.vListInsertEnd                         0x08000846   Section        0  list.o(i.vListInsertEnd)
    i.vPortEnterCritical                     0x08000860   Section        0  port.o(i.vPortEnterCritical)
    i.vPortExitCritical                      0x08000884   Section        0  port.o(i.vPortExitCritical)
    i.vPortFree                              0x080008a4   Section        0  heap_2.o(i.vPortFree)
    i.vTaskSuspendAll                        0x080008e4   Section        0  tasks.o(i.vTaskSuspendAll)
    i.xTaskCreate                            0x080008f4   Section        0  tasks.o(i.xTaskCreate)
    i.xTaskIncrementTick                     0x08000954   Section        0  tasks.o(i.xTaskIncrementTick)
    i.xTaskResumeAll                         0x08000a70   Section        0  tasks.o(i.xTaskResumeAll)
    .data                                    0x20000000   Section       60  tasks.o(.data)
    pxDelayedTaskList                        0x20000004   Data           4  tasks.o(.data)
    pxOverflowDelayedTaskList                0x20000008   Data           4  tasks.o(.data)
    uxDeletedTasksWaitingCleanUp             0x2000000c   Data           4  tasks.o(.data)
    uxCurrentNumberOfTasks                   0x20000010   Data           4  tasks.o(.data)
    xTickCount                               0x20000014   Data           4  tasks.o(.data)
    uxTopReadyPriority                       0x20000018   Data           4  tasks.o(.data)
    xSchedulerRunning                        0x2000001c   Data           4  tasks.o(.data)
    uxPendedTicks                            0x20000020   Data           4  tasks.o(.data)
    xYieldPending                            0x20000024   Data           4  tasks.o(.data)
    xNumOfOverflows                          0x20000028   Data           4  tasks.o(.data)
    uxTaskNumber                             0x2000002c   Data           4  tasks.o(.data)
    xNextTaskUnblockTime                     0x20000030   Data           4  tasks.o(.data)
    xIdleTaskHandle                          0x20000034   Data           4  tasks.o(.data)
    uxSchedulerSuspended                     0x20000038   Data           4  tasks.o(.data)
    .data                                    0x2000003c   Section       24  heap_2.o(.data)
    xStart                                   0x2000003c   Data           8  heap_2.o(.data)
    xEnd                                     0x20000044   Data           8  heap_2.o(.data)
    xFreeBytesRemaining                      0x2000004c   Data           4  heap_2.o(.data)
    xHeapHasBeenInitialised                  0x20000050   Data           4  heap_2.o(.data)
    .data                                    0x20000054   Section        4  port.o(.data)
    uxCriticalNesting                        0x20000054   Data           4  port.o(.data)
    .bss                                     0x20000058   Section      200  tasks.o(.bss)
    pxReadyTasksLists                        0x20000058   Data         100  tasks.o(.bss)
    xDelayedTaskList1                        0x200000bc   Data          20  tasks.o(.bss)
    xDelayedTaskList2                        0x200000d0   Data          20  tasks.o(.bss)
    xPendingReadyList                        0x200000e4   Data          20  tasks.o(.bss)
    xTasksWaitingTermination                 0x200000f8   Data          20  tasks.o(.bss)
    xSuspendedTaskList                       0x2000010c   Data          20  tasks.o(.bss)
    .bss                                     0x20000120   Section    17408  heap_2.o(.bss)
    ucHeap                                   0x20000120   Data       17408  heap_2.o(.bss)
    .bss                                     0x20004520   Section       96  libspace.o(.bss)
    HEAP                                     0x20004580   Section        0  stm32f10x.o(HEAP)
    STACK                                    0x20004580   Section      512  stm32f10x.o(STACK)
    Heap_Mem                                 0x20004580   Data           0  stm32f10x.o(HEAP)
    Stack_Mem                                0x20004580   Data         512  stm32f10x.o(STACK)
    __initial_sp                             0x20004780   Data           0  stm32f10x.o(STACK)

    Global Symbols

    Symbol Name                              Value     Ov Type        Size  Object(Section)

    BuildAttributes$$THM_ISAv4$P$D$K$B$S$PE$A:L22UL41UL21$X:L11$S22US41US21$IEEE1$IW$USESV6$~STKCKD$USESV7$~SHL$OSPACE$ROPI$EBA8$UX$STANDARDLIB$REQ8$PRES8$EABIv2 0x00000000   Number         0  anon$$obj.o ABSOLUTE
    __ARM_use_no_argv                        0x00000000   Number         0  main.o ABSOLUTE
    __ARM_exceptions_init                     - Undefined Weak Reference
    __alloca_initialize                       - Undefined Weak Reference
    __arm_preinit_                            - Undefined Weak Reference
    __cpp_initialize__aeabi_                  - Undefined Weak Reference
    __cxa_finalize                            - Undefined Weak Reference
    __rt_locale                               - Undefined Weak Reference
    __sigvec_lookup                           - Undefined Weak Reference
    _atexit_init                              - Undefined Weak Reference
    _call_atexit_fns                          - Undefined Weak Reference
    _clock_init                               - Undefined Weak Reference
    _fp_trap_init                             - Undefined Weak Reference
    _fp_trap_shutdown                         - Undefined Weak Reference
    _get_lc_collate                           - Undefined Weak Reference
    _get_lc_ctype                             - Undefined Weak Reference
    _get_lc_monetary                          - Undefined Weak Reference
    _get_lc_numeric                           - Undefined Weak Reference
    _get_lc_time                              - Undefined Weak Reference
    _getenv_init                              - Undefined Weak Reference
    _handle_redirection                       - Undefined Weak Reference
    _init_alloc                               - Undefined Weak Reference
    _init_user_alloc                          - Undefined Weak Reference
    _initio                                   - Undefined Weak Reference
    _rand_init                                - Undefined Weak Reference
    _signal_finish                            - Undefined Weak Reference
    _signal_init                              - Undefined Weak Reference
    _terminate_alloc                          - Undefined Weak Reference
    _terminate_user_alloc                     - Undefined Weak Reference
    _terminateio                              - Undefined Weak Reference
    __Vectors                                0x08000000   Data           4  stm32f10x.o(RESET)
    __main                                   0x080000ed   Thumb Code     8  __main.o(!!!main)
    __scatterload                            0x080000f5   Thumb Code     0  __scatter.o(!!!scatter)
    __scatterload_rt2                        0x080000f5   Thumb Code    44  __scatter.o(!!!scatter)
    __scatterload_rt2_thumb_only             0x080000f5   Thumb Code     0  __scatter.o(!!!scatter)
    __scatterload_null                       0x08000103   Thumb Code     0  __scatter.o(!!!scatter)
    __scatterload_copy                       0x08000129   Thumb Code    26  __scatter_copy.o(!!handler_copy)
    __scatterload_zeroinit                   0x08000145   Thumb Code    28  __scatter_zi.o(!!handler_zi)
    __rt_lib_init                            0x08000161   Thumb Code     0  libinit.o(.ARM.Collect$$libinit$$00000000)
    __rt_lib_init_alloca_1                   0x08000163   Thumb Code     0  libinit2.o(.ARM.Collect$$libinit$$0000002E)
    __rt_lib_init_argv_1                     0x08000163   Thumb Code     0  libinit2.o(.ARM.Collect$$libinit$$0000002C)
    __rt_lib_init_atexit_1                   0x08000163   Thumb Code     0  libinit2.o(.ARM.Collect$$libinit$$0000001B)
    __rt_lib_init_clock_1                    0x08000163   Thumb Code     0  libinit2.o(.ARM.Collect$$libinit$$00000021)
    __rt_lib_init_cpp_1                      0x08000163   Thumb Code     0  libinit2.o(.ARM.Collect$$libinit$$00000032)
    __rt_lib_init_exceptions_1               0x08000163   Thumb Code     0  libinit2.o(.ARM.Collect$$libinit$$00000030)
    __rt_lib_init_fp_1                       0x08000163   Thumb Code     0  libinit2.o(.ARM.Collect$$libinit$$00000002)
    __rt_lib_init_fp_trap_1                  0x08000163   Thumb Code     0  libinit2.o(.ARM.Collect$$libinit$$0000001F)
    __rt_lib_init_getenv_1                   0x08000163   Thumb Code     0  libinit2.o(.ARM.Collect$$libinit$$00000023)
    __rt_lib_init_heap_1                     0x08000163   Thumb Code     0  libinit2.o(.ARM.Collect$$libinit$$0000000A)
    __rt_lib_init_lc_collate_1               0x08000163   Thumb Code     0  libinit2.o(.ARM.Collect$$libinit$$00000011)
    __rt_lib_init_lc_ctype_1                 0x08000163   Thumb Code     0  libinit2.o(.ARM.Collect$$libinit$$00000013)
    __rt_lib_init_lc_monetary_1              0x08000163   Thumb Code     0  libinit2.o(.ARM.Collect$$libinit$$00000015)
    __rt_lib_init_lc_numeric_1               0x08000163   Thumb Code     0  libinit2.o(.ARM.Collect$$libinit$$00000017)
    __rt_lib_init_lc_time_1                  0x08000163   Thumb Code     0  libinit2.o(.ARM.Collect$$libinit$$00000019)
    __rt_lib_init_preinit_1                  0x08000163   Thumb Code     0  libinit2.o(.ARM.Collect$$libinit$$00000004)
    __rt_lib_init_rand_1                     0x08000163   Thumb Code     0  libinit2.o(.ARM.Collect$$libinit$$0000000E)
    __rt_lib_init_return                     0x08000163   Thumb Code     0  libinit2.o(.ARM.Collect$$libinit$$00000033)
    __rt_lib_init_signal_1                   0x08000163   Thumb Code     0  libinit2.o(.ARM.Collect$$libinit$$0000001D)
    __rt_lib_init_stdio_1                    0x08000163   Thumb Code     0  libinit2.o(.ARM.Collect$$libinit$$00000025)
    __rt_lib_init_user_alloc_1               0x08000163   Thumb Code     0  libinit2.o(.ARM.Collect$$libinit$$0000000C)
    __rt_lib_shutdown                        0x08000165   Thumb Code     0  libshutdown.o(.ARM.Collect$$libshutdown$$00000000)
    __rt_lib_shutdown_cpp_1                  0x08000167   Thumb Code     0  libshutdown2.o(.ARM.Collect$$libshutdown$$00000002)
    __rt_lib_shutdown_fp_trap_1              0x08000167   Thumb Code     0  libshutdown2.o(.ARM.Collect$$libshutdown$$00000007)
    __rt_lib_shutdown_heap_1                 0x08000167   Thumb Code     0  libshutdown2.o(.ARM.Collect$$libshutdown$$0000000F)
    __rt_lib_shutdown_return                 0x08000167   Thumb Code     0  libshutdown2.o(.ARM.Collect$$libshutdown$$00000010)
    __rt_lib_shutdown_signal_1               0x08000167   Thumb Code     0  libshutdown2.o(.ARM.Collect$$libshutdown$$0000000A)
    __rt_lib_shutdown_stdio_1                0x08000167   Thumb Code     0  libshutdown2.o(.ARM.Collect$$libshutdown$$00000004)
    __rt_lib_shutdown_user_alloc_1           0x08000167   Thumb Code     0  libshutdown2.o(.ARM.Collect$$libshutdown$$0000000C)
    __rt_entry                               0x08000169   Thumb Code     0  __rtentry.o(.ARM.Collect$$rtentry$$00000000)
    __rt_entry_presh_1                       0x08000169   Thumb Code     0  __rtentry2.o(.ARM.Collect$$rtentry$$00000002)
    __rt_entry_sh                            0x08000169   Thumb Code     0  __rtentry4.o(.ARM.Collect$$rtentry$$00000004)
    __rt_entry_li                            0x0800016f   Thumb Code     0  __rtentry2.o(.ARM.Collect$$rtentry$$0000000A)
    __rt_entry_postsh_1                      0x0800016f   Thumb Code     0  __rtentry2.o(.ARM.Collect$$rtentry$$00000009)
    __rt_entry_main                          0x08000173   Thumb Code     0  __rtentry2.o(.ARM.Collect$$rtentry$$0000000D)
    __rt_entry_postli_1                      0x08000173   Thumb Code     0  __rtentry2.o(.ARM.Collect$$rtentry$$0000000C)
    __rt_exit                                0x0800017b   Thumb Code     0  rtexit.o(.ARM.Collect$$rtexit$$00000000)
    __rt_exit_ls                             0x0800017d   Thumb Code     0  rtexit2.o(.ARM.Collect$$rtexit$$00000003)
    __rt_exit_prels_1                        0x0800017d   Thumb Code     0  rtexit2.o(.ARM.Collect$$rtexit$$00000002)
    __rt_exit_exit                           0x08000181   Thumb Code     0  rtexit2.o(.ARM.Collect$$rtexit$$00000004)
    Reset_Handler                            0x08000189   Thumb Code     4  stm32f10x.o(.text)
    NMI_Handler                              0x0800018d   Thumb Code     2  stm32f10x.o(.text)
    HardFault_Handler                        0x0800018f   Thumb Code     2  stm32f10x.o(.text)
    MemManage_Handler                        0x08000191   Thumb Code     2  stm32f10x.o(.text)
    BusFault_Handler                         0x08000193   Thumb Code     2  stm32f10x.o(.text)
    UsageFault_Handler                       0x08000195   Thumb Code     2  stm32f10x.o(.text)
    SVC_Handler                              0x08000197   Thumb Code     2  stm32f10x.o(.text)
    DebugMon_Handler                         0x08000199   Thumb Code     2  stm32f10x.o(.text)
    PendSV_Handler                           0x0800019b   Thumb Code     2  stm32f10x.o(.text)
    SysTick_Handler                          0x0800019d   Thumb Code     2  stm32f10x.o(.text)
    ADC_IRQHandler                           0x0800019f   Thumb Code     0  stm32f10x.o(.text)
    CAN_RX1_IRQHandler                       0x0800019f   Thumb Code     0  stm32f10x.o(.text)
    CAN_SCE_IRQHandler                       0x0800019f   Thumb Code     0  stm32f10x.o(.text)
    DMAChannel1_IRQHandler                   0x0800019f   Thumb Code     0  stm32f10x.o(.text)
    DMAChannel2_IRQHandler                   0x0800019f   Thumb Code     0  stm32f10x.o(.text)
    DMAChannel3_IRQHandler                   0x0800019f   Thumb Code     0  stm32f10x.o(.text)
    DMAChannel4_IRQHandler                   0x0800019f   Thumb Code     0  stm32f10x.o(.text)
    DMAChannel5_IRQHandler                   0x0800019f   Thumb Code     0  stm32f10x.o(.text)
    DMAChannel6_IRQHandler                   0x0800019f   Thumb Code     0  stm32f10x.o(.text)
    DMAChannel7_IRQHandler                   0x0800019f   Thumb Code     0  stm32f10x.o(.text)
    EXTI0_IRQHandler                         0x0800019f   Thumb Code     0  stm32f10x.o(.text)
    EXTI15_10_IRQHandler                     0x0800019f   Thumb Code     0  stm32f10x.o(.text)
    EXTI1_IRQHandler                         0x0800019f   Thumb Code     0  stm32f10x.o(.text)
    EXTI2_IRQHandler                         0x0800019f   Thumb Code     0  stm32f10x.o(.text)
    EXTI3_IRQHandler                         0x0800019f   Thumb Code     0  stm32f10x.o(.text)
    EXTI4_IRQHandler                         0x0800019f   Thumb Code     0  stm32f10x.o(.text)
    EXTI9_5_IRQHandler                       0x0800019f   Thumb Code     0  stm32f10x.o(.text)
    FLASH_IRQHandler                         0x0800019f   Thumb Code     0  stm32f10x.o(.text)
    I2C1_ER_IRQHandler                       0x0800019f   Thumb Code     0  stm32f10x.o(.text)
    I2C1_EV_IRQHandler                       0x0800019f   Thumb Code     0  stm32f10x.o(.text)
    I2C2_ER_IRQHandler                       0x0800019f   Thumb Code     0  stm32f10x.o(.text)
    I2C2_EV_IRQHandler                       0x0800019f   Thumb Code     0  stm32f10x.o(.text)
    PVD_IRQHandler                           0x0800019f   Thumb Code     0  stm32f10x.o(.text)
    RCC_IRQHandler                           0x0800019f   Thumb Code     0  stm32f10x.o(.text)
    RTCAlarm_IRQHandler                      0x0800019f   Thumb Code     0  stm32f10x.o(.text)
    RTC_IRQHandler                           0x0800019f   Thumb Code     0  stm32f10x.o(.text)
    SPI1_IRQHandler                          0x0800019f   Thumb Code     0  stm32f10x.o(.text)
    SPI2_IRQHandler                          0x0800019f   Thumb Code     0  stm32f10x.o(.text)
    TAMPER_IRQHandler                        0x0800019f   Thumb Code     0  stm32f10x.o(.text)
    TIM1_BRK_IRQHandler                      0x0800019f   Thumb Code     0  stm32f10x.o(.text)
    TIM1_CC_IRQHandler                       0x0800019f   Thumb Code     0  stm32f10x.o(.text)
    TIM1_TRG_COM_IRQHandler                  0x0800019f   Thumb Code     0  stm32f10x.o(.text)
    TIM1_UP_IRQHandler                       0x0800019f   Thumb Code     0  stm32f10x.o(.text)
    TIM2_IRQHandler                          0x0800019f   Thumb Code     0  stm32f10x.o(.text)
    TIM3_IRQHandler                          0x0800019f   Thumb Code     0  stm32f10x.o(.text)
    TIM4_IRQHandler                          0x0800019f   Thumb Code     0  stm32f10x.o(.text)
    USART1_IRQHandler                        0x0800019f   Thumb Code     0  stm32f10x.o(.text)
    USART2_IRQHandler                        0x0800019f   Thumb Code     0  stm32f10x.o(.text)
    USART3_IRQHandler                        0x0800019f   Thumb Code     0  stm32f10x.o(.text)
    USBWakeUp_IRQHandler                     0x0800019f   Thumb Code     0  stm32f10x.o(.text)
    USB_HP_CAN_TX_IRQHandler                 0x0800019f   Thumb Code     0  stm32f10x.o(.text)
    USB_LP_CAN_RX0_IRQHandler                0x0800019f   Thumb Code     0  stm32f10x.o(.text)
    WWDG_IRQHandler                          0x0800019f   Thumb Code     0  stm32f10x.o(.text)
    __user_initial_stackheap                 0x080001a1   Thumb Code     0  stm32f10x.o(.text)
    __use_two_region_memory                  0x080001bd   Thumb Code     2  heapauxi.o(.text)
    __rt_heap_escrow$2region                 0x080001bf   Thumb Code     2  heapauxi.o(.text)
    __rt_heap_expand$2region                 0x080001c1   Thumb Code     2  heapauxi.o(.text)
    __user_setup_stackheap                   0x080001c3   Thumb Code    74  sys_stackheap_outer.o(.text)
    exit                                     0x0800020d   Thumb Code    18  exit.o(.text)
    __user_libspace                          0x08000221   Thumb Code     8  libspace.o(.text)
    __user_perproc_libspace                  0x08000221   Thumb Code     0  libspace.o(.text)
    __user_perthread_libspace                0x08000221   Thumb Code     0  libspace.o(.text)
    _sys_exit                                0x08000229   Thumb Code     8  sys_exit.o(.text)
    __I$use$semihosting                      0x08000235   Thumb Code     0  use_no_semi.o(.text)
    __use_no_semihosting_swi                 0x08000235   Thumb Code     2  use_no_semi.o(.text)
    __semihosting_library_function           0x08000237   Thumb Code     0  indicate_semi.o(.text)
    NVIC_PriorityGroupConfig                 0x08000239   Thumb Code    10  stm32f10x_nvic.o(i.NVIC_PriorityGroupConfig)
    NVIC_SetVectorTable                      0x0800024d   Thumb Code    20  stm32f10x_nvic.o(i.NVIC_SetVectorTable)
    RCC_APB1PeriphClockCmd                   0x08000269   Thumb Code    26  stm32f10x_rcc.o(i.RCC_APB1PeriphClockCmd)
    RCC_APB2PeriphClockCmd                   0x08000289   Thumb Code    26  stm32f10x_rcc.o(i.RCC_APB2PeriphClockCmd)
    RCC_DeInit                               0x080002a9   Thumb Code    78  stm32f10x_rcc.o(i.RCC_DeInit)
    RCC_GetFlagStatus                        0x08000305   Thumb Code    56  stm32f10x_rcc.o(i.RCC_GetFlagStatus)
    RCC_GetSYSCLKSource                      0x08000341   Thumb Code    10  stm32f10x_rcc.o(i.RCC_GetSYSCLKSource)
    RCC_HCLKConfig                           0x08000351   Thumb Code    18  stm32f10x_rcc.o(i.RCC_HCLKConfig)
    RCC_HSEConfig                            0x08000369   Thumb Code    70  stm32f10x_rcc.o(i.RCC_HSEConfig)
    RCC_PCLK1Config                          0x080003b5   Thumb Code    18  stm32f10x_rcc.o(i.RCC_PCLK1Config)
    RCC_PCLK2Config                          0x080003cd   Thumb Code    20  stm32f10x_rcc.o(i.RCC_PCLK2Config)
    RCC_PLLCmd                               0x080003e5   Thumb Code     6  stm32f10x_rcc.o(i.RCC_PLLCmd)
    RCC_PLLConfig                            0x080003f1   Thumb Code    24  stm32f10x_rcc.o(i.RCC_PLLConfig)
    RCC_SYSCLKConfig                         0x0800040d   Thumb Code    18  stm32f10x_rcc.o(i.RCC_SYSCLKConfig)
    SysTick_CLKSourceConfig                  0x08000425   Thumb Code    40  stm32f10x_systick.o(i.SysTick_CLKSourceConfig)
    main                                     0x0800044d   Thumb Code    28  main.o(i.main)
    pvPortMalloc                             0x08000721   Thumb Code   166  heap_2.o(i.pvPortMalloc)
    pxPortInitialiseStack                    0x080007d9   Thumb Code    30  port.o(i.pxPortInitialiseStack)
    uxListRemove                             0x080007fd   Thumb Code    40  list.o(i.uxListRemove)
    vLEDTask                                 0x08000825   Thumb Code     2  led_task.o(i.vLEDTask)
    vListInitialise                          0x08000827   Thumb Code    26  list.o(i.vListInitialise)
    vListInitialiseItem                      0x08000841   Thumb Code     6  list.o(i.vListInitialiseItem)
    vListInsertEnd                           0x08000847   Thumb Code    24  list.o(i.vListInsertEnd)
    vPortEnterCritical                       0x08000861   Thumb Code    30  port.o(i.vPortEnterCritical)
    vPortExitCritical                        0x08000885   Thumb Code    28  port.o(i.vPortExitCritical)
    vPortFree                                0x080008a5   Thumb Code    56  heap_2.o(i.vPortFree)
    vTaskSuspendAll                          0x080008e5   Thumb Code    12  tasks.o(i.vTaskSuspendAll)
    xTaskCreate                              0x080008f5   Thumb Code    96  tasks.o(i.xTaskCreate)
    xTaskIncrementTick                       0x08000955   Thumb Code   238  tasks.o(i.xTaskIncrementTick)
    xTaskResumeAll                           0x08000a71   Thumb Code   196  tasks.o(i.xTaskResumeAll)
    Region$$Table$$Base                      0x08000b58   Number         0  anon$$obj.o(Region$$Table)
    Region$$Table$$Limit                     0x08000b78   Number         0  anon$$obj.o(Region$$Table)
    pxCurrentTCB                             0x20000000   Data           4  tasks.o(.data)
    __libspace_start                         0x20004520   Data          96  libspace.o(.bss)
    __temporary_stack_top$libspace           0x20004580   Data           0  libspace.o(.bss)



==============================================================================

Memory Map of the image

  Image Entry point : 0x080000ed

  Load Region LR_IROM1 (Base: 0x08000000, Size: 0x00000bd0, Max: 0x00010000, ABSOLUTE)

    Execution Region ER_IROM1 (Exec base: 0x08000000, Load base: 0x08000000, Size: 0x00000b78, Max: 0x00010000, ABSOLUTE)

    Exec Addr    Load Addr    Size         Type   Attr      Idx    E Section Name        Object

    0x08000000   0x08000000   0x000000ec   Data   RO            3    RESET               stm32f10x.o
    0x080000ec   0x080000ec   0x00000008   Code   RO         1479  * !!!main             c_w.l(__main.o)
    0x080000f4   0x080000f4   0x00000034   Code   RO         1638    !!!scatter          c_w.l(__scatter.o)
    0x08000128   0x08000128   0x0000001a   Code   RO         1640    !!handler_copy      c_w.l(__scatter_copy.o)
    0x08000142   0x08000142   0x00000002   PAD
    0x08000144   0x08000144   0x0000001c   Code   RO         1642    !!handler_zi        c_w.l(__scatter_zi.o)
    0x08000160   0x08000160   0x00000002   Code   RO         1508    .ARM.Collect$$libinit$$00000000  c_w.l(libinit.o)
    0x08000162   0x08000162   0x00000000   Code   RO         1515    .ARM.Collect$$libinit$$00000002  c_w.l(libinit2.o)
    0x08000162   0x08000162   0x00000000   Code   RO         1517    .ARM.Collect$$libinit$$00000004  c_w.l(libinit2.o)
    0x08000162   0x08000162   0x00000000   Code   RO         1520    .ARM.Collect$$libinit$$0000000A  c_w.l(libinit2.o)
    0x08000162   0x08000162   0x00000000   Code   RO         1522    .ARM.Collect$$libinit$$0000000C  c_w.l(libinit2.o)
    0x08000162   0x08000162   0x00000000   Code   RO         1524    .ARM.Collect$$libinit$$0000000E  c_w.l(libinit2.o)
    0x08000162   0x08000162   0x00000000   Code   RO         1527    .ARM.Collect$$libinit$$00000011  c_w.l(libinit2.o)
    0x08000162   0x08000162   0x00000000   Code   RO         1529    .ARM.Collect$$libinit$$00000013  c_w.l(libinit2.o)
    0x08000162   0x08000162   0x00000000   Code   RO         1531    .ARM.Collect$$libinit$$00000015  c_w.l(libinit2.o)
    0x08000162   0x08000162   0x00000000   Code   RO         1533    .ARM.Collect$$libinit$$00000017  c_w.l(libinit2.o)
    0x08000162   0x08000162   0x00000000   Code   RO         1535    .ARM.Collect$$libinit$$00000019  c_w.l(libinit2.o)
    0x08000162   0x08000162   0x00000000   Code   RO         1537    .ARM.Collect$$libinit$$0000001B  c_w.l(libinit2.o)
    0x08000162   0x08000162   0x00000000   Code   RO         1539    .ARM.Collect$$libinit$$0000001D  c_w.l(libinit2.o)
    0x08000162   0x08000162   0x00000000   Code   RO         1541    .ARM.Collect$$libinit$$0000001F  c_w.l(libinit2.o)
    0x08000162   0x08000162   0x00000000   Code   RO         1543    .ARM.Collect$$libinit$$00000021  c_w.l(libinit2.o)
    0x08000162   0x08000162   0x00000000   Code   RO         1545    .ARM.Collect$$libinit$$00000023  c_w.l(libinit2.o)
    0x08000162   0x08000162   0x00000000   Code   RO         1547    .ARM.Collect$$libinit$$00000025  c_w.l(libinit2.o)
    0x08000162   0x08000162   0x00000000   Code   RO         1551    .ARM.Collect$$libinit$$0000002C  c_w.l(libinit2.o)
    0x08000162   0x08000162   0x00000000   Code   RO         1553    .ARM.Collect$$libinit$$0000002E  c_w.l(libinit2.o)
    0x08000162   0x08000162   0x00000000   Code   RO         1555    .ARM.Collect$$libinit$$00000030  c_w.l(libinit2.o)
    0x08000162   0x08000162   0x00000000   Code   RO         1557    .ARM.Collect$$libinit$$00000032  c_w.l(libinit2.o)
    0x08000162   0x08000162   0x00000002   Code   RO         1558    .ARM.Collect$$libinit$$00000033  c_w.l(libinit2.o)
    0x08000164   0x08000164   0x00000002   Code   RO         1578    .ARM.Collect$$libshutdown$$00000000  c_w.l(libshutdown.o)
    0x08000166   0x08000166   0x00000000   Code   RO         1591    .ARM.Collect$$libshutdown$$00000002  c_w.l(libshutdown2.o)
    0x08000166   0x08000166   0x00000000   Code   RO         1593    .ARM.Collect$$libshutdown$$00000004  c_w.l(libshutdown2.o)
    0x08000166   0x08000166   0x00000000   Code   RO         1596    .ARM.Collect$$libshutdown$$00000007  c_w.l(libshutdown2.o)
    0x08000166   0x08000166   0x00000000   Code   RO         1599    .ARM.Collect$$libshutdown$$0000000A  c_w.l(libshutdown2.o)
    0x08000166   0x08000166   0x00000000   Code   RO         1601    .ARM.Collect$$libshutdown$$0000000C  c_w.l(libshutdown2.o)
    0x08000166   0x08000166   0x00000000   Code   RO         1604    .ARM.Collect$$libshutdown$$0000000F  c_w.l(libshutdown2.o)
    0x08000166   0x08000166   0x00000002   Code   RO         1605    .ARM.Collect$$libshutdown$$00000010  c_w.l(libshutdown2.o)
    0x08000168   0x08000168   0x00000000   Code   RO         1481    .ARM.Collect$$rtentry$$00000000  c_w.l(__rtentry.o)
    0x08000168   0x08000168   0x00000000   Code   RO         1485    .ARM.Collect$$rtentry$$00000002  c_w.l(__rtentry2.o)
    0x08000168   0x08000168   0x00000006   Code   RO         1497    .ARM.Collect$$rtentry$$00000004  c_w.l(__rtentry4.o)
    0x0800016e   0x0800016e   0x00000000   Code   RO         1487    .ARM.Collect$$rtentry$$00000009  c_w.l(__rtentry2.o)
    0x0800016e   0x0800016e   0x00000004   Code   RO         1488    .ARM.Collect$$rtentry$$0000000A  c_w.l(__rtentry2.o)
    0x08000172   0x08000172   0x00000000   Code   RO         1490    .ARM.Collect$$rtentry$$0000000C  c_w.l(__rtentry2.o)
    0x08000172   0x08000172   0x00000008   Code   RO         1491    .ARM.Collect$$rtentry$$0000000D  c_w.l(__rtentry2.o)
    0x0800017a   0x0800017a   0x00000002   Code   RO         1512    .ARM.Collect$$rtexit$$00000000  c_w.l(rtexit.o)
    0x0800017c   0x0800017c   0x00000000   Code   RO         1560    .ARM.Collect$$rtexit$$00000002  c_w.l(rtexit2.o)
    0x0800017c   0x0800017c   0x00000004   Code   RO         1561    .ARM.Collect$$rtexit$$00000003  c_w.l(rtexit2.o)
    0x08000180   0x08000180   0x00000006   Code   RO         1562    .ARM.Collect$$rtexit$$00000004  c_w.l(rtexit2.o)
    0x08000186   0x08000186   0x00000002   PAD
    0x08000188   0x08000188   0x00000034   Code   RO            4    .text               stm32f10x.o
    0x080001bc   0x080001bc   0x00000006   Code   RO         1477    .text               c_w.l(heapauxi.o)
    0x080001c2   0x080001c2   0x0000004a   Code   RO         1499    .text               c_w.l(sys_stackheap_outer.o)
    0x0800020c   0x0800020c   0x00000012   Code   RO         1501    .text               c_w.l(exit.o)
    0x0800021e   0x0800021e   0x00000002   PAD
    0x08000220   0x08000220   0x00000008   Code   RO         1509    .text               c_w.l(libspace.o)
    0x08000228   0x08000228   0x0000000c   Code   RO         1570    .text               c_w.l(sys_exit.o)
    0x08000234   0x08000234   0x00000002   Code   RO         1581    .text               c_w.l(use_no_semi.o)
    0x08000236   0x08000236   0x00000000   Code   RO         1583    .text               c_w.l(indicate_semi.o)
    0x08000236   0x08000236   0x00000002   PAD
    0x08000238   0x08000238   0x00000014   Code   RO          771    i.NVIC_PriorityGroupConfig  stm32f10x_nvic.o
    0x0800024c   0x0800024c   0x0000001c   Code   RO          779    i.NVIC_SetVectorTable  stm32f10x_nvic.o
    0x08000268   0x08000268   0x00000020   Code   RO          942    i.RCC_APB1PeriphClockCmd  stm32f10x_rcc.o
    0x08000288   0x08000288   0x00000020   Code   RO          944    i.RCC_APB2PeriphClockCmd  stm32f10x_rcc.o
    0x080002a8   0x080002a8   0x0000005c   Code   RO          951    i.RCC_DeInit        stm32f10x_rcc.o
    0x08000304   0x08000304   0x0000003c   Code   RO          953    i.RCC_GetFlagStatus  stm32f10x_rcc.o
    0x08000340   0x08000340   0x00000010   Code   RO          955    i.RCC_GetSYSCLKSource  stm32f10x_rcc.o
    0x08000350   0x08000350   0x00000018   Code   RO          956    i.RCC_HCLKConfig    stm32f10x_rcc.o
    0x08000368   0x08000368   0x0000004c   Code   RO          957    i.RCC_HSEConfig     stm32f10x_rcc.o
    0x080003b4   0x080003b4   0x00000018   Code   RO          963    i.RCC_PCLK1Config   stm32f10x_rcc.o
    0x080003cc   0x080003cc   0x00000018   Code   RO          964    i.RCC_PCLK2Config   stm32f10x_rcc.o
    0x080003e4   0x080003e4   0x0000000c   Code   RO          965    i.RCC_PLLCmd        stm32f10x_rcc.o
    0x080003f0   0x080003f0   0x0000001c   Code   RO          966    i.RCC_PLLConfig     stm32f10x_rcc.o
    0x0800040c   0x0800040c   0x00000018   Code   RO          969    i.RCC_SYSCLKConfig  stm32f10x_rcc.o
    0x08000424   0x08000424   0x00000028   Code   RO          712    i.SysTick_CLKSourceConfig  stm32f10x_systick.o
    0x0800044c   0x0800044c   0x00000024   Code   RO           13    i.main              main.o
    0x08000470   0x08000470   0x000000b4   Code   RO          310    i.prvAddNewTaskToReadyList  tasks.o
    0x08000524   0x08000524   0x00000038   Code   RO          597    i.prvHeapInit       heap_2.o
    0x0800055c   0x0800055c   0x00000080   Code   RO          314    i.prvInitialiseNewTask  tasks.o
    0x080005dc   0x080005dc   0x00000068   Code   RO          315    i.prvInitialiseTaskLists  tasks.o
    0x08000644   0x08000644   0x00000034   Code   RO          316    i.prvResetNextTaskUnblockTime  tasks.o
    0x08000678   0x08000678   0x00000090   Code   RO           14    i.prvSetupHardware  main.o
    0x08000708   0x08000708   0x00000016   Code   RO          636    i.prvTaskExitError  port.o
    0x0800071e   0x0800071e   0x00000002   PAD
    0x08000720   0x08000720   0x000000b8   Code   RO          598    i.pvPortMalloc      heap_2.o
    0x080007d8   0x080007d8   0x00000024   Code   RO          637    i.pxPortInitialiseStack  port.o
    0x080007fc   0x080007fc   0x00000028   Code   RO          113    i.uxListRemove      list.o
    0x08000824   0x08000824   0x00000002   Code   RO         1284    i.vLEDTask          led_task.o
    0x08000826   0x08000826   0x0000001a   Code   RO          114    i.vListInitialise   list.o
    0x08000840   0x08000840   0x00000006   Code   RO          115    i.vListInitialiseItem  list.o
    0x08000846   0x08000846   0x00000018   Code   RO          117    i.vListInsertEnd    list.o
    0x0800085e   0x0800085e   0x00000002   PAD
    0x08000860   0x08000860   0x00000024   Code   RO          639    i.vPortEnterCritical  port.o
    0x08000884   0x08000884   0x00000020   Code   RO          640    i.vPortExitCritical  port.o
    0x080008a4   0x080008a4   0x00000040   Code   RO          599    i.vPortFree         heap_2.o
    0x080008e4   0x080008e4   0x00000010   Code   RO          338    i.vTaskSuspendAll   tasks.o
    0x080008f4   0x080008f4   0x00000060   Code   RO          341    i.xTaskCreate       tasks.o
    0x08000954   0x08000954   0x0000011c   Code   RO          346    i.xTaskIncrementTick  tasks.o
    0x08000a70   0x08000a70   0x000000e8   Code   RO          350    i.xTaskResumeAll    tasks.o
    0x08000b58   0x08000b58   0x00000020   Data   RO         1636    Region$$Table       anon$$obj.o


    Execution Region RW_IRAM1 (Exec base: 0x20000000, Load base: 0x08000b78, Size: 0x00004780, Max: 0x00005000, ABSOLUTE)

    Exec Addr    Load Addr    Size         Type   Attr      Idx    E Section Name        Object

    0x20000000   0x08000b78   0x0000003c   Data   RW          353    .data               tasks.o
    0x2000003c   0x08000bb4   0x00000018   Data   RW          603    .data               heap_2.o
    0x20000054   0x08000bcc   0x00000004   Data   RW          644    .data               port.o
    0x20000058        -       0x000000c8   Zero   RW          352    .bss                tasks.o
    0x20000120        -       0x00004400   Zero   RW          602    .bss                heap_2.o
    0x20004520        -       0x00000060   Zero   RW         1510    .bss                c_w.l(libspace.o)
    0x20004580        -       0x00000000   Zero   RW            2    HEAP                stm32f10x.o
    0x20004580        -       0x00000200   Zero   RW            1    STACK               stm32f10x.o


==============================================================================

Image component sizes


      Code (inc. data)   RO Data    RW Data    ZI Data      Debug   Object Name

       304         40          0         24      17408       3675   heap_2.o
         2          0          0          0          0        455   led_task.o
        96          0          0          0          0       3992   list.o
       180         14          0          0          0      13767   main.o
       126         16          0          4          0       6865   port.o
        52         18        236          0        512        804   stm32f10x.o
        48         18          0          0          0       1081   stm32f10x_nvic.o
       444         74          0          0          0       6554   stm32f10x_rcc.o
        40          0          0          0          0        538   stm32f10x_systick.o
      1092        160          0         60        200      17337   tasks.o

    ----------------------------------------------------------------------
      2388        340        268         88      18120      55068   Object Totals
         0          0         32          0          0          0   (incl. Generated)
         4          0          0          0          0          0   (incl. Padding)

    ----------------------------------------------------------------------

      Code (inc. data)   RO Data    RW Data    ZI Data      Debug   Library Member Name

         8          0          0          0          0         68   __main.o
         0          0          0          0          0          0   __rtentry.o
        12          0          0          0          0          0   __rtentry2.o
         6          0          0          0          0          0   __rtentry4.o
        52          8          0          0          0          0   __scatter.o
        26          0          0          0          0          0   __scatter_copy.o
        28          0          0          0          0          0   __scatter_zi.o
        18          0          0          0          0         80   exit.o
         6          0          0          0          0        152   heapauxi.o
         0          0          0          0          0          0   indicate_semi.o
         2          0          0          0          0          0   libinit.o
         2          0          0          0          0          0   libinit2.o
         2          0          0          0          0          0   libshutdown.o
         2          0          0          0          0          0   libshutdown2.o
         8          4          0          0         96         68   libspace.o
         2          0          0          0          0          0   rtexit.o
        10          0          0          0          0          0   rtexit2.o
        12          4          0          0          0         68   sys_exit.o
        74          0          0          0          0         80   sys_stackheap_outer.o
         2          0          0          0          0         68   use_no_semi.o

    ----------------------------------------------------------------------
       280         16          0          0         96        584   Library Totals
         8          0          0          0          0          0   (incl. Padding)

    ----------------------------------------------------------------------

      Code (inc. data)   RO Data    RW Data    ZI Data      Debug   Library Name

       272         16          0          0         96        584   c_w.l

    ----------------------------------------------------------------------
       280         16          0          0         96        584   Library Totals

    ----------------------------------------------------------------------

==============================================================================


      Code (inc. data)   RO Data    RW Data    ZI Data      Debug   

      2668        356        268         88      18216      53776   Grand Totals
      2668        356        268         88      18216      53776   ELF Image Totals
      2668        356        268         88          0          0   ROM Totals

==============================================================================

    Total RO  Size (Code + RO Data)                 2936 (   2.87kB)
    Total RW  Size (RW Data + ZI Data)             18304 (  17.88kB)
    Total ROM Size (Code + RO Data + RW Data)       3024 (   2.95kB)

==============================================================================

