<html>
<body>
<pre>
<h1>µVision Build Log</h1>
<h2>Tool Versions:</h2>
IDE-Version: µVision V5.25.2.0
Copyright (C) 2018 ARM Ltd and ARM Germany GmbH. All rights reserved.
License Information: amit ch, nxp, LIC=9N0BS-LZUGL-D3WM3-ADKSP-QK6DY-3RBVM
 
Tool Versions:
Toolchain:       MDK-ARM Professional  Version: 5.25.2.0
Toolchain Path:  C:\Keil_v5\ARM\ARMCC\Bin
C Compiler:      Armcc.exe V5.06 update 6 (build 750)
Assembler:       Armasm.exe V5.06 update 6 (build 750)
Linker/Locator:  ArmLink.exe V5.06 update 6 (build 750)
Library Manager: ArmAr.exe V5.06 update 6 (build 750)
Hex Converter:   FromElf.exe V5.06 update 6 (build 750)
CPU DLL:         SARMCM3.DLL V5.25.2.0
Dialog DLL:      DCM.DLL V1.17.1.0
Target DLL:      UL2CM3.DLL V1.160.12.0
Dialog DLL:      TCM.DLL V1.35.1.0
 
<h2>Project:</h2>
C:\Amit Caudhary\STM32_Keil\Projects\FreeRtosBase\Keil\FreeRtosBase.uvprojx
Project File Date:  06/09/2018

<h2>Output:</h2>
*** Using Compiler 'V5.06 update 6 (build 750)', folder: 'C:\Keil_v5\ARM\ARMCC\Bin'
Rebuild target 'FreeRtosBase'
assembling cortexm3_macro_rvds.s...
assembling STM32F10x.s...
compiling list.c...
compiling main.c...
compiling queue.c...
compiling timers.c...
compiling heap_2.c...
compiling tasks.c...
compiling stm32f10x_systick.c...
compiling stm32f10x_nvic.c...
compiling stm32f10x_rcc.c...
compiling port.c...
compiling stm32f10x_gpio.c...
compiling stm32f10x_exti.c...
compiling Driver_I2C.c...
compiling LED_Task.c...
compiling Driver_GPIO.c...
..\Driver\src\Driver_GPIO.c(66): warning:  #188-D: enumerated type mixed with another type
  	GPIO_WriteBit(Port,Pin, 1);
..\Driver\src\Driver_GPIO.c(73): warning:  #188-D: enumerated type mixed with another type
  	GPIO_WriteBit(Port,Pin, 0);
..\Driver\src\Driver_GPIO.c: 2 warnings, 0 errors
linking...
Program Size: Code=2668 RO-data=268 RW-data=88 ZI-data=18216  
".\Objects\FreeRtosBase.axf" - 0 Error(s), 2 Warning(s).

<h2>Software Packages used:</h2>

Package Vendor: Keil
                http://www.keil.com/pack/Keil.STM32F1xx_DFP.2.2.0.pack
                Keil.STM32F1xx_DFP.2.2.0
                STMicroelectronics STM32F1 Series Device Support, Drivers and Examples
   * Component: Startup Version: 1.0.0

<h2>Collection of Component include folders:</h2>
  .\RTE\_FreeRtosBase
  C:\Keil_v5\ARM\PACK\Keil\STM32F1xx_DFP\2.2.0\Device\Include

<h2>Collection of Component Files used:</h2>

   * Component: Keil::Device:Startup:1.0.0
      Source file:   Device\Source\system_stm32f10x.c
      Include file:  RTE_Driver\Config\RTE_Device.h
      Source file:   Device\Source\ARM\STM32F1xx_OPT.s
      Source file:   Device\Source\ARM\startup_stm32f10x_md.s
Build Time Elapsed:  00:00:04
</pre>
</body>
</html>
